On the 14×14 board the second player wins with perfect play.
[90m(solver burr: searched 53,072,048 nodes in 8.39s · 24 rayon workers, 28/28 root moves, par-depth 3/min-avail off · burr LSM: 2x mem 1.07 GB (134217728 slots, fill 53072048), 0 segments / 0 keys / 0.00 GB (0.0 b/key), 0 freezes, fp 44)[0m
[90m(distinct ≈49,185,678 (HLL ±0.4%) · 1.08× re-expansion, 7.3% recomputed)[0m
An optimal line (10 moves): G7  I6  H9  K2  F5  E14  J8  L4  B10  A3

14  [38;5;88m.[0m [38;5;88m.[0m [38;5;88m.[0m [38;5;88m.[0m [38;5;255mQ[0m [38;5;88m.[0m [38;5;88m.[0m [38;5;88m.[0m [38;5;88m.[0m [38;5;88m.[0m [38;5;88m.[0m [38;5;88m.[0m [38;5;88m.[0m [38;5;88m.[0m
13  [38;5;88m.[0m [38;5;88m.[0m [38;5;88m.[0m [38;5;88m.[0m [38;5;88m.[0m [38;5;88m.[0m [38;5;88m.[0m [38;5;88m.[0m [38;5;88m.[0m [38;5;88m.[0m [38;5;88m.[0m [38;5;88m.[0m [38;5;88m.[0m [38;5;88m.[0m
12  [38;5;88m.[0m [38;5;88m.[0m [38;5;88m.[0m [38;5;88m.[0m [38;5;88m.[0m [38;5;88m.[0m [38;5;88m.[0m [38;5;88m.[0m [38;5;88m.[0m [38;5;88m.[0m [38;5;88m.[0m [38;5;88m.[0m [38;5;88m.[0m [38;5;88m.[0m
11  [38;5;88m.[0m [38;5;88m.[0m [38;5;88m.[0m [38;5;88m.[0m [38;5;88m.[0m [38;5;88m.[0m [38;5;88m.[0m [38;5;88m.[0m [38;5;88m.[0m [38;5;88m.[0m [38;5;88m.[0m [38;5;88m.[0m [38;5;88m.[0m [38;5;88m.[0m
10  [38;5;88m.[0m [38;5;240mQ[0m [38;5;88m.[0m [38;5;88m.[0m [38;5;88m.[0m [38;5;88m.[0m [38;5;88m.[0m [38;5;88m.[0m [38;5;88m.[0m [38;5;88m.[0m [38;5;88m.[0m [38;5;88m.[0m [38;5;88m.[0m [38;5;88m.[0m
 9  [38;5;88m.[0m [38;5;88m.[0m [38;5;88m.[0m [38;5;88m.[0m [38;5;88m.[0m [38;5;88m.[0m [38;5;88m.[0m [38;5;255mQ[0m [38;5;88m.[0m [38;5;88m.[0m [38;5;88m.[0m [38;5;88m.[0m [38;5;88m.[0m [38;5;88m.[0m
 8  [38;5;88m.[0m [38;5;88m.[0m [38;5;88m.[0m [38;5;88m.[0m [38;5;88m.[0m [38;5;88m.[0m [38;5;88m.[0m [38;5;88m.[0m [38;5;88m.[0m [38;5;240mQ[0m [38;5;88m.[0m [38;5;88m.[0m [38;5;88m.[0m [38;5;88m.[0m
 7  [38;5;88m.[0m [38;5;88m.[0m [38;5;88m.[0m [38;5;88m.[0m [38;5;88m.[0m [38;5;88m.[0m [38;5;240mQ[0m [38;5;88m.[0m [38;5;88m.[0m [38;5;88m.[0m [38;5;88m.[0m [38;5;88m.[0m [38;5;88m.[0m [38;5;88m.[0m
 6  [38;5;88m.[0m [38;5;88m.[0m [38;5;88m.[0m [38;5;88m.[0m [38;5;88m.[0m [38;5;88m.[0m [38;5;88m.[0m [38;5;88m.[0m [38;5;255mQ[0m [38;5;88m.[0m [38;5;88m.[0m [38;5;88m.[0m [38;5;88m.[0m [38;5;88m.[0m
 5  [38;5;88m.[0m [38;5;88m.[0m [38;5;88m.[0m [38;5;88m.[0m [38;5;88m.[0m [38;5;255mQ[0m [38;5;88m.[0m [38;5;88m.[0m [38;5;88m.[0m [38;5;88m.[0m [38;5;88m.[0m [38;5;88m.[0m [38;5;88m.[0m [38;5;88m.[0m
 4  [38;5;88m.[0m [38;5;88m.[0m [38;5;88m.[0m [38;5;88m.[0m [38;5;88m.[0m [38;5;88m.[0m [38;5;88m.[0m [38;5;88m.[0m [38;5;88m.[0m [38;5;88m.[0m [38;5;88m.[0m [38;5;240mQ[0m [38;5;88m.[0m [38;5;88m.[0m
 3  [38;5;240mQ[0m [38;5;88m.[0m [38;5;88m.[0m [38;5;88m.[0m [38;5;88m.[0m [38;5;88m.[0m [38;5;88m.[0m [38;5;88m.[0m [38;5;88m.[0m [38;5;88m.[0m [38;5;88m.[0m [38;5;88m.[0m [38;5;88m.[0m [38;5;88m.[0m
 2  [38;5;88m.[0m [38;5;88m.[0m [38;5;88m.[0m [38;5;88m.[0m [38;5;88m.[0m [38;5;88m.[0m [38;5;88m.[0m [38;5;88m.[0m [38;5;88m.[0m [38;5;88m.[0m [38;5;255mQ[0m [38;5;88m.[0m [38;5;88m.[0m [38;5;88m.[0m
 1  [38;5;88m.[0m [38;5;88m.[0m [38;5;88m.[0m [38;5;88m.[0m [38;5;88m.[0m [38;5;88m.[0m [38;5;88m.[0m [38;5;88m.[0m [38;5;88m.[0m [38;5;88m.[0m [38;5;88m.[0m [38;5;88m.[0m [38;5;88m.[0m [38;5;88m.[0m
    A B C D E F G H I J K L M N

 Performance counter stats for 'target/release/queens solve 14 burr --distinct':

        184,623.43 msec task-clock:u                                                          
   627,377,294,670      cycles:u                                                              
   145,361,558,493      instructions:u                                                        
       770,259,244      cache-misses:u                                                        

       8.457856391 seconds time elapsed

     177.933356000 seconds user
       5.180650000 seconds sys


