Starting solution of the Linear programming relaxation problem using Primal Simplex

Coin0506I Presolve 73 (0) rows, 144 (-220) columns and 444 (-220) elements
Clp1000I sum of infeasibilities 0 - average 0, 132 fixed columns
Coin0506I Presolve 0 (-73) rows, 0 (-144) columns and 0 (-444) elements
Clp0000I Optimal - objective value 1
Clp0000I Optimal - objective value 1
Coin0511I After Postsolve, objective 1, infeasibilities - dual 0 (0), primal 0 (0)
Clp0006I 0  Obj 1
Clp0000I Optimal - objective value 1
Clp0000I Optimal - objective value 1
Coin0511I After Postsolve, objective 1, infeasibilities - dual 0 (0), primal 0 (0)
Clp0032I Optimal objective 1 - 0 iterations time 0.002, Presolve 0.00, Idiot 0.00

Starting MIP optimization
Cbc0045I Nauty: 260 orbits (144 useful covering 288 variables), 1 generators, group size: 2 - sparse size 2788 - took 0.000881 seconds
Cbc0038I Initial state - 3 integers unsatisfied sum - 1.5
Cbc0038I Pass   1: suminf.    0.00000 (0) obj. 1 iterations 4
Cbc0038I Pass   2: suminf.    0.00000 (0) obj. 1 iterations 0
Cbc0038I Pass   3: suminf.    0.00000 (0) obj. 1 iterations 0
Cbc0038I Pass   4: suminf.    3.00000 (6) obj. 37 iterations 101
Cbc0038I Pass   5: suminf.    0.50000 (1) obj. 37 iterations 7
Cbc0038I Pass   6: suminf.    0.00000 (0) obj. 37 iterations 1
Cbc0038I Pass   7: suminf.    0.00000 (0) obj. 37 iterations 0
Cbc0038I Pass   8: suminf.    0.00000 (0) obj. 37 iterations 0
Cbc0038I Pass   9: suminf.    0.00000 (0) obj. 37 iterations 0
Cbc0038I Pass  10: suminf.    0.00000 (0) obj. 37 iterations 0
Cbc0038I Pass  11: suminf.    0.00000 (0) obj. 37 iterations 0
Cbc0038I Pass  12: suminf.    0.00000 (0) obj. 37 iterations 0
Cbc0038I Pass  13: suminf.    0.00000 (0) obj. 37 iterations 0
Cbc0038I Pass  14: suminf.    3.50000 (7) obj. 42 iterations 43
Cbc0038I Pass  15: suminf.    0.50000 (1) obj. 42 iterations 7
Cbc0038I Pass  16: suminf.    0.00000 (0) obj. 42 iterations 1
Cbc0038I Pass  17: suminf.    0.00000 (0) obj. 42 iterations 0
Cbc0038I Pass  18: suminf.    0.00000 (0) obj. 42 iterations 0
Cbc0038I Pass  19: suminf.    0.00000 (0) obj. 42 iterations 0
Cbc0038I Pass  20: suminf.    0.00000 (0) obj. 42 iterations 0
Cbc0038I Pass  21: suminf.    0.00000 (0) obj. 42 iterations 0
Cbc0038I Pass  22: suminf.    0.00000 (0) obj. 42 iterations 0
Cbc0038I Pass  23: suminf.    0.00000 (0) obj. 42 iterations 0
Cbc0038I Pass  24: suminf.    0.00000 (0) obj. 42 iterations 0
Cbc0038I Pass  25: suminf.    3.00000 (6) obj. 52 iterations 46
Cbc0038I Pass  26: suminf.    0.50000 (1) obj. 52 iterations 6
Cbc0038I Pass  27: suminf.    0.00000 (0) obj. 52 iterations 1
Cbc0038I Pass  28: suminf.    0.00000 (0) obj. 52 iterations 0
Cbc0038I Pass  29: suminf.    0.00000 (0) obj. 52 iterations 0
Cbc0038I Pass  30: suminf.    0.00000 (0) obj. 52 iterations 0
Cbc0038I No solution found this major pass
Cbc0038I Before mini branch and bound, 120 integers at bound fixed and 3 continuous
Cbc0038I Full problem 73 rows 291 columns, reduced to 29 rows 73 columns
Cbc0038I Mini branch and bound improved solution from 1.797693134862e+308 to 1 (0.01 seconds)
Cbc0038I After 0.01 seconds - Feasibility pump exiting with objective of 1 - took 0.01 seconds
Cbc0051I Starting cut generation at root node
Cbc0031I 57 added rows had average density of 32.77193
Cbc0013I At root node, 57 cuts changed objective from 1 to 2.9924435 in 100 passes
Cbc0014I Cut generator 0 (Probing) - 2 row cuts average 17.0 elements, 0 column cuts (15 active)  in 0.021 seconds - new frequency is -100
Cbc0014I Cut generator 1 (Gomory) - 664 row cuts average 243.4 elements, 0 column cuts (0 active)  in 0.207 seconds - new frequency is 1
Cbc0014I Cut generator 2 (Knapsack) - 1417 row cuts average 3.2 elements, 0 column cuts (0 active)  in 0.084 seconds - new frequency is 1
Cbc0014I Cut generator 3 (Clique) - 0 row cuts average 0.0 elements, 0 column cuts (0 active)  in 0.001 seconds - new frequency is -100
Cbc0014I Cut generator 4 (MixedIntegerRounding2) - 37 row cuts average 114.8 elements, 0 column cuts (0 active)  in 0.123 seconds - new frequency is -100
Cbc0014I Cut generator 5 (FlowCover) - 0 row cuts average 0.0 elements, 0 column cuts (0 active)  in 0.002 seconds - new frequency is -100
Cbc0014I Cut generator 6 (TwoMirCuts) - 89 row cuts average 11.2 elements, 0 column cuts (0 active)  in 0.005 seconds - new frequency is -100
Cbc0010I After 0 nodes, 1 on tree, 1e+50 best solution, best possible 2.9924435 (0.95 seconds)
Cbc0004I Integer solution of 36 found after 8595 iterations and 555 nodes (1.24 seconds)
Cbc0012I Integer solution of 36 found by heuristic after 8595 iterations and 554 nodes (1.24 seconds)
Cbc0010I After 2215 nodes, 889 on tree, 36 best solution, best possible 2.9924435 (1.65 seconds)
Cbc0010I After 5185 nodes, 2300 on tree, 36 best solution, best possible 2.9924435 (2.35 seconds)
Cbc0010I After 8239 nodes, 3756 on tree, 36 best solution, best possible 2.9924435 (3.05 seconds)
Cbc0010I After 11003 nodes, 5168 on tree, 36 best solution, best possible 2.9926 (3.75 seconds)
Cbc0010I After 12519 nodes, 5893 on tree, 36 best solution, best possible 5.6666667 (4.45 seconds)
Cbc0010I After 15068 nodes, 7092 on tree, 36 best solution, best possible 6 (5.15 seconds)
Cbc0010I After 17323 nodes, 8150 on tree, 36 best solution, best possible 7 (5.85 seconds)
Cbc0010I After 19935 nodes, 9364 on tree, 36 best solution, best possible 7 (6.55 seconds)
Cbc0010I After 22582 nodes, 10701 on tree, 36 best solution, best possible 7 (7.25 seconds)
Cbc0004I Integer solution of 18 found after 120357 iterations and 24097 nodes (7.64 seconds)
Cbc0012I Integer solution of 18 found by heuristic after 120353 iterations and 24096 nodes (7.64 seconds)
Cbc0010I After 25299 nodes, 11746 on tree, 18 best solution, best possible 7 (7.95 seconds)
Cbc0010I After 28038 nodes, 13136 on tree, 18 best solution, best possible 7 (8.65 seconds)
Cbc0004I Integer solution of 14 found after 138408 iterations and 28043 nodes (8.66 seconds)
Cbc0012I Integer solution of 14 found by heuristic after 138404 iterations and 28042 nodes (8.66 seconds)
Cbc0010I After 30491 nodes, 11682 on tree, 14 best solution, best possible 7 (9.35 seconds)
Cbc0010I After 33178 nodes, 12657 on tree, 14 best solution, best possible 7 (10.05 seconds)
Cbc0010I After 35619 nodes, 13772 on tree, 14 best solution, best possible 7.5 (10.75 seconds)
Cbc0010I After 38169 nodes, 14976 on tree, 14 best solution, best possible 7.8333333 (11.45 seconds)
Cbc0004I Integer solution of 12 found after 196104 iterations and 40367 nodes (12.03 seconds)
Cbc0012I Integer solution of 12 found by heuristic after 196102 iterations and 40366 nodes (12.03 seconds)
Cbc0010I After 40703 nodes, 12998 on tree, 12 best solution, best possible 7.8333333 (12.16 seconds)
Cbc0010I After 43091 nodes, 13701 on tree, 12 best solution, best possible 8 (12.86 seconds)
Cbc0010I After 45809 nodes, 14733 on tree, 12 best solution, best possible 8 (13.56 seconds)
Cbc0010I After 48318 nodes, 15491 on tree, 12 best solution, best possible 8 (14.26 seconds)
Cbc0010I After 50971 nodes, 16324 on tree, 12 best solution, best possible 8 (14.96 seconds)
Cbc0010I After 53743 nodes, 17248 on tree, 12 best solution, best possible 8 (15.66 seconds)
Cbc0010I After 56209 nodes, 18779 on tree, 12 best solution, best possible 8 (16.36 seconds)
Cbc0010I After 58917 nodes, 19453 on tree, 12 best solution, best possible 8 (17.06 seconds)
Cbc0010I After 61671 nodes, 20435 on tree, 12 best solution, best possible 8 (17.76 seconds)
Cbc0010I After 64258 nodes, 21231 on tree, 12 best solution, best possible 8 (18.46 seconds)
Cbc0010I After 67039 nodes, 21927 on tree, 12 best solution, best possible 8 (19.16 seconds)
Cbc0010I After 69949 nodes, 22768 on tree, 12 best solution, best possible 8 (19.86 seconds)
Cbc0010I After 72744 nodes, 23902 on tree, 12 best solution, best possible 8 (20.56 seconds)
Cbc0010I After 75364 nodes, 24767 on tree, 12 best solution, best possible 8 (21.26 seconds)
Cbc0010I After 78173 nodes, 25557 on tree, 12 best solution, best possible 8 (21.96 seconds)
Cbc0010I After 80998 nodes, 26354 on tree, 12 best solution, best possible 8 (22.66 seconds)
Cbc0010I After 83567 nodes, 27357 on tree, 12 best solution, best possible 8 (23.36 seconds)
Cbc0010I After 86389 nodes, 27996 on tree, 12 best solution, best possible 8 (24.06 seconds)
Cbc0010I After 89049 nodes, 29325 on tree, 12 best solution, best possible 8 (24.76 seconds)
Cbc0010I After 91528 nodes, 30940 on tree, 12 best solution, best possible 8.4285714 (25.46 seconds)
Cbc0010I After 94281 nodes, 31974 on tree, 12 best solution, best possible 8.5 (26.16 seconds)
Cbc0010I After 97094 nodes, 32241 on tree, 12 best solution, best possible 8.5 (26.86 seconds)
Cbc0010I After 99664 nodes, 32972 on tree, 12 best solution, best possible 8.5 (27.56 seconds)
Cbc0010I After 102346 nodes, 33576 on tree, 12 best solution, best possible 8.75 (28.27 seconds)
Cbc0010I After 105200 nodes, 34279 on tree, 12 best solution, best possible 8.75 (28.97 seconds)
Cbc0010I After 107807 nodes, 35258 on tree, 12 best solution, best possible 9 (29.67 seconds)
Cbc0010I After 110757 nodes, 35583 on tree, 12 best solution, best possible 9 (30.37 seconds)
Cbc0010I After 113687 nodes, 35707 on tree, 12 best solution, best possible 9 (31.07 seconds)
Cbc0010I After 116421 nodes, 36041 on tree, 12 best solution, best possible 9 (31.77 seconds)
Cbc0010I After 119131 nodes, 36349 on tree, 12 best solution, best possible 9 (32.47 seconds)
Cbc0010I After 121827 nodes, 36624 on tree, 12 best solution, best possible 9 (33.17 seconds)
Cbc0010I After 124498 nodes, 37234 on tree, 12 best solution, best possible 9 (33.87 seconds)
Cbc0010I After 127277 nodes, 38007 on tree, 12 best solution, best possible 9 (34.57 seconds)
Cbc0010I After 130078 nodes, 38321 on tree, 12 best solution, best possible 9 (35.27 seconds)
Cbc0010I After 132621 nodes, 39686 on tree, 12 best solution, best possible 9 (35.97 seconds)
Cbc0010I After 135201 nodes, 41444 on tree, 12 best solution, best possible 9 (36.67 seconds)
Cbc0010I After 137945 nodes, 42845 on tree, 12 best solution, best possible 9 (37.37 seconds)
Cbc0010I After 140549 nodes, 43697 on tree, 12 best solution, best possible 9 (38.07 seconds)
Cbc0010I After 143063 nodes, 44175 on tree, 12 best solution, best possible 9 (38.77 seconds)
Cbc0010I After 145684 nodes, 44642 on tree, 12 best solution, best possible 9 (39.47 seconds)
Cbc0010I After 148203 nodes, 45279 on tree, 12 best solution, best possible 9 (40.17 seconds)
Cbc0010I After 150704 nodes, 45898 on tree, 12 best solution, best possible 9 (40.87 seconds)
Cbc0010I After 153279 nodes, 46483 on tree, 12 best solution, best possible 9 (41.57 seconds)
Cbc0010I After 155698 nodes, 47365 on tree, 12 best solution, best possible 9 (42.28 seconds)
Cbc0010I After 158190 nodes, 47703 on tree, 12 best solution, best possible 9 (42.98 seconds)
Cbc0010I After 160674 nodes, 47842 on tree, 12 best solution, best possible 9 (43.68 seconds)
Cbc0010I After 163021 nodes, 47954 on tree, 12 best solution, best possible 9 (44.38 seconds)
Cbc0010I After 165437 nodes, 48287 on tree, 12 best solution, best possible 9 (45.08 seconds)
Cbc0010I After 167711 nodes, 48612 on tree, 12 best solution, best possible 9 (45.78 seconds)
Cbc0010I After 169952 nodes, 48900 on tree, 12 best solution, best possible 9 (46.48 seconds)
Cbc0010I After 172020 nodes, 49179 on tree, 12 best solution, best possible 9 (47.18 seconds)
Cbc0010I After 174297 nodes, 49449 on tree, 12 best solution, best possible 9 (47.88 seconds)
Cbc0010I After 176387 nodes, 50323 on tree, 12 best solution, best possible 9 (48.58 seconds)
Cbc0010I After 178520 nodes, 50849 on tree, 12 best solution, best possible 9 (49.28 seconds)
Cbc0010I After 180631 nodes, 51168 on tree, 12 best solution, best possible 9 (49.98 seconds)
Cbc0010I After 182547 nodes, 51742 on tree, 12 best solution, best possible 9 (50.68 seconds)
Cbc0010I After 184488 nodes, 52898 on tree, 12 best solution, best possible 9 (51.38 seconds)
Cbc0010I After 186441 nodes, 54030 on tree, 12 best solution, best possible 9 (52.08 seconds)
Cbc0010I After 188402 nodes, 55125 on tree, 12 best solution, best possible 9 (52.78 seconds)
Cbc0010I After 190210 nodes, 55450 on tree, 12 best solution, best possible 9 (53.48 seconds)
Cbc0010I After 192096 nodes, 55835 on tree, 12 best solution, best possible 9 (54.19 seconds)
Cbc0010I After 194057 nodes, 56123 on tree, 12 best solution, best possible 9 (54.89 seconds)
Cbc0010I After 196020 nodes, 56600 on tree, 12 best solution, best possible 9 (55.59 seconds)
Cbc0010I After 198008 nodes, 57020 on tree, 12 best solution, best possible 9 (56.29 seconds)
Cbc0010I After 199819 nodes, 57527 on tree, 12 best solution, best possible 9 (56.99 seconds)
Cbc0010I After 201681 nodes, 57927 on tree, 12 best solution, best possible 9 (57.69 seconds)
Cbc0010I After 203504 nodes, 58382 on tree, 12 best solution, best possible 9 (58.39 seconds)
Cbc0010I After 205396 nodes, 58714 on tree, 12 best solution, best possible 9 (59.09 seconds)
Cbc0010I After 207037 nodes, 59111 on tree, 12 best solution, best possible 9 (59.79 seconds)
Cbc0010I After 208773 nodes, 59408 on tree, 12 best solution, best possible 9 (60.49 seconds)
Cbc0010I After 210280 nodes, 59735 on tree, 12 best solution, best possible 9 (61.19 seconds)
Cbc0010I After 211773 nodes, 60313 on tree, 12 best solution, best possible 9 (61.89 seconds)
Cbc0010I After 213539 nodes, 60619 on tree, 12 best solution, best possible 9 (62.59 seconds)
Cbc0010I After 215150 nodes, 61318 on tree, 12 best solution, best possible 9 (63.30 seconds)
Cbc0010I After 217239 nodes, 61952 on tree, 12 best solution, best possible 9 (64.00 seconds)
Cbc0010I After 218929 nodes, 62383 on tree, 12 best solution, best possible 9 (64.70 seconds)
Cbc0010I After 221313 nodes, 62403 on tree, 12 best solution, best possible 9 (65.40 seconds)
Cbc0010I After 222958 nodes, 62877 on tree, 12 best solution, best possible 9 (66.10 seconds)
Cbc0010I After 225000 nodes, 62875 on tree, 12 best solution, best possible 9 (66.80 seconds)
Cbc0010I After 226478 nodes, 63283 on tree, 12 best solution, best possible 9 (67.50 seconds)
Cbc0010I After 228184 nodes, 63816 on tree, 12 best solution, best possible 9 (68.21 seconds)
Cbc0010I After 230058 nodes, 64201 on tree, 12 best solution, best possible 9 (68.91 seconds)
Cbc0010I After 231565 nodes, 64693 on tree, 12 best solution, best possible 9 (69.61 seconds)
Cbc0010I After 233446 nodes, 64922 on tree, 12 best solution, best possible 9 (70.31 seconds)
Cbc0010I After 234954 nodes, 65468 on tree, 12 best solution, best possible 9 (71.01 seconds)
Cbc0010I After 237102 nodes, 65972 on tree, 12 best solution, best possible 9 (71.71 seconds)
Cbc0010I After 238633 nodes, 66671 on tree, 12 best solution, best possible 9 (72.41 seconds)
Cbc0010I After 240313 nodes, 67137 on tree, 12 best solution, best possible 9 (73.11 seconds)
Cbc0010I After 242162 nodes, 67202 on tree, 12 best solution, best possible 9 (73.81 seconds)
Cbc0010I After 244028 nodes, 67312 on tree, 12 best solution, best possible 9 (74.51 seconds)
Cbc0010I After 245951 nodes, 67440 on tree, 12 best solution, best possible 9.4 (75.21 seconds)
Cbc0010I After 247594 nodes, 67693 on tree, 12 best solution, best possible 9.4285714 (75.91 seconds)
Cbc0010I After 249708 nodes, 67521 on tree, 12 best solution, best possible 9.5 (76.62 seconds)
Cbc0010I After 251322 nodes, 68363 on tree, 12 best solution, best possible 9.5 (77.32 seconds)
Cbc0010I After 253382 nodes, 68765 on tree, 12 best solution, best possible 9.5 (78.02 seconds)
Cbc0010I After 254911 nodes, 69600 on tree, 12 best solution, best possible 9.5 (78.72 seconds)
Cbc0010I After 258483 nodes, 69077 on tree, 12 best solution, best possible 9.5 (79.42 seconds)
Cbc0010I After 260629 nodes, 69648 on tree, 12 best solution, best possible 9.5 (80.12 seconds)
Cbc0010I After 263943 nodes, 69071 on tree, 12 best solution, best possible 9.5 (80.82 seconds)
Cbc0010I After 266096 nodes, 69019 on tree, 12 best solution, best possible 9.5 (81.52 seconds)
Cbc0010I After 268485 nodes, 69344 on tree, 12 best solution, best possible 9.5 (82.22 seconds)
Cbc0010I After 271742 nodes, 69039 on tree, 12 best solution, best possible 9.5 (82.92 seconds)
Cbc0010I After 273865 nodes, 68908 on tree, 12 best solution, best possible 9.5 (83.62 seconds)
Cbc0010I After 275869 nodes, 69428 on tree, 12 best solution, best possible 9.5 (84.32 seconds)
Cbc0010I After 279343 nodes, 69174 on tree, 12 best solution, best possible 9.5 (85.02 seconds)
Cbc0010I After 282326 nodes, 69071 on tree, 12 best solution, best possible 9.5 (85.73 seconds)
Cbc0010I After 284898 nodes, 68945 on tree, 12 best solution, best possible 9.5 (86.43 seconds)
Cbc0010I After 287000 nodes, 68902 on tree, 12 best solution, best possible 9.6666667 (87.13 seconds)
Cbc0010I After 289300 nodes, 69469 on tree, 12 best solution, best possible 9.6666667 (87.83 seconds)
Cbc0010I After 292415 nodes, 69469 on tree, 12 best solution, best possible 9.6666667 (88.53 seconds)
Cbc0010I After 295368 nodes, 69075 on tree, 12 best solution, best possible 9.6666667 (89.23 seconds)
Cbc0010I After 298000 nodes, 68756 on tree, 12 best solution, best possible 9.6666667 (89.93 seconds)
Cbc0010I After 300246 nodes, 69020 on tree, 12 best solution, best possible 9.6666667 (90.63 seconds)
Cbc0010I After 302000 nodes, 69389 on tree, 12 best solution, best possible 10 (91.34 seconds)
Cbc0010I After 304861 nodes, 69388 on tree, 12 best solution, best possible 10 (92.04 seconds)
Cbc0010I After 307809 nodes, 68969 on tree, 12 best solution, best possible 10 (92.74 seconds)
Cbc0010I After 309871 nodes, 69388 on tree, 12 best solution, best possible 10 (93.44 seconds)
Cbc0010I After 312914 nodes, 68835 on tree, 12 best solution, best possible 10 (94.14 seconds)
Cbc0010I After 315070 nodes, 69139 on tree, 12 best solution, best possible 10 (94.84 seconds)
Cbc0010I After 317683 nodes, 68843 on tree, 12 best solution, best possible 10 (95.54 seconds)
Cbc0010I After 319718 nodes, 69152 on tree, 12 best solution, best possible 10 (96.24 seconds)
Cbc0010I After 321854 nodes, 68888 on tree, 12 best solution, best possible 10 (96.95 seconds)
Cbc0010I After 323863 nodes, 68910 on tree, 12 best solution, best possible 10 (97.65 seconds)
Cbc0010I After 326186 nodes, 68628 on tree, 12 best solution, best possible 10 (98.35 seconds)
Cbc0010I After 327929 nodes, 68954 on tree, 12 best solution, best possible 10 (99.05 seconds)
Cbc0010I After 330130 nodes, 68713 on tree, 12 best solution, best possible 10 (99.75 seconds)
Cbc0010I After 331865 nodes, 68992 on tree, 12 best solution, best possible 10 (100.45 seconds)
Cbc0010I After 334097 nodes, 68972 on tree, 12 best solution, best possible 10 (101.15 seconds)
Cbc0010I After 336499 nodes, 68821 on tree, 12 best solution, best possible 10 (101.85 seconds)
Cbc0010I After 338627 nodes, 68685 on tree, 12 best solution, best possible 10 (102.55 seconds)
Cbc0010I After 340850 nodes, 68344 on tree, 12 best solution, best possible 10 (103.25 seconds)
Cbc0010I After 342647 nodes, 68426 on tree, 12 best solution, best possible 10 (103.95 seconds)
Cbc0010I After 344513 nodes, 68429 on tree, 12 best solution, best possible 10 (104.65 seconds)
Cbc0010I After 346376 nodes, 68562 on tree, 12 best solution, best possible 10 (105.35 seconds)
Cbc0010I After 348088 nodes, 68839 on tree, 12 best solution, best possible 10 (106.05 seconds)
Cbc0010I After 350136 nodes, 68882 on tree, 12 best solution, best possible 10 (106.76 seconds)
Cbc0010I After 351888 nodes, 69203 on tree, 12 best solution, best possible 10 (107.46 seconds)
Cbc0010I After 354150 nodes, 69091 on tree, 12 best solution, best possible 10 (108.16 seconds)
Cbc0010I After 356481 nodes, 68875 on tree, 12 best solution, best possible 10 (108.86 seconds)
Cbc0010I After 358395 nodes, 68985 on tree, 12 best solution, best possible 10 (109.56 seconds)
Cbc0010I After 361015 nodes, 68499 on tree, 12 best solution, best possible 10 (110.26 seconds)
Cbc0010I After 362694 nodes, 68764 on tree, 12 best solution, best possible 10 (110.96 seconds)
Cbc0010I After 364783 nodes, 68740 on tree, 12 best solution, best possible 10 (111.66 seconds)
Cbc0010I After 366558 nodes, 68962 on tree, 12 best solution, best possible 10 (112.36 seconds)
Cbc0010I After 369234 nodes, 68383 on tree, 12 best solution, best possible 10 (113.06 seconds)
Cbc0010I After 370945 nodes, 68639 on tree, 12 best solution, best possible 10 (113.76 seconds)
Cbc0010I After 373107 nodes, 69004 on tree, 12 best solution, best possible 10 (114.46 seconds)
Cbc0010I After 375269 nodes, 69553 on tree, 12 best solution, best possible 10 (115.16 seconds)
Cbc0010I After 378187 nodes, 69555 on tree, 12 best solution, best possible 10 (115.87 seconds)
Cbc0010I After 381179 nodes, 69554 on tree, 12 best solution, best possible 10 (116.57 seconds)
Cbc0010I After 384237 nodes, 69184 on tree, 12 best solution, best possible 10 (117.27 seconds)
Cbc0010I After 386218 nodes, 69410 on tree, 12 best solution, best possible 10 (117.97 seconds)
Cbc0010I After 389164 nodes, 68528 on tree, 12 best solution, best possible 10 (118.67 seconds)
Cbc0010I After 390570 nodes, 69362 on tree, 12 best solution, best possible 10 (119.37 seconds)
Cbc0010I After 393294 nodes, 68729 on tree, 12 best solution, best possible 10 (120.07 seconds)
Cbc0010I After 395086 nodes, 68919 on tree, 12 best solution, best possible 10 (120.77 seconds)
Cbc0010I After 397305 nodes, 68529 on tree, 12 best solution, best possible 10 (121.47 seconds)
Cbc0010I After 399022 nodes, 68745 on tree, 12 best solution, best possible 10 (122.17 seconds)
Cbc0010I After 401225 nodes, 68684 on tree, 12 best solution, best possible 10 (122.87 seconds)
Cbc0010I After 402920 nodes, 69219 on tree, 12 best solution, best possible 10 (123.57 seconds)
Cbc0010I After 405570 nodes, 69189 on tree, 12 best solution, best possible 10 (124.28 seconds)
Cbc0010I After 407734 nodes, 69346 on tree, 12 best solution, best possible 10 (124.98 seconds)
Cbc0010I After 410798 nodes, 69240 on tree, 12 best solution, best possible 10 (125.68 seconds)
Cbc0010I After 413909 nodes, 69240 on tree, 12 best solution, best possible 10 (126.38 seconds)
Cbc0010I After 416966 nodes, 69241 on tree, 12 best solution, best possible 10 (127.08 seconds)
Cbc0010I After 420375 nodes, 68857 on tree, 12 best solution, best possible 10 (127.78 seconds)
Cbc0010I After 422523 nodes, 69286 on tree, 12 best solution, best possible 10 (128.48 seconds)
Cbc0010I After 425323 nodes, 68677 on tree, 12 best solution, best possible 10 (129.18 seconds)
Cbc0010I After 427409 nodes, 69180 on tree, 12 best solution, best possible 10 (129.88 seconds)
Cbc0010I After 430000 nodes, 69036 on tree, 12 best solution, best possible 10 (130.58 seconds)
Cbc0010I After 432291 nodes, 69079 on tree, 12 best solution, best possible 10 (131.28 seconds)
Cbc0010I After 434681 nodes, 68811 on tree, 12 best solution, best possible 10 (131.98 seconds)
Cbc0010I After 436708 nodes, 69347 on tree, 12 best solution, best possible 10 (132.68 seconds)
Cbc0010I After 440040 nodes, 69190 on tree, 12 best solution, best possible 10 (133.39 seconds)
Cbc0010I After 443059 nodes, 69188 on tree, 12 best solution, best possible 10 (134.09 seconds)
Cbc0010I After 446564 nodes, 69105 on tree, 12 best solution, best possible 10 (134.79 seconds)
Cbc0010I After 448623 nodes, 69625 on tree, 12 best solution, best possible 10 (135.49 seconds)
Cbc0010I After 451410 nodes, 69225 on tree, 12 best solution, best possible 10 (136.19 seconds)
Cbc0010I After 454067 nodes, 68881 on tree, 12 best solution, best possible 10 (136.89 seconds)
Cbc0010I After 456207 nodes, 69059 on tree, 12 best solution, best possible 10 (137.59 seconds)
Cbc0010I After 458298 nodes, 69146 on tree, 12 best solution, best possible 10 (138.29 seconds)
Cbc0010I After 460950 nodes, 68469 on tree, 12 best solution, best possible 10 (138.99 seconds)
Cbc0010I After 462518 nodes, 68516 on tree, 12 best solution, best possible 10 (139.69 seconds)
Cbc0010I After 464617 nodes, 68329 on tree, 12 best solution, best possible 10 (140.39 seconds)
Cbc0010I After 466566 nodes, 68287 on tree, 12 best solution, best possible 10 (141.09 seconds)
Cbc0010I After 468659 nodes, 68197 on tree, 12 best solution, best possible 10 (141.79 seconds)
Cbc0010I After 470578 nodes, 68442 on tree, 12 best solution, best possible 10 (142.49 seconds)
Cbc0010I After 472604 nodes, 68598 on tree, 12 best solution, best possible 10 (143.20 seconds)
Cbc0010I After 474560 nodes, 68901 on tree, 12 best solution, best possible 10 (143.90 seconds)
Cbc0010I After 476747 nodes, 68768 on tree, 12 best solution, best possible 10 (144.60 seconds)
Cbc0010I After 478635 nodes, 68773 on tree, 12 best solution, best possible 10 (145.30 seconds)
Cbc0010I After 480785 nodes, 68686 on tree, 12 best solution, best possible 10 (146.00 seconds)
Cbc0010I After 482643 nodes, 68724 on tree, 12 best solution, best possible 10 (146.70 seconds)
Cbc0010I After 484739 nodes, 68480 on tree, 12 best solution, best possible 10 (147.40 seconds)
Cbc0010I After 486681 nodes, 68530 on tree, 12 best solution, best possible 10 (148.10 seconds)
Cbc0010I After 488742 nodes, 68580 on tree, 12 best solution, best possible 10 (148.80 seconds)
Cbc0010I After 490590 nodes, 68918 on tree, 12 best solution, best possible 10 (149.50 seconds)
Cbc0010I After 492674 nodes, 69129 on tree, 12 best solution, best possible 10 (150.20 seconds)
Cbc0010I After 495195 nodes, 68787 on tree, 12 best solution, best possible 10 (150.90 seconds)
Cbc0010I After 497474 nodes, 68843 on tree, 12 best solution, best possible 10 (151.60 seconds)
Cbc0010I After 499355 nodes, 69110 on tree, 12 best solution, best possible 10 (152.30 seconds)
Cbc0010I After 502029 nodes, 68585 on tree, 12 best solution, best possible 10 (153.01 seconds)
Cbc0010I After 503821 nodes, 68893 on tree, 12 best solution, best possible 10 (153.71 seconds)
Cbc0010I After 506160 nodes, 68406 on tree, 12 best solution, best possible 10 (154.41 seconds)
Cbc0010I After 507936 nodes, 68708 on tree, 12 best solution, best possible 10 (155.11 seconds)
Cbc0010I After 510025 nodes, 68738 on tree, 12 best solution, best possible 10 (155.81 seconds)
Cbc0010I After 512451 nodes, 68754 on tree, 12 best solution, best possible 10 (156.51 seconds)
Cbc0010I After 514674 nodes, 69114 on tree, 12 best solution, best possible 10 (157.21 seconds)
Cbc0010I After 517671 nodes, 68270 on tree, 12 best solution, best possible 10 (157.91 seconds)
Cbc0010I After 519234 nodes, 69096 on tree, 12 best solution, best possible 10 (158.61 seconds)
Cbc0010I After 521737 nodes, 68737 on tree, 12 best solution, best possible 10 (159.31 seconds)
Cbc0010I After 523543 nodes, 69007 on tree, 12 best solution, best possible 10 (160.01 seconds)
Cbc0010I After 525994 nodes, 68475 on tree, 12 best solution, best possible 10 (160.71 seconds)
Cbc0010I After 527813 nodes, 68742 on tree, 12 best solution, best possible 10 (161.41 seconds)
Cbc0010I After 530082 nodes, 68678 on tree, 12 best solution, best possible 10 (162.12 seconds)
Cbc0010I After 532730 nodes, 68809 on tree, 12 best solution, best possible 10 (162.82 seconds)
Cbc0010I After 534907 nodes, 69388 on tree, 12 best solution, best possible 10 (163.52 seconds)
Cbc0010I After 537660 nodes, 69389 on tree, 12 best solution, best possible 10 (164.22 seconds)
Cbc0010I After 540425 nodes, 69388 on tree, 12 best solution, best possible 10 (164.92 seconds)
Cbc0010I After 543268 nodes, 69388 on tree, 12 best solution, best possible 10 (165.62 seconds)
Cbc0010I After 546405 nodes, 68908 on tree, 12 best solution, best possible 10 (166.32 seconds)
Cbc0010I After 548725 nodes, 69034 on tree, 12 best solution, best possible 10 (167.02 seconds)
Cbc0010I After 551040 nodes, 69186 on tree, 12 best solution, best possible 10 (167.72 seconds)
Cbc0010I After 553533 nodes, 69006 on tree, 12 best solution, best possible 10 (168.42 seconds)
Cbc0010I After 555724 nodes, 69059 on tree, 12 best solution, best possible 10 (169.12 seconds)
Cbc0010I After 557898 nodes, 69081 on tree, 12 best solution, best possible 10 (169.82 seconds)
Cbc0010I After 560351 nodes, 68835 on tree, 12 best solution, best possible 10 (170.52 seconds)
Cbc0010I After 562330 nodes, 68500 on tree, 12 best solution, best possible 10 (171.22 seconds)
Cbc0010I After 564360 nodes, 68451 on tree, 12 best solution, best possible 10 (171.92 seconds)
Cbc0010I After 566455 nodes, 68339 on tree, 12 best solution, best possible 10 (172.63 seconds)
Cbc0010I After 568544 nodes, 68329 on tree, 12 best solution, best possible 10 (173.33 seconds)
Cbc0010I After 570588 nodes, 68433 on tree, 12 best solution, best possible 10 (174.03 seconds)
Cbc0010I After 572809 nodes, 68646 on tree, 12 best solution, best possible 10 (174.73 seconds)
Cbc0010I After 574723 nodes, 68853 on tree, 12 best solution, best possible 10 (175.43 seconds)
Cbc0010I After 577085 nodes, 68807 on tree, 12 best solution, best possible 10 (176.13 seconds)
Cbc0010I After 578905 nodes, 69095 on tree, 12 best solution, best possible 10 (176.83 seconds)
Cbc0010I After 581830 nodes, 68062 on tree, 12 best solution, best possible 10 (177.53 seconds)
Cbc0010I After 583690 nodes, 68424 on tree, 12 best solution, best possible 10 (178.23 seconds)
Cbc0010I After 585991 nodes, 68522 on tree, 12 best solution, best possible 10 (178.93 seconds)
Cbc0010I After 587776 nodes, 68741 on tree, 12 best solution, best possible 10 (179.63 seconds)
Cbc0010I After 590076 nodes, 68317 on tree, 12 best solution, best possible 10 (180.33 seconds)
Cbc0010I After 591872 nodes, 68722 on tree, 12 best solution, best possible 10 (181.03 seconds)
Cbc0010I After 593830 nodes, 68976 on tree, 12 best solution, best possible 10 (181.73 seconds)
Cbc0010I After 596660 nodes, 68552 on tree, 12 best solution, best possible 10 (182.44 seconds)
Cbc0010I After 598715 nodes, 68558 on tree, 12 best solution, best possible 10 (183.14 seconds)
Cbc0010I After 601023 nodes, 68356 on tree, 12 best solution, best possible 10 (183.84 seconds)
Cbc0010I After 602763 nodes, 69347 on tree, 12 best solution, best possible 10 (184.54 seconds)
Cbc0010I After 605371 nodes, 69023 on tree, 12 best solution, best possible 10 (185.24 seconds)
Cbc0010I After 608056 nodes, 69150 on tree, 12 best solution, best possible 10 (185.94 seconds)
Cbc0010I After 610446 nodes, 69141 on tree, 12 best solution, best possible 10 (186.64 seconds)
Cbc0010I After 613006 nodes, 68325 on tree, 12 best solution, best possible 10 (187.34 seconds)
Cbc0010I After 614930 nodes, 68659 on tree, 12 best solution, best possible 10 (188.04 seconds)
Cbc0010I After 617314 nodes, 68502 on tree, 12 best solution, best possible 10 (188.74 seconds)
Cbc0010I After 619175 nodes, 68808 on tree, 12 best solution, best possible 10 (189.44 seconds)
Cbc0010I After 621336 nodes, 68525 on tree, 12 best solution, best possible 10 (190.14 seconds)
Cbc0010I After 623076 nodes, 68928 on tree, 12 best solution, best possible 10 (190.84 seconds)
Cbc0010I After 625554 nodes, 68721 on tree, 12 best solution, best possible 10 (191.54 seconds)
Cbc0010I After 627847 nodes, 68663 on tree, 12 best solution, best possible 10 (192.24 seconds)
Cbc0010I After 630078 nodes, 68598 on tree, 12 best solution, best possible 10 (192.95 seconds)
Cbc0010I After 631826 nodes, 68932 on tree, 12 best solution, best possible 10 (193.65 seconds)
Cbc0010I After 633974 nodes, 68906 on tree, 12 best solution, best possible 10 (194.35 seconds)
Cbc0010I After 635844 nodes, 69084 on tree, 12 best solution, best possible 10 (195.05 seconds)
Cbc0010I After 638310 nodes, 69084 on tree, 12 best solution, best possible 10 (195.75 seconds)
Cbc0010I After 641004 nodes, 68513 on tree, 12 best solution, best possible 10 (196.45 seconds)
Cbc0010I After 642956 nodes, 68653 on tree, 12 best solution, best possible 10 (197.15 seconds)
Cbc0010I After 645340 nodes, 68556 on tree, 12 best solution, best possible 10 (197.85 seconds)
Cbc0010I After 647092 nodes, 68878 on tree, 12 best solution, best possible 10 (198.55 seconds)
Cbc0010I After 649345 nodes, 68959 on tree, 12 best solution, best possible 10 (199.25 seconds)
Cbc0010I After 651710 nodes, 68939 on tree, 12 best solution, best possible 10 (199.95 seconds)
Cbc0010I After 653834 nodes, 68845 on tree, 12 best solution, best possible 10 (200.65 seconds)
Cbc0010I After 655866 nodes, 68988 on tree, 12 best solution, best possible 10 (201.35 seconds)
Cbc0010I After 658074 nodes, 68432 on tree, 12 best solution, best possible 10 (202.06 seconds)
Cbc0010I After 661108 nodes, 66542 on tree, 12 best solution, best possible 10 (202.76 seconds)
Cbc0010I After 663312 nodes, 66009 on tree, 12 best solution, best possible 10 (203.46 seconds)
Cbc0010I After 665584 nodes, 65834 on tree, 12 best solution, best possible 10.333333 (204.16 seconds)
Cbc0010I After 668000 nodes, 65800 on tree, 12 best solution, best possible 10.333333 (204.86 seconds)
Cbc0010I After 670424 nodes, 65758 on tree, 12 best solution, best possible 10.5 (205.56 seconds)
Cbc0010I After 673012 nodes, 66060 on tree, 12 best solution, best possible 10.5 (206.26 seconds)
Cbc0010I After 675399 nodes, 66174 on tree, 12 best solution, best possible 10.5 (206.96 seconds)
Cbc0010I After 677917 nodes, 66119 on tree, 12 best solution, best possible 10.5 (207.66 seconds)
Cbc0010I After 680473 nodes, 66344 on tree, 12 best solution, best possible 10.5 (208.36 seconds)
Cbc0010I After 682867 nodes, 66331 on tree, 12 best solution, best possible 10.5 (209.06 seconds)
Cbc0010I After 685381 nodes, 66213 on tree, 12 best solution, best possible 10.5 (209.76 seconds)
Cbc0010I After 687836 nodes, 66450 on tree, 12 best solution, best possible 10.5 (210.46 seconds)
Cbc0010I After 690527 nodes, 65712 on tree, 12 best solution, best possible 10.666667 (211.17 seconds)
Cbc0010I After 693467 nodes, 65139 on tree, 12 best solution, best possible 10.666667 (211.87 seconds)
Cbc0010I After 696206 nodes, 65107 on tree, 12 best solution, best possible 10.928571 (212.57 seconds)
Cbc0010I After 699031 nodes, 64991 on tree, 12 best solution, best possible 11 (213.27 seconds)
Cbc0010I After 701834 nodes, 64263 on tree, 12 best solution, best possible 11 (213.97 seconds)
Cbc0010I After 705665 nodes, 61415 on tree, 12 best solution, best possible 11 (214.67 seconds)
Cbc0010I After 709562 nodes, 58623 on tree, 12 best solution, best possible 11 (215.37 seconds)
Cbc0010I After 713296 nodes, 56073 on tree, 12 best solution, best possible 11 (216.07 seconds)
Cbc0010I After 717195 nodes, 53330 on tree, 12 best solution, best possible 11 (216.77 seconds)
Cbc0010I After 720841 nodes, 50849 on tree, 12 best solution, best possible 11 (217.47 seconds)
Cbc0010I After 724294 nodes, 48505 on tree, 12 best solution, best possible 11 (218.17 seconds)
Cbc0010I After 727528 nodes, 47074 on tree, 12 best solution, best possible 11 (218.87 seconds)
Cbc0010I After 730024 nodes, 47343 on tree, 12 best solution, best possible 11 (219.57 seconds)
Cbc0010I After 731954 nodes, 47729 on tree, 12 best solution, best possible 11 (220.27 seconds)
Cbc0010I After 734411 nodes, 47499 on tree, 12 best solution, best possible 11 (220.97 seconds)
Cbc0010I After 737349 nodes, 46529 on tree, 12 best solution, best possible 11 (221.67 seconds)
Cbc0010I After 740772 nodes, 44131 on tree, 12 best solution, best possible 11 (222.37 seconds)
Cbc0010I After 744082 nodes, 41792 on tree, 12 best solution, best possible 11 (223.07 seconds)
Cbc0010I After 747008 nodes, 41839 on tree, 12 best solution, best possible 11 (223.77 seconds)
Cbc0010I After 749617 nodes, 41826 on tree, 12 best solution, best possible 11 (224.47 seconds)
Cbc0010I After 752130 nodes, 42206 on tree, 12 best solution, best possible 11 (225.18 seconds)
Cbc0010I After 754846 nodes, 42463 on tree, 12 best solution, best possible 11 (225.88 seconds)
Cbc0010I After 757518 nodes, 42732 on tree, 12 best solution, best possible 11 (226.58 seconds)
Cbc0010I After 760126 nodes, 43091 on tree, 12 best solution, best possible 11 (227.28 seconds)
Cbc0010I After 762865 nodes, 43311 on tree, 12 best solution, best possible 11 (227.98 seconds)
Cbc0010I After 765837 nodes, 43039 on tree, 12 best solution, best possible 11 (228.68 seconds)
Cbc0010I After 768507 nodes, 42985 on tree, 12 best solution, best possible 11 (229.38 seconds)
Cbc0010I After 771407 nodes, 41866 on tree, 12 best solution, best possible 11 (230.08 seconds)
Cbc0010I After 775049 nodes, 39245 on tree, 12 best solution, best possible 11 (230.78 seconds)
Cbc0010I After 779158 nodes, 36237 on tree, 12 best solution, best possible 11 (231.48 seconds)
Cbc0010I After 783136 nodes, 33313 on tree, 12 best solution, best possible 11 (232.18 seconds)
Cbc0010I After 786948 nodes, 30447 on tree, 12 best solution, best possible 11 (232.88 seconds)
Cbc0010I After 790665 nodes, 27770 on tree, 12 best solution, best possible 11 (233.58 seconds)
Cbc0010I After 794029 nodes, 25438 on tree, 12 best solution, best possible 11 (234.28 seconds)
Cbc0010I After 797295 nodes, 23646 on tree, 12 best solution, best possible 11 (234.98 seconds)
Cbc0010I After 799763 nodes, 23969 on tree, 12 best solution, best possible 11 (235.68 seconds)
Cbc0010I After 802061 nodes, 23860 on tree, 12 best solution, best possible 11 (236.38 seconds)
Cbc0010I After 805187 nodes, 22575 on tree, 12 best solution, best possible 11 (237.08 seconds)
Cbc0010I After 808612 nodes, 20102 on tree, 12 best solution, best possible 11 (237.78 seconds)
Cbc0010I After 811481 nodes, 19712 on tree, 12 best solution, best possible 11 (238.48 seconds)
Cbc0010I After 814090 nodes, 19625 on tree, 12 best solution, best possible 11 (239.18 seconds)
Cbc0010I After 816699 nodes, 19825 on tree, 12 best solution, best possible 11 (239.88 seconds)
Cbc0010I After 819292 nodes, 20022 on tree, 12 best solution, best possible 11 (240.58 seconds)
Cbc0010I After 822190 nodes, 19514 on tree, 12 best solution, best possible 11 (241.28 seconds)
Cbc0010I After 825430 nodes, 18122 on tree, 12 best solution, best possible 11 (241.99 seconds)
Cbc0010I After 829360 nodes, 15035 on tree, 12 best solution, best possible 11 (242.69 seconds)
Cbc0010I After 832795 nodes, 12511 on tree, 12 best solution, best possible 11 (243.39 seconds)
Cbc0010I After 836284 nodes, 9811 on tree, 12 best solution, best possible 11 (244.09 seconds)
Cbc0010I After 838942 nodes, 9159 on tree, 12 best solution, best possible 11 (244.79 seconds)
Cbc0010I After 841885 nodes, 7594 on tree, 12 best solution, best possible 11 (245.49 seconds)
Cbc0010I After 844481 nodes, 7257 on tree, 12 best solution, best possible 11 (246.19 seconds)
Cbc0010I After 847025 nodes, 7237 on tree, 12 best solution, best possible 11 (246.89 seconds)
Cbc0010I After 850659 nodes, 4346 on tree, 12 best solution, best possible 11 (247.59 seconds)
Cbc0010I After 853532 nodes, 2847 on tree, 12 best solution, best possible 11 (248.29 seconds)
Cbc0010I After 856184 nodes, 1878 on tree, 12 best solution, best possible 11 (248.99 seconds)
Cbc0010I After 858453 nodes, 968 on tree, 12 best solution, best possible 11 (249.69 seconds)
Cbc0010I After 860553 nodes, 239 on tree, 12 best solution, best possible 11 (250.39 seconds)
Cbc0030I Thread 0 used 861267 times,  waiting to start 1.4614706, 240.86154 cpu time, 5033830 locks, 21.292849 locked, 0.31867933 waiting for locks
Cbc0030I Main thread 237.69315 waiting for threads,  6030117 locks, 4.5996163 locked, 0.37708974 waiting for locks
Cbc0001I Search completed - best objective 12, took 2576302 iterations and 861267 nodes (250.66 seconds)
Cbc0032I Strong branching done 382528 times (1593472 iterations), fathomed 83802 nodes and fixed 86489 variables
Cbc0035I Maximum depth 64, 6771332 variables fixed on reduced cost
Cbc0045I Orbital branching succeeded 23 times - average extra   0.043, fixing (6,  23.333)
