Starting solution of the Linear programming relaxation problem using Primal Simplex

Coin0506I Presolve 73 (0) rows, 144 (-220) columns and 446 (-220) elements
Clp1000I sum of infeasibilities 5.85083e-09 - average 8.01483e-11, 130 fixed columns
Coin0506I Presolve 0 (-73) rows, 0 (-144) columns and 0 (-446) elements
Clp0000I Optimal - objective value 1
Clp0000I Optimal - objective value 1
Coin0511I After Postsolve, objective 1, infeasibilities - dual 0 (0), primal 0 (0)
Clp0006I 0  Obj 1
Clp0000I Optimal - objective value 1
Clp0000I Optimal - objective value 1
Coin0511I After Postsolve, objective 1, infeasibilities - dual 0 (0), primal 0 (0)
Clp0032I Optimal objective 1 - 0 iterations time 0.002, Presolve 0.00, Idiot 0.00

Starting MIP optimization
Cbc0045I Nauty did not find any useful orbits in time 0.000594
Cbc0038I Initial state - 3 integers unsatisfied sum - 1.5
Cbc0038I Pass   1: suminf.    0.00000 (0) obj. 1 iterations 4
Cbc0038I Pass   2: suminf.    0.00000 (0) obj. 1 iterations 0
Cbc0038I Pass   3: suminf.    0.00000 (0) obj. 1 iterations 0
Cbc0038I Pass   4: suminf.    3.00000 (6) obj. 37 iterations 100
Cbc0038I Pass   5: suminf.    0.50000 (1) obj. 37 iterations 7
Cbc0038I Pass   6: suminf.    0.00000 (0) obj. 37 iterations 1
Cbc0038I Pass   7: suminf.    0.00000 (0) obj. 37 iterations 0
Cbc0038I Pass   8: suminf.    0.00000 (0) obj. 37 iterations 0
Cbc0038I Pass   9: suminf.    0.00000 (0) obj. 37 iterations 0
Cbc0038I Pass  10: suminf.    0.00000 (0) obj. 37 iterations 0
Cbc0038I Pass  11: suminf.    0.00000 (0) obj. 37 iterations 0
Cbc0038I Pass  12: suminf.    0.00000 (0) obj. 37 iterations 0
Cbc0038I Pass  13: suminf.    0.00000 (0) obj. 37 iterations 0
Cbc0038I Pass  14: suminf.    3.00000 (6) obj. 41 iterations 41
Cbc0038I Pass  15: suminf.    0.00000 (0) obj. 41 iterations 8
Cbc0038I Pass  16: suminf.    0.00000 (0) obj. 41 iterations 0
Cbc0038I Pass  17: suminf.    0.00000 (0) obj. 41 iterations 0
Cbc0038I Pass  18: suminf.    0.00000 (0) obj. 41 iterations 0
Cbc0038I Pass  19: suminf.    0.00000 (0) obj. 41 iterations 0
Cbc0038I Pass  20: suminf.    0.00000 (0) obj. 41 iterations 0
Cbc0038I Pass  21: suminf.    0.00000 (0) obj. 41 iterations 0
Cbc0038I Pass  22: suminf.    0.00000 (0) obj. 41 iterations 0
Cbc0038I Pass  23: suminf.    0.00000 (0) obj. 41 iterations 0
Cbc0038I Pass  24: suminf.    0.00000 (0) obj. 41 iterations 0
Cbc0038I Pass  25: suminf.    3.00000 (6) obj. 51 iterations 47
Cbc0038I Pass  26: suminf.    0.50000 (1) obj. 51 iterations 6
Cbc0038I Pass  27: suminf.    0.00000 (0) obj. 51 iterations 1
Cbc0038I Pass  28: suminf.    0.00000 (0) obj. 51 iterations 0
Cbc0038I Pass  29: suminf.    0.00000 (0) obj. 51 iterations 0
Cbc0038I Pass  30: suminf.    0.00000 (0) obj. 51 iterations 0
Cbc0038I No solution found this major pass
Cbc0038I Before mini branch and bound, 119 integers at bound fixed and 3 continuous
Cbc0038I Full problem 73 rows 291 columns, reduced to 30 rows 77 columns
Cbc0038I Mini branch and bound improved solution from 1.797693134862e+308 to 1 (0.01 seconds)
Cbc0038I After 0.01 seconds - Feasibility pump exiting with objective of 1 - took 0.01 seconds
Cbc0051I Starting cut generation at root node
Cbc0031I 42 added rows had average density of 40.428571
Cbc0013I At root node, 42 cuts changed objective from 1 to 2.770437 in 100 passes
Cbc0014I Cut generator 0 (Probing) - 0 row cuts average 0.0 elements, 0 column cuts (0 active)  in 0.020 seconds - new frequency is -100
Cbc0014I Cut generator 1 (Gomory) - 728 row cuts average 218.0 elements, 0 column cuts (0 active)  in 0.139 seconds - new frequency is 1
Cbc0014I Cut generator 2 (Knapsack) - 1063 row cuts average 3.5 elements, 0 column cuts (0 active)  in 0.073 seconds - new frequency is 1
Cbc0014I Cut generator 3 (Clique) - 0 row cuts average 0.0 elements, 0 column cuts (0 active)  in 0.001 seconds - new frequency is -100
Cbc0014I Cut generator 4 (MixedIntegerRounding2) - 43 row cuts average 78.5 elements, 0 column cuts (0 active)  in 0.077 seconds - new frequency is -100
Cbc0014I Cut generator 5 (FlowCover) - 0 row cuts average 0.0 elements, 0 column cuts (0 active)  in 0.002 seconds - new frequency is -100
Cbc0014I Cut generator 6 (TwoMirCuts) - 94 row cuts average 10.3 elements, 0 column cuts (0 active)  in 0.005 seconds - new frequency is -100
Cbc0010I After 0 nodes, 1 on tree, 1e+50 best solution, best possible 2.770437 (0.63 seconds)
Cbc0004I Integer solution of 32 found after 4699 iterations and 120 nodes (0.85 seconds)
Cbc0012I Integer solution of 32 found by heuristic after 4692 iterations and 119 nodes (0.85 seconds)
Cbc0010I After 2857 nodes, 1366 on tree, 32 best solution, best possible 2.770437 (1.33 seconds)
Cbc0010I After 7168 nodes, 3345 on tree, 32 best solution, best possible 2.770437 (2.03 seconds)
Cbc0010I After 11010 nodes, 5139 on tree, 32 best solution, best possible 2.7705718 (2.73 seconds)
Cbc0010I After 13533 nodes, 6361 on tree, 32 best solution, best possible 5 (3.43 seconds)
Cbc0010I After 16486 nodes, 7784 on tree, 32 best solution, best possible 6 (4.13 seconds)
Cbc0010I After 19853 nodes, 9446 on tree, 32 best solution, best possible 6 (4.83 seconds)
Cbc0010I After 23161 nodes, 10839 on tree, 32 best solution, best possible 6 (5.54 seconds)
Cbc0004I Integer solution of 18 found after 106307 iterations and 24062 nodes (5.72 seconds)
Cbc0012I Integer solution of 18 found by heuristic after 106306 iterations and 24061 nodes (5.72 seconds)
Cbc0010I After 26691 nodes, 12509 on tree, 18 best solution, best possible 6 (6.24 seconds)
Cbc0004I Integer solution of 16 found after 122521 iterations and 28009 nodes (6.50 seconds)
Cbc0012I Integer solution of 16 found by heuristic after 122520 iterations and 28008 nodes (6.50 seconds)
Cbc0010I After 30128 nodes, 13310 on tree, 16 best solution, best possible 6 (6.94 seconds)
Cbc0004I Integer solution of 12 found after 141289 iterations and 32471 nodes (7.40 seconds)
Cbc0012I Integer solution of 12 found by heuristic after 141289 iterations and 32470 nodes (7.40 seconds)
Cbc0010I After 33339 nodes, 10500 on tree, 12 best solution, best possible 6.5 (7.64 seconds)
Cbc0010I After 36973 nodes, 11782 on tree, 12 best solution, best possible 6.6666667 (8.34 seconds)
Cbc0010I After 40414 nodes, 13493 on tree, 12 best solution, best possible 7 (9.04 seconds)
Cbc0010I After 44158 nodes, 14924 on tree, 12 best solution, best possible 7 (9.74 seconds)
Cbc0010I After 47815 nodes, 16315 on tree, 12 best solution, best possible 7 (10.44 seconds)
Cbc0010I After 51700 nodes, 17480 on tree, 12 best solution, best possible 7 (11.14 seconds)
Cbc0010I After 55530 nodes, 19093 on tree, 12 best solution, best possible 7 (11.84 seconds)
Cbc0010I After 59453 nodes, 20463 on tree, 12 best solution, best possible 7 (12.54 seconds)
Cbc0010I After 63310 nodes, 22243 on tree, 12 best solution, best possible 7 (13.24 seconds)
Cbc0010I After 67188 nodes, 23572 on tree, 12 best solution, best possible 7 (13.94 seconds)
Cbc0010I After 70874 nodes, 24795 on tree, 12 best solution, best possible 7 (14.64 seconds)
Cbc0010I After 74504 nodes, 26002 on tree, 12 best solution, best possible 7.25 (15.34 seconds)
Cbc0010I After 78139 nodes, 27248 on tree, 12 best solution, best possible 7.5 (16.04 seconds)
Cbc0010I After 81928 nodes, 28673 on tree, 12 best solution, best possible 7.5 (16.74 seconds)
Cbc0010I After 85563 nodes, 29847 on tree, 12 best solution, best possible 7.5 (17.44 seconds)
Cbc0010I After 89160 nodes, 31874 on tree, 12 best solution, best possible 7.6666667 (18.14 seconds)
Cbc0010I After 92916 nodes, 33955 on tree, 12 best solution, best possible 8 (18.84 seconds)
Cbc0010I After 96762 nodes, 34906 on tree, 12 best solution, best possible 8 (19.54 seconds)
Cbc0010I After 100642 nodes, 36325 on tree, 12 best solution, best possible 8 (20.24 seconds)
Cbc0010I After 104316 nodes, 37795 on tree, 12 best solution, best possible 8 (20.94 seconds)
Cbc0010I After 107909 nodes, 38765 on tree, 12 best solution, best possible 8 (21.64 seconds)
Cbc0010I After 111742 nodes, 39840 on tree, 12 best solution, best possible 8 (22.34 seconds)
Cbc0010I After 115484 nodes, 40851 on tree, 12 best solution, best possible 8 (23.04 seconds)
Cbc0010I After 119229 nodes, 41755 on tree, 12 best solution, best possible 8 (23.74 seconds)
Cbc0010I After 123018 nodes, 43333 on tree, 12 best solution, best possible 8 (24.44 seconds)
Cbc0010I After 126836 nodes, 44610 on tree, 12 best solution, best possible 8 (25.15 seconds)
Cbc0010I After 130592 nodes, 45764 on tree, 12 best solution, best possible 8 (25.85 seconds)
Cbc0010I After 134569 nodes, 48399 on tree, 12 best solution, best possible 8 (26.55 seconds)
Cbc0010I After 138334 nodes, 49704 on tree, 12 best solution, best possible 8 (27.25 seconds)
Cbc0010I After 142260 nodes, 50895 on tree, 12 best solution, best possible 8 (27.95 seconds)
Cbc0010I After 146048 nodes, 52174 on tree, 12 best solution, best possible 8 (28.65 seconds)
Cbc0010I After 149749 nodes, 53420 on tree, 12 best solution, best possible 8 (29.35 seconds)
Cbc0010I After 153403 nodes, 54333 on tree, 12 best solution, best possible 8 (30.05 seconds)
Cbc0010I After 157122 nodes, 55274 on tree, 12 best solution, best possible 8 (30.75 seconds)
Cbc0010I After 160850 nodes, 56308 on tree, 12 best solution, best possible 8 (31.45 seconds)
Cbc0010I After 164331 nodes, 57242 on tree, 12 best solution, best possible 8 (32.15 seconds)
Cbc0010I After 168047 nodes, 58762 on tree, 12 best solution, best possible 8 (32.85 seconds)
Cbc0010I After 171744 nodes, 59844 on tree, 12 best solution, best possible 8 (33.55 seconds)
Cbc0010I After 175382 nodes, 61134 on tree, 12 best solution, best possible 8 (34.25 seconds)
Cbc0010I After 179216 nodes, 62509 on tree, 12 best solution, best possible 8 (34.95 seconds)
Cbc0010I After 182907 nodes, 63605 on tree, 12 best solution, best possible 8 (35.65 seconds)
Cbc0010I After 186489 nodes, 64484 on tree, 12 best solution, best possible 8 (36.35 seconds)
Cbc0010I After 190000 nodes, 65542 on tree, 12 best solution, best possible 8 (37.06 seconds)
Cbc0010I After 193595 nodes, 67511 on tree, 12 best solution, best possible 8 (37.76 seconds)
Cbc0010I After 197474 nodes, 69434 on tree, 12 best solution, best possible 8 (38.46 seconds)
Cbc0010I After 202387 nodes, 69342 on tree, 12 best solution, best possible 8 (39.16 seconds)
Cbc0010I After 207385 nodes, 69400 on tree, 12 best solution, best possible 8 (39.86 seconds)
Cbc0010I After 213235 nodes, 69227 on tree, 12 best solution, best possible 8 (40.56 seconds)
Cbc0010I After 218415 nodes, 69292 on tree, 12 best solution, best possible 8 (41.26 seconds)
Cbc0010I After 223627 nodes, 69699 on tree, 12 best solution, best possible 8 (41.96 seconds)
Cbc0010I After 229585 nodes, 69314 on tree, 12 best solution, best possible 8 (42.67 seconds)
Cbc0010I After 234353 nodes, 69253 on tree, 12 best solution, best possible 8 (43.37 seconds)
Cbc0010I After 239859 nodes, 69495 on tree, 12 best solution, best possible 8 (44.07 seconds)
Cbc0010I After 245224 nodes, 69293 on tree, 12 best solution, best possible 8 (44.77 seconds)
Cbc0010I After 250032 nodes, 69052 on tree, 12 best solution, best possible 8 (45.47 seconds)
Cbc0010I After 254302 nodes, 69169 on tree, 12 best solution, best possible 8 (46.17 seconds)
Cbc0010I After 259593 nodes, 69387 on tree, 12 best solution, best possible 8 (46.87 seconds)
Cbc0010I After 265370 nodes, 69259 on tree, 12 best solution, best possible 8 (47.57 seconds)
Cbc0010I After 269668 nodes, 69206 on tree, 12 best solution, best possible 8 (48.27 seconds)
Cbc0010I After 274000 nodes, 69090 on tree, 12 best solution, best possible 8 (48.98 seconds)
Cbc0010I After 277872 nodes, 69460 on tree, 12 best solution, best possible 8 (49.68 seconds)
Cbc0010I After 283257 nodes, 69426 on tree, 12 best solution, best possible 8.15 (50.38 seconds)
Cbc0010I After 288756 nodes, 69385 on tree, 12 best solution, best possible 8.15 (51.08 seconds)
Cbc0010I After 293453 nodes, 69154 on tree, 12 best solution, best possible 8.3333333 (51.78 seconds)
Cbc0010I After 297441 nodes, 69170 on tree, 12 best solution, best possible 8.3333333 (52.48 seconds)
Cbc0010I After 301446 nodes, 69211 on tree, 12 best solution, best possible 8.5 (53.18 seconds)
Cbc0010I After 305232 nodes, 69294 on tree, 12 best solution, best possible 8.5 (53.88 seconds)
Cbc0010I After 309815 nodes, 69406 on tree, 12 best solution, best possible 8.5 (54.58 seconds)
Cbc0010I After 315131 nodes, 69407 on tree, 12 best solution, best possible 8.5 (55.28 seconds)
Cbc0010I After 320362 nodes, 69407 on tree, 12 best solution, best possible 8.5 (55.98 seconds)
Cbc0010I After 325400 nodes, 69377 on tree, 12 best solution, best possible 8.5 (56.68 seconds)
Cbc0010I After 330105 nodes, 69170 on tree, 12 best solution, best possible 8.5 (57.39 seconds)
Cbc0010I After 333468 nodes, 69306 on tree, 12 best solution, best possible 8.5 (58.09 seconds)
Cbc0010I After 337437 nodes, 69103 on tree, 12 best solution, best possible 8.5 (58.79 seconds)
Cbc0010I After 340939 nodes, 69053 on tree, 12 best solution, best possible 8.5 (59.49 seconds)
Cbc0010I After 344780 nodes, 69071 on tree, 12 best solution, best possible 8.5 (60.19 seconds)
Cbc0010I After 348488 nodes, 69153 on tree, 12 best solution, best possible 8.5 (60.89 seconds)
Cbc0010I After 351521 nodes, 69004 on tree, 12 best solution, best possible 8.5 (61.59 seconds)
Cbc0010I After 354547 nodes, 69240 on tree, 12 best solution, best possible 8.5 (62.29 seconds)
Cbc0010I After 357861 nodes, 69133 on tree, 12 best solution, best possible 8.5 (62.99 seconds)
Cbc0010I After 360751 nodes, 69069 on tree, 12 best solution, best possible 8.5 (63.69 seconds)
Cbc0010I After 363761 nodes, 69434 on tree, 12 best solution, best possible 8.6666667 (64.39 seconds)
Cbc0010I After 367148 nodes, 69478 on tree, 12 best solution, best possible 8.6666667 (65.09 seconds)
Cbc0010I After 371452 nodes, 69346 on tree, 12 best solution, best possible 8.6666667 (65.79 seconds)
Cbc0010I After 375790 nodes, 69344 on tree, 12 best solution, best possible 8.6666667 (66.49 seconds)
Cbc0010I After 379989 nodes, 69344 on tree, 12 best solution, best possible 8.6666667 (67.19 seconds)
Cbc0010I After 384109 nodes, 69344 on tree, 12 best solution, best possible 8.6666667 (67.90 seconds)
Cbc0010I After 388129 nodes, 69245 on tree, 12 best solution, best possible 8.6666667 (68.60 seconds)
Cbc0010I After 390654 nodes, 69333 on tree, 12 best solution, best possible 8.7777778 (69.30 seconds)
Cbc0010I After 393403 nodes, 69267 on tree, 12 best solution, best possible 9 (70.00 seconds)
Cbc0010I After 396592 nodes, 69060 on tree, 12 best solution, best possible 9 (70.70 seconds)
Cbc0010I After 399250 nodes, 69258 on tree, 12 best solution, best possible 9 (71.40 seconds)
Cbc0010I After 401901 nodes, 69357 on tree, 12 best solution, best possible 9 (72.10 seconds)
Cbc0010I After 404765 nodes, 69140 on tree, 12 best solution, best possible 9 (72.80 seconds)
Cbc0010I After 406820 nodes, 69268 on tree, 12 best solution, best possible 9 (73.50 seconds)
Cbc0010I After 409423 nodes, 69268 on tree, 12 best solution, best possible 9 (74.20 seconds)
Cbc0010I After 411802 nodes, 69310 on tree, 12 best solution, best possible 9 (74.90 seconds)
Cbc0010I After 414059 nodes, 69776 on tree, 12 best solution, best possible 9 (75.60 seconds)
Cbc0010I After 417503 nodes, 69465 on tree, 12 best solution, best possible 9 (76.30 seconds)
Cbc0010I After 420735 nodes, 69614 on tree, 12 best solution, best possible 9 (77.01 seconds)
Cbc0010I After 424548 nodes, 69404 on tree, 12 best solution, best possible 9 (77.71 seconds)
Cbc0010I After 428368 nodes, 69405 on tree, 12 best solution, best possible 9 (78.41 seconds)
Cbc0010I After 432155 nodes, 69406 on tree, 12 best solution, best possible 9 (79.11 seconds)
Cbc0010I After 435809 nodes, 69406 on tree, 12 best solution, best possible 9 (79.81 seconds)
Cbc0010I After 439458 nodes, 69405 on tree, 12 best solution, best possible 9 (80.51 seconds)
Cbc0010I After 443058 nodes, 68844 on tree, 12 best solution, best possible 9 (81.21 seconds)
Cbc0010I After 445656 nodes, 69041 on tree, 12 best solution, best possible 9 (81.91 seconds)
Cbc0010I After 448294 nodes, 68943 on tree, 12 best solution, best possible 9 (82.61 seconds)
Cbc0010I After 450679 nodes, 69061 on tree, 12 best solution, best possible 9 (83.31 seconds)
Cbc0010I After 453180 nodes, 69121 on tree, 12 best solution, best possible 9 (84.01 seconds)
Cbc0010I After 455476 nodes, 69204 on tree, 12 best solution, best possible 9 (84.71 seconds)
Cbc0010I After 457708 nodes, 69300 on tree, 12 best solution, best possible 9 (85.41 seconds)
Cbc0010I After 459915 nodes, 69340 on tree, 12 best solution, best possible 9 (86.12 seconds)
Cbc0010I After 462205 nodes, 69772 on tree, 12 best solution, best possible 9 (86.82 seconds)
Cbc0010I After 465471 nodes, 69387 on tree, 12 best solution, best possible 9 (87.52 seconds)
Cbc0010I After 468485 nodes, 69479 on tree, 12 best solution, best possible 9 (88.22 seconds)
Cbc0010I After 470895 nodes, 69957 on tree, 12 best solution, best possible 9 (88.92 seconds)
Cbc0010I After 474354 nodes, 69852 on tree, 12 best solution, best possible 9 (89.62 seconds)
Cbc0010I After 477689 nodes, 69850 on tree, 12 best solution, best possible 9 (90.32 seconds)
Cbc0010I After 481109 nodes, 69850 on tree, 12 best solution, best possible 9 (91.02 seconds)
Cbc0010I After 484538 nodes, 69853 on tree, 12 best solution, best possible 9 (91.72 seconds)
Cbc0010I After 487906 nodes, 69852 on tree, 12 best solution, best possible 9 (92.42 seconds)
Cbc0010I After 491066 nodes, 69849 on tree, 12 best solution, best possible 9 (93.12 seconds)
Cbc0010I After 494444 nodes, 69746 on tree, 12 best solution, best possible 9 (93.82 seconds)
Cbc0010I After 497401 nodes, 69178 on tree, 12 best solution, best possible 9 (94.52 seconds)
Cbc0010I After 499725 nodes, 69800 on tree, 12 best solution, best possible 9 (95.23 seconds)
Cbc0010I After 503181 nodes, 69163 on tree, 12 best solution, best possible 9 (95.93 seconds)
Cbc0010I After 505806 nodes, 69460 on tree, 12 best solution, best possible 9 (96.63 seconds)
Cbc0010I After 508192 nodes, 69969 on tree, 12 best solution, best possible 9 (97.33 seconds)
Cbc0010I After 511505 nodes, 69550 on tree, 12 best solution, best possible 9 (98.03 seconds)
Cbc0010I After 514568 nodes, 69489 on tree, 12 best solution, best possible 9 (98.73 seconds)
Cbc0010I After 518034 nodes, 69202 on tree, 12 best solution, best possible 9 (99.43 seconds)
Cbc0010I After 520459 nodes, 69854 on tree, 12 best solution, best possible 9 (100.13 seconds)
Cbc0010I After 523976 nodes, 69855 on tree, 12 best solution, best possible 9 (100.83 seconds)
Cbc0010I After 527240 nodes, 69854 on tree, 12 best solution, best possible 9 (101.53 seconds)
Cbc0010I After 530592 nodes, 69853 on tree, 12 best solution, best possible 9 (102.23 seconds)
Cbc0010I After 533953 nodes, 69854 on tree, 12 best solution, best possible 9 (102.93 seconds)
Cbc0010I After 537124 nodes, 69854 on tree, 12 best solution, best possible 9 (103.64 seconds)
Cbc0010I After 540131 nodes, 69854 on tree, 12 best solution, best possible 9 (104.34 seconds)
Cbc0010I After 543159 nodes, 69780 on tree, 12 best solution, best possible 9 (105.04 seconds)
Cbc0010I After 546382 nodes, 69629 on tree, 12 best solution, best possible 9 (105.74 seconds)
Cbc0010I After 549739 nodes, 69452 on tree, 12 best solution, best possible 9 (106.44 seconds)
Cbc0010I After 552705 nodes, 69012 on tree, 12 best solution, best possible 9 (107.14 seconds)
Cbc0010I After 554817 nodes, 69572 on tree, 12 best solution, best possible 9 (107.84 seconds)
Cbc0010I After 557539 nodes, 69156 on tree, 12 best solution, best possible 9 (108.54 seconds)
Cbc0010I After 559485 nodes, 69356 on tree, 12 best solution, best possible 9 (109.24 seconds)
Cbc0010I After 561985 nodes, 69266 on tree, 12 best solution, best possible 9 (109.94 seconds)
Cbc0010I After 564458 nodes, 69239 on tree, 12 best solution, best possible 9 (110.64 seconds)
Cbc0010I After 566983 nodes, 69084 on tree, 12 best solution, best possible 9 (111.34 seconds)
Cbc0010I After 569227 nodes, 69204 on tree, 12 best solution, best possible 9 (112.04 seconds)
Cbc0010I After 571952 nodes, 68896 on tree, 12 best solution, best possible 9 (112.75 seconds)
Cbc0010I After 573932 nodes, 69202 on tree, 12 best solution, best possible 9 (113.45 seconds)
Cbc0010I After 576236 nodes, 69218 on tree, 12 best solution, best possible 9 (114.15 seconds)
Cbc0010I After 578652 nodes, 69236 on tree, 12 best solution, best possible 9 (114.85 seconds)
Cbc0010I After 581000 nodes, 69195 on tree, 12 best solution, best possible 9 (115.55 seconds)
Cbc0010I After 583601 nodes, 69197 on tree, 12 best solution, best possible 9 (116.26 seconds)
Cbc0010I After 586160 nodes, 69177 on tree, 12 best solution, best possible 9 (116.96 seconds)
Cbc0010I After 588815 nodes, 69295 on tree, 12 best solution, best possible 9 (117.66 seconds)
Cbc0010I After 591842 nodes, 69295 on tree, 12 best solution, best possible 9 (118.36 seconds)
Cbc0010I After 594650 nodes, 69220 on tree, 12 best solution, best possible 9 (119.06 seconds)
Cbc0010I After 597022 nodes, 69275 on tree, 12 best solution, best possible 9 (119.76 seconds)
Cbc0010I After 599252 nodes, 69301 on tree, 12 best solution, best possible 9 (120.46 seconds)
Cbc0010I After 601703 nodes, 69253 on tree, 12 best solution, best possible 9 (121.16 seconds)
Cbc0010I After 603899 nodes, 69430 on tree, 12 best solution, best possible 9 (121.86 seconds)
Cbc0010I After 607650 nodes, 69434 on tree, 12 best solution, best possible 9 (122.56 seconds)
Cbc0010I After 611130 nodes, 69432 on tree, 12 best solution, best possible 9 (123.26 seconds)
Cbc0010I After 614579 nodes, 69431 on tree, 12 best solution, best possible 9 (123.96 seconds)
Cbc0010I After 617968 nodes, 69435 on tree, 12 best solution, best possible 9 (124.66 seconds)
Cbc0010I After 621325 nodes, 69433 on tree, 12 best solution, best possible 9 (125.36 seconds)
Cbc0010I After 624719 nodes, 69431 on tree, 12 best solution, best possible 9 (126.07 seconds)
Cbc0010I After 628010 nodes, 69432 on tree, 12 best solution, best possible 9 (126.77 seconds)
Cbc0010I After 631233 nodes, 69341 on tree, 12 best solution, best possible 9 (127.47 seconds)
Cbc0010I After 634550 nodes, 69234 on tree, 12 best solution, best possible 9 (128.17 seconds)
Cbc0010I After 636992 nodes, 69335 on tree, 12 best solution, best possible 9 (128.87 seconds)
Cbc0010I After 639545 nodes, 69326 on tree, 12 best solution, best possible 9 (129.57 seconds)
Cbc0010I After 641728 nodes, 69388 on tree, 12 best solution, best possible 9 (130.27 seconds)
Cbc0010I After 644590 nodes, 68960 on tree, 12 best solution, best possible 9 (130.97 seconds)
Cbc0010I After 646535 nodes, 69204 on tree, 12 best solution, best possible 9 (131.67 seconds)
Cbc0010I After 648871 nodes, 69245 on tree, 12 best solution, best possible 9 (132.37 seconds)
Cbc0010I After 651391 nodes, 69166 on tree, 12 best solution, best possible 9 (133.07 seconds)
Cbc0010I After 653534 nodes, 69323 on tree, 12 best solution, best possible 9 (133.77 seconds)
Cbc0010I After 656241 nodes, 69052 on tree, 12 best solution, best possible 9 (134.47 seconds)
Cbc0010I After 658440 nodes, 69070 on tree, 12 best solution, best possible 9 (135.17 seconds)
Cbc0010I After 660036 nodes, 69488 on tree, 12 best solution, best possible 9 (135.88 seconds)
Cbc0010I After 663248 nodes, 69115 on tree, 12 best solution, best possible 9 (136.58 seconds)
Cbc0010I After 665307 nodes, 69230 on tree, 12 best solution, best possible 9 (137.28 seconds)
Cbc0010I After 667920 nodes, 68940 on tree, 12 best solution, best possible 9 (137.98 seconds)
Cbc0010I After 669716 nodes, 69232 on tree, 12 best solution, best possible 9 (138.68 seconds)
Cbc0010I After 671686 nodes, 69278 on tree, 12 best solution, best possible 9 (139.38 seconds)
Cbc0010I After 673696 nodes, 69507 on tree, 12 best solution, best possible 9 (140.08 seconds)
Cbc0010I After 676980 nodes, 68976 on tree, 12 best solution, best possible 9 (140.78 seconds)
Cbc0010I After 679425 nodes, 69419 on tree, 12 best solution, best possible 9 (141.48 seconds)
Cbc0010I After 681894 nodes, 69729 on tree, 12 best solution, best possible 9 (142.18 seconds)
Cbc0010I After 685113 nodes, 69724 on tree, 12 best solution, best possible 9 (142.88 seconds)
Cbc0010I After 688510 nodes, 69448 on tree, 12 best solution, best possible 9 (143.58 seconds)
Cbc0010I After 690833 nodes, 69618 on tree, 12 best solution, best possible 9 (144.29 seconds)
Cbc0010I After 694033 nodes, 69471 on tree, 12 best solution, best possible 9 (144.99 seconds)
Cbc0010I After 697498 nodes, 69471 on tree, 12 best solution, best possible 9 (145.69 seconds)
Cbc0010I After 700889 nodes, 69471 on tree, 12 best solution, best possible 9 (146.39 seconds)
Cbc0010I After 704326 nodes, 69472 on tree, 12 best solution, best possible 9 (147.09 seconds)
Cbc0010I After 707678 nodes, 69472 on tree, 12 best solution, best possible 9 (147.79 seconds)
Cbc0010I After 710841 nodes, 69471 on tree, 12 best solution, best possible 9 (148.49 seconds)
Cbc0010I After 713930 nodes, 69472 on tree, 12 best solution, best possible 9 (149.19 seconds)
Cbc0010I After 717209 nodes, 69472 on tree, 12 best solution, best possible 9 (149.89 seconds)
Cbc0010I After 720418 nodes, 69471 on tree, 12 best solution, best possible 9 (150.59 seconds)
Cbc0010I After 723707 nodes, 69398 on tree, 12 best solution, best possible 9 (151.29 seconds)
Cbc0010I After 726436 nodes, 69199 on tree, 12 best solution, best possible 9 (151.99 seconds)
Cbc0010I After 729004 nodes, 68723 on tree, 12 best solution, best possible 9 (152.69 seconds)
Cbc0010I After 730836 nodes, 69141 on tree, 12 best solution, best possible 9 (153.40 seconds)
Cbc0010I After 733363 nodes, 68995 on tree, 12 best solution, best possible 9 (154.10 seconds)
Cbc0010I After 735417 nodes, 69184 on tree, 12 best solution, best possible 9 (154.80 seconds)
Cbc0010I After 738045 nodes, 69140 on tree, 12 best solution, best possible 9 (155.50 seconds)
Cbc0010I After 740403 nodes, 69087 on tree, 12 best solution, best possible 9 (156.20 seconds)
Cbc0010I After 742181 nodes, 69218 on tree, 12 best solution, best possible 9 (156.90 seconds)
Cbc0010I After 744523 nodes, 69280 on tree, 12 best solution, best possible 9 (157.60 seconds)
Cbc0010I After 747045 nodes, 69706 on tree, 12 best solution, best possible 9 (158.30 seconds)
Cbc0010I After 749783 nodes, 69792 on tree, 12 best solution, best possible 9 (159.00 seconds)
Cbc0010I After 753105 nodes, 69195 on tree, 12 best solution, best possible 9 (159.70 seconds)
Cbc0010I After 755729 nodes, 69438 on tree, 12 best solution, best possible 9 (160.40 seconds)
Cbc0010I After 758209 nodes, 69769 on tree, 12 best solution, best possible 9 (161.10 seconds)
Cbc0010I After 761420 nodes, 69286 on tree, 12 best solution, best possible 9 (161.81 seconds)
Cbc0010I After 764276 nodes, 69498 on tree, 12 best solution, best possible 9 (162.51 seconds)
Cbc0010I After 767311 nodes, 69499 on tree, 12 best solution, best possible 9 (163.21 seconds)
Cbc0010I After 769798 nodes, 69607 on tree, 12 best solution, best possible 9 (163.91 seconds)
Cbc0010I After 772849 nodes, 69460 on tree, 12 best solution, best possible 9 (164.61 seconds)
Cbc0010I After 776123 nodes, 69390 on tree, 12 best solution, best possible 9 (165.31 seconds)
Cbc0010I After 779269 nodes, 69392 on tree, 12 best solution, best possible 9 (166.01 seconds)
Cbc0010I After 782239 nodes, 69392 on tree, 12 best solution, best possible 9 (166.71 seconds)
Cbc0010I After 785253 nodes, 69390 on tree, 12 best solution, best possible 9 (167.41 seconds)
Cbc0010I After 788013 nodes, 69392 on tree, 12 best solution, best possible 9 (168.11 seconds)
Cbc0010I After 790735 nodes, 69391 on tree, 12 best solution, best possible 9 (168.81 seconds)
Cbc0010I After 793452 nodes, 69390 on tree, 12 best solution, best possible 9 (169.52 seconds)
Cbc0010I After 796275 nodes, 69391 on tree, 12 best solution, best possible 9 (170.22 seconds)
Cbc0010I After 799026 nodes, 69391 on tree, 12 best solution, best possible 9 (170.92 seconds)
Cbc0010I After 802085 nodes, 69239 on tree, 12 best solution, best possible 9 (171.62 seconds)
Cbc0010I After 804881 nodes, 69147 on tree, 12 best solution, best possible 9 (172.32 seconds)
Cbc0010I After 806506 nodes, 69234 on tree, 12 best solution, best possible 9 (173.02 seconds)
Cbc0010I After 809360 nodes, 69192 on tree, 12 best solution, best possible 9 (173.72 seconds)
Cbc0010I After 811713 nodes, 69345 on tree, 12 best solution, best possible 9 (174.42 seconds)
Cbc0010I After 814051 nodes, 69194 on tree, 12 best solution, best possible 9 (175.12 seconds)
Cbc0010I After 816586 nodes, 68875 on tree, 12 best solution, best possible 9 (175.82 seconds)
Cbc0010I After 818555 nodes, 68950 on tree, 12 best solution, best possible 9 (176.53 seconds)
Cbc0010I After 820733 nodes, 69241 on tree, 12 best solution, best possible 9 (177.23 seconds)
Cbc0010I After 823007 nodes, 68977 on tree, 12 best solution, best possible 9 (177.93 seconds)
Cbc0010I After 825273 nodes, 69239 on tree, 12 best solution, best possible 9 (178.63 seconds)
Cbc0010I After 827665 nodes, 69273 on tree, 12 best solution, best possible 9 (179.33 seconds)
Cbc0010I After 830123 nodes, 69268 on tree, 12 best solution, best possible 9 (180.03 seconds)
Cbc0010I After 832472 nodes, 69476 on tree, 12 best solution, best possible 9 (180.73 seconds)
Cbc0010I After 834923 nodes, 69459 on tree, 12 best solution, best possible 9 (181.43 seconds)
Cbc0010I After 837567 nodes, 69168 on tree, 12 best solution, best possible 9 (182.13 seconds)
Cbc0010I After 839735 nodes, 69292 on tree, 12 best solution, best possible 9 (182.83 seconds)
Cbc0010I After 842424 nodes, 69051 on tree, 12 best solution, best possible 9 (183.53 seconds)
Cbc0010I After 843839 nodes, 69391 on tree, 12 best solution, best possible 9 (184.23 seconds)
Cbc0010I After 846397 nodes, 69163 on tree, 12 best solution, best possible 9 (184.94 seconds)
Cbc0010I After 848820 nodes, 69109 on tree, 12 best solution, best possible 9 (185.64 seconds)
Cbc0010I After 851417 nodes, 69423 on tree, 12 best solution, best possible 9 (186.34 seconds)
Cbc0010I After 853994 nodes, 69665 on tree, 12 best solution, best possible 9 (187.04 seconds)
Cbc0010I After 857316 nodes, 69169 on tree, 12 best solution, best possible 9 (187.74 seconds)
Cbc0010I After 859432 nodes, 69238 on tree, 12 best solution, best possible 9 (188.44 seconds)
Cbc0010I After 861783 nodes, 69249 on tree, 12 best solution, best possible 9 (189.14 seconds)
Cbc0010I After 863983 nodes, 69345 on tree, 12 best solution, best possible 9 (189.84 seconds)
Cbc0010I After 866403 nodes, 69296 on tree, 12 best solution, best possible 9 (190.54 seconds)
Cbc0010I After 869553 nodes, 69205 on tree, 12 best solution, best possible 9 (191.24 seconds)
Cbc0010I After 872636 nodes, 69154 on tree, 12 best solution, best possible 9 (191.94 seconds)
Cbc0010I After 875022 nodes, 69046 on tree, 12 best solution, best possible 9 (192.64 seconds)
Cbc0010I After 877281 nodes, 69374 on tree, 12 best solution, best possible 9 (193.34 seconds)
Cbc0010I After 879312 nodes, 69744 on tree, 12 best solution, best possible 9 (194.04 seconds)
Cbc0010I After 882619 nodes, 69425 on tree, 12 best solution, best possible 9 (194.75 seconds)
Cbc0010I After 885733 nodes, 69427 on tree, 12 best solution, best possible 9 (195.45 seconds)
Cbc0010I After 889024 nodes, 69424 on tree, 12 best solution, best possible 9 (196.15 seconds)
Cbc0010I After 891971 nodes, 69424 on tree, 12 best solution, best possible 9 (196.85 seconds)
Cbc0010I After 894900 nodes, 69424 on tree, 12 best solution, best possible 9 (197.55 seconds)
Cbc0010I After 897800 nodes, 69425 on tree, 12 best solution, best possible 9 (198.25 seconds)
Cbc0010I After 900647 nodes, 69426 on tree, 12 best solution, best possible 9 (198.95 seconds)
Cbc0010I After 903482 nodes, 69425 on tree, 12 best solution, best possible 9 (199.65 seconds)
Cbc0010I After 906321 nodes, 69427 on tree, 12 best solution, best possible 9 (200.35 seconds)
Cbc0010I After 909252 nodes, 69426 on tree, 12 best solution, best possible 9 (201.05 seconds)
Cbc0010I After 912162 nodes, 69425 on tree, 12 best solution, best possible 9 (201.75 seconds)
Cbc0010I After 915210 nodes, 69425 on tree, 12 best solution, best possible 9 (202.45 seconds)
Cbc0010I After 917753 nodes, 69640 on tree, 12 best solution, best possible 9 (203.16 seconds)
Cbc0010I After 920624 nodes, 69566 on tree, 12 best solution, best possible 9 (203.86 seconds)
Cbc0010I After 923274 nodes, 68968 on tree, 12 best solution, best possible 9 (204.56 seconds)
Cbc0010I After 925378 nodes, 69127 on tree, 12 best solution, best possible 9 (205.26 seconds)
Cbc0010I After 928087 nodes, 68933 on tree, 12 best solution, best possible 9 (205.96 seconds)
Cbc0010I After 930016 nodes, 68985 on tree, 12 best solution, best possible 9 (206.66 seconds)
Cbc0010I After 931869 nodes, 69154 on tree, 12 best solution, best possible 9 (207.36 seconds)
Cbc0010I After 934136 nodes, 69092 on tree, 12 best solution, best possible 9 (208.06 seconds)
Cbc0010I After 936000 nodes, 69244 on tree, 12 best solution, best possible 9 (208.76 seconds)
Cbc0010I After 938753 nodes, 69141 on tree, 12 best solution, best possible 9 (209.47 seconds)
Cbc0010I After 941105 nodes, 68984 on tree, 12 best solution, best possible 9 (210.17 seconds)
Cbc0010I After 943350 nodes, 69135 on tree, 12 best solution, best possible 9 (210.87 seconds)
Cbc0010I After 945430 nodes, 69279 on tree, 12 best solution, best possible 9 (211.57 seconds)
Cbc0010I After 948212 nodes, 68991 on tree, 12 best solution, best possible 9 (212.27 seconds)
Cbc0010I After 950227 nodes, 69061 on tree, 12 best solution, best possible 9 (212.97 seconds)
Cbc0010I After 953033 nodes, 68738 on tree, 12 best solution, best possible 9 (213.67 seconds)
Cbc0010I After 954485 nodes, 69335 on tree, 12 best solution, best possible 9 (214.37 seconds)
Cbc0010I After 957176 nodes, 69305 on tree, 12 best solution, best possible 9 (215.07 seconds)
Cbc0010I After 959663 nodes, 69225 on tree, 12 best solution, best possible 9 (215.77 seconds)
Cbc0010I After 962073 nodes, 69174 on tree, 12 best solution, best possible 9 (216.47 seconds)
Cbc0010I After 964434 nodes, 69531 on tree, 12 best solution, best possible 9 (217.17 seconds)
Cbc0010I After 966810 nodes, 69769 on tree, 12 best solution, best possible 9 (217.87 seconds)
Cbc0010I After 969930 nodes, 69201 on tree, 12 best solution, best possible 9 (218.58 seconds)
Cbc0010I After 971894 nodes, 69698 on tree, 12 best solution, best possible 9 (219.28 seconds)
Cbc0010I After 974562 nodes, 69561 on tree, 12 best solution, best possible 9 (219.98 seconds)
Cbc0010I After 977418 nodes, 69296 on tree, 12 best solution, best possible 9 (220.68 seconds)
Cbc0010I After 979425 nodes, 69788 on tree, 12 best solution, best possible 9 (221.38 seconds)
Cbc0010I After 982434 nodes, 69773 on tree, 12 best solution, best possible 9 (222.08 seconds)
Cbc0010I After 985473 nodes, 69746 on tree, 12 best solution, best possible 9 (222.78 seconds)
Cbc0010I After 988950 nodes, 68527 on tree, 12 best solution, best possible 9 (223.48 seconds)
Cbc0010I After 990512 nodes, 69304 on tree, 12 best solution, best possible 9 (224.18 seconds)
Cbc0010I After 993123 nodes, 69169 on tree, 12 best solution, best possible 9 (224.88 seconds)
Cbc0010I After 995281 nodes, 69363 on tree, 12 best solution, best possible 9 (225.58 seconds)
Cbc0010I After 997659 nodes, 69698 on tree, 12 best solution, best possible 9 (226.28 seconds)
Cbc0010I After 1001063 nodes, 69579 on tree, 12 best solution, best possible 9 (226.98 seconds)
Cbc0010I After 1004632 nodes, 69579 on tree, 12 best solution, best possible 9 (227.69 seconds)
Cbc0010I After 1007530 nodes, 69580 on tree, 12 best solution, best possible 9 (228.39 seconds)
Cbc0010I After 1010433 nodes, 69580 on tree, 12 best solution, best possible 9 (229.09 seconds)
Cbc0010I After 1013479 nodes, 69580 on tree, 12 best solution, best possible 9 (229.79 seconds)
Cbc0010I After 1016592 nodes, 69580 on tree, 12 best solution, best possible 9 (230.49 seconds)
Cbc0010I After 1019790 nodes, 69583 on tree, 12 best solution, best possible 9 (231.19 seconds)
Cbc0010I After 1023064 nodes, 69583 on tree, 12 best solution, best possible 9 (231.89 seconds)
Cbc0010I After 1026345 nodes, 69579 on tree, 12 best solution, best possible 9 (232.59 seconds)
Cbc0010I After 1029769 nodes, 69564 on tree, 12 best solution, best possible 9 (233.29 seconds)
Cbc0010I After 1032971 nodes, 69259 on tree, 12 best solution, best possible 9 (233.99 seconds)
Cbc0010I After 1034935 nodes, 69839 on tree, 12 best solution, best possible 9 (234.69 seconds)
Cbc0010I After 1037984 nodes, 69578 on tree, 12 best solution, best possible 9 (235.39 seconds)
Cbc0010I After 1041064 nodes, 69087 on tree, 12 best solution, best possible 9 (236.09 seconds)
Cbc0010I After 1043170 nodes, 68971 on tree, 12 best solution, best possible 9 (236.79 seconds)
Cbc0010I After 1045275 nodes, 68774 on tree, 12 best solution, best possible 9 (237.50 seconds)
Cbc0010I After 1046913 nodes, 69203 on tree, 12 best solution, best possible 9 (238.20 seconds)
Cbc0010I After 1049517 nodes, 68719 on tree, 12 best solution, best possible 9 (238.90 seconds)
Cbc0010I After 1051177 nodes, 69104 on tree, 12 best solution, best possible 9 (239.60 seconds)
Cbc0010I After 1053406 nodes, 69159 on tree, 12 best solution, best possible 9 (240.30 seconds)
Cbc0010I After 1055996 nodes, 68702 on tree, 12 best solution, best possible 9 (241.00 seconds)
Cbc0010I After 1057842 nodes, 68877 on tree, 12 best solution, best possible 9 (241.70 seconds)
Cbc0010I After 1060003 nodes, 69084 on tree, 12 best solution, best possible 9 (242.40 seconds)
Cbc0010I After 1061853 nodes, 69219 on tree, 12 best solution, best possible 9 (243.10 seconds)
Cbc0010I After 1064039 nodes, 69325 on tree, 12 best solution, best possible 9 (243.80 seconds)
Cbc0010I After 1065893 nodes, 69480 on tree, 12 best solution, best possible 9 (244.50 seconds)
Cbc0010I After 1068860 nodes, 68768 on tree, 12 best solution, best possible 9 (245.20 seconds)
Cbc0010I After 1070179 nodes, 69198 on tree, 12 best solution, best possible 9.3333333 (245.91 seconds)
Cbc0010I After 1072863 nodes, 69004 on tree, 12 best solution, best possible 9.3333333 (246.61 seconds)
Cbc0010I After 1074899 nodes, 69116 on tree, 12 best solution, best possible 9.5 (247.31 seconds)
Cbc0010I After 1077193 nodes, 69156 on tree, 12 best solution, best possible 9.5 (248.01 seconds)
Cbc0010I After 1079666 nodes, 69162 on tree, 12 best solution, best possible 9.5 (248.71 seconds)
Cbc0010I After 1081899 nodes, 69115 on tree, 12 best solution, best possible 9.5 (249.41 seconds)
Cbc0010I After 1084248 nodes, 69107 on tree, 12 best solution, best possible 9.5 (250.11 seconds)
Cbc0010I After 1086639 nodes, 69145 on tree, 12 best solution, best possible 9.5 (250.81 seconds)
Cbc0010I After 1089046 nodes, 69097 on tree, 12 best solution, best possible 9.5 (251.51 seconds)
Cbc0010I After 1091424 nodes, 69184 on tree, 12 best solution, best possible 9.5 (252.21 seconds)
Cbc0010I After 1093713 nodes, 69086 on tree, 12 best solution, best possible 9.5 (252.92 seconds)
Cbc0010I After 1095770 nodes, 69177 on tree, 12 best solution, best possible 9.6 (253.62 seconds)
Cbc0010I After 1097860 nodes, 69345 on tree, 12 best solution, best possible 9.6666667 (254.32 seconds)
Cbc0010I After 1100847 nodes, 68837 on tree, 12 best solution, best possible 9.6666667 (255.02 seconds)
Cbc0010I After 1102262 nodes, 69182 on tree, 12 best solution, best possible 9.8 (255.72 seconds)
Cbc0010I After 1104860 nodes, 68833 on tree, 12 best solution, best possible 9.8 (256.42 seconds)
Cbc0010I After 1106679 nodes, 69089 on tree, 12 best solution, best possible 10 (257.12 seconds)
Cbc0010I After 1108925 nodes, 69181 on tree, 12 best solution, best possible 10 (257.82 seconds)
Cbc0010I After 1111208 nodes, 69219 on tree, 12 best solution, best possible 10 (258.52 seconds)
Cbc0010I After 1113403 nodes, 69281 on tree, 12 best solution, best possible 10 (259.22 seconds)
Cbc0010I After 1116237 nodes, 68921 on tree, 12 best solution, best possible 10 (259.92 seconds)
Cbc0010I After 1118320 nodes, 69105 on tree, 12 best solution, best possible 10 (260.63 seconds)
Cbc0010I After 1120866 nodes, 68869 on tree, 12 best solution, best possible 10 (261.33 seconds)
Cbc0010I After 1122800 nodes, 69099 on tree, 12 best solution, best possible 10 (262.03 seconds)
Cbc0010I After 1125209 nodes, 69089 on tree, 12 best solution, best possible 10 (262.73 seconds)
Cbc0010I After 1127438 nodes, 69035 on tree, 12 best solution, best possible 10 (263.43 seconds)
Cbc0010I After 1129730 nodes, 68909 on tree, 12 best solution, best possible 10 (264.13 seconds)
Cbc0010I After 1131592 nodes, 69176 on tree, 12 best solution, best possible 10 (264.83 seconds)
Cbc0010I After 1133765 nodes, 69642 on tree, 12 best solution, best possible 10 (265.53 seconds)
Cbc0010I After 1137009 nodes, 68852 on tree, 12 best solution, best possible 10 (266.23 seconds)
Cbc0010I After 1139191 nodes, 69118 on tree, 12 best solution, best possible 10 (266.93 seconds)
Cbc0010I After 1141591 nodes, 69077 on tree, 12 best solution, best possible 10 (267.63 seconds)
Cbc0010I After 1144244 nodes, 69316 on tree, 12 best solution, best possible 10 (268.33 seconds)
Cbc0010I After 1147948 nodes, 69092 on tree, 12 best solution, best possible 10 (269.03 seconds)
Cbc0010I After 1149863 nodes, 69364 on tree, 12 best solution, best possible 10 (269.74 seconds)
Cbc0010I After 1153151 nodes, 68540 on tree, 12 best solution, best possible 10 (270.44 seconds)
Cbc0010I After 1154629 nodes, 69406 on tree, 12 best solution, best possible 10 (271.14 seconds)
Cbc0010I After 1157350 nodes, 68887 on tree, 12 best solution, best possible 10 (271.84 seconds)
Cbc0010I After 1159187 nodes, 69145 on tree, 12 best solution, best possible 10 (272.54 seconds)
Cbc0010I After 1161525 nodes, 69010 on tree, 12 best solution, best possible 10 (273.24 seconds)
Cbc0010I After 1163381 nodes, 69056 on tree, 12 best solution, best possible 10 (273.94 seconds)
Cbc0010I After 1165686 nodes, 68849 on tree, 12 best solution, best possible 10 (274.64 seconds)
Cbc0010I After 1167536 nodes, 68990 on tree, 12 best solution, best possible 10 (275.34 seconds)
Cbc0010I After 1169802 nodes, 68790 on tree, 12 best solution, best possible 10 (276.04 seconds)
Cbc0010I After 1171668 nodes, 69027 on tree, 12 best solution, best possible 10 (276.74 seconds)
Cbc0010I After 1173984 nodes, 68869 on tree, 12 best solution, best possible 10 (277.44 seconds)
Cbc0010I After 1176432 nodes, 69061 on tree, 12 best solution, best possible 10 (278.15 seconds)
Cbc0010I After 1178961 nodes, 69687 on tree, 12 best solution, best possible 10 (278.85 seconds)
Cbc0010I After 1181784 nodes, 69461 on tree, 12 best solution, best possible 10 (279.55 seconds)
Cbc0010I After 1185164 nodes, 69351 on tree, 12 best solution, best possible 10 (280.25 seconds)
Cbc0010I After 1188560 nodes, 69352 on tree, 12 best solution, best possible 10 (280.95 seconds)
Cbc0010I After 1191644 nodes, 69352 on tree, 12 best solution, best possible 10 (281.65 seconds)
Cbc0010I After 1194740 nodes, 69351 on tree, 12 best solution, best possible 10 (282.35 seconds)
Cbc0010I After 1197950 nodes, 69351 on tree, 12 best solution, best possible 10 (283.05 seconds)
Cbc0010I After 1201183 nodes, 69352 on tree, 12 best solution, best possible 10 (283.75 seconds)
Cbc0010I After 1204443 nodes, 69353 on tree, 12 best solution, best possible 10 (284.45 seconds)
Cbc0010I After 1207662 nodes, 69351 on tree, 12 best solution, best possible 10 (285.15 seconds)
Cbc0010I After 1211431 nodes, 69291 on tree, 12 best solution, best possible 10 (285.85 seconds)
Cbc0010I After 1213690 nodes, 69311 on tree, 12 best solution, best possible 10 (286.55 seconds)
Cbc0010I After 1216575 nodes, 68662 on tree, 12 best solution, best possible 10 (287.26 seconds)
Cbc0010I After 1218841 nodes, 68603 on tree, 12 best solution, best possible 10 (287.96 seconds)
Cbc0010I After 1220791 nodes, 68893 on tree, 12 best solution, best possible 10 (288.66 seconds)
Cbc0010I After 1223000 nodes, 68912 on tree, 12 best solution, best possible 10 (289.36 seconds)
Cbc0010I After 1225248 nodes, 69204 on tree, 12 best solution, best possible 10 (290.06 seconds)
Cbc0010I After 1227414 nodes, 69493 on tree, 12 best solution, best possible 10 (290.77 seconds)
Cbc0010I After 1229892 nodes, 69572 on tree, 12 best solution, best possible 10 (291.47 seconds)
Cbc0010I After 1233232 nodes, 68486 on tree, 12 best solution, best possible 10 (292.17 seconds)
Cbc0010I After 1234645 nodes, 69456 on tree, 12 best solution, best possible 10 (292.87 seconds)
Cbc0010I After 1237398 nodes, 69274 on tree, 12 best solution, best possible 10 (293.57 seconds)
Cbc0010I After 1239720 nodes, 68808 on tree, 12 best solution, best possible 10 (294.27 seconds)
Cbc0010I After 1241846 nodes, 68864 on tree, 12 best solution, best possible 10 (294.97 seconds)
Cbc0010I After 1243815 nodes, 69197 on tree, 12 best solution, best possible 10 (295.67 seconds)
Cbc0010I After 1246224 nodes, 69246 on tree, 12 best solution, best possible 10 (296.37 seconds)
Cbc0010I After 1248974 nodes, 68873 on tree, 12 best solution, best possible 10 (297.07 seconds)
Cbc0010I After 1250844 nodes, 69262 on tree, 12 best solution, best possible 10 (297.77 seconds)
Cbc0010I After 1253660 nodes, 68549 on tree, 12 best solution, best possible 10 (298.47 seconds)
Cbc0010I After 1255627 nodes, 68855 on tree, 12 best solution, best possible 10 (299.17 seconds)
Cbc0010I After 1257923 nodes, 68818 on tree, 12 best solution, best possible 10 (299.88 seconds)
Cbc0010I After 1259911 nodes, 69074 on tree, 12 best solution, best possible 10 (300.58 seconds)
Cbc0010I After 1262069 nodes, 69163 on tree, 12 best solution, best possible 10 (301.28 seconds)
Cbc0010I After 1264836 nodes, 68939 on tree, 12 best solution, best possible 10 (301.98 seconds)
Cbc0010I After 1266831 nodes, 69237 on tree, 12 best solution, best possible 10 (302.68 seconds)
Cbc0010I After 1269555 nodes, 68830 on tree, 12 best solution, best possible 10 (303.38 seconds)
Cbc0010I After 1271406 nodes, 69179 on tree, 12 best solution, best possible 10 (304.08 seconds)
Cbc0010I After 1273818 nodes, 69146 on tree, 12 best solution, best possible 10 (304.78 seconds)
Cbc0010I After 1276514 nodes, 68833 on tree, 12 best solution, best possible 10 (305.48 seconds)
Cbc0010I After 1278624 nodes, 68811 on tree, 12 best solution, best possible 10 (306.18 seconds)
Cbc0010I After 1280889 nodes, 68645 on tree, 12 best solution, best possible 10 (306.88 seconds)
Cbc0010I After 1282792 nodes, 68898 on tree, 12 best solution, best possible 10 (307.58 seconds)
Cbc0010I After 1285170 nodes, 68774 on tree, 12 best solution, best possible 10 (308.28 seconds)
Cbc0010I After 1287158 nodes, 69078 on tree, 12 best solution, best possible 10 (308.99 seconds)
Cbc0010I After 1289496 nodes, 69247 on tree, 12 best solution, best possible 10 (309.69 seconds)
Cbc0010I After 1292814 nodes, 68578 on tree, 12 best solution, best possible 10 (310.39 seconds)
Cbc0010I After 1295280 nodes, 68458 on tree, 12 best solution, best possible 10 (311.09 seconds)
Cbc0010I After 1297380 nodes, 68523 on tree, 12 best solution, best possible 10 (311.79 seconds)
Cbc0010I After 1298867 nodes, 69414 on tree, 12 best solution, best possible 10 (312.49 seconds)
Cbc0010I After 1301557 nodes, 68905 on tree, 12 best solution, best possible 10 (313.19 seconds)
Cbc0010I After 1303546 nodes, 69341 on tree, 12 best solution, best possible 10 (313.89 seconds)
Cbc0010I After 1307972 nodes, 69267 on tree, 12 best solution, best possible 10 (314.59 seconds)
Cbc0010I After 1310316 nodes, 69140 on tree, 12 best solution, best possible 10 (315.29 seconds)
Cbc0010I After 1313287 nodes, 68146 on tree, 12 best solution, best possible 10 (315.99 seconds)
Cbc0010I After 1315261 nodes, 68533 on tree, 12 best solution, best possible 10 (316.69 seconds)
Cbc0010I After 1317540 nodes, 68316 on tree, 12 best solution, best possible 10 (317.39 seconds)
Cbc0010I After 1319516 nodes, 68486 on tree, 12 best solution, best possible 10 (318.09 seconds)
Cbc0010I After 1321780 nodes, 68142 on tree, 12 best solution, best possible 10 (318.80 seconds)
Cbc0010I After 1323835 nodes, 68334 on tree, 12 best solution, best possible 10 (319.50 seconds)
Cbc0010I After 1326022 nodes, 68435 on tree, 12 best solution, best possible 10 (320.20 seconds)
Cbc0010I After 1328000 nodes, 68676 on tree, 12 best solution, best possible 10 (320.90 seconds)
Cbc0010I After 1330221 nodes, 68866 on tree, 12 best solution, best possible 10 (321.60 seconds)
Cbc0010I After 1332824 nodes, 68889 on tree, 12 best solution, best possible 10 (322.30 seconds)
Cbc0010I After 1335208 nodes, 69092 on tree, 12 best solution, best possible 10 (323.00 seconds)
Cbc0010I After 1337480 nodes, 69149 on tree, 12 best solution, best possible 10 (323.70 seconds)
Cbc0010I After 1339792 nodes, 69247 on tree, 12 best solution, best possible 10 (324.41 seconds)
Cbc0010I After 1343708 nodes, 68593 on tree, 12 best solution, best possible 10 (325.11 seconds)
Cbc0010I After 1345975 nodes, 68518 on tree, 12 best solution, best possible 10 (325.81 seconds)
Cbc0010I After 1347552 nodes, 69473 on tree, 12 best solution, best possible 10 (326.51 seconds)
Cbc0010I After 1350712 nodes, 69058 on tree, 12 best solution, best possible 10 (327.21 seconds)
Cbc0010I After 1353049 nodes, 69489 on tree, 12 best solution, best possible 10 (327.91 seconds)
Cbc0010I After 1356005 nodes, 69490 on tree, 12 best solution, best possible 10 (328.61 seconds)
Cbc0010I After 1358741 nodes, 69490 on tree, 12 best solution, best possible 10 (329.31 seconds)
Cbc0010I After 1361314 nodes, 69490 on tree, 12 best solution, best possible 10 (330.01 seconds)
Cbc0010I After 1363991 nodes, 69489 on tree, 12 best solution, best possible 10 (330.71 seconds)
Cbc0010I After 1366854 nodes, 69492 on tree, 12 best solution, best possible 10 (331.41 seconds)
Cbc0010I After 1369757 nodes, 69361 on tree, 12 best solution, best possible 10 (332.11 seconds)
Cbc0010I After 1372000 nodes, 69343 on tree, 12 best solution, best possible 10 (332.82 seconds)
Cbc0010I After 1374405 nodes, 69175 on tree, 12 best solution, best possible 10 (333.52 seconds)
Cbc0010I After 1377029 nodes, 68720 on tree, 12 best solution, best possible 10 (334.22 seconds)
Cbc0010I After 1379045 nodes, 69135 on tree, 12 best solution, best possible 10 (334.92 seconds)
Cbc0010I After 1381533 nodes, 69201 on tree, 12 best solution, best possible 10 (335.62 seconds)
Cbc0010I After 1383908 nodes, 69251 on tree, 12 best solution, best possible 10 (336.32 seconds)
Cbc0010I After 1386416 nodes, 69167 on tree, 12 best solution, best possible 10 (337.03 seconds)
Cbc0010I After 1389128 nodes, 68543 on tree, 12 best solution, best possible 10 (337.73 seconds)
Cbc0010I After 1391054 nodes, 68858 on tree, 12 best solution, best possible 10 (338.43 seconds)
Cbc0010I After 1393293 nodes, 68667 on tree, 12 best solution, best possible 10 (339.13 seconds)
Cbc0010I After 1395208 nodes, 68994 on tree, 12 best solution, best possible 10 (339.83 seconds)
Cbc0010I After 1397490 nodes, 68797 on tree, 12 best solution, best possible 10 (340.53 seconds)
Cbc0010I After 1399502 nodes, 69099 on tree, 12 best solution, best possible 10 (341.23 seconds)
Cbc0010I After 1402027 nodes, 68720 on tree, 12 best solution, best possible 10 (341.93 seconds)
Cbc0010I After 1404313 nodes, 68854 on tree, 12 best solution, best possible 10 (342.63 seconds)
Cbc0010I After 1406630 nodes, 68944 on tree, 12 best solution, best possible 10 (343.33 seconds)
Cbc0010I After 1409320 nodes, 69322 on tree, 12 best solution, best possible 10 (344.03 seconds)
Cbc0010I After 1412555 nodes, 68456 on tree, 12 best solution, best possible 10 (344.73 seconds)
Cbc0010I After 1414679 nodes, 68630 on tree, 12 best solution, best possible 10 (345.43 seconds)
Cbc0010I After 1417257 nodes, 68080 on tree, 12 best solution, best possible 10 (346.13 seconds)
Cbc0010I After 1419422 nodes, 68405 on tree, 12 best solution, best possible 10 (346.84 seconds)
Cbc0010I After 1421892 nodes, 68143 on tree, 12 best solution, best possible 10 (347.54 seconds)
Cbc0010I After 1424010 nodes, 68281 on tree, 12 best solution, best possible 10 (348.24 seconds)
Cbc0010I After 1426275 nodes, 68376 on tree, 12 best solution, best possible 10 (348.94 seconds)
Cbc0010I After 1428406 nodes, 68790 on tree, 12 best solution, best possible 10 (349.64 seconds)
Cbc0010I After 1431025 nodes, 69128 on tree, 12 best solution, best possible 10 (350.34 seconds)
Cbc0010I After 1434143 nodes, 68600 on tree, 12 best solution, best possible 10 (351.04 seconds)
Cbc0010I After 1436086 nodes, 69123 on tree, 12 best solution, best possible 10 (351.74 seconds)
Cbc0010I After 1438679 nodes, 69228 on tree, 12 best solution, best possible 10 (352.44 seconds)
Cbc0010I After 1441212 nodes, 69103 on tree, 12 best solution, best possible 10 (353.14 seconds)
Cbc0010I After 1443839 nodes, 68884 on tree, 12 best solution, best possible 10 (353.84 seconds)
Cbc0010I After 1446094 nodes, 69077 on tree, 12 best solution, best possible 10 (354.54 seconds)
Cbc0010I After 1448335 nodes, 69138 on tree, 12 best solution, best possible 10 (355.25 seconds)
Cbc0010I After 1450865 nodes, 69100 on tree, 12 best solution, best possible 10 (355.95 seconds)
Cbc0010I After 1453507 nodes, 68922 on tree, 12 best solution, best possible 10 (356.65 seconds)
Cbc0010I After 1456318 nodes, 68839 on tree, 12 best solution, best possible 10 (357.35 seconds)
Cbc0010I After 1458472 nodes, 69076 on tree, 12 best solution, best possible 10 (358.05 seconds)
Cbc0010I After 1461516 nodes, 68107 on tree, 12 best solution, best possible 10 (358.75 seconds)
Cbc0010I After 1464062 nodes, 68408 on tree, 12 best solution, best possible 10 (359.45 seconds)
Cbc0010I After 1466726 nodes, 68006 on tree, 12 best solution, best possible 10 (360.15 seconds)
Cbc0010I After 1469367 nodes, 67718 on tree, 12 best solution, best possible 10 (360.85 seconds)
Cbc0010I After 1471904 nodes, 68025 on tree, 12 best solution, best possible 10 (361.55 seconds)
Cbc0010I After 1474581 nodes, 68212 on tree, 12 best solution, best possible 10 (362.25 seconds)
Cbc0010I After 1477416 nodes, 67857 on tree, 12 best solution, best possible 10 (362.95 seconds)
Cbc0010I After 1479880 nodes, 68019 on tree, 12 best solution, best possible 10 (363.65 seconds)
Cbc0010I After 1483018 nodes, 66540 on tree, 12 best solution, best possible 10 (364.35 seconds)
Cbc0010I After 1486161 nodes, 65135 on tree, 12 best solution, best possible 10 (365.05 seconds)
Cbc0010I After 1489570 nodes, 63256 on tree, 12 best solution, best possible 10 (365.76 seconds)
Cbc0010I After 1492633 nodes, 61648 on tree, 12 best solution, best possible 10 (366.46 seconds)
Cbc0010I After 1495022 nodes, 61161 on tree, 12 best solution, best possible 10 (367.16 seconds)
Cbc0010I After 1497816 nodes, 59896 on tree, 12 best solution, best possible 10 (367.86 seconds)
Cbc0010I After 1501072 nodes, 58094 on tree, 12 best solution, best possible 10 (368.56 seconds)
Cbc0010I After 1503088 nodes, 58252 on tree, 12 best solution, best possible 10 (369.26 seconds)
Cbc0010I After 1505524 nodes, 57860 on tree, 12 best solution, best possible 10 (369.96 seconds)
Cbc0010I After 1507738 nodes, 58080 on tree, 12 best solution, best possible 10 (370.66 seconds)
Cbc0010I After 1509894 nodes, 58073 on tree, 12 best solution, best possible 10 (371.36 seconds)
Cbc0010I After 1512129 nodes, 58184 on tree, 12 best solution, best possible 10 (372.06 seconds)
Cbc0010I After 1514105 nodes, 58644 on tree, 12 best solution, best possible 10 (372.76 seconds)
Cbc0010I After 1516337 nodes, 58759 on tree, 12 best solution, best possible 10 (373.46 seconds)
Cbc0010I After 1518458 nodes, 58509 on tree, 12 best solution, best possible 10 (374.16 seconds)
Cbc0010I After 1521154 nodes, 58099 on tree, 12 best solution, best possible 10 (374.86 seconds)
Cbc0010I After 1523175 nodes, 58353 on tree, 12 best solution, best possible 10 (375.57 seconds)
Cbc0010I After 1525811 nodes, 57372 on tree, 12 best solution, best possible 10 (376.27 seconds)
Cbc0010I After 1529076 nodes, 55406 on tree, 12 best solution, best possible 10 (376.97 seconds)
Cbc0010I After 1531298 nodes, 54982 on tree, 12 best solution, best possible 10 (377.67 seconds)
Cbc0010I After 1533778 nodes, 54065 on tree, 12 best solution, best possible 10 (378.37 seconds)
Cbc0010I After 1536684 nodes, 52471 on tree, 12 best solution, best possible 10 (379.07 seconds)
Cbc0010I After 1538624 nodes, 52272 on tree, 12 best solution, best possible 10.333333 (379.77 seconds)
Cbc0010I After 1541461 nodes, 51733 on tree, 12 best solution, best possible 10.333333 (380.47 seconds)
Cbc0010I After 1543759 nodes, 51982 on tree, 12 best solution, best possible 10.5 (381.17 seconds)
Cbc0010I After 1546588 nodes, 50979 on tree, 12 best solution, best possible 10.5 (381.87 seconds)
Cbc0010I After 1549215 nodes, 50948 on tree, 12 best solution, best possible 10.5 (382.57 seconds)
Cbc0010I After 1551718 nodes, 51060 on tree, 12 best solution, best possible 10.5 (383.27 seconds)
Cbc0010I After 1554384 nodes, 50761 on tree, 12 best solution, best possible 10.5 (383.97 seconds)
Cbc0010I After 1557158 nodes, 50593 on tree, 12 best solution, best possible 10.5 (384.67 seconds)
Cbc0010I After 1559647 nodes, 50746 on tree, 12 best solution, best possible 10.5 (385.38 seconds)
Cbc0010I After 1562541 nodes, 49744 on tree, 12 best solution, best possible 10.5 (386.08 seconds)
Cbc0010I After 1565227 nodes, 49572 on tree, 12 best solution, best possible 10.5 (386.78 seconds)
Cbc0010I After 1567843 nodes, 49662 on tree, 12 best solution, best possible 10.5 (387.48 seconds)
Cbc0010I After 1570518 nodes, 49122 on tree, 12 best solution, best possible 10.666667 (388.18 seconds)
Cbc0010I After 1573296 nodes, 48872 on tree, 12 best solution, best possible 10.666667 (388.88 seconds)
Cbc0010I After 1576028 nodes, 48550 on tree, 12 best solution, best possible 10.75 (389.58 seconds)
Cbc0010I After 1579586 nodes, 46192 on tree, 12 best solution, best possible 11 (390.28 seconds)
Cbc0010I After 1583390 nodes, 43401 on tree, 12 best solution, best possible 11 (390.98 seconds)
Cbc0010I After 1587288 nodes, 40558 on tree, 12 best solution, best possible 11 (391.68 seconds)
Cbc0010I After 1591429 nodes, 37412 on tree, 12 best solution, best possible 11 (392.38 seconds)
Cbc0010I After 1595326 nodes, 34614 on tree, 12 best solution, best possible 11 (393.08 seconds)
Cbc0010I After 1598483 nodes, 33286 on tree, 12 best solution, best possible 11 (393.78 seconds)
Cbc0010I After 1601336 nodes, 32890 on tree, 12 best solution, best possible 11 (394.48 seconds)
Cbc0010I After 1603605 nodes, 33291 on tree, 12 best solution, best possible 11 (395.18 seconds)
Cbc0010I After 1606017 nodes, 33389 on tree, 12 best solution, best possible 11 (395.88 seconds)
Cbc0010I After 1608967 nodes, 32864 on tree, 12 best solution, best possible 11 (396.58 seconds)
Cbc0010I After 1612616 nodes, 30086 on tree, 12 best solution, best possible 11 (397.28 seconds)
Cbc0010I After 1616348 nodes, 27292 on tree, 12 best solution, best possible 11 (397.98 seconds)
Cbc0010I After 1619758 nodes, 25759 on tree, 12 best solution, best possible 11 (398.69 seconds)
Cbc0010I After 1622728 nodes, 25567 on tree, 12 best solution, best possible 11 (399.39 seconds)
Cbc0010I After 1625360 nodes, 25800 on tree, 12 best solution, best possible 11 (400.09 seconds)
Cbc0010I After 1628018 nodes, 26265 on tree, 12 best solution, best possible 11 (400.79 seconds)
Cbc0010I After 1630735 nodes, 26549 on tree, 12 best solution, best possible 11 (401.49 seconds)
Cbc0010I After 1633694 nodes, 26012 on tree, 12 best solution, best possible 11 (402.19 seconds)
Cbc0010I After 1637320 nodes, 23587 on tree, 12 best solution, best possible 11 (402.89 seconds)
Cbc0010I After 1641089 nodes, 20885 on tree, 12 best solution, best possible 11 (403.59 seconds)
Cbc0010I After 1645080 nodes, 17928 on tree, 12 best solution, best possible 11 (404.29 seconds)
Cbc0010I After 1649256 nodes, 14700 on tree, 12 best solution, best possible 11 (404.99 seconds)
Cbc0010I After 1652282 nodes, 14303 on tree, 12 best solution, best possible 11 (405.69 seconds)
Cbc0010I After 1654945 nodes, 14476 on tree, 12 best solution, best possible 11 (406.39 seconds)
Cbc0010I After 1658476 nodes, 12653 on tree, 12 best solution, best possible 11 (407.09 seconds)
Cbc0010I After 1662492 nodes, 9744 on tree, 12 best solution, best possible 11 (407.79 seconds)
Cbc0010I After 1665286 nodes, 10140 on tree, 12 best solution, best possible 11 (408.49 seconds)
Cbc0010I After 1668456 nodes, 10004 on tree, 12 best solution, best possible 11 (409.19 seconds)
Cbc0010I After 1672548 nodes, 6914 on tree, 12 best solution, best possible 11 (409.89 seconds)
Cbc0010I After 1676093 nodes, 5223 on tree, 12 best solution, best possible 11 (410.59 seconds)
Cbc0010I After 1679547 nodes, 3464 on tree, 12 best solution, best possible 11 (411.29 seconds)
Cbc0010I After 1682873 nodes, 2357 on tree, 12 best solution, best possible 11 (411.99 seconds)
Cbc0010I After 1685920 nodes, 1274 on tree, 12 best solution, best possible 11 (412.69 seconds)
Cbc0010I After 1688509 nodes, 341 on tree, 12 best solution, best possible 11 (413.39 seconds)
Cbc0030I Thread 0 used 1689483 times,  waiting to start 3.1521492, 396.48893 cpu time, 9892321 locks, 38.655264 locked, 0.62959647 waiting for locks
Cbc0030I Main thread 390.15503 waiting for threads,  11828690 locks, 8.6624329 locked, 0.74033833 waiting for locks
Cbc0001I Search completed - best objective 12, took 4793268 iterations and 1689483 nodes (413.70 seconds)
Cbc0032I Strong branching done 952548 times (3880692 iterations), fathomed 187199 nodes and fixed 225034 variables
Cbc0035I Maximum depth 60, 14826830 variables fixed on reduced cost
