Starting solution of the Linear programming relaxation problem using Primal Simplex

Coin0506I Presolve 73 (0) rows, 144 (-220) columns and 446 (-220) elements
Clp1000I sum of infeasibilities 3.91397e-09 - average 5.3616e-11, 130 fixed columns
Coin0506I Presolve 0 (-73) rows, 0 (-144) columns and 0 (-446) elements
Clp0000I Optimal - objective value 1
Clp0000I Optimal - objective value 1
Coin0511I After Postsolve, objective 1, infeasibilities - dual 0 (0), primal 0 (0)
Clp0006I 0  Obj 1
Clp0000I Optimal - objective value 1
Clp0000I Optimal - objective value 1
Coin0511I After Postsolve, objective 1, infeasibilities - dual 0 (0), primal 0 (0)
Clp0032I Optimal objective 1 - 0 iterations time 0.002, Presolve 0.00, Idiot 0.00

Starting MIP optimization
Cbc0045I Nauty did not find any useful orbits in time 0.000595
Cbc0038I Initial state - 3 integers unsatisfied sum - 1.5
Cbc0038I Pass   1: suminf.    0.00000 (0) obj. 1 iterations 4
Cbc0038I Pass   2: suminf.    0.00000 (0) obj. 1 iterations 0
Cbc0038I Pass   3: suminf.    0.00000 (0) obj. 1 iterations 0
Cbc0038I Pass   4: suminf.    3.50000 (7) obj. 37 iterations 101
Cbc0038I Pass   5: suminf.    0.50000 (1) obj. 37 iterations 7
Cbc0038I Pass   6: suminf.    0.00000 (0) obj. 37 iterations 1
Cbc0038I Pass   7: suminf.    0.00000 (0) obj. 37 iterations 0
Cbc0038I Pass   8: suminf.    0.00000 (0) obj. 37 iterations 0
Cbc0038I Pass   9: suminf.    0.00000 (0) obj. 37 iterations 0
Cbc0038I Pass  10: suminf.    0.00000 (0) obj. 37 iterations 0
Cbc0038I Pass  11: suminf.    0.00000 (0) obj. 37 iterations 0
Cbc0038I Pass  12: suminf.    0.00000 (0) obj. 37 iterations 0
Cbc0038I Pass  13: suminf.    0.00000 (0) obj. 37 iterations 0
Cbc0038I Pass  14: suminf.    3.50000 (7) obj. 42 iterations 43
Cbc0038I Pass  15: suminf.    0.50000 (1) obj. 42 iterations 7
Cbc0038I Pass  16: suminf.    0.00000 (0) obj. 42 iterations 1
Cbc0038I Pass  17: suminf.    0.00000 (0) obj. 42 iterations 0
Cbc0038I Pass  18: suminf.    0.00000 (0) obj. 42 iterations 0
Cbc0038I Pass  19: suminf.    0.00000 (0) obj. 42 iterations 0
Cbc0038I Pass  20: suminf.    0.00000 (0) obj. 42 iterations 0
Cbc0038I Pass  21: suminf.    0.00000 (0) obj. 42 iterations 0
Cbc0038I Pass  22: suminf.    0.00000 (0) obj. 42 iterations 0
Cbc0038I Pass  23: suminf.    0.00000 (0) obj. 42 iterations 0
Cbc0038I Pass  24: suminf.    0.00000 (0) obj. 42 iterations 0
Cbc0038I Pass  25: suminf.    3.00000 (6) obj. 52 iterations 45
Cbc0038I Pass  26: suminf.    0.50000 (1) obj. 52 iterations 6
Cbc0038I Pass  27: suminf.    0.00000 (0) obj. 52 iterations 1
Cbc0038I Pass  28: suminf.    0.00000 (0) obj. 52 iterations 0
Cbc0038I Pass  29: suminf.    0.00000 (0) obj. 52 iterations 0
Cbc0038I Pass  30: suminf.    0.00000 (0) obj. 52 iterations 0
Cbc0038I No solution found this major pass
Cbc0038I Before mini branch and bound, 121 integers at bound fixed and 3 continuous
Cbc0038I Full problem 73 rows 291 columns, reduced to 28 rows 72 columns
Cbc0038I Mini branch and bound improved solution from 1.797693134862e+308 to 1 (0.01 seconds)
Cbc0038I After 0.01 seconds - Feasibility pump exiting with objective of 1 - took 0.01 seconds
Cbc0051I Starting cut generation at root node
Cbc0031I 34 added rows had average density of 20.882353
Cbc0013I At root node, 34 cuts changed objective from 1 to 2.9999731 in 100 passes
Cbc0014I Cut generator 0 (Probing) - 0 row cuts average 0.0 elements, 0 column cuts (0 active)  in 0.018 seconds - new frequency is -100
Cbc0014I Cut generator 1 (Gomory) - 695 row cuts average 224.1 elements, 0 column cuts (0 active)  in 0.120 seconds - new frequency is 1
Cbc0014I Cut generator 2 (Knapsack) - 1230 row cuts average 3.3 elements, 0 column cuts (0 active)  in 0.071 seconds - new frequency is 1
Cbc0014I Cut generator 3 (Clique) - 0 row cuts average 0.0 elements, 0 column cuts (0 active)  in 0.001 seconds - new frequency is -100
Cbc0014I Cut generator 4 (MixedIntegerRounding2) - 64 row cuts average 100.3 elements, 0 column cuts (0 active)  in 0.062 seconds - new frequency is -100
Cbc0014I Cut generator 5 (FlowCover) - 0 row cuts average 0.0 elements, 0 column cuts (0 active)  in 0.001 seconds - new frequency is -100
Cbc0014I Cut generator 6 (TwoMirCuts) - 113 row cuts average 10.0 elements, 0 column cuts (0 active)  in 0.005 seconds - new frequency is 1
Cbc0010I After 0 nodes, 1 on tree, 1e+50 best solution, best possible 2.9999731 (0.56 seconds)
Cbc0004I Integer solution of 26 found after 6482 iterations and 465 nodes (0.78 seconds)
Cbc0012I Integer solution of 26 found by heuristic after 6482 iterations and 464 nodes (0.78 seconds)
Cbc0010I After 3102 nodes, 1443 on tree, 26 best solution, best possible 2.9999731 (1.26 seconds)
Cbc0010I After 7001 nodes, 3365 on tree, 26 best solution, best possible 2.9999731 (1.96 seconds)
Cbc0004I Integer solution of 14 found after 30760 iterations and 7736 nodes (2.09 seconds)
Cbc0012I Integer solution of 14 found by heuristic after 30758 iterations and 7735 nodes (2.09 seconds)
Cbc0004I Integer solution of 12 found after 32036 iterations and 8213 nodes (2.18 seconds)
Cbc0012I Integer solution of 12 found by heuristic after 32034 iterations and 8212 nodes (2.18 seconds)
Cbc0010I After 11073 nodes, 945 on tree, 12 best solution, best possible 2.9999731 (2.67 seconds)
Cbc0010I After 14560 nodes, 2604 on tree, 12 best solution, best possible 5 (3.37 seconds)
Cbc0010I After 18512 nodes, 4494 on tree, 12 best solution, best possible 5.5 (4.07 seconds)
Cbc0010I After 22312 nodes, 6378 on tree, 12 best solution, best possible 6 (4.77 seconds)
Cbc0010I After 26370 nodes, 8004 on tree, 12 best solution, best possible 6 (5.47 seconds)
Cbc0010I After 30365 nodes, 9897 on tree, 12 best solution, best possible 6 (6.17 seconds)
Cbc0010I After 34752 nodes, 11873 on tree, 12 best solution, best possible 6 (6.87 seconds)
Cbc0010I After 38963 nodes, 13298 on tree, 12 best solution, best possible 6 (7.57 seconds)
Cbc0010I After 42849 nodes, 14633 on tree, 12 best solution, best possible 6.6666667 (8.27 seconds)
Cbc0010I After 46792 nodes, 15951 on tree, 12 best solution, best possible 6.8571429 (8.97 seconds)
Cbc0010I After 50765 nodes, 17719 on tree, 12 best solution, best possible 7 (9.67 seconds)
Cbc0010I After 54990 nodes, 19762 on tree, 12 best solution, best possible 7 (10.37 seconds)
Cbc0010I After 59144 nodes, 21415 on tree, 12 best solution, best possible 7 (11.07 seconds)
Cbc0010I After 63304 nodes, 22654 on tree, 12 best solution, best possible 7 (11.77 seconds)
Cbc0010I After 67628 nodes, 24004 on tree, 12 best solution, best possible 7 (12.47 seconds)
Cbc0010I After 71929 nodes, 25341 on tree, 12 best solution, best possible 7 (13.17 seconds)
Cbc0010I After 76212 nodes, 26570 on tree, 12 best solution, best possible 7 (13.87 seconds)
Cbc0010I After 80445 nodes, 28011 on tree, 12 best solution, best possible 7 (14.57 seconds)
Cbc0010I After 84903 nodes, 30270 on tree, 12 best solution, best possible 7 (15.27 seconds)
Cbc0010I After 89189 nodes, 32853 on tree, 12 best solution, best possible 7 (15.97 seconds)
Cbc0010I After 93557 nodes, 34500 on tree, 12 best solution, best possible 7 (16.67 seconds)
Cbc0010I After 97926 nodes, 35797 on tree, 12 best solution, best possible 7 (17.37 seconds)
Cbc0010I After 102208 nodes, 37034 on tree, 12 best solution, best possible 7 (18.07 seconds)
Cbc0010I After 106573 nodes, 38355 on tree, 12 best solution, best possible 7 (18.77 seconds)
Cbc0010I After 110875 nodes, 39543 on tree, 12 best solution, best possible 7 (19.47 seconds)
Cbc0010I After 115088 nodes, 40910 on tree, 12 best solution, best possible 7 (20.17 seconds)
Cbc0010I After 119305 nodes, 41987 on tree, 12 best solution, best possible 7 (20.88 seconds)
Cbc0010I After 123560 nodes, 43405 on tree, 12 best solution, best possible 7 (21.58 seconds)
Cbc0010I After 127729 nodes, 44545 on tree, 12 best solution, best possible 7 (22.28 seconds)
Cbc0010I After 131847 nodes, 45745 on tree, 12 best solution, best possible 7 (22.98 seconds)
Cbc0010I After 135786 nodes, 46771 on tree, 12 best solution, best possible 7 (23.68 seconds)
Cbc0010I After 139501 nodes, 47901 on tree, 12 best solution, best possible 7.5 (24.38 seconds)
Cbc0010I After 143450 nodes, 48949 on tree, 12 best solution, best possible 7.5 (25.08 seconds)
Cbc0010I After 147343 nodes, 50048 on tree, 12 best solution, best possible 7.6666667 (25.78 seconds)
Cbc0010I After 151466 nodes, 51489 on tree, 12 best solution, best possible 7.6666667 (26.48 seconds)
Cbc0010I After 155291 nodes, 52604 on tree, 12 best solution, best possible 8 (27.18 seconds)
Cbc0010I After 159292 nodes, 54147 on tree, 12 best solution, best possible 8 (27.88 seconds)
Cbc0010I After 163556 nodes, 56896 on tree, 12 best solution, best possible 8 (28.58 seconds)
Cbc0010I After 167906 nodes, 59537 on tree, 12 best solution, best possible 8 (29.28 seconds)
Cbc0010I After 172304 nodes, 60990 on tree, 12 best solution, best possible 8 (29.98 seconds)
Cbc0010I After 176581 nodes, 62482 on tree, 12 best solution, best possible 8 (30.68 seconds)
Cbc0010I After 180932 nodes, 63918 on tree, 12 best solution, best possible 8 (31.38 seconds)
Cbc0010I After 185223 nodes, 65544 on tree, 12 best solution, best possible 8 (32.08 seconds)
Cbc0010I After 189478 nodes, 66622 on tree, 12 best solution, best possible 8 (32.78 seconds)
Cbc0010I After 193583 nodes, 67603 on tree, 12 best solution, best possible 8 (33.48 seconds)
Cbc0010I After 197786 nodes, 68222 on tree, 12 best solution, best possible 8 (34.19 seconds)
Cbc0010I After 201807 nodes, 68767 on tree, 12 best solution, best possible 8 (34.89 seconds)
Cbc0010I After 205800 nodes, 69244 on tree, 12 best solution, best possible 8 (35.59 seconds)
Cbc0010I After 210393 nodes, 69177 on tree, 12 best solution, best possible 8 (36.29 seconds)
Cbc0010I After 215057 nodes, 69475 on tree, 12 best solution, best possible 8 (36.99 seconds)
Cbc0010I After 220262 nodes, 69379 on tree, 12 best solution, best possible 8 (37.69 seconds)
Cbc0010I After 225215 nodes, 69215 on tree, 12 best solution, best possible 8 (38.39 seconds)
Cbc0010I After 231067 nodes, 69223 on tree, 12 best solution, best possible 8 (39.09 seconds)
Cbc0010I After 235461 nodes, 69303 on tree, 12 best solution, best possible 8 (39.79 seconds)
Cbc0010I After 240625 nodes, 69522 on tree, 12 best solution, best possible 8 (40.49 seconds)
Cbc0010I After 245892 nodes, 69399 on tree, 12 best solution, best possible 8 (41.19 seconds)
Cbc0010I After 250239 nodes, 68942 on tree, 12 best solution, best possible 8 (41.89 seconds)
Cbc0010I After 253576 nodes, 69400 on tree, 12 best solution, best possible 8 (42.59 seconds)
Cbc0010I After 257714 nodes, 69418 on tree, 12 best solution, best possible 8 (43.29 seconds)
Cbc0010I After 263131 nodes, 69438 on tree, 12 best solution, best possible 8 (43.99 seconds)
Cbc0010I After 268237 nodes, 68944 on tree, 12 best solution, best possible 8 (44.70 seconds)
Cbc0010I After 271560 nodes, 69096 on tree, 12 best solution, best possible 8 (45.40 seconds)
Cbc0010I After 274990 nodes, 69030 on tree, 12 best solution, best possible 8 (46.10 seconds)
Cbc0010I After 277857 nodes, 69398 on tree, 12 best solution, best possible 8 (46.80 seconds)
Cbc0010I After 281332 nodes, 69242 on tree, 12 best solution, best possible 8 (47.50 seconds)
Cbc0010I After 284747 nodes, 69214 on tree, 12 best solution, best possible 8 (48.20 seconds)
Cbc0010I After 288943 nodes, 69157 on tree, 12 best solution, best possible 8 (48.90 seconds)
Cbc0010I After 292000 nodes, 69450 on tree, 12 best solution, best possible 8 (49.60 seconds)
Cbc0010I After 297115 nodes, 69425 on tree, 12 best solution, best possible 8 (50.30 seconds)
Cbc0010I After 302173 nodes, 69424 on tree, 12 best solution, best possible 8 (51.00 seconds)
Cbc0010I After 306178 nodes, 69280 on tree, 12 best solution, best possible 8 (51.70 seconds)
Cbc0010I After 309588 nodes, 69340 on tree, 12 best solution, best possible 8 (52.40 seconds)
Cbc0010I After 313245 nodes, 69358 on tree, 12 best solution, best possible 8 (53.11 seconds)
Cbc0010I After 316917 nodes, 69263 on tree, 12 best solution, best possible 8 (53.81 seconds)
Cbc0010I After 321041 nodes, 68520 on tree, 12 best solution, best possible 8 (54.51 seconds)
Cbc0010I After 323256 nodes, 69067 on tree, 12 best solution, best possible 8 (55.21 seconds)
Cbc0010I After 326407 nodes, 69310 on tree, 12 best solution, best possible 8 (55.91 seconds)
Cbc0010I After 331126 nodes, 69391 on tree, 12 best solution, best possible 8 (56.61 seconds)
Cbc0010I After 336015 nodes, 69392 on tree, 12 best solution, best possible 8 (57.31 seconds)
Cbc0010I After 340943 nodes, 69393 on tree, 12 best solution, best possible 8 (58.01 seconds)
Cbc0010I After 345693 nodes, 69390 on tree, 12 best solution, best possible 8 (58.71 seconds)
Cbc0010I After 349373 nodes, 69440 on tree, 12 best solution, best possible 8 (59.41 seconds)
Cbc0010I After 353237 nodes, 69346 on tree, 12 best solution, best possible 8 (60.11 seconds)
Cbc0010I After 356812 nodes, 69233 on tree, 12 best solution, best possible 8 (60.81 seconds)
Cbc0010I After 359811 nodes, 69229 on tree, 12 best solution, best possible 8 (61.51 seconds)
Cbc0010I After 362486 nodes, 69279 on tree, 12 best solution, best possible 8 (62.21 seconds)
Cbc0010I After 365387 nodes, 69223 on tree, 12 best solution, best possible 8 (62.91 seconds)
Cbc0010I After 368868 nodes, 69271 on tree, 12 best solution, best possible 8 (63.61 seconds)
Cbc0010I After 372582 nodes, 69715 on tree, 12 best solution, best possible 8 (64.32 seconds)
Cbc0010I After 377209 nodes, 69714 on tree, 12 best solution, best possible 8 (65.02 seconds)
Cbc0010I After 381621 nodes, 69715 on tree, 12 best solution, best possible 8 (65.72 seconds)
Cbc0010I After 385890 nodes, 69713 on tree, 12 best solution, best possible 8 (66.42 seconds)
Cbc0010I After 390193 nodes, 69270 on tree, 12 best solution, best possible 8 (67.12 seconds)
Cbc0010I After 393523 nodes, 69412 on tree, 12 best solution, best possible 8 (67.82 seconds)
Cbc0010I After 396723 nodes, 69667 on tree, 12 best solution, best possible 8 (68.52 seconds)
Cbc0010I After 400087 nodes, 69720 on tree, 12 best solution, best possible 8 (69.22 seconds)
Cbc0010I After 403443 nodes, 69903 on tree, 12 best solution, best possible 8 (69.92 seconds)
Cbc0010I After 407634 nodes, 69559 on tree, 12 best solution, best possible 8 (70.62 seconds)
Cbc0010I After 411793 nodes, 69559 on tree, 12 best solution, best possible 8 (71.32 seconds)
Cbc0010I After 415855 nodes, 69556 on tree, 12 best solution, best possible 8 (72.02 seconds)
Cbc0010I After 419782 nodes, 69558 on tree, 12 best solution, best possible 8 (72.72 seconds)
Cbc0010I After 423664 nodes, 69557 on tree, 12 best solution, best possible 8 (73.42 seconds)
Cbc0010I After 427408 nodes, 69479 on tree, 12 best solution, best possible 8 (74.12 seconds)
Cbc0010I After 431234 nodes, 69067 on tree, 12 best solution, best possible 8 (74.82 seconds)
Cbc0010I After 434252 nodes, 69283 on tree, 12 best solution, best possible 8 (75.53 seconds)
Cbc0010I After 437507 nodes, 69317 on tree, 12 best solution, best possible 8 (76.23 seconds)
Cbc0010I After 440669 nodes, 69357 on tree, 12 best solution, best possible 8 (76.93 seconds)
Cbc0010I After 444018 nodes, 69445 on tree, 12 best solution, best possible 8 (77.63 seconds)
Cbc0010I After 447201 nodes, 69836 on tree, 12 best solution, best possible 8 (78.33 seconds)
Cbc0010I After 451106 nodes, 69342 on tree, 12 best solution, best possible 8 (79.03 seconds)
Cbc0010I After 453944 nodes, 69742 on tree, 12 best solution, best possible 8 (79.73 seconds)
Cbc0010I After 457781 nodes, 69519 on tree, 12 best solution, best possible 8 (80.43 seconds)
Cbc0010I After 461758 nodes, 69520 on tree, 12 best solution, best possible 8 (81.13 seconds)
Cbc0010I After 465453 nodes, 69519 on tree, 12 best solution, best possible 8 (81.83 seconds)
Cbc0010I After 469195 nodes, 69521 on tree, 12 best solution, best possible 8 (82.53 seconds)
Cbc0010I After 472960 nodes, 69520 on tree, 12 best solution, best possible 8 (83.23 seconds)
Cbc0010I After 476554 nodes, 69519 on tree, 12 best solution, best possible 8 (83.93 seconds)
Cbc0010I After 480123 nodes, 69468 on tree, 12 best solution, best possible 8 (84.64 seconds)
Cbc0010I After 483979 nodes, 69248 on tree, 12 best solution, best possible 8 (85.34 seconds)
Cbc0010I After 486360 nodes, 69132 on tree, 12 best solution, best possible 8 (86.04 seconds)
Cbc0010I After 489643 nodes, 69391 on tree, 12 best solution, best possible 8 (86.74 seconds)
Cbc0010I After 493156 nodes, 69301 on tree, 12 best solution, best possible 8 (87.44 seconds)
Cbc0010I After 496236 nodes, 68951 on tree, 12 best solution, best possible 8 (88.14 seconds)
Cbc0010I After 498699 nodes, 69394 on tree, 12 best solution, best possible 8 (88.84 seconds)
Cbc0010I After 501742 nodes, 69326 on tree, 12 best solution, best possible 8 (89.54 seconds)
Cbc0010I After 504097 nodes, 69935 on tree, 12 best solution, best possible 8 (90.24 seconds)
Cbc0010I After 507446 nodes, 69607 on tree, 12 best solution, best possible 8 (90.94 seconds)
Cbc0010I After 510852 nodes, 69158 on tree, 12 best solution, best possible 8 (91.64 seconds)
Cbc0010I After 513505 nodes, 69163 on tree, 12 best solution, best possible 8 (92.34 seconds)
Cbc0010I After 515972 nodes, 69312 on tree, 12 best solution, best possible 8 (93.04 seconds)
Cbc0010I After 518513 nodes, 69358 on tree, 12 best solution, best possible 8 (93.74 seconds)
Cbc0010I After 521689 nodes, 68716 on tree, 12 best solution, best possible 8 (94.44 seconds)
Cbc0010I After 523652 nodes, 69212 on tree, 12 best solution, best possible 8 (95.15 seconds)
Cbc0010I After 525935 nodes, 69455 on tree, 12 best solution, best possible 8 (95.85 seconds)
Cbc0010I After 529210 nodes, 69015 on tree, 12 best solution, best possible 8 (96.55 seconds)
Cbc0010I After 531000 nodes, 69423 on tree, 12 best solution, best possible 8 (97.25 seconds)
Cbc0010I After 533691 nodes, 69431 on tree, 12 best solution, best possible 8 (97.95 seconds)
Cbc0010I After 536737 nodes, 69305 on tree, 12 best solution, best possible 8 (98.65 seconds)
Cbc0010I After 540389 nodes, 69302 on tree, 12 best solution, best possible 8 (99.35 seconds)
Cbc0010I After 542243 nodes, 69465 on tree, 12 best solution, best possible 8 (100.05 seconds)
Cbc0010I After 545231 nodes, 68980 on tree, 12 best solution, best possible 8 (100.75 seconds)
Cbc0010I After 546444 nodes, 69276 on tree, 12 best solution, best possible 8 (101.45 seconds)
Cbc0010I After 549127 nodes, 69117 on tree, 12 best solution, best possible 8 (102.15 seconds)
Cbc0010I After 550711 nodes, 69210 on tree, 12 best solution, best possible 8 (102.86 seconds)
Cbc0010I After 553374 nodes, 69400 on tree, 12 best solution, best possible 8 (103.56 seconds)
Cbc0010I After 556303 nodes, 69551 on tree, 12 best solution, best possible 8 (104.26 seconds)
Cbc0010I After 560356 nodes, 69367 on tree, 12 best solution, best possible 8 (104.96 seconds)
Cbc0010I After 564506 nodes, 69369 on tree, 12 best solution, best possible 8 (105.66 seconds)
Cbc0010I After 568321 nodes, 69366 on tree, 12 best solution, best possible 8 (106.36 seconds)
Cbc0010I After 572147 nodes, 69366 on tree, 12 best solution, best possible 8 (107.06 seconds)
Cbc0010I After 575830 nodes, 69366 on tree, 12 best solution, best possible 8 (107.76 seconds)
Cbc0010I After 579570 nodes, 69367 on tree, 12 best solution, best possible 8 (108.46 seconds)
Cbc0010I After 582781 nodes, 69453 on tree, 12 best solution, best possible 8 (109.16 seconds)
Cbc0010I After 586202 nodes, 69365 on tree, 12 best solution, best possible 8 (109.86 seconds)
Cbc0010I After 589401 nodes, 69346 on tree, 12 best solution, best possible 8 (110.56 seconds)
Cbc0010I After 592443 nodes, 69363 on tree, 12 best solution, best possible 8 (111.27 seconds)
Cbc0010I After 596049 nodes, 69308 on tree, 12 best solution, best possible 8 (111.97 seconds)
Cbc0010I After 598901 nodes, 69443 on tree, 12 best solution, best possible 8 (112.67 seconds)
Cbc0010I After 601613 nodes, 68964 on tree, 12 best solution, best possible 8 (113.37 seconds)
Cbc0010I After 603626 nodes, 69223 on tree, 12 best solution, best possible 8 (114.07 seconds)
Cbc0010I After 606548 nodes, 69279 on tree, 12 best solution, best possible 8 (114.77 seconds)
Cbc0010I After 609200 nodes, 69163 on tree, 12 best solution, best possible 8 (115.47 seconds)
Cbc0010I After 611519 nodes, 69258 on tree, 12 best solution, best possible 8 (116.17 seconds)
Cbc0010I After 613926 nodes, 69370 on tree, 12 best solution, best possible 8 (116.87 seconds)
Cbc0010I After 616493 nodes, 69386 on tree, 12 best solution, best possible 8 (117.57 seconds)
Cbc0010I After 618470 nodes, 69450 on tree, 12 best solution, best possible 8 (118.27 seconds)
Cbc0010I After 621351 nodes, 69036 on tree, 12 best solution, best possible 8 (118.97 seconds)
Cbc0010I After 623299 nodes, 69278 on tree, 12 best solution, best possible 8 (119.67 seconds)
Cbc0010I After 625635 nodes, 69402 on tree, 12 best solution, best possible 8 (120.37 seconds)
Cbc0010I After 628403 nodes, 69160 on tree, 12 best solution, best possible 8 (121.08 seconds)
Cbc0010I After 630319 nodes, 69321 on tree, 12 best solution, best possible 8 (121.78 seconds)
Cbc0010I After 633171 nodes, 69296 on tree, 12 best solution, best possible 8 (122.48 seconds)
Cbc0010I After 635440 nodes, 69445 on tree, 12 best solution, best possible 8 (123.18 seconds)
Cbc0010I After 637789 nodes, 69468 on tree, 12 best solution, best possible 8 (123.88 seconds)
Cbc0010I After 640930 nodes, 69258 on tree, 12 best solution, best possible 8 (124.58 seconds)
Cbc0010I After 642306 nodes, 69580 on tree, 12 best solution, best possible 8 (125.28 seconds)
Cbc0010I After 645255 nodes, 69291 on tree, 12 best solution, best possible 8 (125.98 seconds)
Cbc0010I After 647561 nodes, 69390 on tree, 12 best solution, best possible 8.3333333 (126.68 seconds)
Cbc0010I After 649900 nodes, 69529 on tree, 12 best solution, best possible 8.5 (127.38 seconds)
Cbc0010I After 653480 nodes, 69536 on tree, 12 best solution, best possible 8.5 (128.08 seconds)
Cbc0010I After 657031 nodes, 69248 on tree, 12 best solution, best possible 8.5 (128.78 seconds)
Cbc0010I After 659435 nodes, 69408 on tree, 12 best solution, best possible 8.5 (129.48 seconds)
Cbc0010I After 661906 nodes, 69640 on tree, 12 best solution, best possible 8.5 (130.18 seconds)
Cbc0010I After 665678 nodes, 69579 on tree, 12 best solution, best possible 8.5 (130.89 seconds)
Cbc0010I After 669600 nodes, 69580 on tree, 12 best solution, best possible 8.5 (131.59 seconds)
Cbc0010I After 673277 nodes, 69582 on tree, 12 best solution, best possible 8.5 (132.29 seconds)
Cbc0010I After 676917 nodes, 69579 on tree, 12 best solution, best possible 8.5 (132.99 seconds)
Cbc0010I After 680542 nodes, 69579 on tree, 12 best solution, best possible 8.5 (133.69 seconds)
Cbc0010I After 684190 nodes, 69580 on tree, 12 best solution, best possible 8.5 (134.39 seconds)
Cbc0010I After 687830 nodes, 69484 on tree, 12 best solution, best possible 8.5 (135.09 seconds)
Cbc0010I After 691324 nodes, 69368 on tree, 12 best solution, best possible 8.5 (135.79 seconds)
Cbc0010I After 694872 nodes, 69304 on tree, 12 best solution, best possible 8.5 (136.49 seconds)
Cbc0010I After 697180 nodes, 69439 on tree, 12 best solution, best possible 8.5 (137.19 seconds)
Cbc0010I After 700746 nodes, 69320 on tree, 12 best solution, best possible 8.5 (137.89 seconds)
Cbc0010I After 703442 nodes, 69568 on tree, 12 best solution, best possible 8.5 (138.59 seconds)
Cbc0010I After 706116 nodes, 69661 on tree, 12 best solution, best possible 8.5 (139.29 seconds)
Cbc0010I After 709104 nodes, 69034 on tree, 12 best solution, best possible 8.5 (139.99 seconds)
Cbc0010I After 711151 nodes, 69139 on tree, 12 best solution, best possible 8.5 (140.70 seconds)
Cbc0010I After 713142 nodes, 68951 on tree, 12 best solution, best possible 8.5 (141.40 seconds)
Cbc0010I After 714624 nodes, 69476 on tree, 12 best solution, best possible 8.6666667 (142.10 seconds)
Cbc0010I After 718000 nodes, 68937 on tree, 12 best solution, best possible 8.6666667 (142.80 seconds)
Cbc0010I After 720051 nodes, 69500 on tree, 12 best solution, best possible 8.6666667 (143.50 seconds)
Cbc0010I After 723074 nodes, 69185 on tree, 12 best solution, best possible 8.6666667 (144.20 seconds)
Cbc0010I After 726000 nodes, 69019 on tree, 12 best solution, best possible 8.6666667 (144.90 seconds)
Cbc0010I After 728512 nodes, 68984 on tree, 12 best solution, best possible 8.6666667 (145.60 seconds)
Cbc0010I After 730905 nodes, 69212 on tree, 12 best solution, best possible 8.6666667 (146.31 seconds)
Cbc0010I After 733691 nodes, 69231 on tree, 12 best solution, best possible 8.6666667 (147.01 seconds)
Cbc0010I After 736320 nodes, 69215 on tree, 12 best solution, best possible 8.6666667 (147.71 seconds)
Cbc0010I After 738446 nodes, 69356 on tree, 12 best solution, best possible 8.6666667 (148.41 seconds)
Cbc0010I After 741062 nodes, 69406 on tree, 12 best solution, best possible 8.6666667 (149.11 seconds)
Cbc0010I After 743965 nodes, 69425 on tree, 12 best solution, best possible 8.6666667 (149.81 seconds)
Cbc0010I After 746742 nodes, 69438 on tree, 12 best solution, best possible 8.6666667 (150.51 seconds)
Cbc0010I After 749492 nodes, 69339 on tree, 12 best solution, best possible 8.75 (151.21 seconds)
Cbc0010I After 752065 nodes, 69217 on tree, 12 best solution, best possible 8.96875 (151.91 seconds)
Cbc0010I After 753651 nodes, 69390 on tree, 12 best solution, best possible 9 (152.61 seconds)
Cbc0010I After 756602 nodes, 69212 on tree, 12 best solution, best possible 9 (153.31 seconds)
Cbc0010I After 758967 nodes, 69402 on tree, 12 best solution, best possible 9 (154.01 seconds)
Cbc0010I After 762485 nodes, 69402 on tree, 12 best solution, best possible 9 (154.71 seconds)
Cbc0010I After 765915 nodes, 69391 on tree, 12 best solution, best possible 9 (155.41 seconds)
Cbc0010I After 768849 nodes, 69084 on tree, 12 best solution, best possible 9 (156.11 seconds)
Cbc0010I After 771165 nodes, 69153 on tree, 12 best solution, best possible 9 (156.82 seconds)
Cbc0010I After 773425 nodes, 69319 on tree, 12 best solution, best possible 9 (157.52 seconds)
Cbc0010I After 775729 nodes, 69472 on tree, 12 best solution, best possible 9 (158.22 seconds)
Cbc0010I After 779116 nodes, 69285 on tree, 12 best solution, best possible 9 (158.92 seconds)
Cbc0010I After 781650 nodes, 69236 on tree, 12 best solution, best possible 9 (159.62 seconds)
Cbc0010I After 783768 nodes, 69511 on tree, 12 best solution, best possible 9 (160.32 seconds)
Cbc0010I After 787046 nodes, 69427 on tree, 12 best solution, best possible 9 (161.02 seconds)
Cbc0010I After 790816 nodes, 69430 on tree, 12 best solution, best possible 9 (161.72 seconds)
Cbc0010I After 794316 nodes, 69427 on tree, 12 best solution, best possible 9 (162.42 seconds)
Cbc0010I After 798084 nodes, 69431 on tree, 12 best solution, best possible 9 (163.12 seconds)
Cbc0010I After 801644 nodes, 69428 on tree, 12 best solution, best possible 9 (163.82 seconds)
Cbc0010I After 805136 nodes, 69427 on tree, 12 best solution, best possible 9 (164.52 seconds)
Cbc0010I After 808677 nodes, 69427 on tree, 12 best solution, best possible 9 (165.22 seconds)
Cbc0010I After 811933 nodes, 69427 on tree, 12 best solution, best possible 9 (165.92 seconds)
Cbc0010I After 815231 nodes, 69427 on tree, 12 best solution, best possible 9 (166.63 seconds)
Cbc0010I After 818609 nodes, 69427 on tree, 12 best solution, best possible 9 (167.33 seconds)
Cbc0010I After 821974 nodes, 69429 on tree, 12 best solution, best possible 9 (168.03 seconds)
Cbc0010I After 825291 nodes, 69334 on tree, 12 best solution, best possible 9 (168.73 seconds)
Cbc0010I After 827801 nodes, 69469 on tree, 12 best solution, best possible 9 (169.43 seconds)
Cbc0010I After 830479 nodes, 69089 on tree, 12 best solution, best possible 9 (170.13 seconds)
Cbc0010I After 832028 nodes, 69503 on tree, 12 best solution, best possible 9 (170.83 seconds)
Cbc0010I After 834436 nodes, 69354 on tree, 12 best solution, best possible 9 (171.53 seconds)
Cbc0010I After 836479 nodes, 69417 on tree, 12 best solution, best possible 9 (172.23 seconds)
Cbc0010I After 838343 nodes, 69389 on tree, 12 best solution, best possible 9 (172.93 seconds)
Cbc0010I After 840371 nodes, 69590 on tree, 12 best solution, best possible 9 (173.63 seconds)
Cbc0010I After 842962 nodes, 69183 on tree, 12 best solution, best possible 9 (174.33 seconds)
Cbc0010I After 845633 nodes, 69329 on tree, 12 best solution, best possible 9 (175.03 seconds)
Cbc0010I After 848238 nodes, 69623 on tree, 12 best solution, best possible 9 (175.73 seconds)
Cbc0010I After 851003 nodes, 69472 on tree, 12 best solution, best possible 9 (176.44 seconds)
Cbc0010I After 853885 nodes, 69283 on tree, 12 best solution, best possible 9 (177.14 seconds)
Cbc0010I After 856072 nodes, 69375 on tree, 12 best solution, best possible 9 (177.84 seconds)
Cbc0010I After 858271 nodes, 69342 on tree, 12 best solution, best possible 9 (178.54 seconds)
Cbc0010I After 861002 nodes, 69159 on tree, 12 best solution, best possible 9 (179.24 seconds)
Cbc0010I After 863697 nodes, 69595 on tree, 12 best solution, best possible 9 (179.94 seconds)
Cbc0010I After 866781 nodes, 69562 on tree, 12 best solution, best possible 9 (180.64 seconds)
Cbc0010I After 869770 nodes, 69759 on tree, 12 best solution, best possible 9 (181.34 seconds)
Cbc0010I After 873298 nodes, 69340 on tree, 12 best solution, best possible 9 (182.04 seconds)
Cbc0010I After 876131 nodes, 69571 on tree, 12 best solution, best possible 9 (182.74 seconds)
Cbc0010I After 878890 nodes, 69729 on tree, 12 best solution, best possible 9 (183.44 seconds)
Cbc0010I After 882024 nodes, 69710 on tree, 12 best solution, best possible 9 (184.14 seconds)
Cbc0010I After 885524 nodes, 69521 on tree, 12 best solution, best possible 9 (184.84 seconds)
Cbc0010I After 888316 nodes, 69735 on tree, 12 best solution, best possible 9 (185.55 seconds)
Cbc0010I After 891000 nodes, 69997 on tree, 12 best solution, best possible 9 (186.25 seconds)
Cbc0010I After 894506 nodes, 69717 on tree, 12 best solution, best possible 9 (186.95 seconds)
Cbc0010I After 898260 nodes, 69720 on tree, 12 best solution, best possible 9 (187.65 seconds)
Cbc0010I After 901882 nodes, 69716 on tree, 12 best solution, best possible 9 (188.35 seconds)
Cbc0010I After 905589 nodes, 69720 on tree, 12 best solution, best possible 9 (189.05 seconds)
Cbc0010I After 909145 nodes, 69719 on tree, 12 best solution, best possible 9 (189.76 seconds)
Cbc0010I After 912567 nodes, 69717 on tree, 12 best solution, best possible 9 (190.46 seconds)
Cbc0010I After 915989 nodes, 69720 on tree, 12 best solution, best possible 9 (191.16 seconds)
Cbc0010I After 919161 nodes, 69720 on tree, 12 best solution, best possible 9 (191.86 seconds)
Cbc0010I After 922568 nodes, 69717 on tree, 12 best solution, best possible 9 (192.56 seconds)
Cbc0010I After 925776 nodes, 69718 on tree, 12 best solution, best possible 9 (193.26 seconds)
Cbc0010I After 929076 nodes, 69717 on tree, 12 best solution, best possible 9 (193.96 seconds)
Cbc0010I After 932301 nodes, 69717 on tree, 12 best solution, best possible 9 (194.66 seconds)
Cbc0010I After 935520 nodes, 69716 on tree, 12 best solution, best possible 9 (195.36 seconds)
Cbc0010I After 939052 nodes, 69420 on tree, 12 best solution, best possible 9 (196.06 seconds)
Cbc0010I After 941852 nodes, 69816 on tree, 12 best solution, best possible 9 (196.76 seconds)
Cbc0010I After 945224 nodes, 69295 on tree, 12 best solution, best possible 9 (197.46 seconds)
Cbc0010I After 947727 nodes, 69356 on tree, 12 best solution, best possible 9 (198.16 seconds)
Cbc0010I After 950354 nodes, 69605 on tree, 12 best solution, best possible 9 (198.87 seconds)
Cbc0010I After 953478 nodes, 69031 on tree, 12 best solution, best possible 9 (199.57 seconds)
Cbc0010I After 955661 nodes, 69760 on tree, 12 best solution, best possible 9 (200.27 seconds)
Cbc0010I After 959084 nodes, 69428 on tree, 12 best solution, best possible 9 (200.97 seconds)
Cbc0010I After 961997 nodes, 69648 on tree, 12 best solution, best possible 9 (201.67 seconds)
Cbc0010I After 965404 nodes, 69460 on tree, 12 best solution, best possible 9 (202.37 seconds)
Cbc0010I After 968360 nodes, 69512 on tree, 12 best solution, best possible 9 (203.07 seconds)
Cbc0010I After 970913 nodes, 69860 on tree, 12 best solution, best possible 9 (203.77 seconds)
Cbc0010I After 974476 nodes, 69199 on tree, 12 best solution, best possible 9 (204.47 seconds)
Cbc0010I After 976716 nodes, 69638 on tree, 12 best solution, best possible 9 (205.17 seconds)
Cbc0010I After 979531 nodes, 69581 on tree, 12 best solution, best possible 9 (205.87 seconds)
Cbc0010I After 982491 nodes, 69312 on tree, 12 best solution, best possible 9 (206.57 seconds)
Cbc0010I After 985117 nodes, 69188 on tree, 12 best solution, best possible 9 (207.28 seconds)
Cbc0010I After 987427 nodes, 69476 on tree, 12 best solution, best possible 9 (207.98 seconds)
Cbc0010I After 990000 nodes, 69588 on tree, 12 best solution, best possible 9 (208.68 seconds)
Cbc0010I After 993344 nodes, 69210 on tree, 12 best solution, best possible 9 (209.38 seconds)
Cbc0010I After 995426 nodes, 69234 on tree, 12 best solution, best possible 9 (210.08 seconds)
Cbc0010I After 997907 nodes, 69320 on tree, 12 best solution, best possible 9 (210.78 seconds)
Cbc0010I After 1001153 nodes, 69277 on tree, 12 best solution, best possible 9 (211.48 seconds)
Cbc0010I After 1004430 nodes, 69276 on tree, 12 best solution, best possible 9 (212.18 seconds)
Cbc0010I After 1007000 nodes, 69383 on tree, 12 best solution, best possible 9 (212.89 seconds)
Cbc0010I After 1009905 nodes, 69388 on tree, 12 best solution, best possible 9 (213.59 seconds)
Cbc0010I After 1013105 nodes, 68902 on tree, 12 best solution, best possible 9 (214.29 seconds)
Cbc0010I After 1015334 nodes, 69237 on tree, 12 best solution, best possible 9 (214.99 seconds)
Cbc0010I After 1018062 nodes, 69070 on tree, 12 best solution, best possible 9 (215.69 seconds)
Cbc0010I After 1020338 nodes, 69333 on tree, 12 best solution, best possible 9 (216.39 seconds)
Cbc0010I After 1023125 nodes, 69327 on tree, 12 best solution, best possible 9 (217.09 seconds)
Cbc0010I After 1025913 nodes, 69194 on tree, 12 best solution, best possible 9 (217.79 seconds)
Cbc0010I After 1028585 nodes, 69029 on tree, 12 best solution, best possible 9 (218.49 seconds)
Cbc0010I After 1030787 nodes, 69209 on tree, 12 best solution, best possible 9 (219.20 seconds)
Cbc0010I After 1033215 nodes, 69233 on tree, 12 best solution, best possible 9 (219.90 seconds)
Cbc0010I After 1036031 nodes, 69148 on tree, 12 best solution, best possible 9 (220.60 seconds)
Cbc0010I After 1038351 nodes, 69186 on tree, 12 best solution, best possible 9 (221.30 seconds)
Cbc0010I After 1041120 nodes, 68782 on tree, 12 best solution, best possible 9 (222.00 seconds)
Cbc0010I After 1043032 nodes, 69115 on tree, 12 best solution, best possible 9 (222.70 seconds)
Cbc0010I After 1045375 nodes, 69014 on tree, 12 best solution, best possible 9 (223.40 seconds)
Cbc0010I After 1047417 nodes, 69299 on tree, 12 best solution, best possible 9 (224.10 seconds)
Cbc0010I After 1049773 nodes, 69199 on tree, 12 best solution, best possible 9 (224.80 seconds)
Cbc0010I After 1052197 nodes, 69187 on tree, 12 best solution, best possible 9 (225.50 seconds)
Cbc0010I After 1054639 nodes, 69352 on tree, 12 best solution, best possible 9 (226.20 seconds)
Cbc0010I After 1058092 nodes, 69349 on tree, 12 best solution, best possible 9 (226.90 seconds)
Cbc0010I After 1061161 nodes, 69226 on tree, 12 best solution, best possible 9 (227.60 seconds)
Cbc0010I After 1064041 nodes, 69279 on tree, 12 best solution, best possible 9 (228.31 seconds)
Cbc0010I After 1066701 nodes, 69471 on tree, 12 best solution, best possible 9 (229.01 seconds)
Cbc0010I After 1069520 nodes, 69310 on tree, 12 best solution, best possible 9 (229.71 seconds)
Cbc0010I After 1071991 nodes, 69334 on tree, 12 best solution, best possible 9 (230.41 seconds)
Cbc0010I After 1074520 nodes, 69180 on tree, 12 best solution, best possible 9 (231.11 seconds)
Cbc0010I After 1077070 nodes, 69078 on tree, 12 best solution, best possible 9 (231.81 seconds)
Cbc0010I After 1079247 nodes, 69238 on tree, 12 best solution, best possible 9 (232.51 seconds)
Cbc0010I After 1081558 nodes, 69185 on tree, 12 best solution, best possible 9 (233.21 seconds)
Cbc0010I After 1083917 nodes, 69346 on tree, 12 best solution, best possible 9 (233.91 seconds)
Cbc0010I After 1086766 nodes, 69436 on tree, 12 best solution, best possible 9 (234.61 seconds)
Cbc0010I After 1089509 nodes, 69372 on tree, 12 best solution, best possible 9 (235.31 seconds)
Cbc0010I After 1092531 nodes, 68918 on tree, 12 best solution, best possible 9 (236.01 seconds)
Cbc0010I After 1094330 nodes, 69076 on tree, 12 best solution, best possible 9 (236.71 seconds)
Cbc0010I After 1096478 nodes, 69268 on tree, 12 best solution, best possible 9 (237.41 seconds)
Cbc0010I After 1098678 nodes, 69350 on tree, 12 best solution, best possible 9 (238.12 seconds)
Cbc0010I After 1101432 nodes, 69100 on tree, 12 best solution, best possible 9 (238.82 seconds)
Cbc0010I After 1102991 nodes, 69480 on tree, 12 best solution, best possible 9 (239.52 seconds)
Cbc0010I After 1106899 nodes, 69316 on tree, 12 best solution, best possible 9 (240.22 seconds)
Cbc0010I After 1111107 nodes, 69319 on tree, 12 best solution, best possible 9 (240.92 seconds)
Cbc0010I After 1115011 nodes, 69319 on tree, 12 best solution, best possible 9 (241.62 seconds)
Cbc0010I After 1118643 nodes, 69317 on tree, 12 best solution, best possible 9 (242.32 seconds)
Cbc0010I After 1121984 nodes, 69317 on tree, 12 best solution, best possible 9 (243.02 seconds)
Cbc0010I After 1125664 nodes, 69320 on tree, 12 best solution, best possible 9 (243.72 seconds)
Cbc0010I After 1129046 nodes, 69319 on tree, 12 best solution, best possible 9 (244.42 seconds)
Cbc0010I After 1132500 nodes, 69317 on tree, 12 best solution, best possible 9 (245.12 seconds)
Cbc0010I After 1135836 nodes, 69317 on tree, 12 best solution, best possible 9 (245.82 seconds)
Cbc0010I After 1139568 nodes, 69317 on tree, 12 best solution, best possible 9 (246.53 seconds)
Cbc0010I After 1143420 nodes, 69317 on tree, 12 best solution, best possible 9 (247.23 seconds)
Cbc0010I After 1145988 nodes, 69878 on tree, 12 best solution, best possible 9 (247.93 seconds)
Cbc0010I After 1149582 nodes, 69565 on tree, 12 best solution, best possible 9 (248.63 seconds)
Cbc0010I After 1153117 nodes, 69403 on tree, 12 best solution, best possible 9 (249.33 seconds)
Cbc0010I After 1156012 nodes, 68886 on tree, 12 best solution, best possible 9 (250.03 seconds)
Cbc0010I After 1158101 nodes, 69160 on tree, 12 best solution, best possible 9 (250.73 seconds)
Cbc0010I After 1160973 nodes, 68674 on tree, 12 best solution, best possible 9 (251.43 seconds)
Cbc0010I After 1162955 nodes, 69000 on tree, 12 best solution, best possible 9 (252.13 seconds)
Cbc0010I After 1165294 nodes, 69064 on tree, 12 best solution, best possible 9 (252.83 seconds)
Cbc0010I After 1167176 nodes, 69348 on tree, 12 best solution, best possible 9 (253.53 seconds)
Cbc0010I After 1169735 nodes, 69327 on tree, 12 best solution, best possible 9 (254.23 seconds)
Cbc0010I After 1172676 nodes, 69095 on tree, 12 best solution, best possible 9 (254.93 seconds)
Cbc0010I After 1174379 nodes, 69149 on tree, 12 best solution, best possible 9 (255.64 seconds)
Cbc0010I After 1176611 nodes, 69202 on tree, 12 best solution, best possible 9 (256.34 seconds)
Cbc0010I After 1179685 nodes, 69069 on tree, 12 best solution, best possible 9 (257.04 seconds)
Cbc0010I After 1182579 nodes, 69136 on tree, 12 best solution, best possible 9 (257.74 seconds)
Cbc0010I After 1185019 nodes, 68976 on tree, 12 best solution, best possible 9 (258.44 seconds)
Cbc0010I After 1187815 nodes, 69202 on tree, 12 best solution, best possible 9 (259.14 seconds)
Cbc0010I After 1189876 nodes, 69490 on tree, 12 best solution, best possible 9 (259.84 seconds)
Cbc0010I After 1193250 nodes, 69307 on tree, 12 best solution, best possible 9 (260.54 seconds)
Cbc0010I After 1196003 nodes, 69536 on tree, 12 best solution, best possible 9 (261.24 seconds)
Cbc0010I After 1198836 nodes, 69417 on tree, 12 best solution, best possible 9 (261.94 seconds)
Cbc0010I After 1201685 nodes, 69320 on tree, 12 best solution, best possible 9 (262.64 seconds)
Cbc0010I After 1204111 nodes, 69636 on tree, 12 best solution, best possible 9 (263.34 seconds)
Cbc0010I After 1206773 nodes, 69707 on tree, 12 best solution, best possible 9 (264.04 seconds)
Cbc0010I After 1210037 nodes, 69210 on tree, 12 best solution, best possible 9 (264.74 seconds)
Cbc0010I After 1212498 nodes, 69409 on tree, 12 best solution, best possible 9 (265.45 seconds)
Cbc0010I After 1214972 nodes, 69549 on tree, 12 best solution, best possible 9 (266.15 seconds)
Cbc0010I After 1218030 nodes, 69190 on tree, 12 best solution, best possible 9 (266.85 seconds)
Cbc0010I After 1220883 nodes, 68797 on tree, 12 best solution, best possible 9 (267.55 seconds)
Cbc0010I After 1222996 nodes, 68932 on tree, 12 best solution, best possible 9 (268.25 seconds)
Cbc0010I After 1225186 nodes, 68693 on tree, 12 best solution, best possible 9 (268.95 seconds)
Cbc0010I After 1227192 nodes, 68969 on tree, 12 best solution, best possible 9 (269.65 seconds)
Cbc0010I After 1229489 nodes, 68733 on tree, 12 best solution, best possible 9 (270.35 seconds)
Cbc0010I After 1231362 nodes, 69003 on tree, 12 best solution, best possible 9 (271.05 seconds)
Cbc0010I After 1233486 nodes, 68941 on tree, 12 best solution, best possible 9 (271.75 seconds)
Cbc0010I After 1235849 nodes, 69211 on tree, 12 best solution, best possible 9 (272.45 seconds)
Cbc0010I After 1238008 nodes, 69260 on tree, 12 best solution, best possible 9 (273.15 seconds)
Cbc0010I After 1240924 nodes, 69561 on tree, 12 best solution, best possible 9 (273.86 seconds)
Cbc0010I After 1243676 nodes, 69697 on tree, 12 best solution, best possible 9 (274.56 seconds)
Cbc0010I After 1246795 nodes, 69608 on tree, 12 best solution, best possible 9 (275.26 seconds)
Cbc0010I After 1249652 nodes, 69347 on tree, 12 best solution, best possible 9 (275.96 seconds)
Cbc0010I After 1251968 nodes, 69730 on tree, 12 best solution, best possible 9 (276.66 seconds)
Cbc0010I After 1255731 nodes, 69677 on tree, 12 best solution, best possible 9 (277.36 seconds)
Cbc0010I After 1259406 nodes, 69598 on tree, 12 best solution, best possible 9 (278.06 seconds)
Cbc0010I After 1263053 nodes, 69359 on tree, 12 best solution, best possible 9 (278.76 seconds)
Cbc0010I After 1265784 nodes, 68696 on tree, 12 best solution, best possible 9 (279.46 seconds)
Cbc0010I After 1267683 nodes, 69619 on tree, 12 best solution, best possible 9 (280.16 seconds)
Cbc0010I After 1271072 nodes, 69194 on tree, 12 best solution, best possible 9 (280.86 seconds)
Cbc0010I After 1273793 nodes, 69309 on tree, 12 best solution, best possible 9 (281.56 seconds)
Cbc0010I After 1276322 nodes, 69697 on tree, 12 best solution, best possible 9 (282.26 seconds)
Cbc0010I After 1279867 nodes, 69295 on tree, 12 best solution, best possible 9 (282.97 seconds)
Cbc0010I After 1284146 nodes, 69296 on tree, 12 best solution, best possible 9 (283.67 seconds)
Cbc0010I After 1287619 nodes, 69296 on tree, 12 best solution, best possible 9 (284.37 seconds)
Cbc0010I After 1290948 nodes, 69295 on tree, 12 best solution, best possible 9 (285.07 seconds)
Cbc0010I After 1294304 nodes, 69296 on tree, 12 best solution, best possible 9 (285.77 seconds)
Cbc0010I After 1297816 nodes, 69295 on tree, 12 best solution, best possible 9 (286.47 seconds)
Cbc0010I After 1301359 nodes, 69295 on tree, 12 best solution, best possible 9 (287.17 seconds)
Cbc0010I After 1304829 nodes, 69296 on tree, 12 best solution, best possible 9 (287.87 seconds)
Cbc0010I After 1308470 nodes, 69293 on tree, 12 best solution, best possible 9 (288.57 seconds)
Cbc0010I After 1310931 nodes, 69837 on tree, 12 best solution, best possible 9 (289.27 seconds)
Cbc0010I After 1314379 nodes, 69702 on tree, 12 best solution, best possible 9 (289.97 seconds)
Cbc0010I After 1317890 nodes, 69327 on tree, 12 best solution, best possible 9 (290.67 seconds)
Cbc0010I After 1320419 nodes, 69706 on tree, 12 best solution, best possible 9 (291.37 seconds)
Cbc0010I After 1324167 nodes, 68749 on tree, 12 best solution, best possible 9 (292.07 seconds)
Cbc0010I After 1326654 nodes, 68475 on tree, 12 best solution, best possible 9 (292.78 seconds)
Cbc0010I After 1329110 nodes, 68536 on tree, 12 best solution, best possible 9 (293.48 seconds)
Cbc0010I After 1330794 nodes, 69085 on tree, 12 best solution, best possible 9 (294.18 seconds)
Cbc0010I After 1333259 nodes, 69395 on tree, 12 best solution, best possible 9 (294.88 seconds)
Cbc0010I After 1336000 nodes, 69198 on tree, 12 best solution, best possible 9 (295.58 seconds)
Cbc0010I After 1337990 nodes, 69427 on tree, 12 best solution, best possible 9 (296.29 seconds)
Cbc0010I After 1341109 nodes, 69134 on tree, 12 best solution, best possible 9 (296.99 seconds)
Cbc0010I After 1343450 nodes, 69209 on tree, 12 best solution, best possible 9 (297.69 seconds)
Cbc0010I After 1345633 nodes, 69245 on tree, 12 best solution, best possible 9 (298.39 seconds)
Cbc0010I After 1347785 nodes, 69538 on tree, 12 best solution, best possible 9 (299.09 seconds)
Cbc0010I After 1350587 nodes, 69358 on tree, 12 best solution, best possible 9 (299.79 seconds)
Cbc0010I After 1353500 nodes, 69374 on tree, 12 best solution, best possible 9 (300.49 seconds)
Cbc0010I After 1356649 nodes, 68910 on tree, 12 best solution, best possible 9 (301.19 seconds)
Cbc0010I After 1358819 nodes, 68899 on tree, 12 best solution, best possible 9 (301.89 seconds)
Cbc0010I After 1361474 nodes, 68199 on tree, 12 best solution, best possible 9 (302.59 seconds)
Cbc0010I After 1363491 nodes, 68414 on tree, 12 best solution, best possible 9 (303.29 seconds)
Cbc0010I After 1365895 nodes, 68078 on tree, 12 best solution, best possible 9 (303.99 seconds)
Cbc0010I After 1367990 nodes, 68393 on tree, 12 best solution, best possible 9 (304.69 seconds)
Cbc0010I After 1370265 nodes, 68766 on tree, 12 best solution, best possible 9 (305.40 seconds)
Cbc0010I After 1372568 nodes, 68895 on tree, 12 best solution, best possible 9 (306.10 seconds)
Cbc0010I After 1374723 nodes, 69374 on tree, 12 best solution, best possible 9 (306.80 seconds)
Cbc0010I After 1377567 nodes, 69301 on tree, 12 best solution, best possible 9 (307.50 seconds)
Cbc0010I After 1380804 nodes, 69081 on tree, 12 best solution, best possible 9 (308.20 seconds)
Cbc0010I After 1383115 nodes, 69190 on tree, 12 best solution, best possible 9 (308.90 seconds)
Cbc0010I After 1385654 nodes, 69204 on tree, 12 best solution, best possible 9 (309.60 seconds)
Cbc0010I After 1388234 nodes, 69271 on tree, 12 best solution, best possible 9 (310.30 seconds)
Cbc0010I After 1390285 nodes, 69322 on tree, 12 best solution, best possible 9 (311.00 seconds)
Cbc0010I After 1393248 nodes, 69190 on tree, 12 best solution, best possible 9 (311.70 seconds)
Cbc0010I After 1396016 nodes, 69030 on tree, 12 best solution, best possible 9 (312.40 seconds)
Cbc0010I After 1398224 nodes, 69272 on tree, 12 best solution, best possible 9 (313.10 seconds)
Cbc0010I After 1401062 nodes, 68567 on tree, 12 best solution, best possible 9 (313.81 seconds)
Cbc0010I After 1402968 nodes, 69112 on tree, 12 best solution, best possible 9 (314.51 seconds)
Cbc0010I After 1405439 nodes, 68868 on tree, 12 best solution, best possible 9 (315.21 seconds)
Cbc0010I After 1407349 nodes, 69187 on tree, 12 best solution, best possible 9 (315.91 seconds)
Cbc0010I After 1409614 nodes, 69452 on tree, 12 best solution, best possible 9 (316.61 seconds)
Cbc0010I After 1412431 nodes, 69137 on tree, 12 best solution, best possible 9 (317.31 seconds)
Cbc0010I After 1414255 nodes, 69480 on tree, 12 best solution, best possible 9 (318.01 seconds)
Cbc0010I After 1417186 nodes, 69068 on tree, 12 best solution, best possible 9 (318.71 seconds)
Cbc0010I After 1419088 nodes, 69199 on tree, 12 best solution, best possible 9 (319.41 seconds)
Cbc0010I After 1421408 nodes, 68837 on tree, 12 best solution, best possible 9 (320.11 seconds)
Cbc0010I After 1422757 nodes, 69242 on tree, 12 best solution, best possible 9 (320.81 seconds)
Cbc0010I After 1425241 nodes, 68962 on tree, 12 best solution, best possible 9 (321.51 seconds)
Cbc0010I After 1426628 nodes, 69411 on tree, 12 best solution, best possible 9.3333333 (322.22 seconds)
Cbc0010I After 1429535 nodes, 69359 on tree, 12 best solution, best possible 9.3333333 (322.92 seconds)
Cbc0010I After 1432220 nodes, 69104 on tree, 12 best solution, best possible 9.4 (323.62 seconds)
Cbc0010I After 1434137 nodes, 69531 on tree, 12 best solution, best possible 9.5 (324.32 seconds)
Cbc0010I After 1437635 nodes, 69513 on tree, 12 best solution, best possible 9.5 (325.02 seconds)
Cbc0010I After 1441308 nodes, 69512 on tree, 12 best solution, best possible 9.5 (325.72 seconds)
Cbc0010I After 1444798 nodes, 69433 on tree, 12 best solution, best possible 9.5 (326.42 seconds)
Cbc0010I After 1447738 nodes, 69178 on tree, 12 best solution, best possible 9.5 (327.12 seconds)
Cbc0010I After 1450134 nodes, 69009 on tree, 12 best solution, best possible 9.5 (327.82 seconds)
Cbc0010I After 1452707 nodes, 68795 on tree, 12 best solution, best possible 9.5 (328.52 seconds)
Cbc0010I After 1454627 nodes, 69049 on tree, 12 best solution, best possible 9.5 (329.22 seconds)
Cbc0010I After 1457335 nodes, 68786 on tree, 12 best solution, best possible 9.5 (329.92 seconds)
Cbc0010I After 1459345 nodes, 69121 on tree, 12 best solution, best possible 9.5 (330.62 seconds)
Cbc0010I After 1461681 nodes, 69247 on tree, 12 best solution, best possible 9.5 (331.33 seconds)
Cbc0010I After 1464000 nodes, 69343 on tree, 12 best solution, best possible 9.5 (332.03 seconds)
Cbc0010I After 1466310 nodes, 69266 on tree, 12 best solution, best possible 9.6666667 (332.73 seconds)
Cbc0010I After 1469203 nodes, 68990 on tree, 12 best solution, best possible 9.6666667 (333.43 seconds)
Cbc0010I After 1471502 nodes, 69247 on tree, 12 best solution, best possible 9.6666667 (334.13 seconds)
Cbc0010I After 1474378 nodes, 68926 on tree, 12 best solution, best possible 9.6666667 (334.83 seconds)
Cbc0010I After 1477125 nodes, 68533 on tree, 12 best solution, best possible 9.6666667 (335.54 seconds)
Cbc0010I After 1478803 nodes, 68907 on tree, 12 best solution, best possible 9.75 (336.24 seconds)
Cbc0010I After 1481319 nodes, 68560 on tree, 12 best solution, best possible 9.8666667 (336.94 seconds)
Cbc0010I After 1483421 nodes, 68728 on tree, 12 best solution, best possible 10 (337.64 seconds)
Cbc0010I After 1485943 nodes, 68699 on tree, 12 best solution, best possible 10 (338.34 seconds)
Cbc0010I After 1488148 nodes, 68891 on tree, 12 best solution, best possible 10 (339.04 seconds)
Cbc0010I After 1490584 nodes, 68968 on tree, 12 best solution, best possible 10 (339.74 seconds)
Cbc0010I After 1493065 nodes, 68901 on tree, 12 best solution, best possible 10 (340.44 seconds)
Cbc0010I After 1495371 nodes, 69126 on tree, 12 best solution, best possible 10 (341.14 seconds)
Cbc0010I After 1497758 nodes, 69204 on tree, 12 best solution, best possible 10 (341.84 seconds)
Cbc0010I After 1500590 nodes, 68877 on tree, 12 best solution, best possible 10 (342.54 seconds)
Cbc0010I After 1502700 nodes, 69198 on tree, 12 best solution, best possible 10 (343.24 seconds)
Cbc0010I After 1505300 nodes, 69076 on tree, 12 best solution, best possible 10 (343.94 seconds)
Cbc0010I After 1507536 nodes, 69301 on tree, 12 best solution, best possible 10 (344.64 seconds)
Cbc0010I After 1510066 nodes, 69251 on tree, 12 best solution, best possible 10 (345.34 seconds)
Cbc0010I After 1513077 nodes, 68589 on tree, 12 best solution, best possible 10 (346.05 seconds)
Cbc0010I After 1515186 nodes, 68800 on tree, 12 best solution, best possible 10 (346.75 seconds)
Cbc0010I After 1517692 nodes, 68680 on tree, 12 best solution, best possible 10 (347.45 seconds)
Cbc0010I After 1519894 nodes, 68811 on tree, 12 best solution, best possible 10 (348.15 seconds)
Cbc0010I After 1522506 nodes, 68599 on tree, 12 best solution, best possible 10 (348.85 seconds)
Cbc0010I After 1525195 nodes, 68379 on tree, 12 best solution, best possible 10 (349.55 seconds)
Cbc0010I After 1527246 nodes, 69076 on tree, 12 best solution, best possible 10 (350.25 seconds)
Cbc0010I After 1529610 nodes, 69589 on tree, 12 best solution, best possible 10 (350.95 seconds)
Cbc0010I After 1533125 nodes, 68838 on tree, 12 best solution, best possible 10 (351.65 seconds)
Cbc0010I After 1535780 nodes, 69302 on tree, 12 best solution, best possible 10 (352.35 seconds)
Cbc0010I After 1538916 nodes, 69364 on tree, 12 best solution, best possible 10 (353.05 seconds)
Cbc0010I After 1541652 nodes, 68868 on tree, 12 best solution, best possible 10 (353.76 seconds)
Cbc0010I After 1543763 nodes, 69142 on tree, 12 best solution, best possible 10 (354.46 seconds)
Cbc0010I After 1546324 nodes, 68630 on tree, 12 best solution, best possible 10 (355.16 seconds)
Cbc0010I After 1548956 nodes, 68131 on tree, 12 best solution, best possible 10 (355.86 seconds)
Cbc0010I After 1551065 nodes, 68040 on tree, 12 best solution, best possible 10 (356.56 seconds)
Cbc0010I After 1553520 nodes, 67661 on tree, 12 best solution, best possible 10 (357.26 seconds)
Cbc0010I After 1555695 nodes, 67675 on tree, 12 best solution, best possible 10 (357.96 seconds)
Cbc0010I After 1558146 nodes, 67952 on tree, 12 best solution, best possible 10 (358.66 seconds)
Cbc0010I After 1560823 nodes, 68089 on tree, 12 best solution, best possible 10 (359.36 seconds)
Cbc0010I After 1563066 nodes, 68998 on tree, 12 best solution, best possible 10 (360.06 seconds)
Cbc0010I After 1565471 nodes, 69352 on tree, 12 best solution, best possible 10 (360.76 seconds)
Cbc0010I After 1569104 nodes, 68015 on tree, 12 best solution, best possible 10 (361.47 seconds)
Cbc0010I After 1571627 nodes, 68129 on tree, 12 best solution, best possible 10 (362.17 seconds)
Cbc0010I After 1574300 nodes, 67768 on tree, 12 best solution, best possible 10 (362.87 seconds)
Cbc0010I After 1577712 nodes, 66289 on tree, 12 best solution, best possible 10 (363.57 seconds)
Cbc0010I After 1581040 nodes, 64678 on tree, 12 best solution, best possible 10 (364.27 seconds)
Cbc0010I After 1582948 nodes, 65516 on tree, 12 best solution, best possible 10 (364.97 seconds)
Cbc0010I After 1585153 nodes, 65989 on tree, 12 best solution, best possible 10 (365.67 seconds)
Cbc0010I After 1587203 nodes, 66853 on tree, 12 best solution, best possible 10 (366.37 seconds)
Cbc0010I After 1589590 nodes, 67013 on tree, 12 best solution, best possible 10 (367.07 seconds)
Cbc0010I After 1591586 nodes, 67908 on tree, 12 best solution, best possible 10 (367.77 seconds)
Cbc0010I After 1593712 nodes, 68486 on tree, 12 best solution, best possible 10 (368.47 seconds)
Cbc0010I After 1595809 nodes, 69173 on tree, 12 best solution, best possible 10 (369.17 seconds)
Cbc0010I After 1598358 nodes, 68783 on tree, 12 best solution, best possible 10 (369.87 seconds)
Cbc0010I After 1600967 nodes, 68637 on tree, 12 best solution, best possible 10 (370.58 seconds)
Cbc0010I After 1603419 nodes, 68809 on tree, 12 best solution, best possible 10 (371.28 seconds)
Cbc0010I After 1606014 nodes, 68682 on tree, 12 best solution, best possible 10 (371.98 seconds)
Cbc0010I After 1608767 nodes, 68633 on tree, 12 best solution, best possible 10 (372.68 seconds)
Cbc0010I After 1611237 nodes, 68933 on tree, 12 best solution, best possible 10 (373.38 seconds)
Cbc0010I After 1613799 nodes, 68538 on tree, 12 best solution, best possible 10 (374.08 seconds)
Cbc0010I After 1616349 nodes, 68626 on tree, 12 best solution, best possible 10 (374.78 seconds)
Cbc0010I After 1618796 nodes, 68571 on tree, 12 best solution, best possible 10 (375.48 seconds)
Cbc0010I After 1621289 nodes, 68395 on tree, 12 best solution, best possible 10 (376.18 seconds)
Cbc0010I After 1623822 nodes, 68488 on tree, 12 best solution, best possible 10 (376.88 seconds)
Cbc0010I After 1626396 nodes, 68261 on tree, 12 best solution, best possible 10 (377.58 seconds)
Cbc0010I After 1628955 nodes, 68209 on tree, 12 best solution, best possible 10 (378.28 seconds)
Cbc0010I After 1631330 nodes, 68283 on tree, 12 best solution, best possible 10 (378.98 seconds)
Cbc0010I After 1633716 nodes, 68104 on tree, 12 best solution, best possible 10 (379.68 seconds)
Cbc0010I After 1636183 nodes, 68082 on tree, 12 best solution, best possible 10 (380.39 seconds)
Cbc0010I After 1638586 nodes, 67938 on tree, 12 best solution, best possible 10 (381.09 seconds)
Cbc0010I After 1641067 nodes, 67792 on tree, 12 best solution, best possible 10 (381.79 seconds)
Cbc0010I After 1643414 nodes, 67952 on tree, 12 best solution, best possible 10 (382.49 seconds)
Cbc0010I After 1645691 nodes, 67834 on tree, 12 best solution, best possible 10 (383.19 seconds)
Cbc0010I After 1648165 nodes, 67808 on tree, 12 best solution, best possible 10 (383.89 seconds)
Cbc0010I After 1650918 nodes, 67709 on tree, 12 best solution, best possible 10 (384.59 seconds)
Cbc0010I After 1653697 nodes, 67541 on tree, 12 best solution, best possible 10 (385.29 seconds)
Cbc0010I After 1656412 nodes, 67429 on tree, 12 best solution, best possible 10 (385.99 seconds)
Cbc0010I After 1659294 nodes, 67002 on tree, 12 best solution, best possible 10 (386.69 seconds)
Cbc0010I After 1662132 nodes, 66959 on tree, 12 best solution, best possible 10 (387.39 seconds)
Cbc0010I After 1665110 nodes, 66798 on tree, 12 best solution, best possible 10 (388.09 seconds)
Cbc0010I After 1667620 nodes, 66822 on tree, 12 best solution, best possible 10 (388.79 seconds)
Cbc0010I After 1670553 nodes, 66698 on tree, 12 best solution, best possible 10 (389.49 seconds)
Cbc0010I After 1673461 nodes, 66448 on tree, 12 best solution, best possible 10 (390.19 seconds)
Cbc0010I After 1675490 nodes, 67078 on tree, 12 best solution, best possible 10 (390.90 seconds)
Cbc0010I After 1677906 nodes, 67515 on tree, 12 best solution, best possible 10 (391.60 seconds)
Cbc0010I After 1680679 nodes, 67287 on tree, 12 best solution, best possible 10 (392.30 seconds)
Cbc0010I After 1683094 nodes, 67245 on tree, 12 best solution, best possible 10 (393.00 seconds)
Cbc0010I After 1685604 nodes, 67247 on tree, 12 best solution, best possible 10 (393.70 seconds)
Cbc0010I After 1688150 nodes, 67077 on tree, 12 best solution, best possible 10 (394.40 seconds)
Cbc0010I After 1690555 nodes, 67247 on tree, 12 best solution, best possible 10 (395.10 seconds)
Cbc0010I After 1693539 nodes, 67483 on tree, 12 best solution, best possible 10 (395.80 seconds)
Cbc0010I After 1696141 nodes, 68262 on tree, 12 best solution, best possible 10 (396.50 seconds)
Cbc0010I After 1698618 nodes, 68834 on tree, 12 best solution, best possible 10 (397.20 seconds)
Cbc0010I After 1701457 nodes, 68833 on tree, 12 best solution, best possible 10 (397.90 seconds)
Cbc0010I After 1704889 nodes, 68398 on tree, 12 best solution, best possible 10 (398.60 seconds)
Cbc0010I After 1707352 nodes, 69113 on tree, 12 best solution, best possible 10 (399.30 seconds)
Cbc0010I After 1710110 nodes, 69042 on tree, 12 best solution, best possible 10 (400.00 seconds)
Cbc0010I After 1713272 nodes, 69347 on tree, 12 best solution, best possible 10 (400.71 seconds)
Cbc0010I After 1717008 nodes, 68589 on tree, 12 best solution, best possible 10 (401.41 seconds)
Cbc0010I After 1719411 nodes, 69331 on tree, 12 best solution, best possible 10 (402.11 seconds)
Cbc0010I After 1722342 nodes, 69392 on tree, 12 best solution, best possible 10 (402.81 seconds)
Cbc0010I After 1727087 nodes, 69005 on tree, 12 best solution, best possible 10 (403.51 seconds)
Cbc0010I After 1729951 nodes, 68871 on tree, 12 best solution, best possible 10 (404.21 seconds)
Cbc0010I After 1733132 nodes, 68617 on tree, 12 best solution, best possible 10 (404.91 seconds)
Cbc0010I After 1736000 nodes, 68816 on tree, 12 best solution, best possible 10 (405.61 seconds)
Cbc0010I After 1739084 nodes, 68583 on tree, 12 best solution, best possible 10 (406.31 seconds)
Cbc0010I After 1741952 nodes, 68764 on tree, 12 best solution, best possible 10 (407.02 seconds)
Cbc0010I After 1745183 nodes, 68590 on tree, 12 best solution, best possible 10 (407.72 seconds)
Cbc0010I After 1748145 nodes, 68933 on tree, 12 best solution, best possible 10 (408.42 seconds)
Cbc0010I After 1751589 nodes, 67527 on tree, 12 best solution, best possible 10 (409.12 seconds)
Cbc0010I After 1754828 nodes, 66368 on tree, 12 best solution, best possible 10 (409.82 seconds)
Cbc0010I After 1758012 nodes, 65200 on tree, 12 best solution, best possible 10 (410.52 seconds)
Cbc0010I After 1761632 nodes, 63418 on tree, 12 best solution, best possible 10 (411.22 seconds)
Cbc0010I After 1765284 nodes, 61570 on tree, 12 best solution, best possible 10 (411.92 seconds)
Cbc0010I After 1769028 nodes, 59732 on tree, 12 best solution, best possible 10 (412.62 seconds)
Cbc0010I After 1772581 nodes, 58175 on tree, 12 best solution, best possible 10 (413.32 seconds)
Cbc0010I After 1775665 nodes, 57112 on tree, 12 best solution, best possible 10 (414.02 seconds)
Cbc0010I After 1779356 nodes, 55382 on tree, 12 best solution, best possible 10 (414.72 seconds)
Cbc0010I After 1783077 nodes, 53680 on tree, 12 best solution, best possible 10 (415.42 seconds)
Cbc0010I After 1786924 nodes, 51950 on tree, 12 best solution, best possible 10 (416.12 seconds)
Cbc0010I After 1790314 nodes, 50593 on tree, 12 best solution, best possible 10 (416.82 seconds)
Cbc0010I After 1793682 nodes, 49159 on tree, 12 best solution, best possible 10 (417.52 seconds)
Cbc0010I After 1797299 nodes, 47570 on tree, 12 best solution, best possible 10 (418.23 seconds)
Cbc0010I After 1799948 nodes, 47356 on tree, 12 best solution, best possible 10 (418.93 seconds)
Cbc0010I After 1802761 nodes, 46938 on tree, 12 best solution, best possible 10 (419.63 seconds)
Cbc0010I After 1805296 nodes, 46870 on tree, 12 best solution, best possible 10 (420.33 seconds)
Cbc0010I After 1807892 nodes, 46970 on tree, 12 best solution, best possible 10 (421.03 seconds)
Cbc0010I After 1810519 nodes, 46665 on tree, 12 best solution, best possible 10 (421.73 seconds)
Cbc0010I After 1813058 nodes, 46898 on tree, 12 best solution, best possible 10 (422.43 seconds)
Cbc0010I After 1815156 nodes, 47309 on tree, 12 best solution, best possible 10 (423.13 seconds)
Cbc0010I After 1817813 nodes, 46979 on tree, 12 best solution, best possible 10 (423.83 seconds)
Cbc0010I After 1820380 nodes, 46868 on tree, 12 best solution, best possible 10 (424.53 seconds)
Cbc0010I After 1823265 nodes, 45727 on tree, 12 best solution, best possible 10 (425.23 seconds)
Cbc0010I After 1826167 nodes, 44540 on tree, 12 best solution, best possible 10 (425.93 seconds)
Cbc0010I After 1829508 nodes, 42971 on tree, 12 best solution, best possible 10 (426.63 seconds)
Cbc0010I After 1832229 nodes, 42596 on tree, 12 best solution, best possible 10 (427.33 seconds)
Cbc0010I After 1835476 nodes, 42570 on tree, 12 best solution, best possible 10 (428.03 seconds)
Cbc0010I After 1838887 nodes, 42305 on tree, 12 best solution, best possible 10 (428.73 seconds)
Cbc0010I After 1841836 nodes, 42584 on tree, 12 best solution, best possible 10 (429.44 seconds)
Cbc0010I After 1845054 nodes, 42158 on tree, 12 best solution, best possible 10 (430.14 seconds)
Cbc0010I After 1847652 nodes, 42609 on tree, 12 best solution, best possible 10 (430.84 seconds)
Cbc0010I After 1850467 nodes, 42606 on tree, 12 best solution, best possible 10 (431.54 seconds)
Cbc0010I After 1853498 nodes, 42967 on tree, 12 best solution, best possible 10 (432.24 seconds)
Cbc0010I After 1856593 nodes, 43180 on tree, 12 best solution, best possible 10 (432.94 seconds)
Cbc0010I After 1859291 nodes, 43366 on tree, 12 best solution, best possible 10 (433.64 seconds)
Cbc0010I After 1862061 nodes, 43085 on tree, 12 best solution, best possible 10 (434.34 seconds)
Cbc0010I After 1865465 nodes, 42615 on tree, 12 best solution, best possible 10 (435.04 seconds)
Cbc0010I After 1868359 nodes, 42631 on tree, 12 best solution, best possible 10 (435.74 seconds)
Cbc0010I After 1871482 nodes, 42482 on tree, 12 best solution, best possible 10 (436.44 seconds)
Cbc0010I After 1874524 nodes, 42132 on tree, 12 best solution, best possible 10 (437.14 seconds)
Cbc0010I After 1877520 nodes, 41933 on tree, 12 best solution, best possible 10 (437.84 seconds)
Cbc0010I After 1881153 nodes, 40335 on tree, 12 best solution, best possible 10 (438.54 seconds)
Cbc0010I After 1884156 nodes, 39311 on tree, 12 best solution, best possible 10 (439.24 seconds)
Cbc0010I After 1887078 nodes, 38619 on tree, 12 best solution, best possible 10 (439.94 seconds)
Cbc0010I After 1889885 nodes, 37752 on tree, 12 best solution, best possible 10 (440.64 seconds)
Cbc0010I After 1893418 nodes, 36132 on tree, 12 best solution, best possible 10 (441.34 seconds)
Cbc0010I After 1897061 nodes, 34429 on tree, 12 best solution, best possible 10 (442.04 seconds)
Cbc0010I After 1900163 nodes, 33383 on tree, 12 best solution, best possible 10 (442.74 seconds)
Cbc0010I After 1903176 nodes, 32607 on tree, 12 best solution, best possible 10 (443.45 seconds)
Cbc0010I After 1906746 nodes, 31159 on tree, 12 best solution, best possible 10 (444.15 seconds)
Cbc0010I After 1910029 nodes, 30049 on tree, 12 best solution, best possible 10 (444.85 seconds)
Cbc0010I After 1913461 nodes, 28565 on tree, 12 best solution, best possible 10 (445.55 seconds)
Cbc0010I After 1916648 nodes, 27203 on tree, 12 best solution, best possible 10 (446.25 seconds)
Cbc0010I After 1919093 nodes, 26812 on tree, 12 best solution, best possible 10 (446.95 seconds)
Cbc0010I After 1921968 nodes, 25998 on tree, 12 best solution, best possible 10 (447.65 seconds)
Cbc0010I After 1925377 nodes, 24751 on tree, 12 best solution, best possible 10 (448.35 seconds)
Cbc0010I After 1927997 nodes, 24499 on tree, 12 best solution, best possible 10 (449.05 seconds)
Cbc0010I After 1930189 nodes, 24635 on tree, 12 best solution, best possible 10 (449.75 seconds)
Cbc0010I After 1933295 nodes, 23657 on tree, 12 best solution, best possible 10 (450.45 seconds)
Cbc0010I After 1935764 nodes, 23491 on tree, 12 best solution, best possible 10 (451.15 seconds)
Cbc0010I After 1937994 nodes, 23616 on tree, 12 best solution, best possible 10 (451.85 seconds)
Cbc0010I After 1941122 nodes, 23018 on tree, 12 best solution, best possible 10.066667 (452.55 seconds)
Cbc0010I After 1943636 nodes, 22964 on tree, 12 best solution, best possible 10.333333 (453.25 seconds)
Cbc0010I After 1946671 nodes, 21750 on tree, 12 best solution, best possible 10.428571 (453.95 seconds)
Cbc0010I After 1949872 nodes, 20370 on tree, 12 best solution, best possible 10.5 (454.65 seconds)
Cbc0010I After 1953540 nodes, 19713 on tree, 12 best solution, best possible 10.5 (455.35 seconds)
Cbc0010I After 1957262 nodes, 19062 on tree, 12 best solution, best possible 10.5 (456.05 seconds)
Cbc0010I After 1960888 nodes, 18454 on tree, 12 best solution, best possible 10.5 (456.75 seconds)
Cbc0010I After 1964062 nodes, 18289 on tree, 12 best solution, best possible 10.5 (457.45 seconds)
Cbc0010I After 1967190 nodes, 17856 on tree, 12 best solution, best possible 10.5 (458.15 seconds)
Cbc0010I After 1970466 nodes, 16998 on tree, 12 best solution, best possible 10.5 (458.85 seconds)
Cbc0010I After 1973799 nodes, 16275 on tree, 12 best solution, best possible 10.571429 (459.56 seconds)
Cbc0010I After 1977681 nodes, 14135 on tree, 12 best solution, best possible 10.666667 (460.26 seconds)
Cbc0010I After 1981741 nodes, 11731 on tree, 12 best solution, best possible 10.666667 (460.96 seconds)
Cbc0010I After 1986224 nodes, 8806 on tree, 12 best solution, best possible 10.833333 (461.66 seconds)
Cbc0010I After 1989677 nodes, 7882 on tree, 12 best solution, best possible 11 (462.36 seconds)
Cbc0010I After 1993512 nodes, 6073 on tree, 12 best solution, best possible 11 (463.06 seconds)
Cbc0010I After 1997122 nodes, 5784 on tree, 12 best solution, best possible 11 (463.76 seconds)
Cbc0010I After 2001410 nodes, 3380 on tree, 12 best solution, best possible 11 (464.46 seconds)
Cbc0010I After 2005015 nodes, 1922 on tree, 12 best solution, best possible 11 (465.16 seconds)
Cbc0010I After 2008308 nodes, 755 on tree, 12 best solution, best possible 11 (465.86 seconds)
Cbc0030I Thread 0 used 2010404 times,  waiting to start 4.2171688, 446.35662 cpu time, 11775592 locks, 42.972469 locked, 0.75222206 waiting for locks
Cbc0030I Main thread 437.91034 waiting for threads,  14075532 locks, 10.8792 locked, 0.87893009 waiting for locks
Cbc0001I Search completed - best objective 12, took 4395100 iterations and 2010404 nodes (466.41 seconds)
Cbc0032I Strong branching done 1318018 times (4365402 iterations), fathomed 231182 nodes and fixed 309601 variables
Cbc0035I Maximum depth 68, 19454835 variables fixed on reduced cost
