Starting solution of the Linear programming relaxation problem using Primal Simplex

Coin0506I Presolve 73 (0) rows, 144 (-220) columns and 444 (-220) elements
Clp1000I sum of infeasibilities 1.19546e-10 - average 1.63762e-12, 132 fixed columns
Coin0506I Presolve 0 (-73) rows, 0 (-144) columns and 0 (-444) elements
Clp0000I Optimal - objective value 1
Clp0000I Optimal - objective value 1
Coin0511I After Postsolve, objective 1, infeasibilities - dual 0 (0), primal 0 (0)
Clp0006I 0  Obj 1
Clp0000I Optimal - objective value 1
Clp0000I Optimal - objective value 1
Coin0511I After Postsolve, objective 1, infeasibilities - dual 0 (0), primal 0 (0)
Clp0032I Optimal objective 1 - 0 iterations time 0.002, Presolve 0.00, Idiot 0.00

Starting MIP optimization
Cbc0045I Nauty: 260 orbits (144 useful covering 288 variables), 1 generators, group size: 2 - sparse size 2788 - took 0.000878 seconds
Cbc0038I Initial state - 3 integers unsatisfied sum - 1.5
Cbc0038I Pass   1: suminf.    0.00000 (0) obj. 1 iterations 4
Cbc0038I Pass   2: suminf.    0.00000 (0) obj. 1 iterations 0
Cbc0038I Pass   3: suminf.    0.00000 (0) obj. 1 iterations 0
Cbc0038I Pass   4: suminf.    3.00000 (6) obj. 36 iterations 98
Cbc0038I Pass   5: suminf.    0.50000 (1) obj. 36 iterations 7
Cbc0038I Pass   6: suminf.    0.00000 (0) obj. 36 iterations 1
Cbc0038I Pass   7: suminf.    0.00000 (0) obj. 36 iterations 0
Cbc0038I Pass   8: suminf.    0.00000 (0) obj. 36 iterations 0
Cbc0038I Pass   9: suminf.    0.00000 (0) obj. 36 iterations 0
Cbc0038I Pass  10: suminf.    0.00000 (0) obj. 36 iterations 0
Cbc0038I Pass  11: suminf.    0.00000 (0) obj. 36 iterations 0
Cbc0038I Pass  12: suminf.    0.00000 (0) obj. 36 iterations 0
Cbc0038I Pass  13: suminf.    0.00000 (0) obj. 36 iterations 0
Cbc0038I Pass  14: suminf.    3.50000 (7) obj. 41 iterations 43
Cbc0038I Pass  15: suminf.    0.50000 (1) obj. 41 iterations 7
Cbc0038I Pass  16: suminf.    0.00000 (0) obj. 41 iterations 1
Cbc0038I Pass  17: suminf.    0.00000 (0) obj. 41 iterations 0
Cbc0038I Pass  18: suminf.    0.00000 (0) obj. 41 iterations 0
Cbc0038I Pass  19: suminf.    0.00000 (0) obj. 41 iterations 0
Cbc0038I Pass  20: suminf.    0.00000 (0) obj. 41 iterations 0
Cbc0038I Pass  21: suminf.    0.00000 (0) obj. 41 iterations 0
Cbc0038I Pass  22: suminf.    0.00000 (0) obj. 41 iterations 0
Cbc0038I Pass  23: suminf.    0.00000 (0) obj. 41 iterations 0
Cbc0038I Pass  24: suminf.    0.00000 (0) obj. 41 iterations 0
Cbc0038I Pass  25: suminf.    3.00000 (6) obj. 51 iterations 49
Cbc0038I Pass  26: suminf.    0.50000 (1) obj. 51 iterations 6
Cbc0038I Pass  27: suminf.    0.00000 (0) obj. 51 iterations 1
Cbc0038I Pass  28: suminf.    0.00000 (0) obj. 51 iterations 0
Cbc0038I Pass  29: suminf.    0.00000 (0) obj. 51 iterations 0
Cbc0038I Pass  30: suminf.    0.00000 (0) obj. 51 iterations 0
Cbc0038I No solution found this major pass
Cbc0038I Before mini branch and bound, 123 integers at bound fixed and 3 continuous
Cbc0038I Full problem 73 rows 291 columns, reduced to 27 rows 70 columns
Cbc0038I Mini branch and bound improved solution from 1.797693134862e+308 to 1 (0.01 seconds)
Cbc0038I After 0.01 seconds - Feasibility pump exiting with objective of 1 - took 0.01 seconds
Cbc0051I Starting cut generation at root node
Cbc0031I 56 added rows had average density of 39
Cbc0013I At root node, 56 cuts changed objective from 1 to 2.9612215 in 100 passes
Cbc0014I Cut generator 0 (Probing) - 0 row cuts average 0.0 elements, 0 column cuts (26 active)  in 0.019 seconds - new frequency is -100
Cbc0014I Cut generator 1 (Gomory) - 550 row cuts average 236.3 elements, 0 column cuts (0 active)  in 0.187 seconds - new frequency is 1
Cbc0014I Cut generator 2 (Knapsack) - 1103 row cuts average 3.3 elements, 0 column cuts (0 active)  in 0.079 seconds - new frequency is 1
Cbc0014I Cut generator 3 (Clique) - 0 row cuts average 0.0 elements, 0 column cuts (0 active)  in 0.000 seconds - new frequency is -100
Cbc0014I Cut generator 4 (MixedIntegerRounding2) - 28 row cuts average 109.8 elements, 0 column cuts (0 active)  in 0.093 seconds - new frequency is -100
Cbc0014I Cut generator 5 (FlowCover) - 0 row cuts average 0.0 elements, 0 column cuts (0 active)  in 0.002 seconds - new frequency is -100
Cbc0014I Cut generator 6 (TwoMirCuts) - 94 row cuts average 10.7 elements, 0 column cuts (0 active)  in 0.005 seconds - new frequency is 1
Cbc0010I After 0 nodes, 1 on tree, 1e+50 best solution, best possible 2.9612215 (0.81 seconds)
Cbc0004I Integer solution of 36 found after 6852 iterations and 290 nodes (1.03 seconds)
Cbc0012I Integer solution of 36 found by heuristic after 6827 iterations and 289 nodes (1.03 seconds)
Cbc0004I Integer solution of 14 found after 7746 iterations and 471 nodes (1.09 seconds)
Cbc0012I Integer solution of 14 found by heuristic after 7744 iterations and 470 nodes (1.09 seconds)
Cbc0010I After 1467 nodes, 32 on tree, 14 best solution, best possible 2.9612215 (1.51 seconds)
Cbc0016I Integer solution of 12 found by strong branching after 18929 iterations and 2920 nodes (2.17 seconds)
Cbc0012I Integer solution of 12 found by heuristic after 18925 iterations and 2919 nodes (2.17 seconds)
Cbc0010I After 2956 nodes, 4 on tree, 12 best solution, best possible 2.9612215 (2.21 seconds)
Cbc0010I After 4185 nodes, 516 on tree, 12 best solution, best possible 2.9612565 (2.91 seconds)
Cbc0010I After 6165 nodes, 1298 on tree, 12 best solution, best possible 2.9612565 (3.61 seconds)
Cbc0010I After 8382 nodes, 2003 on tree, 12 best solution, best possible 2.9612565 (4.31 seconds)
Cbc0010I After 10420 nodes, 2596 on tree, 12 best solution, best possible 2.9612565 (5.01 seconds)
Cbc0010I After 11735 nodes, 3118 on tree, 12 best solution, best possible 5 (5.71 seconds)
Cbc0010I After 13797 nodes, 4073 on tree, 12 best solution, best possible 6 (6.41 seconds)
Cbc0010I After 15727 nodes, 5129 on tree, 12 best solution, best possible 7 (7.11 seconds)
Cbc0010I After 17872 nodes, 5964 on tree, 12 best solution, best possible 7 (7.82 seconds)
Cbc0010I After 20291 nodes, 7038 on tree, 12 best solution, best possible 7 (8.52 seconds)
Cbc0010I After 22713 nodes, 8072 on tree, 12 best solution, best possible 7 (9.22 seconds)
Cbc0010I After 24852 nodes, 9081 on tree, 12 best solution, best possible 7.6666667 (9.92 seconds)
Cbc0010I After 27165 nodes, 10404 on tree, 12 best solution, best possible 8 (10.62 seconds)
Cbc0010I After 29737 nodes, 11076 on tree, 12 best solution, best possible 8 (11.32 seconds)
Cbc0010I After 32080 nodes, 11947 on tree, 12 best solution, best possible 8 (12.02 seconds)
Cbc0010I After 34916 nodes, 13520 on tree, 12 best solution, best possible 8 (12.72 seconds)
Cbc0010I After 37636 nodes, 14320 on tree, 12 best solution, best possible 8 (13.42 seconds)
Cbc0010I After 40068 nodes, 15149 on tree, 12 best solution, best possible 8 (14.12 seconds)
Cbc0010I After 42650 nodes, 15860 on tree, 12 best solution, best possible 8 (14.82 seconds)
Cbc0010I After 45240 nodes, 16537 on tree, 12 best solution, best possible 8 (15.52 seconds)
Cbc0010I After 47734 nodes, 17659 on tree, 12 best solution, best possible 8 (16.22 seconds)
Cbc0010I After 50420 nodes, 18814 on tree, 12 best solution, best possible 8 (16.92 seconds)
Cbc0010I After 53057 nodes, 19651 on tree, 12 best solution, best possible 8 (17.62 seconds)
Cbc0010I After 55463 nodes, 20432 on tree, 12 best solution, best possible 8 (18.32 seconds)
Cbc0010I After 58049 nodes, 21076 on tree, 12 best solution, best possible 8 (19.02 seconds)
Cbc0010I After 60910 nodes, 22085 on tree, 12 best solution, best possible 8 (19.72 seconds)
Cbc0010I After 63491 nodes, 22914 on tree, 12 best solution, best possible 8 (20.42 seconds)
Cbc0010I After 66290 nodes, 23701 on tree, 12 best solution, best possible 8 (21.12 seconds)
Cbc0010I After 69131 nodes, 24449 on tree, 12 best solution, best possible 8 (21.82 seconds)
Cbc0010I After 71857 nodes, 26232 on tree, 12 best solution, best possible 8 (22.52 seconds)
Cbc0010I After 74663 nodes, 27363 on tree, 12 best solution, best possible 8 (23.22 seconds)
Cbc0010I After 77371 nodes, 28331 on tree, 12 best solution, best possible 8.3333333 (23.92 seconds)
Cbc0010I After 79772 nodes, 29139 on tree, 12 best solution, best possible 8.5 (24.62 seconds)
Cbc0010I After 82433 nodes, 29824 on tree, 12 best solution, best possible 8.5 (25.32 seconds)
Cbc0010I After 85153 nodes, 30414 on tree, 12 best solution, best possible 8.5 (26.02 seconds)
Cbc0010I After 87486 nodes, 31193 on tree, 12 best solution, best possible 8.5 (26.72 seconds)
Cbc0010I After 89985 nodes, 31698 on tree, 12 best solution, best possible 8.75 (27.42 seconds)
Cbc0010I After 92711 nodes, 31918 on tree, 12 best solution, best possible 8.75 (28.12 seconds)
Cbc0010I After 95150 nodes, 32170 on tree, 12 best solution, best possible 9 (28.83 seconds)
Cbc0010I After 97725 nodes, 32570 on tree, 12 best solution, best possible 9 (29.53 seconds)
Cbc0010I After 100055 nodes, 32946 on tree, 12 best solution, best possible 9 (30.23 seconds)
Cbc0010I After 102543 nodes, 33144 on tree, 12 best solution, best possible 9 (30.93 seconds)
Cbc0010I After 105006 nodes, 33354 on tree, 12 best solution, best possible 9 (31.63 seconds)
Cbc0010I After 107302 nodes, 34233 on tree, 12 best solution, best possible 9 (32.33 seconds)
Cbc0010I After 109797 nodes, 34550 on tree, 12 best solution, best possible 9 (33.03 seconds)
Cbc0010I After 111920 nodes, 35902 on tree, 12 best solution, best possible 9 (33.73 seconds)
Cbc0010I After 114178 nodes, 37081 on tree, 12 best solution, best possible 9 (34.43 seconds)
Cbc0010I After 116314 nodes, 38425 on tree, 12 best solution, best possible 9 (35.13 seconds)
Cbc0010I After 118457 nodes, 39167 on tree, 12 best solution, best possible 9 (35.83 seconds)
Cbc0010I After 120727 nodes, 39696 on tree, 12 best solution, best possible 9 (36.53 seconds)
Cbc0010I After 122875 nodes, 40318 on tree, 12 best solution, best possible 9 (37.23 seconds)
Cbc0010I After 125166 nodes, 40765 on tree, 12 best solution, best possible 9 (37.93 seconds)
Cbc0010I After 127291 nodes, 41340 on tree, 12 best solution, best possible 9 (38.63 seconds)
Cbc0010I After 129452 nodes, 41723 on tree, 12 best solution, best possible 9 (39.33 seconds)
Cbc0010I After 131460 nodes, 42215 on tree, 12 best solution, best possible 9 (40.03 seconds)
Cbc0010I After 133595 nodes, 42491 on tree, 12 best solution, best possible 9 (40.73 seconds)
Cbc0010I After 135564 nodes, 42802 on tree, 12 best solution, best possible 9 (41.43 seconds)
Cbc0010I After 137632 nodes, 42922 on tree, 12 best solution, best possible 9 (42.13 seconds)
Cbc0010I After 139490 nodes, 43193 on tree, 12 best solution, best possible 9 (42.83 seconds)
Cbc0010I After 141509 nodes, 43553 on tree, 12 best solution, best possible 9 (43.54 seconds)
Cbc0010I After 143292 nodes, 43847 on tree, 12 best solution, best possible 9 (44.24 seconds)
Cbc0010I After 145170 nodes, 44165 on tree, 12 best solution, best possible 9 (44.94 seconds)
Cbc0010I After 146674 nodes, 44501 on tree, 12 best solution, best possible 9 (45.64 seconds)
Cbc0010I After 148461 nodes, 45159 on tree, 12 best solution, best possible 9 (46.34 seconds)
Cbc0010I After 150187 nodes, 45480 on tree, 12 best solution, best possible 9 (47.04 seconds)
Cbc0010I After 151717 nodes, 46432 on tree, 12 best solution, best possible 9 (47.74 seconds)
Cbc0010I After 153452 nodes, 47187 on tree, 12 best solution, best possible 9 (48.44 seconds)
Cbc0010I After 155047 nodes, 48333 on tree, 12 best solution, best possible 9 (49.14 seconds)
Cbc0010I After 156758 nodes, 48627 on tree, 12 best solution, best possible 9 (49.84 seconds)
Cbc0010I After 158403 nodes, 48972 on tree, 12 best solution, best possible 9 (50.54 seconds)
Cbc0010I After 160101 nodes, 49456 on tree, 12 best solution, best possible 9 (51.24 seconds)
Cbc0010I After 161837 nodes, 49879 on tree, 12 best solution, best possible 9 (51.94 seconds)
Cbc0010I After 163502 nodes, 50341 on tree, 12 best solution, best possible 9 (52.64 seconds)
Cbc0010I After 165200 nodes, 50621 on tree, 12 best solution, best possible 9 (53.34 seconds)
Cbc0010I After 166693 nodes, 51014 on tree, 12 best solution, best possible 9 (54.04 seconds)
Cbc0010I After 168332 nodes, 51408 on tree, 12 best solution, best possible 9 (54.75 seconds)
Cbc0010I After 169918 nodes, 51663 on tree, 12 best solution, best possible 9 (55.45 seconds)
Cbc0010I After 171312 nodes, 52024 on tree, 12 best solution, best possible 9 (56.15 seconds)
Cbc0010I After 172718 nodes, 52338 on tree, 12 best solution, best possible 9 (56.85 seconds)
Cbc0010I After 174082 nodes, 52784 on tree, 12 best solution, best possible 9 (57.55 seconds)
Cbc0010I After 175494 nodes, 53414 on tree, 12 best solution, best possible 9 (58.25 seconds)
Cbc0010I After 177165 nodes, 53914 on tree, 12 best solution, best possible 9 (58.95 seconds)
Cbc0010I After 178821 nodes, 54374 on tree, 12 best solution, best possible 9 (59.65 seconds)
Cbc0010I After 180532 nodes, 54730 on tree, 12 best solution, best possible 9 (60.35 seconds)
Cbc0010I After 182125 nodes, 55090 on tree, 12 best solution, best possible 9 (61.05 seconds)
Cbc0010I After 183538 nodes, 55487 on tree, 12 best solution, best possible 9 (61.75 seconds)
Cbc0010I After 185284 nodes, 55907 on tree, 12 best solution, best possible 9 (62.45 seconds)
Cbc0010I After 186658 nodes, 56522 on tree, 12 best solution, best possible 9 (63.15 seconds)
Cbc0010I After 188135 nodes, 56790 on tree, 12 best solution, best possible 9 (63.85 seconds)
Cbc0010I After 189884 nodes, 56987 on tree, 12 best solution, best possible 9 (64.56 seconds)
Cbc0010I After 191403 nodes, 57831 on tree, 12 best solution, best possible 9 (65.26 seconds)
Cbc0010I After 193454 nodes, 58061 on tree, 12 best solution, best possible 9 (65.96 seconds)
Cbc0010I After 194805 nodes, 58686 on tree, 12 best solution, best possible 9 (66.66 seconds)
Cbc0010I After 197000 nodes, 58559 on tree, 12 best solution, best possible 9 (67.36 seconds)
Cbc0010I After 198391 nodes, 59039 on tree, 12 best solution, best possible 9 (68.06 seconds)
Cbc0010I After 200090 nodes, 59121 on tree, 12 best solution, best possible 9 (68.76 seconds)
Cbc0010I After 202131 nodes, 59188 on tree, 12 best solution, best possible 9 (69.46 seconds)
Cbc0010I After 203772 nodes, 59472 on tree, 12 best solution, best possible 9 (70.16 seconds)
Cbc0010I After 205640 nodes, 59529 on tree, 12 best solution, best possible 9 (70.86 seconds)
Cbc0010I After 207028 nodes, 60272 on tree, 12 best solution, best possible 9 (71.56 seconds)
Cbc0010I After 209125 nodes, 60678 on tree, 12 best solution, best possible 9 (72.26 seconds)
Cbc0010I After 210448 nodes, 61237 on tree, 12 best solution, best possible 9.4 (72.96 seconds)
Cbc0010I After 212027 nodes, 62322 on tree, 12 best solution, best possible 9.4 (73.66 seconds)
Cbc0010I After 214086 nodes, 62396 on tree, 12 best solution, best possible 9.5 (74.37 seconds)
Cbc0010I After 215672 nodes, 63438 on tree, 12 best solution, best possible 9.5 (75.07 seconds)
Cbc0010I After 217863 nodes, 63647 on tree, 12 best solution, best possible 9.5 (75.77 seconds)
Cbc0010I After 219442 nodes, 64562 on tree, 12 best solution, best possible 9.5 (76.47 seconds)
Cbc0010I After 221555 nodes, 64672 on tree, 12 best solution, best possible 9.5 (77.17 seconds)
Cbc0010I After 223099 nodes, 65566 on tree, 12 best solution, best possible 9.5 (77.87 seconds)
Cbc0010I After 225169 nodes, 65973 on tree, 12 best solution, best possible 9.5 (78.57 seconds)
Cbc0010I After 226650 nodes, 66664 on tree, 12 best solution, best possible 9.5 (79.27 seconds)
Cbc0010I After 228458 nodes, 67291 on tree, 12 best solution, best possible 9.5 (79.97 seconds)
Cbc0010I After 230138 nodes, 67643 on tree, 12 best solution, best possible 9.6666667 (80.67 seconds)
Cbc0010I After 231575 nodes, 68582 on tree, 12 best solution, best possible 9.6666667 (81.37 seconds)
Cbc0010I After 233487 nodes, 68890 on tree, 12 best solution, best possible 9.6666667 (82.07 seconds)
Cbc0010I After 234902 nodes, 69450 on tree, 12 best solution, best possible 9.8888889 (82.77 seconds)
Cbc0010I After 237715 nodes, 68990 on tree, 12 best solution, best possible 10 (83.47 seconds)
Cbc0010I After 239530 nodes, 69074 on tree, 12 best solution, best possible 10 (84.18 seconds)
Cbc0010I After 241817 nodes, 68926 on tree, 12 best solution, best possible 10 (84.88 seconds)
Cbc0010I After 244212 nodes, 68942 on tree, 12 best solution, best possible 10 (85.58 seconds)
Cbc0010I After 246279 nodes, 68898 on tree, 12 best solution, best possible 10 (86.28 seconds)
Cbc0010I After 248023 nodes, 69187 on tree, 12 best solution, best possible 10 (86.98 seconds)
Cbc0010I After 250331 nodes, 69069 on tree, 12 best solution, best possible 10 (87.68 seconds)
Cbc0010I After 253098 nodes, 68684 on tree, 12 best solution, best possible 10 (88.38 seconds)
Cbc0010I After 254875 nodes, 68955 on tree, 12 best solution, best possible 10 (89.08 seconds)
Cbc0010I After 257220 nodes, 68783 on tree, 12 best solution, best possible 10 (89.78 seconds)
Cbc0010I After 258929 nodes, 68996 on tree, 12 best solution, best possible 10 (90.48 seconds)
Cbc0010I After 261350 nodes, 69107 on tree, 12 best solution, best possible 10 (91.18 seconds)
Cbc0010I After 263443 nodes, 69104 on tree, 12 best solution, best possible 10 (91.88 seconds)
Cbc0010I After 265665 nodes, 68768 on tree, 12 best solution, best possible 10 (92.58 seconds)
Cbc0010I After 267336 nodes, 68947 on tree, 12 best solution, best possible 10 (93.28 seconds)
Cbc0010I After 269485 nodes, 69089 on tree, 12 best solution, best possible 10 (93.98 seconds)
Cbc0010I After 272303 nodes, 68741 on tree, 12 best solution, best possible 10 (94.68 seconds)
Cbc0010I After 274273 nodes, 68694 on tree, 12 best solution, best possible 10 (95.39 seconds)
Cbc0010I After 275964 nodes, 69010 on tree, 12 best solution, best possible 10 (96.09 seconds)
Cbc0010I After 277960 nodes, 68879 on tree, 12 best solution, best possible 10 (96.79 seconds)
Cbc0010I After 279627 nodes, 69131 on tree, 12 best solution, best possible 10 (97.49 seconds)
Cbc0010I After 281829 nodes, 68896 on tree, 12 best solution, best possible 10 (98.19 seconds)
Cbc0010I After 284057 nodes, 68768 on tree, 12 best solution, best possible 10 (98.89 seconds)
Cbc0010I After 286108 nodes, 68651 on tree, 12 best solution, best possible 10 (99.59 seconds)
Cbc0010I After 287805 nodes, 68892 on tree, 12 best solution, best possible 10 (100.29 seconds)
Cbc0010I After 290017 nodes, 68728 on tree, 12 best solution, best possible 10 (100.99 seconds)
Cbc0010I After 291763 nodes, 68954 on tree, 12 best solution, best possible 10 (101.69 seconds)
Cbc0010I After 293823 nodes, 69017 on tree, 12 best solution, best possible 10 (102.39 seconds)
Cbc0010I After 295859 nodes, 69598 on tree, 12 best solution, best possible 10 (103.09 seconds)
Cbc0010I After 298977 nodes, 69608 on tree, 12 best solution, best possible 10 (103.79 seconds)
Cbc0010I After 301599 nodes, 69290 on tree, 12 best solution, best possible 10 (104.49 seconds)
Cbc0010I After 304554 nodes, 69141 on tree, 12 best solution, best possible 10 (105.20 seconds)
Cbc0010I After 307437 nodes, 69049 on tree, 12 best solution, best possible 10 (105.90 seconds)
Cbc0010I After 309441 nodes, 69316 on tree, 12 best solution, best possible 10 (106.60 seconds)
Cbc0010I After 311702 nodes, 68914 on tree, 12 best solution, best possible 10 (107.30 seconds)
Cbc0010I After 313868 nodes, 68463 on tree, 12 best solution, best possible 10 (108.00 seconds)
Cbc0010I After 315485 nodes, 68531 on tree, 12 best solution, best possible 10 (108.70 seconds)
Cbc0010I After 317573 nodes, 68446 on tree, 12 best solution, best possible 10 (109.40 seconds)
Cbc0010I After 319283 nodes, 68649 on tree, 12 best solution, best possible 10 (110.10 seconds)
Cbc0010I After 321424 nodes, 68473 on tree, 12 best solution, best possible 10 (110.80 seconds)
Cbc0010I After 322952 nodes, 69421 on tree, 12 best solution, best possible 10 (111.50 seconds)
Cbc0010I After 326480 nodes, 69119 on tree, 12 best solution, best possible 10 (112.20 seconds)
Cbc0010I After 329595 nodes, 68976 on tree, 12 best solution, best possible 10 (112.90 seconds)
Cbc0010I After 331750 nodes, 69299 on tree, 12 best solution, best possible 10 (113.60 seconds)
Cbc0010I After 333958 nodes, 69275 on tree, 12 best solution, best possible 10 (114.30 seconds)
Cbc0010I After 336023 nodes, 69657 on tree, 12 best solution, best possible 10 (115.00 seconds)
Cbc0010I After 338889 nodes, 69625 on tree, 12 best solution, best possible 10 (115.70 seconds)
Cbc0010I After 342120 nodes, 69337 on tree, 12 best solution, best possible 10 (116.41 seconds)
Cbc0010I After 344341 nodes, 69505 on tree, 12 best solution, best possible 10 (117.11 seconds)
Cbc0010I After 346826 nodes, 69303 on tree, 12 best solution, best possible 10 (117.81 seconds)
Cbc0010I After 349604 nodes, 69088 on tree, 12 best solution, best possible 10 (118.51 seconds)
Cbc0010I After 351696 nodes, 69388 on tree, 12 best solution, best possible 10 (119.21 seconds)
Cbc0010I After 354407 nodes, 69437 on tree, 12 best solution, best possible 10 (119.91 seconds)
Cbc0010I After 357309 nodes, 69437 on tree, 12 best solution, best possible 10 (120.61 seconds)
Cbc0010I After 360423 nodes, 69319 on tree, 12 best solution, best possible 10 (121.31 seconds)
Cbc0010I After 363278 nodes, 68823 on tree, 12 best solution, best possible 10 (122.01 seconds)
Cbc0010I After 365275 nodes, 69189 on tree, 12 best solution, best possible 10 (122.71 seconds)
Cbc0010I After 367720 nodes, 68939 on tree, 12 best solution, best possible 10 (123.41 seconds)
Cbc0010I After 370083 nodes, 68645 on tree, 12 best solution, best possible 10 (124.11 seconds)
Cbc0010I After 372373 nodes, 68666 on tree, 12 best solution, best possible 10 (124.81 seconds)
Cbc0010I After 374302 nodes, 68800 on tree, 12 best solution, best possible 10 (125.51 seconds)
Cbc0010I After 376034 nodes, 68842 on tree, 12 best solution, best possible 10 (126.22 seconds)
Cbc0010I After 378391 nodes, 68268 on tree, 12 best solution, best possible 10 (126.92 seconds)
Cbc0010I After 380350 nodes, 68377 on tree, 12 best solution, best possible 10 (127.62 seconds)
Cbc0010I After 382256 nodes, 68616 on tree, 12 best solution, best possible 10 (128.32 seconds)
Cbc0010I After 383968 nodes, 68906 on tree, 12 best solution, best possible 10 (129.02 seconds)
Cbc0010I After 385964 nodes, 68992 on tree, 12 best solution, best possible 10 (129.72 seconds)
Cbc0010I After 388237 nodes, 68742 on tree, 12 best solution, best possible 10 (130.42 seconds)
Cbc0010I After 390404 nodes, 68375 on tree, 12 best solution, best possible 10 (131.12 seconds)
Cbc0010I After 392201 nodes, 68513 on tree, 12 best solution, best possible 10 (131.82 seconds)
Cbc0010I After 394113 nodes, 68536 on tree, 12 best solution, best possible 10 (132.52 seconds)
Cbc0010I After 395757 nodes, 68822 on tree, 12 best solution, best possible 10 (133.22 seconds)
Cbc0010I After 397822 nodes, 68962 on tree, 12 best solution, best possible 10 (133.92 seconds)
Cbc0010I After 400039 nodes, 68979 on tree, 12 best solution, best possible 10 (134.62 seconds)
Cbc0010I After 402082 nodes, 69110 on tree, 12 best solution, best possible 10 (135.32 seconds)
Cbc0010I After 405166 nodes, 68171 on tree, 12 best solution, best possible 10 (136.02 seconds)
Cbc0010I After 406789 nodes, 68442 on tree, 12 best solution, best possible 10 (136.73 seconds)
Cbc0010I After 409000 nodes, 68201 on tree, 12 best solution, best possible 10 (137.43 seconds)
Cbc0010I After 410675 nodes, 68541 on tree, 12 best solution, best possible 10 (138.13 seconds)
Cbc0010I After 412817 nodes, 68695 on tree, 12 best solution, best possible 10 (138.83 seconds)
Cbc0010I After 414611 nodes, 68989 on tree, 12 best solution, best possible 10 (139.53 seconds)
Cbc0010I After 417386 nodes, 68149 on tree, 12 best solution, best possible 10 (140.23 seconds)
Cbc0010I After 419036 nodes, 68417 on tree, 12 best solution, best possible 10 (140.93 seconds)
Cbc0010I After 421322 nodes, 68109 on tree, 12 best solution, best possible 10 (141.64 seconds)
Cbc0010I After 423041 nodes, 68402 on tree, 12 best solution, best possible 10 (142.34 seconds)
Cbc0010I After 425261 nodes, 68509 on tree, 12 best solution, best possible 10 (143.04 seconds)
Cbc0010I After 426917 nodes, 68980 on tree, 12 best solution, best possible 10 (143.74 seconds)
Cbc0010I After 428950 nodes, 69404 on tree, 12 best solution, best possible 10 (144.44 seconds)
Cbc0010I After 432277 nodes, 69122 on tree, 12 best solution, best possible 10 (145.14 seconds)
Cbc0010I After 436030 nodes, 69120 on tree, 12 best solution, best possible 10 (145.84 seconds)
Cbc0010I After 438165 nodes, 69320 on tree, 12 best solution, best possible 10 (146.54 seconds)
Cbc0010I After 440536 nodes, 69088 on tree, 12 best solution, best possible 10 (147.24 seconds)
Cbc0010I After 443099 nodes, 68513 on tree, 12 best solution, best possible 10 (147.94 seconds)
Cbc0010I After 445297 nodes, 68121 on tree, 12 best solution, best possible 10 (148.64 seconds)
Cbc0010I After 446945 nodes, 68336 on tree, 12 best solution, best possible 10 (149.34 seconds)
Cbc0010I After 449195 nodes, 67842 on tree, 12 best solution, best possible 10 (150.04 seconds)
Cbc0010I After 450842 nodes, 68753 on tree, 12 best solution, best possible 10 (150.74 seconds)
Cbc0010I After 453039 nodes, 68996 on tree, 12 best solution, best possible 10 (151.45 seconds)
Cbc0010I After 455223 nodes, 69021 on tree, 12 best solution, best possible 10 (152.15 seconds)
Cbc0010I After 457391 nodes, 69211 on tree, 12 best solution, best possible 10 (152.85 seconds)
Cbc0010I After 460270 nodes, 69257 on tree, 12 best solution, best possible 10 (153.55 seconds)
Cbc0010I After 463759 nodes, 69255 on tree, 12 best solution, best possible 10 (154.25 seconds)
Cbc0010I After 467240 nodes, 68832 on tree, 12 best solution, best possible 10 (154.95 seconds)
Cbc0010I After 469288 nodes, 68932 on tree, 12 best solution, best possible 10 (155.65 seconds)
Cbc0010I After 471446 nodes, 68973 on tree, 12 best solution, best possible 10 (156.35 seconds)
Cbc0010I After 473713 nodes, 68433 on tree, 12 best solution, best possible 10 (157.05 seconds)
Cbc0010I After 475496 nodes, 68593 on tree, 12 best solution, best possible 10 (157.75 seconds)
Cbc0010I After 477502 nodes, 68652 on tree, 12 best solution, best possible 10 (158.45 seconds)
Cbc0010I After 479274 nodes, 69054 on tree, 12 best solution, best possible 10 (159.15 seconds)
Cbc0010I After 481516 nodes, 68631 on tree, 12 best solution, best possible 10 (159.85 seconds)
Cbc0010I After 483250 nodes, 68943 on tree, 12 best solution, best possible 10 (160.56 seconds)
Cbc0010I After 485196 nodes, 68967 on tree, 12 best solution, best possible 10 (161.26 seconds)
Cbc0010I After 487487 nodes, 68580 on tree, 12 best solution, best possible 10 (161.96 seconds)
Cbc0010I After 489717 nodes, 68110 on tree, 12 best solution, best possible 10 (162.66 seconds)
Cbc0010I After 491414 nodes, 68350 on tree, 12 best solution, best possible 10 (163.36 seconds)
Cbc0010I After 493534 nodes, 68161 on tree, 12 best solution, best possible 10 (164.06 seconds)
Cbc0010I After 495208 nodes, 68523 on tree, 12 best solution, best possible 10 (164.76 seconds)
Cbc0010I After 497140 nodes, 68709 on tree, 12 best solution, best possible 10 (165.46 seconds)
Cbc0010I After 498860 nodes, 69007 on tree, 12 best solution, best possible 10 (166.16 seconds)
Cbc0010I After 501199 nodes, 68650 on tree, 12 best solution, best possible 10 (166.86 seconds)
Cbc0010I After 502871 nodes, 69026 on tree, 12 best solution, best possible 10 (167.56 seconds)
Cbc0010I After 505450 nodes, 68652 on tree, 12 best solution, best possible 10 (168.26 seconds)
Cbc0010I After 507082 nodes, 69058 on tree, 12 best solution, best possible 10 (168.96 seconds)
Cbc0010I After 509389 nodes, 69075 on tree, 12 best solution, best possible 10 (169.66 seconds)
Cbc0010I After 511724 nodes, 68775 on tree, 12 best solution, best possible 10 (170.36 seconds)
Cbc0010I After 513873 nodes, 68848 on tree, 12 best solution, best possible 10 (171.07 seconds)
Cbc0010I After 515919 nodes, 69299 on tree, 12 best solution, best possible 10 (171.77 seconds)
Cbc0010I After 518576 nodes, 69294 on tree, 12 best solution, best possible 10 (172.47 seconds)
Cbc0010I After 521329 nodes, 69293 on tree, 12 best solution, best possible 10 (173.17 seconds)
Cbc0010I After 524395 nodes, 69196 on tree, 12 best solution, best possible 10 (173.87 seconds)
Cbc0010I After 526526 nodes, 68959 on tree, 12 best solution, best possible 10 (174.57 seconds)
Cbc0010I After 529309 nodes, 68133 on tree, 12 best solution, best possible 10 (175.27 seconds)
Cbc0010I After 531101 nodes, 68406 on tree, 12 best solution, best possible 10 (175.97 seconds)
Cbc0010I After 533361 nodes, 68407 on tree, 12 best solution, best possible 10 (176.67 seconds)
Cbc0010I After 535101 nodes, 68723 on tree, 12 best solution, best possible 10 (177.37 seconds)
Cbc0010I After 537341 nodes, 68412 on tree, 12 best solution, best possible 10 (178.07 seconds)
Cbc0010I After 539089 nodes, 68766 on tree, 12 best solution, best possible 10 (178.77 seconds)
Cbc0010I After 541359 nodes, 68930 on tree, 12 best solution, best possible 10 (179.47 seconds)
Cbc0010I After 543701 nodes, 68709 on tree, 12 best solution, best possible 10 (180.17 seconds)
Cbc0010I After 545945 nodes, 68314 on tree, 12 best solution, best possible 10 (180.87 seconds)
Cbc0010I After 547837 nodes, 68591 on tree, 12 best solution, best possible 10 (181.58 seconds)
Cbc0010I After 549791 nodes, 68634 on tree, 12 best solution, best possible 10 (182.28 seconds)
Cbc0010I After 552170 nodes, 68334 on tree, 12 best solution, best possible 10 (182.98 seconds)
Cbc0010I After 554249 nodes, 68063 on tree, 12 best solution, best possible 10 (183.68 seconds)
Cbc0010I After 557218 nodes, 66382 on tree, 12 best solution, best possible 10 (184.38 seconds)
Cbc0010I After 559164 nodes, 66550 on tree, 12 best solution, best possible 10 (185.08 seconds)
Cbc0010I After 561305 nodes, 66649 on tree, 12 best solution, best possible 10 (185.78 seconds)
Cbc0010I After 563030 nodes, 66936 on tree, 12 best solution, best possible 10 (186.48 seconds)
Cbc0010I After 565196 nodes, 66770 on tree, 12 best solution, best possible 10 (187.18 seconds)
Cbc0010I After 567035 nodes, 67156 on tree, 12 best solution, best possible 10 (187.88 seconds)
Cbc0010I After 569262 nodes, 66748 on tree, 12 best solution, best possible 10 (188.58 seconds)
Cbc0010I After 571552 nodes, 66238 on tree, 12 best solution, best possible 10 (189.28 seconds)
Cbc0010I After 573792 nodes, 65504 on tree, 12 best solution, best possible 10 (189.98 seconds)
Cbc0010I After 576493 nodes, 63988 on tree, 12 best solution, best possible 10 (190.68 seconds)
Cbc0010I After 578493 nodes, 63933 on tree, 12 best solution, best possible 10 (191.39 seconds)
Cbc0010I After 581202 nodes, 63245 on tree, 12 best solution, best possible 10 (192.09 seconds)
Cbc0010I After 583068 nodes, 63589 on tree, 12 best solution, best possible 10.25 (192.79 seconds)
Cbc0010I After 585393 nodes, 63324 on tree, 12 best solution, best possible 10.333333 (193.49 seconds)
Cbc0010I After 587588 nodes, 63649 on tree, 12 best solution, best possible 10.5 (194.19 seconds)
Cbc0010I After 590002 nodes, 63223 on tree, 12 best solution, best possible 10.5 (194.89 seconds)
Cbc0010I After 592413 nodes, 63432 on tree, 12 best solution, best possible 10.5 (195.59 seconds)
Cbc0010I After 594691 nodes, 63337 on tree, 12 best solution, best possible 10.5 (196.29 seconds)
Cbc0010I After 597076 nodes, 63615 on tree, 12 best solution, best possible 10.5 (196.99 seconds)
Cbc0010I After 599205 nodes, 63759 on tree, 12 best solution, best possible 10.5 (197.69 seconds)
Cbc0010I After 601621 nodes, 63635 on tree, 12 best solution, best possible 10.5 (198.39 seconds)
Cbc0010I After 603988 nodes, 63865 on tree, 12 best solution, best possible 10.5 (199.09 seconds)
Cbc0010I After 606532 nodes, 63108 on tree, 12 best solution, best possible 10.5 (199.79 seconds)
Cbc0010I After 609247 nodes, 62679 on tree, 12 best solution, best possible 10.5 (200.49 seconds)
Cbc0010I After 611641 nodes, 62742 on tree, 12 best solution, best possible 10.666667 (201.19 seconds)
Cbc0010I After 614473 nodes, 62098 on tree, 12 best solution, best possible 11 (201.89 seconds)
Cbc0010I After 617466 nodes, 61199 on tree, 12 best solution, best possible 11 (202.60 seconds)
Cbc0010I After 621101 nodes, 58575 on tree, 12 best solution, best possible 11 (203.30 seconds)
Cbc0010I After 624381 nodes, 56389 on tree, 12 best solution, best possible 11 (204.00 seconds)
Cbc0010I After 627761 nodes, 54106 on tree, 12 best solution, best possible 11 (204.70 seconds)
Cbc0010I After 631296 nodes, 51626 on tree, 12 best solution, best possible 11 (205.40 seconds)
Cbc0010I After 634634 nodes, 49376 on tree, 12 best solution, best possible 11 (206.10 seconds)
Cbc0010I After 637991 nodes, 46989 on tree, 12 best solution, best possible 11 (206.80 seconds)
Cbc0010I After 641396 nodes, 44756 on tree, 12 best solution, best possible 11 (207.50 seconds)
Cbc0010I After 643839 nodes, 44357 on tree, 12 best solution, best possible 11 (208.20 seconds)
Cbc0010I After 646142 nodes, 44185 on tree, 12 best solution, best possible 11 (208.90 seconds)
Cbc0010I After 647929 nodes, 44548 on tree, 12 best solution, best possible 11 (209.60 seconds)
Cbc0010I After 650185 nodes, 44334 on tree, 12 best solution, best possible 11 (210.30 seconds)
Cbc0010I After 653110 nodes, 42733 on tree, 12 best solution, best possible 11 (211.00 seconds)
Cbc0010I After 656051 nodes, 40707 on tree, 12 best solution, best possible 11 (211.70 seconds)
Cbc0010I After 658908 nodes, 39489 on tree, 12 best solution, best possible 11 (212.40 seconds)
Cbc0010I After 661679 nodes, 39185 on tree, 12 best solution, best possible 11 (213.10 seconds)
Cbc0010I After 663986 nodes, 39596 on tree, 12 best solution, best possible 11 (213.80 seconds)
Cbc0010I After 666686 nodes, 39308 on tree, 12 best solution, best possible 11 (214.50 seconds)
Cbc0010I After 669229 nodes, 39377 on tree, 12 best solution, best possible 11 (215.20 seconds)
Cbc0010I After 671743 nodes, 39763 on tree, 12 best solution, best possible 11 (215.91 seconds)
Cbc0010I After 674345 nodes, 39468 on tree, 12 best solution, best possible 11 (216.61 seconds)
Cbc0010I After 677036 nodes, 39632 on tree, 12 best solution, best possible 11 (217.31 seconds)
Cbc0010I After 679633 nodes, 40007 on tree, 12 best solution, best possible 11 (218.01 seconds)
Cbc0010I After 682317 nodes, 39600 on tree, 12 best solution, best possible 11 (218.71 seconds)
Cbc0010I After 685369 nodes, 38561 on tree, 12 best solution, best possible 11 (219.41 seconds)
Cbc0010I After 689222 nodes, 35650 on tree, 12 best solution, best possible 11 (220.11 seconds)
Cbc0010I After 692971 nodes, 32929 on tree, 12 best solution, best possible 11 (220.81 seconds)
Cbc0010I After 696423 nodes, 30529 on tree, 12 best solution, best possible 11 (221.51 seconds)
Cbc0010I After 700000 nodes, 28006 on tree, 12 best solution, best possible 11 (222.21 seconds)
Cbc0010I After 703564 nodes, 25602 on tree, 12 best solution, best possible 11 (222.91 seconds)
Cbc0010I After 706987 nodes, 23257 on tree, 12 best solution, best possible 11 (223.61 seconds)
Cbc0010I After 710399 nodes, 21087 on tree, 12 best solution, best possible 11 (224.31 seconds)
Cbc0010I After 712902 nodes, 20776 on tree, 12 best solution, best possible 11 (225.01 seconds)
Cbc0010I After 714966 nodes, 21047 on tree, 12 best solution, best possible 11 (225.71 seconds)
Cbc0010I After 717844 nodes, 19860 on tree, 12 best solution, best possible 11 (226.41 seconds)
Cbc0010I After 720860 nodes, 17747 on tree, 12 best solution, best possible 11 (227.11 seconds)
Cbc0010I After 723343 nodes, 18122 on tree, 12 best solution, best possible 11 (227.81 seconds)
Cbc0010I After 726178 nodes, 17885 on tree, 12 best solution, best possible 11 (228.51 seconds)
Cbc0010I After 728851 nodes, 17745 on tree, 12 best solution, best possible 11 (229.21 seconds)
Cbc0010I After 731481 nodes, 18073 on tree, 12 best solution, best possible 11 (229.91 seconds)
Cbc0010I After 734210 nodes, 17719 on tree, 12 best solution, best possible 11 (230.61 seconds)
Cbc0010I After 737754 nodes, 15680 on tree, 12 best solution, best possible 11 (231.31 seconds)
Cbc0010I After 741371 nodes, 13182 on tree, 12 best solution, best possible 11 (232.01 seconds)
Cbc0010I After 744734 nodes, 10925 on tree, 12 best solution, best possible 11 (232.71 seconds)
Cbc0010I After 748138 nodes, 8460 on tree, 12 best solution, best possible 11 (233.42 seconds)
Cbc0010I After 750618 nodes, 7747 on tree, 12 best solution, best possible 11 (234.12 seconds)
Cbc0010I After 753357 nodes, 6438 on tree, 12 best solution, best possible 11 (234.82 seconds)
Cbc0010I After 755863 nodes, 6655 on tree, 12 best solution, best possible 11 (235.52 seconds)
Cbc0010I After 758998 nodes, 4956 on tree, 12 best solution, best possible 11 (236.22 seconds)
Cbc0010I After 762057 nodes, 3030 on tree, 12 best solution, best possible 11 (236.92 seconds)
Cbc0010I After 764745 nodes, 1964 on tree, 12 best solution, best possible 11 (237.62 seconds)
Cbc0010I After 767169 nodes, 1141 on tree, 12 best solution, best possible 11 (238.32 seconds)
Cbc0010I After 769455 nodes, 307 on tree, 12 best solution, best possible 11 (239.02 seconds)
Cbc0030I Thread 0 used 770302 times,  waiting to start 1.0043876, 230.91971 cpu time, 4502529 locks, 18.853871 locked, 0.28886914 waiting for locks
Cbc0030I Main thread 228.11596 waiting for threads,  5393254 locks, 3.7585797 locked, 0.33840442 waiting for locks
Cbc0001I Search completed - best objective 12, took 2551533 iterations and 770302 nodes (239.32 seconds)
Cbc0032I Strong branching done 397914 times (1826294 iterations), fathomed 81665 nodes and fixed 90578 variables
Cbc0035I Maximum depth 55, 6239652 variables fixed on reduced cost
Cbc0045I Orbital branching succeeded 23 times - average extra   0.043, fixing (6,  18.333)
