Starting solution of the Linear programming relaxation problem using Primal Simplex

Coin0506I Presolve 73 (0) rows, 144 (-220) columns and 444 (-220) elements
Clp1000I sum of infeasibilities 0 - average 0, 132 fixed columns
Coin0506I Presolve 0 (-73) rows, 0 (-144) columns and 0 (-444) elements
Clp0000I Optimal - objective value 1
Clp0000I Optimal - objective value 1
Coin0511I After Postsolve, objective 1, infeasibilities - dual 0 (0), primal 0 (0)
Clp0006I 0  Obj 1
Clp0000I Optimal - objective value 1
Clp0000I Optimal - objective value 1
Coin0511I After Postsolve, objective 1, infeasibilities - dual 0 (0), primal 0 (0)
Clp0032I Optimal objective 1 - 0 iterations time 0.002, Presolve 0.00, Idiot 0.00

Starting MIP optimization
Cbc0045I Nauty: 260 orbits (144 useful covering 288 variables), 1 generators, group size: 2 - sparse size 2788 - took 0.000874 seconds
Cbc0038I Initial state - 3 integers unsatisfied sum - 1.5
Cbc0038I Pass   1: suminf.    0.00000 (0) obj. 1 iterations 4
Cbc0038I Pass   2: suminf.    0.00000 (0) obj. 1 iterations 0
Cbc0038I Pass   3: suminf.    0.00000 (0) obj. 1 iterations 0
Cbc0038I Pass   4: suminf.    3.00000 (6) obj. 37 iterations 98
Cbc0038I Pass   5: suminf.    0.50000 (1) obj. 37 iterations 7
Cbc0038I Pass   6: suminf.    0.00000 (0) obj. 37 iterations 1
Cbc0038I Pass   7: suminf.    0.00000 (0) obj. 37 iterations 0
Cbc0038I Pass   8: suminf.    0.00000 (0) obj. 37 iterations 0
Cbc0038I Pass   9: suminf.    0.00000 (0) obj. 37 iterations 0
Cbc0038I Pass  10: suminf.    0.00000 (0) obj. 37 iterations 0
Cbc0038I Pass  11: suminf.    0.00000 (0) obj. 37 iterations 0
Cbc0038I Pass  12: suminf.    0.00000 (0) obj. 37 iterations 0
Cbc0038I Pass  13: suminf.    0.00000 (0) obj. 37 iterations 0
Cbc0038I Pass  14: suminf.    3.50000 (7) obj. 42 iterations 41
Cbc0038I Pass  15: suminf.    0.50000 (1) obj. 42 iterations 7
Cbc0038I Pass  16: suminf.    0.00000 (0) obj. 42 iterations 1
Cbc0038I Pass  17: suminf.    0.00000 (0) obj. 42 iterations 0
Cbc0038I Pass  18: suminf.    0.00000 (0) obj. 42 iterations 0
Cbc0038I Pass  19: suminf.    0.00000 (0) obj. 42 iterations 0
Cbc0038I Pass  20: suminf.    0.00000 (0) obj. 42 iterations 0
Cbc0038I Pass  21: suminf.    0.00000 (0) obj. 42 iterations 0
Cbc0038I Pass  22: suminf.    0.00000 (0) obj. 42 iterations 0
Cbc0038I Pass  23: suminf.    0.00000 (0) obj. 42 iterations 0
Cbc0038I Pass  24: suminf.    0.00000 (0) obj. 42 iterations 0
Cbc0038I Pass  25: suminf.    3.00000 (6) obj. 50 iterations 48
Cbc0038I Pass  26: suminf.    0.50000 (1) obj. 50 iterations 6
Cbc0038I Pass  27: suminf.    0.00000 (0) obj. 50 iterations 1
Cbc0038I Pass  28: suminf.    0.00000 (0) obj. 50 iterations 0
Cbc0038I Pass  29: suminf.    0.00000 (0) obj. 50 iterations 0
Cbc0038I Pass  30: suminf.    0.00000 (0) obj. 50 iterations 0
Cbc0038I No solution found this major pass
Cbc0038I Before mini branch and bound, 121 integers at bound fixed and 3 continuous
Cbc0038I Full problem 73 rows 291 columns, reduced to 29 rows 75 columns
Cbc0038I Mini branch and bound improved solution from 1.797693134862e+308 to 1 (0.01 seconds)
Cbc0038I After 0.01 seconds - Feasibility pump exiting with objective of 1 - took 0.01 seconds
Cbc0051I Starting cut generation at root node
Cbc0031I 51 added rows had average density of 34.176471
Cbc0013I At root node, 51 cuts changed objective from 1 to 2.9718055 in 100 passes
Cbc0014I Cut generator 0 (Probing) - 0 row cuts average 0.0 elements, 0 column cuts (15 active)  in 0.019 seconds - new frequency is -100
Cbc0014I Cut generator 1 (Gomory) - 679 row cuts average 244.1 elements, 0 column cuts (0 active)  in 0.186 seconds - new frequency is 1
Cbc0014I Cut generator 2 (Knapsack) - 1326 row cuts average 3.3 elements, 0 column cuts (0 active)  in 0.081 seconds - new frequency is 1
Cbc0014I Cut generator 3 (Clique) - 0 row cuts average 0.0 elements, 0 column cuts (0 active)  in 0.000 seconds - new frequency is -100
Cbc0014I Cut generator 4 (MixedIntegerRounding2) - 42 row cuts average 104.7 elements, 0 column cuts (0 active)  in 0.091 seconds - new frequency is -100
Cbc0014I Cut generator 5 (FlowCover) - 0 row cuts average 0.0 elements, 0 column cuts (0 active)  in 0.002 seconds - new frequency is -100
Cbc0014I Cut generator 6 (TwoMirCuts) - 87 row cuts average 10.9 elements, 0 column cuts (0 active)  in 0.005 seconds - new frequency is -100
Cbc0010I After 0 nodes, 1 on tree, 1e+50 best solution, best possible 2.9718055 (0.81 seconds)
Cbc0016I Integer solution of 26 found by strong branching after 7931 iterations and 387 nodes (1.09 seconds)
Clp0006I 0  Obj 26 Primal inf 0.749999 (1)
Cbc0012I Integer solution of 26 found by heuristic after 7929 iterations and 386 nodes (1.09 seconds)
Cbc0004I Integer solution of 16 found after 12428 iterations and 1435 nodes (1.37 seconds)
Cbc0012I Integer solution of 16 found by heuristic after 12427 iterations and 1434 nodes (1.37 seconds)
Cbc0010I After 1943 nodes, 670 on tree, 16 best solution, best possible 2.9718055 (1.51 seconds)
Cbc0010I After 4583 nodes, 1898 on tree, 16 best solution, best possible 2.9718055 (2.21 seconds)
Cbc0010I After 7207 nodes, 3180 on tree, 16 best solution, best possible 2.9718055 (2.91 seconds)
Cbc0010I After 9775 nodes, 4297 on tree, 16 best solution, best possible 2.9718055 (3.61 seconds)
Cbc0010I After 11514 nodes, 5090 on tree, 16 best solution, best possible 5 (4.31 seconds)
Cbc0010I After 13597 nodes, 6099 on tree, 16 best solution, best possible 6 (5.01 seconds)
Cbc0010I After 15874 nodes, 7149 on tree, 16 best solution, best possible 6.6666667 (5.71 seconds)
Cbc0010I After 18164 nodes, 8419 on tree, 16 best solution, best possible 7 (6.41 seconds)
Cbc0010I After 20554 nodes, 9367 on tree, 16 best solution, best possible 7 (7.11 seconds)
Cbc0010I After 23009 nodes, 10599 on tree, 16 best solution, best possible 7 (7.82 seconds)
Cbc0010I After 25594 nodes, 11719 on tree, 16 best solution, best possible 7 (8.52 seconds)
Cbc0010I After 28233 nodes, 13011 on tree, 16 best solution, best possible 7 (9.22 seconds)
Cbc0010I After 30947 nodes, 14206 on tree, 16 best solution, best possible 7 (9.92 seconds)
Cbc0010I After 33587 nodes, 15265 on tree, 16 best solution, best possible 7 (10.62 seconds)
Cbc0010I After 35998 nodes, 16313 on tree, 16 best solution, best possible 7.5 (11.32 seconds)
Cbc0004I Integer solution of 14 found after 199217 iterations and 36929 nodes (11.52 seconds)
Cbc0012I Integer solution of 14 found by heuristic after 199217 iterations and 36928 nodes (11.52 seconds)
Cbc0010I After 38392 nodes, 16030 on tree, 14 best solution, best possible 7.5 (12.02 seconds)
Cbc0010I After 41057 nodes, 17529 on tree, 14 best solution, best possible 7.6666667 (12.72 seconds)
Cbc0010I After 43382 nodes, 18755 on tree, 14 best solution, best possible 8 (13.42 seconds)
Cbc0010I After 46043 nodes, 19654 on tree, 14 best solution, best possible 8 (14.12 seconds)
Cbc0010I After 48644 nodes, 20774 on tree, 14 best solution, best possible 8 (14.82 seconds)
Cbc0010I After 51019 nodes, 21656 on tree, 14 best solution, best possible 8 (15.52 seconds)
Cbc0010I After 53574 nodes, 22583 on tree, 14 best solution, best possible 8 (16.22 seconds)
Cbc0010I After 56007 nodes, 23546 on tree, 14 best solution, best possible 8 (16.92 seconds)
Cbc0010I After 58656 nodes, 24971 on tree, 14 best solution, best possible 8 (17.62 seconds)
Cbc0010I After 61360 nodes, 26213 on tree, 14 best solution, best possible 8 (18.32 seconds)
Cbc0010I After 63881 nodes, 27182 on tree, 14 best solution, best possible 8 (19.02 seconds)
Cbc0004I Integer solution of 12 found after 329138 iterations and 64040 nodes (19.06 seconds)
Cbc0012I Integer solution of 12 found by heuristic after 329136 iterations and 64039 nodes (19.06 seconds)
Cbc0010I After 66009 nodes, 22916 on tree, 12 best solution, best possible 8 (19.72 seconds)
Cbc0010I After 68493 nodes, 23616 on tree, 12 best solution, best possible 8 (20.42 seconds)
Cbc0010I After 71066 nodes, 24720 on tree, 12 best solution, best possible 8 (21.12 seconds)
Cbc0010I After 73651 nodes, 25389 on tree, 12 best solution, best possible 8 (21.82 seconds)
Cbc0010I After 76051 nodes, 26221 on tree, 12 best solution, best possible 8 (22.52 seconds)
Cbc0010I After 78805 nodes, 27114 on tree, 12 best solution, best possible 8 (23.22 seconds)
Cbc0010I After 81682 nodes, 27633 on tree, 12 best solution, best possible 8 (23.92 seconds)
Cbc0010I After 84188 nodes, 29080 on tree, 12 best solution, best possible 8 (24.62 seconds)
Cbc0010I After 86881 nodes, 30218 on tree, 12 best solution, best possible 8 (25.32 seconds)
Cbc0010I After 89472 nodes, 31461 on tree, 12 best solution, best possible 8.2 (26.02 seconds)
Cbc0010I After 91921 nodes, 32049 on tree, 12 best solution, best possible 8.5 (26.72 seconds)
Cbc0010I After 94555 nodes, 32599 on tree, 12 best solution, best possible 8.5 (27.42 seconds)
Cbc0010I After 97237 nodes, 33043 on tree, 12 best solution, best possible 8.5 (28.13 seconds)
Cbc0010I After 99657 nodes, 33699 on tree, 12 best solution, best possible 8.5 (28.83 seconds)
Cbc0010I After 102349 nodes, 34278 on tree, 12 best solution, best possible 8.5 (29.53 seconds)
Cbc0010I After 105200 nodes, 35045 on tree, 12 best solution, best possible 8.6666667 (30.23 seconds)
Cbc0010I After 107621 nodes, 35882 on tree, 12 best solution, best possible 8.6666667 (30.93 seconds)
Cbc0010I After 110264 nodes, 36290 on tree, 12 best solution, best possible 9 (31.63 seconds)
Cbc0010I After 113169 nodes, 36515 on tree, 12 best solution, best possible 9 (32.33 seconds)
Cbc0010I After 115657 nodes, 36784 on tree, 12 best solution, best possible 9 (33.03 seconds)
Cbc0010I After 118330 nodes, 37112 on tree, 12 best solution, best possible 9 (33.73 seconds)
Cbc0010I After 121079 nodes, 37301 on tree, 12 best solution, best possible 9 (34.43 seconds)
Cbc0010I After 123527 nodes, 37628 on tree, 12 best solution, best possible 9 (35.13 seconds)
Cbc0010I After 126177 nodes, 38511 on tree, 12 best solution, best possible 9 (35.83 seconds)
Cbc0010I After 128892 nodes, 39060 on tree, 12 best solution, best possible 9 (36.53 seconds)
Cbc0010I After 131394 nodes, 39326 on tree, 12 best solution, best possible 9 (37.23 seconds)
Cbc0010I After 133861 nodes, 40605 on tree, 12 best solution, best possible 9 (37.93 seconds)
Cbc0010I After 135899 nodes, 42116 on tree, 12 best solution, best possible 9 (38.63 seconds)
Cbc0010I After 138325 nodes, 43244 on tree, 12 best solution, best possible 9 (39.33 seconds)
Cbc0010I After 140818 nodes, 44490 on tree, 12 best solution, best possible 9 (40.03 seconds)
Cbc0010I After 143172 nodes, 44810 on tree, 12 best solution, best possible 9 (40.73 seconds)
Cbc0010I After 145634 nodes, 45165 on tree, 12 best solution, best possible 9 (41.43 seconds)
Cbc0010I After 147821 nodes, 45471 on tree, 12 best solution, best possible 9 (42.13 seconds)
Cbc0010I After 150333 nodes, 45847 on tree, 12 best solution, best possible 9 (42.83 seconds)
Cbc0010I After 152753 nodes, 46356 on tree, 12 best solution, best possible 9 (43.53 seconds)
Cbc0010I After 155244 nodes, 47058 on tree, 12 best solution, best possible 9 (44.24 seconds)
Cbc0010I After 157701 nodes, 47801 on tree, 12 best solution, best possible 9 (44.94 seconds)
Cbc0010I After 160000 nodes, 48338 on tree, 12 best solution, best possible 9 (45.64 seconds)
Cbc0010I After 162497 nodes, 48455 on tree, 12 best solution, best possible 9 (46.34 seconds)
Cbc0010I After 164853 nodes, 48569 on tree, 12 best solution, best possible 9 (47.04 seconds)
Cbc0010I After 167076 nodes, 48780 on tree, 12 best solution, best possible 9 (47.74 seconds)
Cbc0010I After 169512 nodes, 49182 on tree, 12 best solution, best possible 9 (48.44 seconds)
Cbc0010I After 171634 nodes, 49546 on tree, 12 best solution, best possible 9 (49.14 seconds)
Cbc0010I After 173816 nodes, 49792 on tree, 12 best solution, best possible 9 (49.84 seconds)
Cbc0010I After 175902 nodes, 50062 on tree, 12 best solution, best possible 9 (50.54 seconds)
Cbc0010I After 177943 nodes, 50892 on tree, 12 best solution, best possible 9 (51.24 seconds)
Cbc0010I After 179841 nodes, 51326 on tree, 12 best solution, best possible 9 (51.94 seconds)
Cbc0010I After 181845 nodes, 51832 on tree, 12 best solution, best possible 9 (52.64 seconds)
Cbc0010I After 183698 nodes, 52495 on tree, 12 best solution, best possible 9 (53.35 seconds)
Cbc0010I After 185659 nodes, 53202 on tree, 12 best solution, best possible 9 (54.05 seconds)
Cbc0010I After 187408 nodes, 54474 on tree, 12 best solution, best possible 9 (54.75 seconds)
Cbc0010I After 189249 nodes, 55287 on tree, 12 best solution, best possible 9 (55.45 seconds)
Cbc0010I After 191097 nodes, 55641 on tree, 12 best solution, best possible 9 (56.15 seconds)
Cbc0010I After 192840 nodes, 55705 on tree, 12 best solution, best possible 9 (56.85 seconds)
Cbc0010I After 194359 nodes, 55859 on tree, 12 best solution, best possible 9 (57.55 seconds)
Cbc0010I After 196138 nodes, 56196 on tree, 12 best solution, best possible 9 (58.25 seconds)
Cbc0010I After 197930 nodes, 56440 on tree, 12 best solution, best possible 9 (58.95 seconds)
Cbc0010I After 199446 nodes, 57042 on tree, 12 best solution, best possible 9 (59.65 seconds)
Cbc0010I After 201133 nodes, 57486 on tree, 12 best solution, best possible 9 (60.35 seconds)
Cbc0010I After 202739 nodes, 57798 on tree, 12 best solution, best possible 9 (61.05 seconds)
Cbc0010I After 204201 nodes, 58133 on tree, 12 best solution, best possible 9 (61.75 seconds)
Cbc0010I After 205789 nodes, 58399 on tree, 12 best solution, best possible 9 (62.45 seconds)
Cbc0010I After 207118 nodes, 58700 on tree, 12 best solution, best possible 9 (63.15 seconds)
Cbc0010I After 208772 nodes, 59244 on tree, 12 best solution, best possible 9 (63.86 seconds)
Cbc0010I After 210289 nodes, 59552 on tree, 12 best solution, best possible 9 (64.56 seconds)
Cbc0010I After 211902 nodes, 60549 on tree, 12 best solution, best possible 9 (65.26 seconds)
Cbc0010I After 213616 nodes, 60903 on tree, 12 best solution, best possible 9 (65.96 seconds)
Cbc0010I After 215245 nodes, 61068 on tree, 12 best solution, best possible 9 (66.66 seconds)
Cbc0010I After 216821 nodes, 61391 on tree, 12 best solution, best possible 9 (67.36 seconds)
Cbc0010I After 218275 nodes, 61717 on tree, 12 best solution, best possible 9 (68.06 seconds)
Cbc0010I After 219678 nodes, 62228 on tree, 12 best solution, best possible 9 (68.76 seconds)
Cbc0010I After 221267 nodes, 62594 on tree, 12 best solution, best possible 9 (69.46 seconds)
Cbc0010I After 222711 nodes, 62948 on tree, 12 best solution, best possible 9 (70.16 seconds)
Cbc0010I After 224628 nodes, 63424 on tree, 12 best solution, best possible 9 (70.86 seconds)
Cbc0010I After 226332 nodes, 63878 on tree, 12 best solution, best possible 9 (71.56 seconds)
Cbc0010I After 227790 nodes, 64819 on tree, 12 best solution, best possible 9 (72.26 seconds)
Cbc0010I After 229820 nodes, 64823 on tree, 12 best solution, best possible 9 (72.96 seconds)
Cbc0010I After 231449 nodes, 65131 on tree, 12 best solution, best possible 9 (73.66 seconds)
Cbc0010I After 233544 nodes, 65000 on tree, 12 best solution, best possible 9 (74.36 seconds)
Cbc0010I After 235123 nodes, 65221 on tree, 12 best solution, best possible 9 (75.07 seconds)
Cbc0010I After 237174 nodes, 65103 on tree, 12 best solution, best possible 9 (75.77 seconds)
Cbc0010I After 238597 nodes, 65595 on tree, 12 best solution, best possible 9 (76.47 seconds)
Cbc0010I After 240386 nodes, 65695 on tree, 12 best solution, best possible 9 (77.17 seconds)
Cbc0010I After 242023 nodes, 65963 on tree, 12 best solution, best possible 9 (77.87 seconds)
Cbc0010I After 243592 nodes, 66879 on tree, 12 best solution, best possible 9 (78.57 seconds)
Cbc0010I After 245476 nodes, 67044 on tree, 12 best solution, best possible 9.3333333 (79.27 seconds)
Cbc0010I After 246872 nodes, 67795 on tree, 12 best solution, best possible 9.4 (79.97 seconds)
Cbc0010I After 249004 nodes, 68244 on tree, 12 best solution, best possible 9.4 (80.67 seconds)
Cbc0010I After 250421 nodes, 68847 on tree, 12 best solution, best possible 9.5 (81.37 seconds)
Cbc0010I After 253092 nodes, 68696 on tree, 12 best solution, best possible 9.5 (82.07 seconds)
Cbc0010I After 254550 nodes, 69360 on tree, 12 best solution, best possible 9.5 (82.77 seconds)
Cbc0010I After 257480 nodes, 69291 on tree, 12 best solution, best possible 9.5 (83.47 seconds)
Cbc0010I After 259742 nodes, 69737 on tree, 12 best solution, best possible 9.5 (84.17 seconds)
Cbc0010I After 263065 nodes, 69145 on tree, 12 best solution, best possible 9.5 (84.87 seconds)
Cbc0010I After 265603 nodes, 68489 on tree, 12 best solution, best possible 9.5 (85.58 seconds)
Cbc0010I After 267230 nodes, 69144 on tree, 12 best solution, best possible 9.5 (86.28 seconds)
Cbc0010I After 269584 nodes, 69190 on tree, 12 best solution, best possible 9.5 (86.98 seconds)
Cbc0010I After 272101 nodes, 69311 on tree, 12 best solution, best possible 9.5 (87.68 seconds)
Cbc0010I After 274646 nodes, 69197 on tree, 12 best solution, best possible 9.5 (88.38 seconds)
Cbc0010I After 277575 nodes, 69141 on tree, 12 best solution, best possible 9.5 (89.08 seconds)
Cbc0010I After 280876 nodes, 68543 on tree, 12 best solution, best possible 9.5 (89.78 seconds)
Cbc0010I After 282341 nodes, 69117 on tree, 12 best solution, best possible 9.5 (90.48 seconds)
Cbc0010I After 284956 nodes, 68805 on tree, 12 best solution, best possible 9.5 (91.18 seconds)
Cbc0010I After 286456 nodes, 69309 on tree, 12 best solution, best possible 9.6666667 (91.88 seconds)
Cbc0010I After 289162 nodes, 69452 on tree, 12 best solution, best possible 9.6666667 (92.58 seconds)
Cbc0010I After 292232 nodes, 69252 on tree, 12 best solution, best possible 9.6666667 (93.28 seconds)
Cbc0010I After 294205 nodes, 69078 on tree, 12 best solution, best possible 9.75 (93.98 seconds)
Cbc0010I After 296247 nodes, 69348 on tree, 12 best solution, best possible 9.75 (94.68 seconds)
Cbc0010I After 298167 nodes, 69420 on tree, 12 best solution, best possible 10 (95.39 seconds)
Cbc0010I After 301154 nodes, 69226 on tree, 12 best solution, best possible 10 (96.09 seconds)
Cbc0010I After 303480 nodes, 69427 on tree, 12 best solution, best possible 10 (96.79 seconds)
Cbc0010I After 305819 nodes, 69398 on tree, 12 best solution, best possible 10 (97.49 seconds)
Cbc0010I After 307872 nodes, 69552 on tree, 12 best solution, best possible 10 (98.19 seconds)
Cbc0010I After 310466 nodes, 68888 on tree, 12 best solution, best possible 10 (98.89 seconds)
Cbc0010I After 312140 nodes, 68823 on tree, 12 best solution, best possible 10 (99.59 seconds)
Cbc0010I After 314064 nodes, 68678 on tree, 12 best solution, best possible 10 (100.29 seconds)
Cbc0010I After 315681 nodes, 68931 on tree, 12 best solution, best possible 10 (100.99 seconds)
Cbc0010I After 317852 nodes, 68656 on tree, 12 best solution, best possible 10 (101.69 seconds)
Cbc0010I After 319508 nodes, 68896 on tree, 12 best solution, best possible 10 (102.39 seconds)
Cbc0010I After 321697 nodes, 68658 on tree, 12 best solution, best possible 10 (103.09 seconds)
Cbc0010I After 323337 nodes, 68905 on tree, 12 best solution, best possible 10 (103.79 seconds)
Cbc0010I After 325488 nodes, 68865 on tree, 12 best solution, best possible 10 (104.49 seconds)
Cbc0010I After 327258 nodes, 69039 on tree, 12 best solution, best possible 10 (105.19 seconds)
Cbc0010I After 329843 nodes, 68449 on tree, 12 best solution, best possible 10 (105.90 seconds)
Cbc0010I After 331475 nodes, 68630 on tree, 12 best solution, best possible 10 (106.60 seconds)
Cbc0010I After 333483 nodes, 68446 on tree, 12 best solution, best possible 10 (107.30 seconds)
Cbc0010I After 335029 nodes, 68677 on tree, 12 best solution, best possible 10 (108.00 seconds)
Cbc0010I After 336966 nodes, 68653 on tree, 12 best solution, best possible 10 (108.70 seconds)
Cbc0010I After 338530 nodes, 68914 on tree, 12 best solution, best possible 10 (109.40 seconds)
Cbc0010I After 340258 nodes, 69102 on tree, 12 best solution, best possible 10 (110.10 seconds)
Cbc0010I After 342235 nodes, 69011 on tree, 12 best solution, best possible 10 (110.80 seconds)
Cbc0010I After 344563 nodes, 68665 on tree, 12 best solution, best possible 10 (111.50 seconds)
Cbc0010I After 346380 nodes, 68733 on tree, 12 best solution, best possible 10 (112.20 seconds)
Cbc0010I After 347989 nodes, 69000 on tree, 12 best solution, best possible 10 (112.90 seconds)
Cbc0010I After 349994 nodes, 68890 on tree, 12 best solution, best possible 10 (113.60 seconds)
Cbc0010I After 351619 nodes, 69118 on tree, 12 best solution, best possible 10 (114.30 seconds)
Cbc0010I After 353756 nodes, 68959 on tree, 12 best solution, best possible 10 (115.01 seconds)
Cbc0010I After 355611 nodes, 69056 on tree, 12 best solution, best possible 10 (115.71 seconds)
Cbc0010I After 357893 nodes, 68891 on tree, 12 best solution, best possible 10 (116.41 seconds)
Cbc0010I After 359474 nodes, 69281 on tree, 12 best solution, best possible 10 (117.11 seconds)
Cbc0010I After 361935 nodes, 69507 on tree, 12 best solution, best possible 10 (117.81 seconds)
Cbc0010I After 364690 nodes, 69507 on tree, 12 best solution, best possible 10 (118.51 seconds)
Cbc0010I After 367623 nodes, 69357 on tree, 12 best solution, best possible 10 (119.21 seconds)
Cbc0010I After 369792 nodes, 69414 on tree, 12 best solution, best possible 10 (119.91 seconds)
Cbc0010I After 372668 nodes, 68636 on tree, 12 best solution, best possible 10 (120.61 seconds)
Cbc0010I After 374257 nodes, 69151 on tree, 12 best solution, best possible 10 (121.31 seconds)
Cbc0010I After 376517 nodes, 68875 on tree, 12 best solution, best possible 10 (122.01 seconds)
Cbc0010I After 378285 nodes, 68930 on tree, 12 best solution, best possible 10 (122.71 seconds)
Cbc0010I After 379912 nodes, 69209 on tree, 12 best solution, best possible 10 (123.41 seconds)
Cbc0010I After 382006 nodes, 69068 on tree, 12 best solution, best possible 10 (124.11 seconds)
Cbc0010I After 383609 nodes, 69157 on tree, 12 best solution, best possible 10 (124.81 seconds)
Cbc0010I After 386314 nodes, 69136 on tree, 12 best solution, best possible 10 (125.52 seconds)
Cbc0010I After 389291 nodes, 69137 on tree, 12 best solution, best possible 10 (126.22 seconds)
Cbc0010I After 392594 nodes, 69078 on tree, 12 best solution, best possible 10 (126.92 seconds)
Cbc0010I After 394741 nodes, 68800 on tree, 12 best solution, best possible 10 (127.62 seconds)
Cbc0010I After 396806 nodes, 68590 on tree, 12 best solution, best possible 10 (128.32 seconds)
Cbc0010I After 398514 nodes, 68724 on tree, 12 best solution, best possible 10 (129.02 seconds)
Cbc0010I After 400010 nodes, 69687 on tree, 12 best solution, best possible 10 (129.72 seconds)
Cbc0010I After 402606 nodes, 69444 on tree, 12 best solution, best possible 10 (130.42 seconds)
Cbc0010I After 405198 nodes, 69176 on tree, 12 best solution, best possible 10 (131.12 seconds)
Cbc0010I After 407328 nodes, 69229 on tree, 12 best solution, best possible 10 (131.82 seconds)
Cbc0010I After 409777 nodes, 69386 on tree, 12 best solution, best possible 10 (132.52 seconds)
Cbc0010I After 412793 nodes, 69385 on tree, 12 best solution, best possible 10 (133.22 seconds)
Cbc0010I After 415848 nodes, 69387 on tree, 12 best solution, best possible 10 (133.92 seconds)
Cbc0010I After 419094 nodes, 68503 on tree, 12 best solution, best possible 10 (134.62 seconds)
Cbc0010I After 421082 nodes, 68674 on tree, 12 best solution, best possible 10 (135.33 seconds)
Cbc0010I After 423105 nodes, 69010 on tree, 12 best solution, best possible 10 (136.03 seconds)
Cbc0010I After 425249 nodes, 69150 on tree, 12 best solution, best possible 10 (136.73 seconds)
Cbc0010I After 427252 nodes, 69382 on tree, 12 best solution, best possible 10 (137.43 seconds)
Cbc0010I After 429723 nodes, 68970 on tree, 12 best solution, best possible 10 (138.13 seconds)
Cbc0010I After 431840 nodes, 68898 on tree, 12 best solution, best possible 10 (138.83 seconds)
Cbc0010I After 433709 nodes, 69459 on tree, 12 best solution, best possible 10 (139.53 seconds)
Cbc0010I After 436466 nodes, 69205 on tree, 12 best solution, best possible 10 (140.23 seconds)
Cbc0010I After 439153 nodes, 69206 on tree, 12 best solution, best possible 10 (140.93 seconds)
Cbc0010I After 441649 nodes, 69204 on tree, 12 best solution, best possible 10 (141.63 seconds)
Cbc0010I After 444267 nodes, 69091 on tree, 12 best solution, best possible 10 (142.33 seconds)
Cbc0010I After 446481 nodes, 69270 on tree, 12 best solution, best possible 10 (143.03 seconds)
Cbc0010I After 448727 nodes, 69364 on tree, 12 best solution, best possible 10 (143.73 seconds)
Cbc0010I After 450781 nodes, 69220 on tree, 12 best solution, best possible 10 (144.44 seconds)
Cbc0010I After 453420 nodes, 68038 on tree, 12 best solution, best possible 10 (145.14 seconds)
Cbc0010I After 454954 nodes, 67915 on tree, 12 best solution, best possible 10 (145.84 seconds)
Cbc0010I After 457161 nodes, 67821 on tree, 12 best solution, best possible 10 (146.54 seconds)
Cbc0010I After 458796 nodes, 68049 on tree, 12 best solution, best possible 10 (147.24 seconds)
Cbc0010I After 461000 nodes, 68061 on tree, 12 best solution, best possible 10 (147.94 seconds)
Cbc0010I After 462660 nodes, 68272 on tree, 12 best solution, best possible 10 (148.64 seconds)
Cbc0010I After 464848 nodes, 67788 on tree, 12 best solution, best possible 10 (149.35 seconds)
Cbc0010I After 466613 nodes, 67827 on tree, 12 best solution, best possible 10 (150.05 seconds)
Cbc0010I After 468436 nodes, 67849 on tree, 12 best solution, best possible 10 (150.75 seconds)
Cbc0010I After 470339 nodes, 68043 on tree, 12 best solution, best possible 10 (151.45 seconds)
Cbc0010I After 471906 nodes, 68292 on tree, 12 best solution, best possible 10 (152.15 seconds)
Cbc0010I After 474086 nodes, 68133 on tree, 12 best solution, best possible 10 (152.85 seconds)
Cbc0010I After 475777 nodes, 68341 on tree, 12 best solution, best possible 10 (153.55 seconds)
Cbc0010I After 477902 nodes, 67852 on tree, 12 best solution, best possible 10 (154.25 seconds)
Cbc0010I After 479495 nodes, 68179 on tree, 12 best solution, best possible 10 (154.95 seconds)
Cbc0010I After 481512 nodes, 68008 on tree, 12 best solution, best possible 10 (155.65 seconds)
Cbc0010I After 483131 nodes, 68320 on tree, 12 best solution, best possible 10 (156.35 seconds)
Cbc0010I After 485058 nodes, 68373 on tree, 12 best solution, best possible 10 (157.05 seconds)
Cbc0010I After 486657 nodes, 68698 on tree, 12 best solution, best possible 10 (157.75 seconds)
Cbc0010I After 488442 nodes, 68737 on tree, 12 best solution, best possible 10 (158.45 seconds)
Cbc0010I After 490250 nodes, 68777 on tree, 12 best solution, best possible 10 (159.16 seconds)
Cbc0010I After 491916 nodes, 69012 on tree, 12 best solution, best possible 10 (159.86 seconds)
Cbc0010I After 494064 nodes, 68529 on tree, 12 best solution, best possible 10 (160.56 seconds)
Cbc0010I After 495763 nodes, 68757 on tree, 12 best solution, best possible 10 (161.26 seconds)
Cbc0010I After 497804 nodes, 68569 on tree, 12 best solution, best possible 10 (161.96 seconds)
Cbc0010I After 499624 nodes, 69157 on tree, 12 best solution, best possible 10 (162.66 seconds)
Cbc0010I After 501672 nodes, 69334 on tree, 12 best solution, best possible 10 (163.36 seconds)
Cbc0010I After 504824 nodes, 68729 on tree, 12 best solution, best possible 10 (164.06 seconds)
Cbc0010I After 506792 nodes, 68932 on tree, 12 best solution, best possible 10 (164.76 seconds)
Cbc0010I After 508844 nodes, 68605 on tree, 12 best solution, best possible 10 (165.46 seconds)
Cbc0010I After 510572 nodes, 68684 on tree, 12 best solution, best possible 10 (166.16 seconds)
Cbc0010I After 512201 nodes, 68754 on tree, 12 best solution, best possible 10 (166.86 seconds)
Cbc0010I After 514224 nodes, 68345 on tree, 12 best solution, best possible 10 (167.56 seconds)
Cbc0010I After 515901 nodes, 68625 on tree, 12 best solution, best possible 10 (168.26 seconds)
Cbc0010I After 517985 nodes, 68866 on tree, 12 best solution, best possible 10 (168.97 seconds)
Cbc0010I After 520047 nodes, 69001 on tree, 12 best solution, best possible 10 (169.67 seconds)
Cbc0010I After 522189 nodes, 69195 on tree, 12 best solution, best possible 10 (170.37 seconds)
Cbc0010I After 524699 nodes, 68811 on tree, 12 best solution, best possible 10 (171.07 seconds)
Cbc0010I After 526959 nodes, 68792 on tree, 12 best solution, best possible 10 (171.77 seconds)
Cbc0010I After 529055 nodes, 68812 on tree, 12 best solution, best possible 10 (172.47 seconds)
Cbc0010I After 530927 nodes, 69351 on tree, 12 best solution, best possible 10 (173.17 seconds)
Cbc0010I After 533658 nodes, 69352 on tree, 12 best solution, best possible 10 (173.87 seconds)
Cbc0010I After 535909 nodes, 68999 on tree, 12 best solution, best possible 10 (174.57 seconds)
Cbc0010I After 537971 nodes, 69077 on tree, 12 best solution, best possible 10 (175.27 seconds)
Cbc0010I After 539475 nodes, 69022 on tree, 12 best solution, best possible 10 (175.97 seconds)
Cbc0010I After 541424 nodes, 68758 on tree, 12 best solution, best possible 10 (176.67 seconds)
Cbc0010I After 543086 nodes, 68970 on tree, 12 best solution, best possible 10 (177.37 seconds)
Cbc0010I After 545114 nodes, 68611 on tree, 12 best solution, best possible 10 (178.07 seconds)
Cbc0010I After 546787 nodes, 68880 on tree, 12 best solution, best possible 10 (178.78 seconds)
Cbc0010I After 548781 nodes, 68702 on tree, 12 best solution, best possible 10 (179.48 seconds)
Cbc0010I After 550483 nodes, 68875 on tree, 12 best solution, best possible 10 (180.18 seconds)
Cbc0010I After 552428 nodes, 69059 on tree, 12 best solution, best possible 10 (180.88 seconds)
Cbc0010I After 554492 nodes, 68926 on tree, 12 best solution, best possible 10 (181.58 seconds)
Cbc0010I After 556188 nodes, 69155 on tree, 12 best solution, best possible 10 (182.28 seconds)
Cbc0010I After 558294 nodes, 68837 on tree, 12 best solution, best possible 10 (182.98 seconds)
Cbc0010I After 559962 nodes, 69146 on tree, 12 best solution, best possible 10 (183.68 seconds)
Cbc0010I After 562184 nodes, 68731 on tree, 12 best solution, best possible 10 (184.38 seconds)
Cbc0010I After 563836 nodes, 68984 on tree, 12 best solution, best possible 10 (185.08 seconds)
Cbc0010I After 565839 nodes, 68858 on tree, 12 best solution, best possible 10 (185.78 seconds)
Cbc0010I After 567726 nodes, 69050 on tree, 12 best solution, best possible 10 (186.48 seconds)
Cbc0010I After 569651 nodes, 69308 on tree, 12 best solution, best possible 10 (187.18 seconds)
Cbc0010I After 571816 nodes, 69220 on tree, 12 best solution, best possible 10 (187.88 seconds)
Cbc0010I After 573940 nodes, 68880 on tree, 12 best solution, best possible 10 (188.59 seconds)
Cbc0010I After 575606 nodes, 69121 on tree, 12 best solution, best possible 10 (189.29 seconds)
Cbc0010I After 578160 nodes, 69215 on tree, 12 best solution, best possible 10 (189.99 seconds)
Cbc0010I After 580936 nodes, 69214 on tree, 12 best solution, best possible 10 (190.69 seconds)
Cbc0010I After 583693 nodes, 69214 on tree, 12 best solution, best possible 10 (191.39 seconds)
Cbc0010I After 586518 nodes, 69214 on tree, 12 best solution, best possible 10 (192.09 seconds)
Cbc0010I After 589384 nodes, 69214 on tree, 12 best solution, best possible 10 (192.79 seconds)
Cbc0010I After 592328 nodes, 68530 on tree, 12 best solution, best possible 10 (193.49 seconds)
Cbc0010I After 594242 nodes, 68774 on tree, 12 best solution, best possible 10 (194.19 seconds)
Cbc0010I After 596551 nodes, 68586 on tree, 12 best solution, best possible 10 (194.89 seconds)
Cbc0010I After 598425 nodes, 68548 on tree, 12 best solution, best possible 10 (195.59 seconds)
Cbc0010I After 600266 nodes, 68547 on tree, 12 best solution, best possible 10 (196.29 seconds)
Cbc0010I After 602245 nodes, 68419 on tree, 12 best solution, best possible 10 (196.99 seconds)
Cbc0010I After 603909 nodes, 68652 on tree, 12 best solution, best possible 10 (197.70 seconds)
Cbc0010I After 605857 nodes, 68557 on tree, 12 best solution, best possible 10 (198.40 seconds)
Cbc0010I After 607453 nodes, 68766 on tree, 12 best solution, best possible 10 (199.10 seconds)
Cbc0010I After 609360 nodes, 68741 on tree, 12 best solution, best possible 10 (199.80 seconds)
Cbc0010I After 611060 nodes, 68986 on tree, 12 best solution, best possible 10 (200.50 seconds)
Cbc0010I After 613092 nodes, 68760 on tree, 12 best solution, best possible 10 (201.20 seconds)
Cbc0010I After 614921 nodes, 68869 on tree, 12 best solution, best possible 10 (201.90 seconds)
Cbc0010I After 617211 nodes, 68668 on tree, 12 best solution, best possible 10 (202.60 seconds)
Cbc0010I After 619041 nodes, 68988 on tree, 12 best solution, best possible 10 (203.30 seconds)
Cbc0010I After 621165 nodes, 68954 on tree, 12 best solution, best possible 10 (204.00 seconds)
Cbc0010I After 623357 nodes, 68670 on tree, 12 best solution, best possible 10 (204.70 seconds)
Cbc0010I After 625472 nodes, 68529 on tree, 12 best solution, best possible 10 (205.40 seconds)
Cbc0010I After 627281 nodes, 68900 on tree, 12 best solution, best possible 10 (206.10 seconds)
Cbc0010I After 629457 nodes, 68479 on tree, 12 best solution, best possible 10 (206.81 seconds)
Cbc0010I After 631559 nodes, 68275 on tree, 12 best solution, best possible 10 (207.51 seconds)
Cbc0010I After 633904 nodes, 67588 on tree, 12 best solution, best possible 10 (208.21 seconds)
Cbc0010I After 636650 nodes, 65977 on tree, 12 best solution, best possible 10 (208.91 seconds)
Cbc0010I After 638690 nodes, 65597 on tree, 12 best solution, best possible 10 (209.61 seconds)
Cbc0010I After 641375 nodes, 64325 on tree, 12 best solution, best possible 10 (210.31 seconds)
Cbc0010I After 643325 nodes, 64428 on tree, 12 best solution, best possible 10 (211.01 seconds)
Cbc0010I After 645607 nodes, 64112 on tree, 12 best solution, best possible 10 (211.71 seconds)
Cbc0010I After 647806 nodes, 64417 on tree, 12 best solution, best possible 10 (212.41 seconds)
Cbc0010I After 649893 nodes, 64413 on tree, 12 best solution, best possible 10 (213.11 seconds)
Cbc0010I After 652115 nodes, 64663 on tree, 12 best solution, best possible 10 (213.81 seconds)
Cbc0010I After 654225 nodes, 64870 on tree, 12 best solution, best possible 10.333333 (214.51 seconds)
Cbc0010I After 656763 nodes, 65161 on tree, 12 best solution, best possible 10.333333 (215.21 seconds)
Cbc0010I After 658779 nodes, 65123 on tree, 12 best solution, best possible 10.5 (215.92 seconds)
Cbc0010I After 661536 nodes, 64352 on tree, 12 best solution, best possible 10.5 (216.62 seconds)
Cbc0010I After 663745 nodes, 64463 on tree, 12 best solution, best possible 10.5 (217.32 seconds)
Cbc0010I After 666498 nodes, 63542 on tree, 12 best solution, best possible 10.5 (218.02 seconds)
Cbc0010I After 669193 nodes, 63721 on tree, 12 best solution, best possible 10.5 (218.72 seconds)
Cbc0010I After 671371 nodes, 63866 on tree, 12 best solution, best possible 10.5 (219.42 seconds)
Cbc0010I After 674045 nodes, 62980 on tree, 12 best solution, best possible 10.5 (220.12 seconds)
Cbc0010I After 676695 nodes, 62721 on tree, 12 best solution, best possible 10.5 (220.82 seconds)
Cbc0010I After 679008 nodes, 62472 on tree, 12 best solution, best possible 10.5 (221.52 seconds)
Cbc0010I After 681674 nodes, 61543 on tree, 12 best solution, best possible 10.5 (222.22 seconds)
Cbc0010I After 684341 nodes, 60009 on tree, 12 best solution, best possible 10.5 (222.92 seconds)
Cbc0010I After 686864 nodes, 58978 on tree, 12 best solution, best possible 10.666667 (223.62 seconds)
Cbc0010I After 689702 nodes, 57574 on tree, 12 best solution, best possible 10.75 (224.32 seconds)
Cbc0010I After 692959 nodes, 55615 on tree, 12 best solution, best possible 10.857143 (225.02 seconds)
Cbc0010I After 696271 nodes, 53502 on tree, 12 best solution, best possible 11 (225.72 seconds)
Cbc0010I After 699718 nodes, 51207 on tree, 12 best solution, best possible 11 (226.43 seconds)
Cbc0010I After 703170 nodes, 48852 on tree, 12 best solution, best possible 11 (227.13 seconds)
Cbc0010I After 706404 nodes, 46845 on tree, 12 best solution, best possible 11 (227.83 seconds)
Cbc0010I After 709563 nodes, 45297 on tree, 12 best solution, best possible 11 (228.53 seconds)
Cbc0010I After 711631 nodes, 45623 on tree, 12 best solution, best possible 11 (229.23 seconds)
Cbc0010I After 713796 nodes, 45538 on tree, 12 best solution, best possible 11 (229.93 seconds)
Cbc0010I After 715678 nodes, 45913 on tree, 12 best solution, best possible 11 (230.63 seconds)
Cbc0010I After 718005 nodes, 45481 on tree, 12 best solution, best possible 11 (231.33 seconds)
Cbc0010I After 720885 nodes, 43868 on tree, 12 best solution, best possible 11 (232.03 seconds)
Cbc0010I After 723893 nodes, 41749 on tree, 12 best solution, best possible 11 (232.73 seconds)
Cbc0010I After 727101 nodes, 39578 on tree, 12 best solution, best possible 11 (233.43 seconds)
Cbc0010I After 729611 nodes, 39223 on tree, 12 best solution, best possible 11 (234.13 seconds)
Cbc0010I After 732101 nodes, 39530 on tree, 12 best solution, best possible 11 (234.83 seconds)
Cbc0010I After 734715 nodes, 39249 on tree, 12 best solution, best possible 11 (235.53 seconds)
Cbc0010I After 737279 nodes, 39246 on tree, 12 best solution, best possible 11 (236.23 seconds)
Cbc0010I After 739677 nodes, 39632 on tree, 12 best solution, best possible 11 (236.93 seconds)
Cbc0010I After 742408 nodes, 39731 on tree, 12 best solution, best possible 11 (237.63 seconds)
Cbc0010I After 745440 nodes, 39114 on tree, 12 best solution, best possible 11 (238.33 seconds)
Cbc0010I After 747836 nodes, 39511 on tree, 12 best solution, best possible 11 (239.04 seconds)
Cbc0010I After 750622 nodes, 39183 on tree, 12 best solution, best possible 11 (239.74 seconds)
Cbc0010I After 753408 nodes, 37955 on tree, 12 best solution, best possible 11 (240.44 seconds)
Cbc0010I After 756546 nodes, 35641 on tree, 12 best solution, best possible 11 (241.14 seconds)
Cbc0010I After 759913 nodes, 33297 on tree, 12 best solution, best possible 11 (241.84 seconds)
Cbc0010I After 763324 nodes, 31030 on tree, 12 best solution, best possible 11 (242.54 seconds)
Cbc0010I After 766650 nodes, 28833 on tree, 12 best solution, best possible 11 (243.24 seconds)
Cbc0010I After 770067 nodes, 26428 on tree, 12 best solution, best possible 11 (243.94 seconds)
Cbc0010I After 773567 nodes, 23869 on tree, 12 best solution, best possible 11 (244.64 seconds)
Cbc0010I After 776757 nodes, 21833 on tree, 12 best solution, best possible 11 (245.34 seconds)
Cbc0010I After 778936 nodes, 21939 on tree, 12 best solution, best possible 11 (246.04 seconds)
Cbc0010I After 781335 nodes, 21673 on tree, 12 best solution, best possible 11 (246.74 seconds)
Cbc0010I After 783414 nodes, 21717 on tree, 12 best solution, best possible 11 (247.44 seconds)
Cbc0010I After 786620 nodes, 19416 on tree, 12 best solution, best possible 11 (248.14 seconds)
Cbc0010I After 789563 nodes, 17708 on tree, 12 best solution, best possible 11 (248.84 seconds)
Cbc0010I After 791991 nodes, 18098 on tree, 12 best solution, best possible 11 (249.54 seconds)
Cbc0010I After 794637 nodes, 17920 on tree, 12 best solution, best possible 11 (250.24 seconds)
Cbc0010I After 797571 nodes, 17688 on tree, 12 best solution, best possible 11 (250.94 seconds)
Cbc0010I After 799999 nodes, 18022 on tree, 12 best solution, best possible 11 (251.64 seconds)
Cbc0010I After 802864 nodes, 17106 on tree, 12 best solution, best possible 11 (252.34 seconds)
Cbc0010I After 806209 nodes, 14648 on tree, 12 best solution, best possible 11 (253.04 seconds)
Cbc0010I After 809501 nodes, 12440 on tree, 12 best solution, best possible 11 (253.74 seconds)
Cbc0010I After 813000 nodes, 9879 on tree, 12 best solution, best possible 11 (254.44 seconds)
Cbc0010I After 816000 nodes, 8118 on tree, 12 best solution, best possible 11 (255.14 seconds)
Cbc0010I After 818189 nodes, 7985 on tree, 12 best solution, best possible 11 (255.84 seconds)
Cbc0010I After 821172 nodes, 6485 on tree, 12 best solution, best possible 11 (256.54 seconds)
Cbc0010I After 823632 nodes, 6736 on tree, 12 best solution, best possible 11 (257.24 seconds)
Cbc0010I After 826750 nodes, 4746 on tree, 12 best solution, best possible 11 (257.95 seconds)
Cbc0010I After 829630 nodes, 3255 on tree, 12 best solution, best possible 11 (258.65 seconds)
Cbc0010I After 832310 nodes, 2032 on tree, 12 best solution, best possible 11 (259.35 seconds)
Cbc0010I After 834609 nodes, 1326 on tree, 12 best solution, best possible 11 (260.05 seconds)
Cbc0010I After 836805 nodes, 536 on tree, 12 best solution, best possible 11 (260.75 seconds)
Cbc0030I Thread 0 used 838382 times,  waiting to start 1.1485779, 252.5023 cpu time, 4905891 locks, 20.380022 locked, 0.31106758 waiting for locks
Cbc0030I Main thread 249.24185 waiting for threads,  5869914 locks, 4.1093936 locked, 0.36764359 waiting for locks
Cbc0001I Search completed - best objective 12, took 2793834 iterations and 838382 nodes (261.32 seconds)
Cbc0032I Strong branching done 412818 times (1815139 iterations), fathomed 89455 nodes and fixed 94838 variables
Cbc0035I Maximum depth 71, 6962961 variables fixed on reduced cost
Cbc0045I Orbital branching succeeded 19 times - average extra   0.053, fixing (4,  21.000)
