Starting solution of the Linear programming relaxation problem using Primal Simplex

Coin0506I Presolve 73 (0) rows, 144 (-220) columns and 446 (-220) elements
Clp1000I sum of infeasibilities 4.91566e-09 - average 6.73377e-11, 130 fixed columns
Coin0506I Presolve 0 (-73) rows, 0 (-144) columns and 0 (-446) elements
Clp0000I Optimal - objective value 1
Clp0000I Optimal - objective value 1
Coin0511I After Postsolve, objective 1, infeasibilities - dual 0 (0), primal 0 (0)
Clp0006I 0  Obj 1
Clp0000I Optimal - objective value 1
Clp0000I Optimal - objective value 1
Coin0511I After Postsolve, objective 1, infeasibilities - dual 0 (0), primal 0 (0)
Clp0032I Optimal objective 1 - 0 iterations time 0.002, Presolve 0.00, Idiot 0.00

Starting MIP optimization
Cbc0045I Nauty did not find any useful orbits in time 0.000582
Cbc0038I Initial state - 3 integers unsatisfied sum - 1.5
Cbc0038I Pass   1: suminf.    0.00000 (0) obj. 1 iterations 4
Cbc0038I Pass   2: suminf.    0.00000 (0) obj. 1 iterations 0
Cbc0038I Pass   3: suminf.    0.00000 (0) obj. 1 iterations 0
Cbc0038I Pass   4: suminf.    2.50000 (5) obj. 37 iterations 98
Cbc0038I Pass   5: suminf.    0.50000 (1) obj. 37 iterations 6
Cbc0038I Pass   6: suminf.    0.00000 (0) obj. 37 iterations 1
Cbc0038I Pass   7: suminf.    0.00000 (0) obj. 37 iterations 0
Cbc0038I Pass   8: suminf.    0.00000 (0) obj. 37 iterations 0
Cbc0038I Pass   9: suminf.    0.00000 (0) obj. 37 iterations 0
Cbc0038I Pass  10: suminf.    0.00000 (0) obj. 37 iterations 0
Cbc0038I Pass  11: suminf.    0.00000 (0) obj. 37 iterations 0
Cbc0038I Pass  12: suminf.    0.00000 (0) obj. 37 iterations 0
Cbc0038I Pass  13: suminf.    0.00000 (0) obj. 37 iterations 0
Cbc0038I Pass  14: suminf.    3.00000 (6) obj. 42 iterations 44
Cbc0038I Pass  15: suminf.    0.50000 (1) obj. 42 iterations 6
Cbc0038I Pass  16: suminf.    0.00000 (0) obj. 42 iterations 1
Cbc0038I Pass  17: suminf.    0.00000 (0) obj. 42 iterations 0
Cbc0038I Pass  18: suminf.    0.00000 (0) obj. 42 iterations 0
Cbc0038I Pass  19: suminf.    0.00000 (0) obj. 42 iterations 0
Cbc0038I Pass  20: suminf.    0.00000 (0) obj. 42 iterations 0
Cbc0038I Pass  21: suminf.    0.00000 (0) obj. 42 iterations 0
Cbc0038I Pass  22: suminf.    0.00000 (0) obj. 42 iterations 0
Cbc0038I Pass  23: suminf.    0.00000 (0) obj. 42 iterations 0
Cbc0038I Pass  24: suminf.    0.00000 (0) obj. 42 iterations 0
Cbc0038I Pass  25: suminf.    2.50000 (5) obj. 52 iterations 47
Cbc0038I Pass  26: suminf.    0.00000 (0) obj. 52 iterations 8
Cbc0038I Pass  27: suminf.    0.00000 (0) obj. 52 iterations 0
Cbc0038I Pass  28: suminf.    0.00000 (0) obj. 52 iterations 0
Cbc0038I Pass  29: suminf.    0.00000 (0) obj. 52 iterations 0
Cbc0038I Pass  30: suminf.    0.00000 (0) obj. 52 iterations 0
Cbc0038I No solution found this major pass
Cbc0038I Before mini branch and bound, 122 integers at bound fixed and 3 continuous
Cbc0038I Full problem 73 rows 291 columns, reduced to 27 rows 70 columns
Cbc0038I Mini branch and bound improved solution from 1.797693134862e+308 to 1 (0.01 seconds)
Cbc0038I After 0.01 seconds - Feasibility pump exiting with objective of 1 - took 0.01 seconds
Cbc0051I Starting cut generation at root node
Cbc0031I 48 added rows had average density of 59.583333
Cbc0013I At root node, 48 cuts changed objective from 1 to 2.8929504 in 100 passes
Cbc0014I Cut generator 0 (Probing) - 0 row cuts average 0.0 elements, 0 column cuts (9 active)  in 0.020 seconds - new frequency is -100
Cbc0014I Cut generator 1 (Gomory) - 772 row cuts average 231.2 elements, 0 column cuts (0 active)  in 0.145 seconds - new frequency is 1
Cbc0014I Cut generator 2 (Knapsack) - 1245 row cuts average 3.4 elements, 0 column cuts (0 active)  in 0.074 seconds - new frequency is 1
Cbc0014I Cut generator 3 (Clique) - 0 row cuts average 0.0 elements, 0 column cuts (0 active)  in 0.000 seconds - new frequency is -100
Cbc0014I Cut generator 4 (MixedIntegerRounding2) - 20 row cuts average 96.3 elements, 0 column cuts (0 active)  in 0.086 seconds - new frequency is -100
Cbc0014I Cut generator 5 (FlowCover) - 0 row cuts average 0.0 elements, 0 column cuts (0 active)  in 0.002 seconds - new frequency is -100
Cbc0014I Cut generator 6 (TwoMirCuts) - 114 row cuts average 10.2 elements, 0 column cuts (0 active)  in 0.005 seconds - new frequency is 1
Cbc0010I After 0 nodes, 1 on tree, 1e+50 best solution, best possible 2.8929504 (0.73 seconds)
Cbc0004I Integer solution of 26 found after 6186 iterations and 325 nodes (1.05 seconds)
Cbc0012I Integer solution of 26 found by heuristic after 6185 iterations and 324 nodes (1.05 seconds)
Cbc0010I After 2006 nodes, 979 on tree, 26 best solution, best possible 2.8929504 (1.43 seconds)
Cbc0010I After 5781 nodes, 2864 on tree, 26 best solution, best possible 2.8929504 (2.13 seconds)
Cbc0010I After 9644 nodes, 4571 on tree, 26 best solution, best possible 2.8929504 (2.83 seconds)
Cbc0010I After 12016 nodes, 5893 on tree, 26 best solution, best possible 5 (3.53 seconds)
Cbc0010I After 14671 nodes, 7158 on tree, 26 best solution, best possible 6 (4.23 seconds)
Cbc0010I After 17749 nodes, 8605 on tree, 26 best solution, best possible 6 (4.93 seconds)
Cbc0010I After 20607 nodes, 9932 on tree, 26 best solution, best possible 6.5 (5.63 seconds)
Cbc0010I After 23403 nodes, 11406 on tree, 26 best solution, best possible 6.8 (6.33 seconds)
Cbc0004I Integer solution of 14 found after 126484 iterations and 24120 nodes (6.49 seconds)
Cbc0012I Integer solution of 14 found by heuristic after 126480 iterations and 24119 nodes (6.49 seconds)
Cbc0010I After 26405 nodes, 12466 on tree, 14 best solution, best possible 7 (7.03 seconds)
Cbc0010I After 29644 nodes, 13863 on tree, 14 best solution, best possible 7 (7.73 seconds)
Cbc0004I Integer solution of 12 found after 169655 iterations and 32594 nodes (8.35 seconds)
Cbc0012I Integer solution of 12 found by heuristic after 169654 iterations and 32593 nodes (8.35 seconds)
Cbc0010I After 32922 nodes, 13949 on tree, 12 best solution, best possible 7 (8.43 seconds)
Cbc0010I After 36145 nodes, 15166 on tree, 12 best solution, best possible 7 (9.13 seconds)
Cbc0010I After 39651 nodes, 16453 on tree, 12 best solution, best possible 7 (9.83 seconds)
Cbc0010I After 43193 nodes, 17611 on tree, 12 best solution, best possible 7 (10.53 seconds)
Cbc0010I After 46539 nodes, 18953 on tree, 12 best solution, best possible 7 (11.23 seconds)
Cbc0010I After 50000 nodes, 20436 on tree, 12 best solution, best possible 7 (11.93 seconds)
Cbc0010I After 53412 nodes, 21698 on tree, 12 best solution, best possible 7 (12.64 seconds)
Cbc0010I After 56526 nodes, 22757 on tree, 12 best solution, best possible 7.3333333 (13.34 seconds)
Cbc0010I After 59631 nodes, 23864 on tree, 12 best solution, best possible 7.5 (14.04 seconds)
Cbc0010I After 62876 nodes, 24932 on tree, 12 best solution, best possible 7.5 (14.74 seconds)
Cbc0010I After 66006 nodes, 25993 on tree, 12 best solution, best possible 7.6666667 (15.44 seconds)
Cbc0010I After 69227 nodes, 27807 on tree, 12 best solution, best possible 7.75 (16.14 seconds)
Cbc0010I After 72425 nodes, 29610 on tree, 12 best solution, best possible 8 (16.84 seconds)
Cbc0010I After 75833 nodes, 30603 on tree, 12 best solution, best possible 8 (17.54 seconds)
Cbc0010I After 79390 nodes, 31826 on tree, 12 best solution, best possible 8 (18.24 seconds)
Cbc0010I After 82837 nodes, 32888 on tree, 12 best solution, best possible 8 (18.94 seconds)
Cbc0010I After 86252 nodes, 33681 on tree, 12 best solution, best possible 8 (19.64 seconds)
Cbc0010I After 89701 nodes, 34528 on tree, 12 best solution, best possible 8 (20.34 seconds)
Cbc0010I After 93278 nodes, 35435 on tree, 12 best solution, best possible 8 (21.04 seconds)
Cbc0010I After 96492 nodes, 36774 on tree, 12 best solution, best possible 8 (21.74 seconds)
Cbc0010I After 99867 nodes, 38540 on tree, 12 best solution, best possible 8 (22.44 seconds)
Cbc0010I After 103609 nodes, 40095 on tree, 12 best solution, best possible 8 (23.14 seconds)
Cbc0010I After 107345 nodes, 41180 on tree, 12 best solution, best possible 8 (23.84 seconds)
Cbc0010I After 111002 nodes, 42380 on tree, 12 best solution, best possible 8 (24.54 seconds)
Cbc0010I After 114516 nodes, 43239 on tree, 12 best solution, best possible 8 (25.24 seconds)
Cbc0010I After 118158 nodes, 44139 on tree, 12 best solution, best possible 8 (25.94 seconds)
Cbc0010I After 121781 nodes, 45193 on tree, 12 best solution, best possible 8 (26.64 seconds)
Cbc0010I After 125243 nodes, 46258 on tree, 12 best solution, best possible 8 (27.34 seconds)
Cbc0010I After 128901 nodes, 47907 on tree, 12 best solution, best possible 8 (28.04 seconds)
Cbc0010I After 132402 nodes, 49026 on tree, 12 best solution, best possible 8 (28.75 seconds)
Cbc0010I After 135889 nodes, 50020 on tree, 12 best solution, best possible 8 (29.45 seconds)
Cbc0010I After 139465 nodes, 51126 on tree, 12 best solution, best possible 8 (30.15 seconds)
Cbc0010I After 142940 nodes, 52182 on tree, 12 best solution, best possible 8 (30.85 seconds)
Cbc0010I After 146432 nodes, 53381 on tree, 12 best solution, best possible 8 (31.55 seconds)
Cbc0010I After 150107 nodes, 55310 on tree, 12 best solution, best possible 8 (32.25 seconds)
Cbc0010I After 153748 nodes, 57379 on tree, 12 best solution, best possible 8 (32.95 seconds)
Cbc0010I After 157401 nodes, 59060 on tree, 12 best solution, best possible 8 (33.65 seconds)
Cbc0010I After 160942 nodes, 59999 on tree, 12 best solution, best possible 8.1 (34.35 seconds)
Cbc0010I After 164063 nodes, 61017 on tree, 12 best solution, best possible 8.4166667 (35.05 seconds)
Cbc0010I After 167419 nodes, 61933 on tree, 12 best solution, best possible 8.5 (35.75 seconds)
Cbc0010I After 170886 nodes, 62868 on tree, 12 best solution, best possible 8.5 (36.45 seconds)
Cbc0010I After 174338 nodes, 63816 on tree, 12 best solution, best possible 8.5 (37.15 seconds)
Cbc0010I After 177694 nodes, 64620 on tree, 12 best solution, best possible 8.5 (37.85 seconds)
Cbc0010I After 180595 nodes, 65194 on tree, 12 best solution, best possible 8.5 (38.55 seconds)
Cbc0010I After 183428 nodes, 65684 on tree, 12 best solution, best possible 8.5 (39.25 seconds)
Cbc0010I After 186208 nodes, 66268 on tree, 12 best solution, best possible 8.6666667 (39.95 seconds)
Cbc0010I After 189223 nodes, 66455 on tree, 12 best solution, best possible 8.6666667 (40.66 seconds)
Cbc0010I After 191816 nodes, 66630 on tree, 12 best solution, best possible 8.75 (41.36 seconds)
Cbc0010I After 194645 nodes, 67081 on tree, 12 best solution, best possible 9 (42.06 seconds)
Cbc0010I After 197716 nodes, 67515 on tree, 12 best solution, best possible 9 (42.76 seconds)
Cbc0010I After 200739 nodes, 68010 on tree, 12 best solution, best possible 9 (43.46 seconds)
Cbc0010I After 203670 nodes, 68358 on tree, 12 best solution, best possible 9 (44.16 seconds)
Cbc0010I After 206855 nodes, 68504 on tree, 12 best solution, best possible 9 (44.86 seconds)
Cbc0010I After 210000 nodes, 68794 on tree, 12 best solution, best possible 9 (45.57 seconds)
Cbc0010I After 213081 nodes, 69033 on tree, 12 best solution, best possible 9 (46.27 seconds)
Cbc0010I After 216237 nodes, 69364 on tree, 12 best solution, best possible 9 (46.97 seconds)
Cbc0010I After 220229 nodes, 69245 on tree, 12 best solution, best possible 9 (47.67 seconds)
Cbc0010I After 224065 nodes, 69039 on tree, 12 best solution, best possible 9 (48.37 seconds)
Cbc0010I After 227763 nodes, 68894 on tree, 12 best solution, best possible 9 (49.07 seconds)
Cbc0010I After 230497 nodes, 69075 on tree, 12 best solution, best possible 9 (49.77 seconds)
Cbc0010I After 234440 nodes, 69144 on tree, 12 best solution, best possible 9 (50.47 seconds)
Cbc0010I After 238094 nodes, 69067 on tree, 12 best solution, best possible 9 (51.17 seconds)
Cbc0010I After 241621 nodes, 69773 on tree, 12 best solution, best possible 9 (51.87 seconds)
Cbc0010I After 245880 nodes, 69003 on tree, 12 best solution, best possible 9 (52.57 seconds)
Cbc0010I After 249312 nodes, 69741 on tree, 12 best solution, best possible 9 (53.27 seconds)
Cbc0010I After 253815 nodes, 69723 on tree, 12 best solution, best possible 9 (53.97 seconds)
Cbc0010I After 257583 nodes, 69343 on tree, 12 best solution, best possible 9 (54.67 seconds)
Cbc0010I After 261542 nodes, 69204 on tree, 12 best solution, best possible 9 (55.38 seconds)
Cbc0010I After 266102 nodes, 69204 on tree, 12 best solution, best possible 9 (56.08 seconds)
Cbc0010I After 269379 nodes, 69372 on tree, 12 best solution, best possible 9 (56.78 seconds)
Cbc0010I After 273091 nodes, 68984 on tree, 12 best solution, best possible 9 (57.48 seconds)
Cbc0010I After 276247 nodes, 69213 on tree, 12 best solution, best possible 9 (58.18 seconds)
Cbc0010I After 280727 nodes, 69213 on tree, 12 best solution, best possible 9 (58.88 seconds)
Cbc0010I After 284606 nodes, 69193 on tree, 12 best solution, best possible 9 (59.58 seconds)
Cbc0010I After 287176 nodes, 69670 on tree, 12 best solution, best possible 9 (60.28 seconds)
Cbc0010I After 290172 nodes, 69623 on tree, 12 best solution, best possible 9 (60.98 seconds)
Cbc0010I After 293307 nodes, 69270 on tree, 12 best solution, best possible 9 (61.68 seconds)
Cbc0010I After 296485 nodes, 69665 on tree, 12 best solution, best possible 9 (62.38 seconds)
Cbc0010I After 300126 nodes, 69664 on tree, 12 best solution, best possible 9 (63.08 seconds)
Cbc0010I After 303874 nodes, 69519 on tree, 12 best solution, best possible 9 (63.78 seconds)
Cbc0010I After 307331 nodes, 69078 on tree, 12 best solution, best possible 9 (64.48 seconds)
Cbc0010I After 309759 nodes, 68878 on tree, 12 best solution, best possible 9 (65.19 seconds)
Cbc0010I After 312432 nodes, 68874 on tree, 12 best solution, best possible 9 (65.89 seconds)
Cbc0010I After 315002 nodes, 68940 on tree, 12 best solution, best possible 9 (66.59 seconds)
Cbc0010I After 317509 nodes, 69133 on tree, 12 best solution, best possible 9 (67.29 seconds)
Cbc0010I After 320523 nodes, 69047 on tree, 12 best solution, best possible 9 (67.99 seconds)
Cbc0010I After 323034 nodes, 69259 on tree, 12 best solution, best possible 9 (68.69 seconds)
Cbc0010I After 326786 nodes, 69257 on tree, 12 best solution, best possible 9 (69.39 seconds)
Cbc0010I After 330314 nodes, 69256 on tree, 12 best solution, best possible 9 (70.09 seconds)
Cbc0010I After 333981 nodes, 69198 on tree, 12 best solution, best possible 9 (70.79 seconds)
Cbc0010I After 336933 nodes, 69342 on tree, 12 best solution, best possible 9 (71.49 seconds)
Cbc0010I After 340275 nodes, 68729 on tree, 12 best solution, best possible 9 (72.19 seconds)
Cbc0010I After 342230 nodes, 69202 on tree, 12 best solution, best possible 9 (72.89 seconds)
Cbc0010I After 344743 nodes, 69118 on tree, 12 best solution, best possible 9 (73.60 seconds)
Cbc0010I After 347126 nodes, 69111 on tree, 12 best solution, best possible 9 (74.30 seconds)
Cbc0010I After 349493 nodes, 69158 on tree, 12 best solution, best possible 9 (75.00 seconds)
Cbc0010I After 351859 nodes, 69205 on tree, 12 best solution, best possible 9 (75.70 seconds)
Cbc0010I After 354378 nodes, 69140 on tree, 12 best solution, best possible 9 (76.40 seconds)
Cbc0010I After 357096 nodes, 69154 on tree, 12 best solution, best possible 9 (77.10 seconds)
Cbc0010I After 359980 nodes, 69203 on tree, 12 best solution, best possible 9 (77.80 seconds)
Cbc0010I After 362746 nodes, 69247 on tree, 12 best solution, best possible 9 (78.50 seconds)
Cbc0010I After 366498 nodes, 69247 on tree, 12 best solution, best possible 9 (79.20 seconds)
Cbc0010I After 370068 nodes, 69248 on tree, 12 best solution, best possible 9 (79.90 seconds)
Cbc0010I After 373825 nodes, 69221 on tree, 12 best solution, best possible 9 (80.60 seconds)
Cbc0010I After 377272 nodes, 69111 on tree, 12 best solution, best possible 9 (81.30 seconds)
Cbc0010I After 379392 nodes, 69192 on tree, 12 best solution, best possible 9 (82.00 seconds)
Cbc0010I After 382268 nodes, 68835 on tree, 12 best solution, best possible 9 (82.71 seconds)
Cbc0010I After 384281 nodes, 68997 on tree, 12 best solution, best possible 9 (83.41 seconds)
Cbc0010I After 386263 nodes, 69128 on tree, 12 best solution, best possible 9 (84.11 seconds)
Cbc0010I After 388683 nodes, 68975 on tree, 12 best solution, best possible 9 (84.81 seconds)
Cbc0010I After 390553 nodes, 69171 on tree, 12 best solution, best possible 9 (85.51 seconds)
Cbc0010I After 392982 nodes, 69236 on tree, 12 best solution, best possible 9 (86.21 seconds)
Cbc0010I After 395387 nodes, 69138 on tree, 12 best solution, best possible 9 (86.91 seconds)
Cbc0010I After 397621 nodes, 69144 on tree, 12 best solution, best possible 9 (87.61 seconds)
Cbc0010I After 399850 nodes, 69140 on tree, 12 best solution, best possible 9 (88.31 seconds)
Cbc0010I After 402004 nodes, 69063 on tree, 12 best solution, best possible 9 (89.01 seconds)
Cbc0010I After 404196 nodes, 69017 on tree, 12 best solution, best possible 9 (89.71 seconds)
Cbc0010I After 405844 nodes, 69425 on tree, 12 best solution, best possible 9 (90.41 seconds)
Cbc0010I After 408704 nodes, 69014 on tree, 12 best solution, best possible 9 (91.12 seconds)
Cbc0010I After 410645 nodes, 69639 on tree, 12 best solution, best possible 9 (91.82 seconds)
Cbc0010I After 414343 nodes, 69231 on tree, 12 best solution, best possible 9 (92.52 seconds)
Cbc0010I After 417905 nodes, 69233 on tree, 12 best solution, best possible 9 (93.22 seconds)
Cbc0010I After 421436 nodes, 69237 on tree, 12 best solution, best possible 9 (93.92 seconds)
Cbc0010I After 424783 nodes, 69232 on tree, 12 best solution, best possible 9 (94.62 seconds)
Cbc0010I After 427581 nodes, 69420 on tree, 12 best solution, best possible 9 (95.32 seconds)
Cbc0010I After 429772 nodes, 69203 on tree, 12 best solution, best possible 9 (96.02 seconds)
Cbc0010I After 431957 nodes, 69185 on tree, 12 best solution, best possible 9 (96.72 seconds)
Cbc0010I After 434080 nodes, 69097 on tree, 12 best solution, best possible 9 (97.42 seconds)
Cbc0010I After 436083 nodes, 68935 on tree, 12 best solution, best possible 9 (98.12 seconds)
Cbc0010I After 437733 nodes, 69612 on tree, 12 best solution, best possible 9 (98.83 seconds)
Cbc0010I After 440635 nodes, 69068 on tree, 12 best solution, best possible 9 (99.53 seconds)
Cbc0010I After 442868 nodes, 69369 on tree, 12 best solution, best possible 9 (100.23 seconds)
Cbc0010I After 445640 nodes, 69349 on tree, 12 best solution, best possible 9 (100.93 seconds)
Cbc0010I After 448839 nodes, 69106 on tree, 12 best solution, best possible 9 (101.63 seconds)
Cbc0010I After 450900 nodes, 69823 on tree, 12 best solution, best possible 9 (102.33 seconds)
Cbc0010I After 454137 nodes, 69824 on tree, 12 best solution, best possible 9 (103.03 seconds)
Cbc0010I After 457193 nodes, 69823 on tree, 12 best solution, best possible 9 (103.73 seconds)
Cbc0010I After 460195 nodes, 69823 on tree, 12 best solution, best possible 9 (104.43 seconds)
Cbc0010I After 463331 nodes, 69746 on tree, 12 best solution, best possible 9 (105.13 seconds)
Cbc0010I After 466321 nodes, 69129 on tree, 12 best solution, best possible 9 (105.83 seconds)
Cbc0010I After 469000 nodes, 68956 on tree, 12 best solution, best possible 9 (106.54 seconds)
Cbc0010I After 471463 nodes, 69204 on tree, 12 best solution, best possible 9 (107.24 seconds)
Cbc0010I After 473501 nodes, 69319 on tree, 12 best solution, best possible 9 (107.94 seconds)
Cbc0010I After 475663 nodes, 69095 on tree, 12 best solution, best possible 9 (108.64 seconds)
Cbc0010I After 478008 nodes, 69003 on tree, 12 best solution, best possible 9 (109.34 seconds)
Cbc0010I After 480386 nodes, 68938 on tree, 12 best solution, best possible 9 (110.04 seconds)
Cbc0010I After 482274 nodes, 69212 on tree, 12 best solution, best possible 9 (110.74 seconds)
Cbc0010I After 484909 nodes, 68991 on tree, 12 best solution, best possible 9 (111.44 seconds)
Cbc0010I After 487184 nodes, 69149 on tree, 12 best solution, best possible 9 (112.14 seconds)
Cbc0010I After 489668 nodes, 69294 on tree, 12 best solution, best possible 9 (112.84 seconds)
Cbc0010I After 492307 nodes, 69237 on tree, 12 best solution, best possible 9 (113.54 seconds)
Cbc0010I After 494754 nodes, 69241 on tree, 12 best solution, best possible 9 (114.24 seconds)
Cbc0010I After 497897 nodes, 69241 on tree, 12 best solution, best possible 9 (114.94 seconds)
Cbc0010I After 501110 nodes, 69240 on tree, 12 best solution, best possible 9 (115.65 seconds)
Cbc0010I After 504292 nodes, 69242 on tree, 12 best solution, best possible 9 (116.35 seconds)
Cbc0010I After 507475 nodes, 69241 on tree, 12 best solution, best possible 9 (117.05 seconds)
Cbc0010I After 510635 nodes, 69242 on tree, 12 best solution, best possible 9 (117.75 seconds)
Cbc0010I After 513890 nodes, 69101 on tree, 12 best solution, best possible 9 (118.45 seconds)
Cbc0010I After 516047 nodes, 69277 on tree, 12 best solution, best possible 9 (119.15 seconds)
Cbc0010I After 518341 nodes, 69028 on tree, 12 best solution, best possible 9 (119.85 seconds)
Cbc0010I After 520431 nodes, 68974 on tree, 12 best solution, best possible 9 (120.55 seconds)
Cbc0010I After 522184 nodes, 69347 on tree, 12 best solution, best possible 9 (121.25 seconds)
Cbc0010I After 524568 nodes, 69188 on tree, 12 best solution, best possible 9 (121.95 seconds)
Cbc0010I After 526807 nodes, 69064 on tree, 12 best solution, best possible 9 (122.65 seconds)
Cbc0010I After 528939 nodes, 69001 on tree, 12 best solution, best possible 9 (123.35 seconds)
Cbc0010I After 530939 nodes, 68996 on tree, 12 best solution, best possible 9 (124.05 seconds)
Cbc0010I After 532843 nodes, 69230 on tree, 12 best solution, best possible 9 (124.75 seconds)
Cbc0010I After 534984 nodes, 69304 on tree, 12 best solution, best possible 9 (125.46 seconds)
Cbc0010I After 537477 nodes, 69060 on tree, 12 best solution, best possible 9 (126.16 seconds)
Cbc0010I After 539312 nodes, 69161 on tree, 12 best solution, best possible 9 (126.86 seconds)
Cbc0010I After 541294 nodes, 69172 on tree, 12 best solution, best possible 9 (127.56 seconds)
Cbc0010I After 543525 nodes, 69049 on tree, 12 best solution, best possible 9 (128.26 seconds)
Cbc0010I After 545528 nodes, 69372 on tree, 12 best solution, best possible 9 (128.96 seconds)
Cbc0010I After 548293 nodes, 69432 on tree, 12 best solution, best possible 9 (129.66 seconds)
Cbc0010I After 551227 nodes, 69119 on tree, 12 best solution, best possible 9 (130.36 seconds)
Cbc0010I After 553482 nodes, 69614 on tree, 12 best solution, best possible 9 (131.06 seconds)
Cbc0010I After 557193 nodes, 69615 on tree, 12 best solution, best possible 9 (131.76 seconds)
Cbc0010I After 560444 nodes, 69614 on tree, 12 best solution, best possible 9 (132.46 seconds)
Cbc0010I After 563759 nodes, 69615 on tree, 12 best solution, best possible 9 (133.17 seconds)
Cbc0010I After 567217 nodes, 69614 on tree, 12 best solution, best possible 9 (133.87 seconds)
Cbc0010I After 570730 nodes, 69614 on tree, 12 best solution, best possible 9 (134.57 seconds)
Cbc0010I After 574064 nodes, 69209 on tree, 12 best solution, best possible 9 (135.27 seconds)
Cbc0010I After 576087 nodes, 69245 on tree, 12 best solution, best possible 9 (135.97 seconds)
Cbc0010I After 578368 nodes, 68940 on tree, 12 best solution, best possible 9 (136.67 seconds)
Cbc0010I After 580297 nodes, 69294 on tree, 12 best solution, best possible 9 (137.37 seconds)
Cbc0010I After 582929 nodes, 69079 on tree, 12 best solution, best possible 9 (138.07 seconds)
Cbc0010I After 585151 nodes, 69159 on tree, 12 best solution, best possible 9 (138.77 seconds)
Cbc0010I After 587291 nodes, 69110 on tree, 12 best solution, best possible 9 (139.47 seconds)
Cbc0010I After 589309 nodes, 69222 on tree, 12 best solution, best possible 9 (140.17 seconds)
Cbc0010I After 591937 nodes, 68993 on tree, 12 best solution, best possible 9 (140.87 seconds)
Cbc0010I After 593895 nodes, 69119 on tree, 12 best solution, best possible 9 (141.57 seconds)
Cbc0010I After 595952 nodes, 69387 on tree, 12 best solution, best possible 9 (142.28 seconds)
Cbc0010I After 598617 nodes, 69201 on tree, 12 best solution, best possible 9 (142.98 seconds)
Cbc0010I After 601383 nodes, 68783 on tree, 12 best solution, best possible 9 (143.68 seconds)
Cbc0010I After 602899 nodes, 69193 on tree, 12 best solution, best possible 9 (144.38 seconds)
Cbc0010I After 605358 nodes, 69055 on tree, 12 best solution, best possible 9 (145.08 seconds)
Cbc0010I After 607397 nodes, 69253 on tree, 12 best solution, best possible 9 (145.78 seconds)
Cbc0010I After 609931 nodes, 69206 on tree, 12 best solution, best possible 9 (146.48 seconds)
Cbc0010I After 613159 nodes, 69191 on tree, 12 best solution, best possible 9 (147.18 seconds)
Cbc0010I After 615536 nodes, 69100 on tree, 12 best solution, best possible 9 (147.88 seconds)
Cbc0010I After 617642 nodes, 68847 on tree, 12 best solution, best possible 9 (148.58 seconds)
Cbc0010I After 618980 nodes, 69464 on tree, 12 best solution, best possible 9 (149.28 seconds)
Cbc0010I After 622501 nodes, 69409 on tree, 12 best solution, best possible 9 (149.99 seconds)
Cbc0010I After 625643 nodes, 69409 on tree, 12 best solution, best possible 9 (150.69 seconds)
Cbc0010I After 628846 nodes, 69410 on tree, 12 best solution, best possible 9 (151.39 seconds)
Cbc0010I After 632117 nodes, 69409 on tree, 12 best solution, best possible 9 (152.09 seconds)
Cbc0010I After 635516 nodes, 69411 on tree, 12 best solution, best possible 9 (152.79 seconds)
Cbc0010I After 638967 nodes, 69409 on tree, 12 best solution, best possible 9 (153.49 seconds)
Cbc0010I After 641619 nodes, 68673 on tree, 12 best solution, best possible 9 (154.19 seconds)
Cbc0010I After 643084 nodes, 68869 on tree, 12 best solution, best possible 9 (154.89 seconds)
Cbc0010I After 645159 nodes, 68510 on tree, 12 best solution, best possible 9 (155.59 seconds)
Cbc0010I After 646486 nodes, 68933 on tree, 12 best solution, best possible 9 (156.29 seconds)
Cbc0010I After 647910 nodes, 69611 on tree, 12 best solution, best possible 9 (156.99 seconds)
Cbc0010I After 650572 nodes, 69250 on tree, 12 best solution, best possible 9 (157.69 seconds)
Cbc0010I After 653194 nodes, 69013 on tree, 12 best solution, best possible 9 (158.39 seconds)
Cbc0010I After 655034 nodes, 69036 on tree, 12 best solution, best possible 9 (159.10 seconds)
Cbc0010I After 657127 nodes, 69330 on tree, 12 best solution, best possible 9 (159.80 seconds)
Cbc0010I After 659273 nodes, 69758 on tree, 12 best solution, best possible 9 (160.50 seconds)
Cbc0010I After 662481 nodes, 69246 on tree, 12 best solution, best possible 9 (161.20 seconds)
Cbc0010I After 665296 nodes, 69202 on tree, 12 best solution, best possible 9 (161.90 seconds)
Cbc0010I After 667431 nodes, 69702 on tree, 12 best solution, best possible 9 (162.60 seconds)
Cbc0010I After 670605 nodes, 69490 on tree, 12 best solution, best possible 9 (163.30 seconds)
Cbc0010I After 673626 nodes, 69493 on tree, 12 best solution, best possible 9 (164.00 seconds)
Cbc0010I After 676580 nodes, 69490 on tree, 12 best solution, best possible 9 (164.70 seconds)
Cbc0010I After 679649 nodes, 69491 on tree, 12 best solution, best possible 9 (165.40 seconds)
Cbc0010I After 682719 nodes, 69493 on tree, 12 best solution, best possible 9 (166.10 seconds)
Cbc0010I After 685683 nodes, 69309 on tree, 12 best solution, best possible 9 (166.80 seconds)
Cbc0010I After 687864 nodes, 69771 on tree, 12 best solution, best possible 9 (167.50 seconds)
Cbc0010I After 690498 nodes, 69168 on tree, 12 best solution, best possible 9 (168.21 seconds)
Cbc0010I After 693128 nodes, 68915 on tree, 12 best solution, best possible 9.1666667 (168.91 seconds)
Cbc0010I After 695140 nodes, 69008 on tree, 12 best solution, best possible 9.3333333 (169.61 seconds)
Cbc0010I After 697586 nodes, 69069 on tree, 12 best solution, best possible 9.3333333 (170.31 seconds)
Cbc0010I After 699800 nodes, 69378 on tree, 12 best solution, best possible 9.3333333 (171.01 seconds)
Cbc0010I After 701973 nodes, 69444 on tree, 12 best solution, best possible 9.5 (171.71 seconds)
Cbc0010I After 705099 nodes, 68642 on tree, 12 best solution, best possible 9.5 (172.41 seconds)
Cbc0010I After 706573 nodes, 69367 on tree, 12 best solution, best possible 9.5 (173.11 seconds)
Cbc0010I After 709337 nodes, 68976 on tree, 12 best solution, best possible 9.5 (173.81 seconds)
Cbc0010I After 711434 nodes, 69150 on tree, 12 best solution, best possible 9.5 (174.51 seconds)
Cbc0010I After 713762 nodes, 69410 on tree, 12 best solution, best possible 9.5 (175.21 seconds)
Cbc0010I After 716000 nodes, 69034 on tree, 12 best solution, best possible 9.5 (175.92 seconds)
Cbc0010I After 718000 nodes, 69290 on tree, 12 best solution, best possible 9.5 (176.63 seconds)
Cbc0010I After 720358 nodes, 69052 on tree, 12 best solution, best possible 9.5 (177.33 seconds)
Cbc0010I After 722384 nodes, 69215 on tree, 12 best solution, best possible 9.5 (178.03 seconds)
Cbc0010I After 724458 nodes, 69248 on tree, 12 best solution, best possible 9.5 (178.73 seconds)
Cbc0010I After 727419 nodes, 69249 on tree, 12 best solution, best possible 9.5 (179.43 seconds)
Cbc0010I After 730291 nodes, 69249 on tree, 12 best solution, best possible 9.5 (180.13 seconds)
Cbc0010I After 733230 nodes, 69249 on tree, 12 best solution, best possible 9.5 (180.83 seconds)
Cbc0010I After 736201 nodes, 69249 on tree, 12 best solution, best possible 9.5 (181.53 seconds)
Cbc0010I After 739335 nodes, 69251 on tree, 12 best solution, best possible 9.5 (182.23 seconds)
Cbc0010I After 742364 nodes, 69145 on tree, 12 best solution, best possible 9.5 (182.93 seconds)
Cbc0010I After 744549 nodes, 69125 on tree, 12 best solution, best possible 9.5 (183.63 seconds)
Cbc0010I After 746505 nodes, 69374 on tree, 12 best solution, best possible 9.6 (184.33 seconds)
Cbc0010I After 749280 nodes, 69198 on tree, 12 best solution, best possible 9.6666667 (185.04 seconds)
Cbc0010I After 751699 nodes, 69042 on tree, 12 best solution, best possible 9.6666667 (185.74 seconds)
Cbc0010I After 753683 nodes, 69045 on tree, 12 best solution, best possible 9.75 (186.44 seconds)
Cbc0010I After 755646 nodes, 69089 on tree, 12 best solution, best possible 9.75 (187.14 seconds)
Cbc0010I After 757783 nodes, 69114 on tree, 12 best solution, best possible 10 (187.84 seconds)
Cbc0010I After 759993 nodes, 68842 on tree, 12 best solution, best possible 10 (188.54 seconds)
Cbc0010I After 762422 nodes, 68522 on tree, 12 best solution, best possible 10 (189.24 seconds)
Cbc0010I After 764534 nodes, 68607 on tree, 12 best solution, best possible 10 (189.94 seconds)
Cbc0010I After 766588 nodes, 68776 on tree, 12 best solution, best possible 10 (190.64 seconds)
Cbc0010I After 768825 nodes, 68632 on tree, 12 best solution, best possible 10 (191.34 seconds)
Cbc0010I After 770727 nodes, 68827 on tree, 12 best solution, best possible 10 (192.04 seconds)
Cbc0010I After 772994 nodes, 68573 on tree, 12 best solution, best possible 10 (192.74 seconds)
Cbc0010I After 774708 nodes, 68940 on tree, 12 best solution, best possible 10 (193.44 seconds)
Cbc0010I After 776905 nodes, 69184 on tree, 12 best solution, best possible 10 (194.14 seconds)
Cbc0010I After 779267 nodes, 68852 on tree, 12 best solution, best possible 10 (194.85 seconds)
Cbc0010I After 781440 nodes, 68794 on tree, 12 best solution, best possible 10 (195.55 seconds)
Cbc0010I After 783260 nodes, 69112 on tree, 12 best solution, best possible 10 (196.25 seconds)
Cbc0010I After 785541 nodes, 68961 on tree, 12 best solution, best possible 10 (196.95 seconds)
Cbc0010I After 787625 nodes, 68927 on tree, 12 best solution, best possible 10 (197.65 seconds)
Cbc0010I After 789991 nodes, 68681 on tree, 12 best solution, best possible 10 (198.35 seconds)
Cbc0010I After 791826 nodes, 68959 on tree, 12 best solution, best possible 10 (199.05 seconds)
Cbc0010I After 794089 nodes, 68863 on tree, 12 best solution, best possible 10 (199.75 seconds)
Cbc0010I After 796546 nodes, 68834 on tree, 12 best solution, best possible 10 (200.45 seconds)
Cbc0010I After 798422 nodes, 69231 on tree, 12 best solution, best possible 10 (201.15 seconds)
Cbc0010I After 800327 nodes, 69577 on tree, 12 best solution, best possible 10 (201.85 seconds)
Cbc0010I After 802745 nodes, 69525 on tree, 12 best solution, best possible 10 (202.55 seconds)
Cbc0010I After 805429 nodes, 69160 on tree, 12 best solution, best possible 10 (203.25 seconds)
Cbc0010I After 807695 nodes, 68910 on tree, 12 best solution, best possible 10 (203.96 seconds)
Cbc0010I After 809814 nodes, 68795 on tree, 12 best solution, best possible 10 (204.66 seconds)
Cbc0010I After 811494 nodes, 68843 on tree, 12 best solution, best possible 10 (205.36 seconds)
Cbc0010I After 813661 nodes, 68699 on tree, 12 best solution, best possible 10 (206.06 seconds)
Cbc0010I After 815479 nodes, 69114 on tree, 12 best solution, best possible 10 (206.76 seconds)
Cbc0010I After 817892 nodes, 68913 on tree, 12 best solution, best possible 10 (207.46 seconds)
Cbc0010I After 820055 nodes, 69351 on tree, 12 best solution, best possible 10 (208.16 seconds)
Cbc0010I After 822272 nodes, 69712 on tree, 12 best solution, best possible 10 (208.86 seconds)
Cbc0010I After 825274 nodes, 69006 on tree, 12 best solution, best possible 10 (209.56 seconds)
Cbc0010I After 827772 nodes, 69273 on tree, 12 best solution, best possible 10 (210.26 seconds)
Cbc0010I After 830884 nodes, 69272 on tree, 12 best solution, best possible 10 (210.96 seconds)
Cbc0010I After 833562 nodes, 69130 on tree, 12 best solution, best possible 10 (211.66 seconds)
Cbc0010I After 835726 nodes, 69328 on tree, 12 best solution, best possible 10 (212.37 seconds)
Cbc0010I After 837839 nodes, 69585 on tree, 12 best solution, best possible 10 (213.07 seconds)
Cbc0010I After 840919 nodes, 69193 on tree, 12 best solution, best possible 10 (213.77 seconds)
Cbc0010I After 844637 nodes, 69194 on tree, 12 best solution, best possible 10 (214.47 seconds)
Cbc0010I After 847803 nodes, 69193 on tree, 12 best solution, best possible 10 (215.17 seconds)
Cbc0010I After 851017 nodes, 69194 on tree, 12 best solution, best possible 10 (215.87 seconds)
Cbc0010I After 854324 nodes, 69193 on tree, 12 best solution, best possible 10 (216.57 seconds)
Cbc0010I After 857970 nodes, 69041 on tree, 12 best solution, best possible 10 (217.27 seconds)
Cbc0010I After 860141 nodes, 69562 on tree, 12 best solution, best possible 10 (217.97 seconds)
Cbc0010I After 863241 nodes, 69108 on tree, 12 best solution, best possible 10 (218.67 seconds)
Cbc0010I After 865705 nodes, 69053 on tree, 12 best solution, best possible 10 (219.37 seconds)
Cbc0010I After 867860 nodes, 69204 on tree, 12 best solution, best possible 10 (220.07 seconds)
Cbc0010I After 869919 nodes, 69546 on tree, 12 best solution, best possible 10 (220.77 seconds)
Cbc0010I After 873130 nodes, 69021 on tree, 12 best solution, best possible 10 (221.48 seconds)
Cbc0010I After 875498 nodes, 69221 on tree, 12 best solution, best possible 10 (222.18 seconds)
Cbc0010I After 877725 nodes, 69358 on tree, 12 best solution, best possible 10 (222.88 seconds)
Cbc0010I After 879940 nodes, 69002 on tree, 12 best solution, best possible 10 (223.58 seconds)
Cbc0010I After 882150 nodes, 68461 on tree, 12 best solution, best possible 10 (224.28 seconds)
Cbc0010I After 884128 nodes, 68731 on tree, 12 best solution, best possible 10 (224.98 seconds)
Cbc0010I After 886446 nodes, 68642 on tree, 12 best solution, best possible 10 (225.68 seconds)
Cbc0010I After 888681 nodes, 68806 on tree, 12 best solution, best possible 10 (226.38 seconds)
Cbc0010I After 890774 nodes, 69098 on tree, 12 best solution, best possible 10 (227.08 seconds)
Cbc0010I After 893190 nodes, 69083 on tree, 12 best solution, best possible 10 (227.78 seconds)
Cbc0010I After 895615 nodes, 68958 on tree, 12 best solution, best possible 10 (228.48 seconds)
Cbc0010I After 898191 nodes, 68489 on tree, 12 best solution, best possible 10 (229.18 seconds)
Cbc0010I After 900119 nodes, 68744 on tree, 12 best solution, best possible 10 (229.88 seconds)
Cbc0010I After 902505 nodes, 68674 on tree, 12 best solution, best possible 10 (230.59 seconds)
Cbc0010I After 904760 nodes, 68701 on tree, 12 best solution, best possible 10 (231.29 seconds)
Cbc0010I After 906686 nodes, 69003 on tree, 12 best solution, best possible 10 (231.99 seconds)
Cbc0010I After 909123 nodes, 69141 on tree, 12 best solution, best possible 10 (232.69 seconds)
Cbc0010I After 911399 nodes, 69081 on tree, 12 best solution, best possible 10 (233.39 seconds)
Cbc0010I After 913784 nodes, 68929 on tree, 12 best solution, best possible 10 (234.09 seconds)
Cbc0010I After 915667 nodes, 69236 on tree, 12 best solution, best possible 10 (234.79 seconds)
Cbc0010I After 918080 nodes, 69136 on tree, 12 best solution, best possible 10 (235.49 seconds)
Cbc0010I After 920832 nodes, 68654 on tree, 12 best solution, best possible 10 (236.19 seconds)
Cbc0010I After 922822 nodes, 68853 on tree, 12 best solution, best possible 10 (236.89 seconds)
Cbc0010I After 925353 nodes, 68501 on tree, 12 best solution, best possible 10 (237.59 seconds)
Cbc0010I After 927000 nodes, 69195 on tree, 12 best solution, best possible 10 (238.30 seconds)
Cbc0010I After 929645 nodes, 68933 on tree, 12 best solution, best possible 10 (239.00 seconds)
Cbc0010I After 931363 nodes, 69529 on tree, 12 best solution, best possible 10 (239.70 seconds)
Cbc0010I After 934031 nodes, 68959 on tree, 12 best solution, best possible 10 (240.40 seconds)
Cbc0010I After 935811 nodes, 69211 on tree, 12 best solution, best possible 10 (241.10 seconds)
Cbc0010I After 938194 nodes, 68939 on tree, 12 best solution, best possible 10 (241.80 seconds)
Cbc0010I After 940097 nodes, 69002 on tree, 12 best solution, best possible 10 (242.50 seconds)
Cbc0010I After 942199 nodes, 68984 on tree, 12 best solution, best possible 10 (243.20 seconds)
Cbc0010I After 943808 nodes, 69461 on tree, 12 best solution, best possible 10 (243.90 seconds)
Cbc0010I After 947659 nodes, 69267 on tree, 12 best solution, best possible 10 (244.60 seconds)
Cbc0010I After 950706 nodes, 68653 on tree, 12 best solution, best possible 10 (245.30 seconds)
Cbc0010I After 953000 nodes, 68530 on tree, 12 best solution, best possible 10 (246.01 seconds)
Cbc0010I After 955250 nodes, 68801 on tree, 12 best solution, best possible 10 (246.71 seconds)
Cbc0010I After 957943 nodes, 68993 on tree, 12 best solution, best possible 10 (247.41 seconds)
Cbc0010I After 960549 nodes, 69497 on tree, 12 best solution, best possible 10 (248.11 seconds)
Cbc0010I After 963978 nodes, 69496 on tree, 12 best solution, best possible 10 (248.81 seconds)
Cbc0010I After 967698 nodes, 69498 on tree, 12 best solution, best possible 10 (249.51 seconds)
Cbc0010I After 971937 nodes, 69232 on tree, 12 best solution, best possible 10 (250.21 seconds)
Cbc0010I After 974220 nodes, 69597 on tree, 12 best solution, best possible 10 (250.91 seconds)
Cbc0010I After 977497 nodes, 68242 on tree, 12 best solution, best possible 10 (251.61 seconds)
Cbc0010I After 979213 nodes, 69169 on tree, 12 best solution, best possible 10 (252.31 seconds)
Cbc0010I After 981536 nodes, 68878 on tree, 12 best solution, best possible 10 (253.02 seconds)
Cbc0010I After 983712 nodes, 68728 on tree, 12 best solution, best possible 10 (253.72 seconds)
Cbc0010I After 985970 nodes, 68655 on tree, 12 best solution, best possible 10 (254.42 seconds)
Cbc0010I After 988003 nodes, 68986 on tree, 12 best solution, best possible 10 (255.12 seconds)
Cbc0010I After 990340 nodes, 68670 on tree, 12 best solution, best possible 10 (255.82 seconds)
Cbc0010I After 993000 nodes, 68421 on tree, 12 best solution, best possible 10 (256.52 seconds)
Cbc0010I After 994960 nodes, 68752 on tree, 12 best solution, best possible 10 (257.22 seconds)
Cbc0010I After 997480 nodes, 68634 on tree, 12 best solution, best possible 10 (257.92 seconds)
Cbc0010I After 999326 nodes, 68928 on tree, 12 best solution, best possible 10 (258.62 seconds)
Cbc0010I After 1001611 nodes, 68788 on tree, 12 best solution, best possible 10 (259.32 seconds)
Cbc0010I After 1003576 nodes, 69117 on tree, 12 best solution, best possible 10 (260.03 seconds)
Cbc0010I After 1006000 nodes, 69153 on tree, 12 best solution, best possible 10 (260.73 seconds)
Cbc0010I After 1008839 nodes, 68500 on tree, 12 best solution, best possible 10 (261.43 seconds)
Cbc0010I After 1010538 nodes, 68976 on tree, 12 best solution, best possible 10 (262.13 seconds)
Cbc0010I After 1013169 nodes, 68967 on tree, 12 best solution, best possible 10 (262.83 seconds)
Cbc0010I After 1015567 nodes, 68795 on tree, 12 best solution, best possible 10 (263.53 seconds)
Cbc0010I After 1017896 nodes, 68535 on tree, 12 best solution, best possible 10 (264.23 seconds)
Cbc0010I After 1019802 nodes, 68699 on tree, 12 best solution, best possible 10 (264.94 seconds)
Cbc0010I After 1021896 nodes, 68469 on tree, 12 best solution, best possible 10 (265.64 seconds)
Cbc0010I After 1023552 nodes, 69166 on tree, 12 best solution, best possible 10 (266.34 seconds)
Cbc0010I After 1025930 nodes, 69577 on tree, 12 best solution, best possible 10 (267.04 seconds)
Cbc0010I After 1029152 nodes, 68233 on tree, 12 best solution, best possible 10 (267.74 seconds)
Cbc0010I After 1030980 nodes, 68662 on tree, 12 best solution, best possible 10 (268.44 seconds)
Cbc0010I After 1033365 nodes, 68388 on tree, 12 best solution, best possible 10 (269.14 seconds)
Cbc0010I After 1035532 nodes, 68739 on tree, 12 best solution, best possible 10 (269.84 seconds)
Cbc0010I After 1037716 nodes, 68872 on tree, 12 best solution, best possible 10 (270.54 seconds)
Cbc0010I After 1039912 nodes, 69137 on tree, 12 best solution, best possible 10 (271.24 seconds)
Cbc0010I After 1043060 nodes, 68622 on tree, 12 best solution, best possible 10 (271.94 seconds)
Cbc0010I After 1045116 nodes, 68537 on tree, 12 best solution, best possible 10 (272.65 seconds)
Cbc0010I After 1047047 nodes, 68837 on tree, 12 best solution, best possible 10 (273.35 seconds)
Cbc0010I After 1049363 nodes, 68616 on tree, 12 best solution, best possible 10 (274.05 seconds)
Cbc0010I After 1051471 nodes, 69075 on tree, 12 best solution, best possible 10 (274.75 seconds)
Cbc0010I After 1054057 nodes, 68322 on tree, 12 best solution, best possible 10 (275.45 seconds)
Cbc0010I After 1056152 nodes, 68427 on tree, 12 best solution, best possible 10 (276.15 seconds)
Cbc0010I After 1058153 nodes, 68550 on tree, 12 best solution, best possible 10 (276.85 seconds)
Cbc0010I After 1059965 nodes, 68807 on tree, 12 best solution, best possible 10 (277.55 seconds)
Cbc0010I After 1062126 nodes, 68584 on tree, 12 best solution, best possible 10 (278.25 seconds)
Cbc0010I After 1064711 nodes, 67451 on tree, 12 best solution, best possible 10 (278.95 seconds)
Cbc0010I After 1066788 nodes, 67503 on tree, 12 best solution, best possible 10 (279.65 seconds)
Cbc0010I After 1069655 nodes, 67079 on tree, 12 best solution, best possible 10 (280.35 seconds)
Cbc0010I After 1071933 nodes, 67400 on tree, 12 best solution, best possible 10 (281.05 seconds)
Cbc0010I After 1074423 nodes, 67304 on tree, 12 best solution, best possible 10 (281.75 seconds)
Cbc0010I After 1076996 nodes, 67608 on tree, 12 best solution, best possible 10 (282.46 seconds)
Cbc0010I After 1079064 nodes, 68035 on tree, 12 best solution, best possible 10 (283.16 seconds)
Cbc0010I After 1081437 nodes, 68363 on tree, 12 best solution, best possible 10 (283.86 seconds)
Cbc0010I After 1083813 nodes, 68812 on tree, 12 best solution, best possible 10 (284.56 seconds)
Cbc0010I After 1086000 nodes, 68868 on tree, 12 best solution, best possible 10 (285.26 seconds)
Cbc0010I After 1089028 nodes, 68875 on tree, 12 best solution, best possible 10 (285.97 seconds)
Cbc0010I After 1091643 nodes, 68327 on tree, 12 best solution, best possible 10 (286.67 seconds)
Cbc0010I After 1093926 nodes, 68091 on tree, 12 best solution, best possible 10 (287.37 seconds)
Cbc0010I After 1096798 nodes, 67880 on tree, 12 best solution, best possible 10 (288.07 seconds)
Cbc0010I After 1098762 nodes, 68086 on tree, 12 best solution, best possible 10 (288.77 seconds)
Cbc0010I After 1101511 nodes, 67795 on tree, 12 best solution, best possible 10 (289.47 seconds)
Cbc0010I After 1103831 nodes, 68081 on tree, 12 best solution, best possible 10 (290.17 seconds)
Cbc0010I After 1106071 nodes, 67652 on tree, 12 best solution, best possible 10.333333 (290.87 seconds)
Cbc0010I After 1109363 nodes, 65848 on tree, 12 best solution, best possible 10.333333 (291.57 seconds)
Cbc0010I After 1112383 nodes, 64353 on tree, 12 best solution, best possible 10.4 (292.27 seconds)
Cbc0010I After 1115394 nodes, 63196 on tree, 12 best solution, best possible 10.5 (292.97 seconds)
Cbc0010I After 1118521 nodes, 61776 on tree, 12 best solution, best possible 10.5 (293.67 seconds)
Cbc0010I After 1121831 nodes, 60121 on tree, 12 best solution, best possible 10.5 (294.37 seconds)
Cbc0010I After 1125476 nodes, 57876 on tree, 12 best solution, best possible 10.5 (295.07 seconds)
Cbc0010I After 1129253 nodes, 55596 on tree, 12 best solution, best possible 10.5 (295.78 seconds)
Cbc0010I After 1132900 nodes, 53651 on tree, 12 best solution, best possible 10.5 (296.48 seconds)
Cbc0010I After 1135884 nodes, 52445 on tree, 12 best solution, best possible 10.5 (297.18 seconds)
Cbc0010I After 1138969 nodes, 51174 on tree, 12 best solution, best possible 10.5 (297.88 seconds)
Cbc0010I After 1142004 nodes, 49837 on tree, 12 best solution, best possible 10.666667 (298.58 seconds)
Cbc0010I After 1144294 nodes, 49961 on tree, 12 best solution, best possible 10.666667 (299.28 seconds)
Cbc0010I After 1146766 nodes, 49661 on tree, 12 best solution, best possible 10.666667 (299.98 seconds)
Cbc0010I After 1149022 nodes, 49394 on tree, 12 best solution, best possible 10.666667 (300.68 seconds)
Cbc0010I After 1151411 nodes, 49374 on tree, 12 best solution, best possible 10.857143 (301.38 seconds)
Cbc0010I After 1153905 nodes, 48943 on tree, 12 best solution, best possible 11 (302.08 seconds)
Cbc0010I After 1157224 nodes, 46709 on tree, 12 best solution, best possible 11 (302.78 seconds)
Cbc0010I After 1160494 nodes, 44579 on tree, 12 best solution, best possible 11 (303.48 seconds)
Cbc0010I After 1163341 nodes, 44633 on tree, 12 best solution, best possible 11 (304.18 seconds)
Cbc0010I After 1166367 nodes, 44921 on tree, 12 best solution, best possible 11 (304.88 seconds)
Cbc0010I After 1169717 nodes, 44417 on tree, 12 best solution, best possible 11 (305.58 seconds)
Cbc0010I After 1172538 nodes, 44683 on tree, 12 best solution, best possible 11 (306.28 seconds)
Cbc0010I After 1175173 nodes, 45100 on tree, 12 best solution, best possible 11 (306.98 seconds)
Cbc0010I After 1178000 nodes, 45450 on tree, 12 best solution, best possible 11 (307.69 seconds)
Cbc0010I After 1181008 nodes, 45263 on tree, 12 best solution, best possible 11 (308.39 seconds)
Cbc0010I After 1183721 nodes, 45619 on tree, 12 best solution, best possible 11 (309.09 seconds)
Cbc0010I After 1187228 nodes, 43491 on tree, 12 best solution, best possible 11 (309.79 seconds)
Cbc0010I After 1190979 nodes, 40992 on tree, 12 best solution, best possible 11 (310.49 seconds)
Cbc0010I After 1194993 nodes, 38310 on tree, 12 best solution, best possible 11 (311.19 seconds)
Cbc0010I After 1198856 nodes, 35799 on tree, 12 best solution, best possible 11 (311.89 seconds)
Cbc0010I After 1202948 nodes, 32969 on tree, 12 best solution, best possible 11 (312.59 seconds)
Cbc0010I After 1206963 nodes, 30196 on tree, 12 best solution, best possible 11 (313.29 seconds)
Cbc0010I After 1210983 nodes, 27514 on tree, 12 best solution, best possible 11 (313.99 seconds)
Cbc0010I After 1214103 nodes, 26751 on tree, 12 best solution, best possible 11 (314.69 seconds)
Cbc0010I After 1216529 nodes, 26910 on tree, 12 best solution, best possible 11 (315.39 seconds)
Cbc0010I After 1219131 nodes, 26726 on tree, 12 best solution, best possible 11 (316.09 seconds)
Cbc0010I After 1222696 nodes, 24307 on tree, 12 best solution, best possible 11 (316.80 seconds)
Cbc0010I After 1225983 nodes, 22890 on tree, 12 best solution, best possible 11 (317.50 seconds)
Cbc0010I After 1229140 nodes, 23207 on tree, 12 best solution, best possible 11 (318.20 seconds)
Cbc0010I After 1231943 nodes, 23601 on tree, 12 best solution, best possible 11 (318.90 seconds)
Cbc0010I After 1235453 nodes, 23044 on tree, 12 best solution, best possible 11 (319.60 seconds)
Cbc0010I After 1238469 nodes, 23129 on tree, 12 best solution, best possible 11 (320.30 seconds)
Cbc0010I After 1241830 nodes, 21754 on tree, 12 best solution, best possible 11 (321.00 seconds)
Cbc0010I After 1245697 nodes, 19079 on tree, 12 best solution, best possible 11 (321.70 seconds)
Cbc0010I After 1249892 nodes, 16230 on tree, 12 best solution, best possible 11 (322.40 seconds)
Cbc0010I After 1254262 nodes, 13039 on tree, 12 best solution, best possible 11 (323.10 seconds)
Cbc0010I After 1257739 nodes, 11664 on tree, 12 best solution, best possible 11 (323.80 seconds)
Cbc0010I After 1260558 nodes, 11375 on tree, 12 best solution, best possible 11 (324.50 seconds)
Cbc0010I After 1264057 nodes, 9534 on tree, 12 best solution, best possible 11 (325.20 seconds)
Cbc0010I After 1267175 nodes, 9871 on tree, 12 best solution, best possible 11 (325.90 seconds)
Cbc0010I After 1270822 nodes, 8442 on tree, 12 best solution, best possible 11 (326.60 seconds)
Cbc0010I After 1275427 nodes, 5092 on tree, 12 best solution, best possible 11 (327.30 seconds)
Cbc0010I After 1278775 nodes, 3853 on tree, 12 best solution, best possible 11 (328.00 seconds)
Cbc0010I After 1282199 nodes, 2815 on tree, 12 best solution, best possible 11 (328.70 seconds)
Cbc0010I After 1285398 nodes, 1667 on tree, 12 best solution, best possible 11 (329.40 seconds)
Cbc0010I After 1288292 nodes, 700 on tree, 12 best solution, best possible 11 (330.10 seconds)
Cbc0030I Thread 0 used 1290451 times,  waiting to start 2.48946, 317.30349 cpu time, 7550306 locks, 31.400215 locked, 0.47458482 waiting for locks
Cbc0030I Main thread 311.97461 waiting for threads,  9034947 locks, 7.0107803 locked, 0.56434083 waiting for locks
Cbc0001I Search completed - best objective 12, took 3898764 iterations and 1290451 nodes (330.70 seconds)
Cbc0032I Strong branching done 699780 times (2938769 iterations), fathomed 142526 nodes and fixed 163758 variables
Cbc0035I Maximum depth 62, 11853732 variables fixed on reduced cost
