Starting solution of the Linear programming relaxation problem using Primal Simplex

Coin0506I Presolve 73 (0) rows, 144 (-220) columns and 444 (-220) elements
Clp1000I sum of infeasibilities 0 - average 0, 132 fixed columns
Coin0506I Presolve 0 (-73) rows, 0 (-144) columns and 0 (-444) elements
Clp0000I Optimal - objective value 1
Clp0000I Optimal - objective value 1
Coin0511I After Postsolve, objective 1, infeasibilities - dual 0 (0), primal 0 (0)
Clp0006I 0  Obj 1
Clp0000I Optimal - objective value 1
Clp0000I Optimal - objective value 1
Coin0511I After Postsolve, objective 1, infeasibilities - dual 0 (0), primal 0 (0)
Clp0032I Optimal objective 1 - 0 iterations time 0.002, Presolve 0.00, Idiot 0.00

Starting MIP optimization
Cbc0045I Nauty: 260 orbits (144 useful covering 288 variables), 1 generators, group size: 2 - sparse size 2788 - took 0.000881 seconds
Cbc0038I Initial state - 3 integers unsatisfied sum - 1.5
Cbc0038I Pass   1: suminf.    0.00000 (0) obj. 1 iterations 4
Cbc0038I Pass   2: suminf.    0.00000 (0) obj. 1 iterations 0
Cbc0038I Pass   3: suminf.    0.00000 (0) obj. 1 iterations 0
Cbc0038I Pass   4: suminf.    3.50000 (7) obj. 35 iterations 100
Cbc0038I Pass   5: suminf.    0.50000 (1) obj. 35 iterations 8
Cbc0038I Pass   6: suminf.    0.00000 (0) obj. 35 iterations 1
Cbc0038I Pass   7: suminf.    0.00000 (0) obj. 35 iterations 0
Cbc0038I Pass   8: suminf.    0.00000 (0) obj. 35 iterations 0
Cbc0038I Pass   9: suminf.    0.00000 (0) obj. 35 iterations 0
Cbc0038I Pass  10: suminf.    0.00000 (0) obj. 35 iterations 0
Cbc0038I Pass  11: suminf.    0.00000 (0) obj. 35 iterations 0
Cbc0038I Pass  12: suminf.    0.00000 (0) obj. 35 iterations 0
Cbc0038I Pass  13: suminf.    0.00000 (0) obj. 35 iterations 0
Cbc0038I Pass  14: suminf.    3.50000 (7) obj. 40 iterations 42
Cbc0038I Pass  15: suminf.    0.50000 (1) obj. 40 iterations 7
Cbc0038I Pass  16: suminf.    0.00000 (0) obj. 40 iterations 1
Cbc0038I Pass  17: suminf.    0.00000 (0) obj. 40 iterations 0
Cbc0038I Pass  18: suminf.    0.00000 (0) obj. 40 iterations 0
Cbc0038I Pass  19: suminf.    0.00000 (0) obj. 40 iterations 0
Cbc0038I Pass  20: suminf.    0.00000 (0) obj. 40 iterations 0
Cbc0038I Pass  21: suminf.    0.00000 (0) obj. 40 iterations 0
Cbc0038I Pass  22: suminf.    0.00000 (0) obj. 40 iterations 0
Cbc0038I Pass  23: suminf.    0.00000 (0) obj. 40 iterations 0
Cbc0038I Pass  24: suminf.    0.00000 (0) obj. 40 iterations 0
Cbc0038I Pass  25: suminf.    3.00000 (6) obj. 50 iterations 48
Cbc0038I Pass  26: suminf.    0.50000 (1) obj. 50 iterations 6
Cbc0038I Pass  27: suminf.    0.00000 (0) obj. 50 iterations 1
Cbc0038I Pass  28: suminf.    0.00000 (0) obj. 50 iterations 0
Cbc0038I Pass  29: suminf.    0.00000 (0) obj. 50 iterations 0
Cbc0038I Pass  30: suminf.    0.00000 (0) obj. 50 iterations 0
Cbc0038I No solution found this major pass
Cbc0038I Before mini branch and bound, 121 integers at bound fixed and 3 continuous
Cbc0038I Full problem 73 rows 291 columns, reduced to 29 rows 75 columns
Cbc0038I Mini branch and bound improved solution from 1.797693134862e+308 to 1 (0.01 seconds)
Cbc0038I After 0.01 seconds - Feasibility pump exiting with objective of 1 - took 0.01 seconds
Cbc0051I Starting cut generation at root node
Cbc0031I 68 added rows had average density of 9.4852941
Cbc0013I At root node, 68 cuts changed objective from 1 to 2.731345 in 48 passes
Cbc0014I Cut generator 0 (Probing) - 0 row cuts average 0.0 elements, 0 column cuts (0 active)  in 0.007 seconds - new frequency is -100
Cbc0014I Cut generator 1 (Gomory) - 173 row cuts average 144.4 elements, 0 column cuts (0 active)  in 0.026 seconds - new frequency is 1
Cbc0014I Cut generator 2 (Knapsack) - 423 row cuts average 3.4 elements, 0 column cuts (0 active)  in 0.030 seconds - new frequency is 1
Cbc0014I Cut generator 3 (Clique) - 0 row cuts average 0.0 elements, 0 column cuts (0 active)  in 0.000 seconds - new frequency is -100
Cbc0014I Cut generator 4 (MixedIntegerRounding2) - 44 row cuts average 97.7 elements, 0 column cuts (0 active)  in 0.013 seconds - new frequency is 1
Cbc0014I Cut generator 5 (FlowCover) - 0 row cuts average 0.0 elements, 0 column cuts (0 active)  in 0.001 seconds - new frequency is -100
Cbc0014I Cut generator 6 (TwoMirCuts) - 82 row cuts average 11.7 elements, 0 column cuts (0 active)  in 0.002 seconds - new frequency is 1
Cbc0010I After 0 nodes, 1 on tree, 1e+50 best solution, best possible 2.731345 (0.29 seconds)
Cbc0004I Integer solution of 24 found after 2396 iterations and 193 nodes (0.50 seconds)
Cbc0012I Integer solution of 24 found by heuristic after 2395 iterations and 192 nodes (0.50 seconds)
Cbc0010I After 1549 nodes, 749 on tree, 24 best solution, best possible 2.731345 (0.99 seconds)
Cbc0010I After 4097 nodes, 2005 on tree, 24 best solution, best possible 2.731345 (1.69 seconds)
Cbc0010I After 6781 nodes, 3292 on tree, 24 best solution, best possible 2.731345 (2.39 seconds)
Cbc0010I After 9414 nodes, 4491 on tree, 24 best solution, best possible 2.731345 (3.09 seconds)
Cbc0010I After 11201 nodes, 5413 on tree, 24 best solution, best possible 4.5 (3.79 seconds)
Cbc0010I After 13277 nodes, 6421 on tree, 24 best solution, best possible 6 (4.49 seconds)
Cbc0010I After 15662 nodes, 7531 on tree, 24 best solution, best possible 6.375 (5.19 seconds)
Cbc0010I After 17979 nodes, 8815 on tree, 24 best solution, best possible 7 (5.89 seconds)
Cbc0010I After 20517 nodes, 9836 on tree, 24 best solution, best possible 7 (6.59 seconds)
Cbc0010I After 23161 nodes, 11170 on tree, 24 best solution, best possible 7 (7.29 seconds)
Cbc0004I Integer solution of 14 found after 127016 iterations and 24051 nodes (7.53 seconds)
Cbc0012I Integer solution of 14 found by heuristic after 127016 iterations and 24050 nodes (7.53 seconds)
Cbc0010I After 25668 nodes, 10456 on tree, 14 best solution, best possible 7 (7.99 seconds)
Cbc0010I After 28273 nodes, 11643 on tree, 14 best solution, best possible 7 (8.69 seconds)
Cbc0010I After 30848 nodes, 12933 on tree, 14 best solution, best possible 7 (9.39 seconds)
Cbc0004I Integer solution of 12 found after 163572 iterations and 32224 nodes (9.74 seconds)
Cbc0012I Integer solution of 12 found by heuristic after 163567 iterations and 32223 nodes (9.74 seconds)
Cbc0010I After 33274 nodes, 10013 on tree, 12 best solution, best possible 7 (10.09 seconds)
Cbc0010I After 35641 nodes, 10908 on tree, 12 best solution, best possible 7 (10.79 seconds)
Cbc0010I After 38386 nodes, 11813 on tree, 12 best solution, best possible 7 (11.49 seconds)
Cbc0010I After 41023 nodes, 13013 on tree, 12 best solution, best possible 7 (12.19 seconds)
Cbc0010I After 43097 nodes, 14236 on tree, 12 best solution, best possible 7.5 (12.89 seconds)
Cbc0010I After 45630 nodes, 15128 on tree, 12 best solution, best possible 7.75 (13.59 seconds)
Cbc0010I After 47926 nodes, 15826 on tree, 12 best solution, best possible 8 (14.29 seconds)
Cbc0010I After 50687 nodes, 16865 on tree, 12 best solution, best possible 8 (14.99 seconds)
Cbc0010I After 53384 nodes, 17797 on tree, 12 best solution, best possible 8 (15.69 seconds)
Cbc0010I After 55766 nodes, 18550 on tree, 12 best solution, best possible 8 (16.39 seconds)
Cbc0010I After 58391 nodes, 19274 on tree, 12 best solution, best possible 8 (17.09 seconds)
Cbc0010I After 60986 nodes, 19996 on tree, 12 best solution, best possible 8 (17.79 seconds)
Cbc0010I After 63526 nodes, 21054 on tree, 12 best solution, best possible 8 (18.49 seconds)
Cbc0010I After 66169 nodes, 22093 on tree, 12 best solution, best possible 8 (19.19 seconds)
Cbc0010I After 68721 nodes, 23528 on tree, 12 best solution, best possible 8 (19.89 seconds)
Cbc0010I After 71278 nodes, 24181 on tree, 12 best solution, best possible 8 (20.59 seconds)
Cbc0010I After 74165 nodes, 25130 on tree, 12 best solution, best possible 8 (21.30 seconds)
Cbc0010I After 76816 nodes, 25999 on tree, 12 best solution, best possible 8 (22.00 seconds)
Cbc0010I After 79271 nodes, 26734 on tree, 12 best solution, best possible 8 (22.70 seconds)
Cbc0010I After 81984 nodes, 27390 on tree, 12 best solution, best possible 8 (23.40 seconds)
Cbc0010I After 84636 nodes, 28245 on tree, 12 best solution, best possible 8 (24.10 seconds)
Cbc0010I After 87307 nodes, 29372 on tree, 12 best solution, best possible 8 (24.80 seconds)
Cbc0010I After 90100 nodes, 30174 on tree, 12 best solution, best possible 8 (25.50 seconds)
Cbc0010I After 92843 nodes, 30918 on tree, 12 best solution, best possible 8 (26.20 seconds)
Cbc0010I After 95411 nodes, 31889 on tree, 12 best solution, best possible 8 (26.90 seconds)
Cbc0010I After 98191 nodes, 32742 on tree, 12 best solution, best possible 8 (27.60 seconds)
Cbc0010I After 101008 nodes, 33367 on tree, 12 best solution, best possible 8 (28.30 seconds)
Cbc0010I After 103487 nodes, 34910 on tree, 12 best solution, best possible 8 (29.00 seconds)
Cbc0010I After 106000 nodes, 35822 on tree, 12 best solution, best possible 8.5 (29.70 seconds)
Cbc0010I After 108885 nodes, 37495 on tree, 12 best solution, best possible 8.5 (30.40 seconds)
Cbc0010I After 111412 nodes, 38572 on tree, 12 best solution, best possible 8.5 (31.10 seconds)
Cbc0010I After 114048 nodes, 39164 on tree, 12 best solution, best possible 8.5 (31.80 seconds)
Cbc0010I After 116812 nodes, 39788 on tree, 12 best solution, best possible 8.5 (32.50 seconds)
Cbc0010I After 119283 nodes, 40576 on tree, 12 best solution, best possible 8.6666667 (33.20 seconds)
Cbc0010I After 121870 nodes, 41199 on tree, 12 best solution, best possible 8.8 (33.90 seconds)
Cbc0010I After 124461 nodes, 41886 on tree, 12 best solution, best possible 8.9 (34.60 seconds)
Cbc0010I After 127208 nodes, 42333 on tree, 12 best solution, best possible 9 (35.30 seconds)
Cbc0010I After 130000 nodes, 42498 on tree, 12 best solution, best possible 9 (36.01 seconds)
Cbc0010I After 132794 nodes, 42681 on tree, 12 best solution, best possible 9 (36.71 seconds)
Cbc0010I After 135346 nodes, 43161 on tree, 12 best solution, best possible 9 (37.41 seconds)
Cbc0010I After 138111 nodes, 43431 on tree, 12 best solution, best possible 9 (38.11 seconds)
Cbc0010I After 140840 nodes, 43612 on tree, 12 best solution, best possible 9 (38.81 seconds)
Cbc0010I After 143285 nodes, 43893 on tree, 12 best solution, best possible 9 (39.51 seconds)
Cbc0010I After 145906 nodes, 44822 on tree, 12 best solution, best possible 9 (40.21 seconds)
Cbc0010I After 148537 nodes, 45484 on tree, 12 best solution, best possible 9 (40.91 seconds)
Cbc0010I After 151056 nodes, 45822 on tree, 12 best solution, best possible 9 (41.61 seconds)
Cbc0010I After 153604 nodes, 46344 on tree, 12 best solution, best possible 9 (42.31 seconds)
Cbc0010I After 155904 nodes, 48138 on tree, 12 best solution, best possible 9 (43.01 seconds)
Cbc0010I After 158327 nodes, 49340 on tree, 12 best solution, best possible 9 (43.71 seconds)
Cbc0010I After 160741 nodes, 50787 on tree, 12 best solution, best possible 9 (44.41 seconds)
Cbc0010I After 162913 nodes, 52228 on tree, 12 best solution, best possible 9 (45.11 seconds)
Cbc0010I After 165311 nodes, 52608 on tree, 12 best solution, best possible 9 (45.81 seconds)
Cbc0010I After 167518 nodes, 53205 on tree, 12 best solution, best possible 9 (46.51 seconds)
Cbc0010I After 169847 nodes, 53754 on tree, 12 best solution, best possible 9 (47.21 seconds)
Cbc0010I After 172001 nodes, 54415 on tree, 12 best solution, best possible 9 (47.91 seconds)
Cbc0010I After 174388 nodes, 54939 on tree, 12 best solution, best possible 9 (48.62 seconds)
Cbc0010I After 176717 nodes, 55508 on tree, 12 best solution, best possible 9 (49.32 seconds)
Cbc0010I After 178839 nodes, 55962 on tree, 12 best solution, best possible 9 (50.02 seconds)
Cbc0010I After 181099 nodes, 56352 on tree, 12 best solution, best possible 9 (50.72 seconds)
Cbc0010I After 183252 nodes, 56829 on tree, 12 best solution, best possible 9 (51.42 seconds)
Cbc0010I After 185588 nodes, 57066 on tree, 12 best solution, best possible 9 (52.12 seconds)
Cbc0010I After 187705 nodes, 57232 on tree, 12 best solution, best possible 9 (52.82 seconds)
Cbc0010I After 190027 nodes, 57449 on tree, 12 best solution, best possible 9 (53.52 seconds)
Cbc0010I After 192096 nodes, 57578 on tree, 12 best solution, best possible 9 (54.22 seconds)
Cbc0010I After 194263 nodes, 57892 on tree, 12 best solution, best possible 9 (54.92 seconds)
Cbc0010I After 196313 nodes, 58249 on tree, 12 best solution, best possible 9 (55.62 seconds)
Cbc0010I After 198347 nodes, 58724 on tree, 12 best solution, best possible 9 (56.32 seconds)
Cbc0010I After 200357 nodes, 59020 on tree, 12 best solution, best possible 9 (57.02 seconds)
Cbc0010I After 202299 nodes, 59196 on tree, 12 best solution, best possible 9 (57.72 seconds)
Cbc0010I After 204139 nodes, 59529 on tree, 12 best solution, best possible 9 (58.42 seconds)
Cbc0010I After 205979 nodes, 59867 on tree, 12 best solution, best possible 9 (59.12 seconds)
Cbc0010I After 207685 nodes, 60915 on tree, 12 best solution, best possible 9 (59.82 seconds)
Cbc0010I After 209756 nodes, 61366 on tree, 12 best solution, best possible 9 (60.52 seconds)
Cbc0010I After 211663 nodes, 61827 on tree, 12 best solution, best possible 9 (61.23 seconds)
Cbc0010I After 213606 nodes, 62244 on tree, 12 best solution, best possible 9 (61.93 seconds)
Cbc0010I After 215324 nodes, 62564 on tree, 12 best solution, best possible 9 (62.63 seconds)
Cbc0010I After 217156 nodes, 63266 on tree, 12 best solution, best possible 9 (63.33 seconds)
Cbc0010I After 218818 nodes, 64496 on tree, 12 best solution, best possible 9 (64.03 seconds)
Cbc0010I After 220556 nodes, 65458 on tree, 12 best solution, best possible 9 (64.73 seconds)
Cbc0010I After 222189 nodes, 66480 on tree, 12 best solution, best possible 9 (65.43 seconds)
Cbc0010I After 223939 nodes, 67290 on tree, 12 best solution, best possible 9 (66.13 seconds)
Cbc0010I After 225743 nodes, 67490 on tree, 12 best solution, best possible 9 (66.83 seconds)
Cbc0010I After 227540 nodes, 67934 on tree, 12 best solution, best possible 9 (67.53 seconds)
Cbc0010I After 229288 nodes, 68331 on tree, 12 best solution, best possible 9 (68.23 seconds)
Cbc0010I After 230999 nodes, 68778 on tree, 12 best solution, best possible 9 (68.93 seconds)
Cbc0010I After 233336 nodes, 68970 on tree, 12 best solution, best possible 9 (69.63 seconds)
Cbc0010I After 235393 nodes, 68997 on tree, 12 best solution, best possible 9 (70.33 seconds)
Cbc0010I After 238061 nodes, 68908 on tree, 12 best solution, best possible 9 (71.04 seconds)
Cbc0010I After 240308 nodes, 68893 on tree, 12 best solution, best possible 9 (71.74 seconds)
Cbc0010I After 242481 nodes, 68971 on tree, 12 best solution, best possible 9 (72.44 seconds)
Cbc0010I After 244625 nodes, 68999 on tree, 12 best solution, best possible 9 (73.14 seconds)
Cbc0010I After 246906 nodes, 68952 on tree, 12 best solution, best possible 9 (73.84 seconds)
Cbc0010I After 249438 nodes, 68916 on tree, 12 best solution, best possible 9 (74.54 seconds)
Cbc0010I After 251517 nodes, 68913 on tree, 12 best solution, best possible 9 (75.24 seconds)
Cbc0010I After 253642 nodes, 68918 on tree, 12 best solution, best possible 9 (75.94 seconds)
Cbc0010I After 256473 nodes, 69007 on tree, 12 best solution, best possible 9 (76.64 seconds)
Cbc0010I After 259364 nodes, 68725 on tree, 12 best solution, best possible 9 (77.34 seconds)
Cbc0010I After 261323 nodes, 68916 on tree, 12 best solution, best possible 9 (78.04 seconds)
Cbc0010I After 263371 nodes, 68844 on tree, 12 best solution, best possible 9 (78.74 seconds)
Cbc0010I After 265360 nodes, 68786 on tree, 12 best solution, best possible 9 (79.44 seconds)
Cbc0010I After 267250 nodes, 68979 on tree, 12 best solution, best possible 9 (80.14 seconds)
Cbc0010I After 269176 nodes, 69137 on tree, 12 best solution, best possible 9 (80.85 seconds)
Cbc0010I After 272711 nodes, 68768 on tree, 12 best solution, best possible 9 (81.55 seconds)
Cbc0010I After 274557 nodes, 68999 on tree, 12 best solution, best possible 9 (82.25 seconds)
Cbc0010I After 276826 nodes, 68953 on tree, 12 best solution, best possible 9 (82.95 seconds)
Cbc0010I After 279000 nodes, 68775 on tree, 12 best solution, best possible 9 (83.65 seconds)
Cbc0010I After 281000 nodes, 68934 on tree, 12 best solution, best possible 9 (84.36 seconds)
Cbc0010I After 283320 nodes, 69590 on tree, 12 best solution, best possible 9 (85.06 seconds)
Cbc0010I After 286495 nodes, 69591 on tree, 12 best solution, best possible 9 (85.76 seconds)
Cbc0010I After 289535 nodes, 69230 on tree, 12 best solution, best possible 9 (86.46 seconds)
Cbc0010I After 292271 nodes, 68690 on tree, 12 best solution, best possible 9 (87.16 seconds)
Cbc0010I After 294141 nodes, 68947 on tree, 12 best solution, best possible 9 (87.86 seconds)
Cbc0010I After 296391 nodes, 68881 on tree, 12 best solution, best possible 9 (88.56 seconds)
Cbc0010I After 298388 nodes, 68810 on tree, 12 best solution, best possible 9 (89.26 seconds)
Cbc0010I After 300820 nodes, 68781 on tree, 12 best solution, best possible 9 (89.96 seconds)
Cbc0010I After 302982 nodes, 68842 on tree, 12 best solution, best possible 9 (90.66 seconds)
Cbc0010I After 304887 nodes, 69070 on tree, 12 best solution, best possible 9 (91.36 seconds)
Cbc0010I After 307674 nodes, 69069 on tree, 12 best solution, best possible 9 (92.06 seconds)
Cbc0010I After 310519 nodes, 69069 on tree, 12 best solution, best possible 9 (92.76 seconds)
Cbc0010I After 313220 nodes, 68631 on tree, 12 best solution, best possible 9 (93.46 seconds)
Cbc0010I After 314678 nodes, 69111 on tree, 12 best solution, best possible 9 (94.17 seconds)
Cbc0010I After 317174 nodes, 68853 on tree, 12 best solution, best possible 9 (94.87 seconds)
Cbc0010I After 319321 nodes, 68895 on tree, 12 best solution, best possible 9 (95.57 seconds)
Cbc0010I After 321339 nodes, 68875 on tree, 12 best solution, best possible 9 (96.27 seconds)
Cbc0010I After 323292 nodes, 68885 on tree, 12 best solution, best possible 9 (96.97 seconds)
Cbc0010I After 325183 nodes, 68887 on tree, 12 best solution, best possible 9 (97.67 seconds)
Cbc0010I After 327205 nodes, 68946 on tree, 12 best solution, best possible 9 (98.37 seconds)
Cbc0010I After 329496 nodes, 68984 on tree, 12 best solution, best possible 9 (99.07 seconds)
Cbc0010I After 332381 nodes, 68979 on tree, 12 best solution, best possible 9 (99.77 seconds)
Cbc0010I After 335304 nodes, 68981 on tree, 12 best solution, best possible 9 (100.47 seconds)
Cbc0010I After 338140 nodes, 68978 on tree, 12 best solution, best possible 9 (101.17 seconds)
Cbc0010I After 340975 nodes, 68979 on tree, 12 best solution, best possible 9 (101.87 seconds)
Cbc0010I After 342881 nodes, 68855 on tree, 12 best solution, best possible 9 (102.57 seconds)
Cbc0010I After 344282 nodes, 69256 on tree, 12 best solution, best possible 9 (103.28 seconds)
Cbc0010I After 346686 nodes, 69072 on tree, 12 best solution, best possible 9 (103.98 seconds)
Cbc0010I After 349167 nodes, 68778 on tree, 12 best solution, best possible 9 (104.68 seconds)
Cbc0010I After 351000 nodes, 68845 on tree, 12 best solution, best possible 9 (105.38 seconds)
Cbc0010I After 352781 nodes, 69280 on tree, 12 best solution, best possible 9 (106.08 seconds)
Cbc0010I After 354826 nodes, 69345 on tree, 12 best solution, best possible 9 (106.78 seconds)
Cbc0010I After 357767 nodes, 68870 on tree, 12 best solution, best possible 9 (107.48 seconds)
Cbc0010I After 360040 nodes, 68925 on tree, 12 best solution, best possible 9 (108.18 seconds)
Cbc0010I After 361924 nodes, 69073 on tree, 12 best solution, best possible 9 (108.88 seconds)
Cbc0010I After 364680 nodes, 69053 on tree, 12 best solution, best possible 9 (109.58 seconds)
Cbc0010I After 367824 nodes, 69050 on tree, 12 best solution, best possible 9 (110.28 seconds)
Cbc0010I After 371039 nodes, 69051 on tree, 12 best solution, best possible 9 (110.98 seconds)
Cbc0010I After 374308 nodes, 69050 on tree, 12 best solution, best possible 9 (111.69 seconds)
Cbc0010I After 377193 nodes, 68605 on tree, 12 best solution, best possible 9 (112.39 seconds)
Cbc0010I After 378515 nodes, 68983 on tree, 12 best solution, best possible 9 (113.09 seconds)
Cbc0010I After 381033 nodes, 68792 on tree, 12 best solution, best possible 9 (113.79 seconds)
Cbc0010I After 382121 nodes, 69117 on tree, 12 best solution, best possible 9.5 (114.49 seconds)
Cbc0010I After 384044 nodes, 69018 on tree, 12 best solution, best possible 9.5 (115.19 seconds)
Cbc0010I After 385972 nodes, 69091 on tree, 12 best solution, best possible 9.5 (115.89 seconds)
Cbc0010I After 388087 nodes, 69001 on tree, 12 best solution, best possible 9.5 (116.59 seconds)
Cbc0010I After 389993 nodes, 69041 on tree, 12 best solution, best possible 9.5 (117.29 seconds)
Cbc0010I After 392157 nodes, 69027 on tree, 12 best solution, best possible 9.5 (117.99 seconds)
Cbc0010I After 393994 nodes, 69191 on tree, 12 best solution, best possible 9.5 (118.69 seconds)
Cbc0010I After 396024 nodes, 69555 on tree, 12 best solution, best possible 9.5 (119.39 seconds)
Cbc0010I After 399153 nodes, 68866 on tree, 12 best solution, best possible 9.5 (120.09 seconds)
Cbc0010I After 401367 nodes, 69171 on tree, 12 best solution, best possible 9.5 (120.79 seconds)
Cbc0010I After 403684 nodes, 69404 on tree, 12 best solution, best possible 9.5 (121.49 seconds)
Cbc0010I After 406557 nodes, 69360 on tree, 12 best solution, best possible 9.5 (122.20 seconds)
Cbc0010I After 409358 nodes, 69360 on tree, 12 best solution, best possible 9.5 (122.90 seconds)
Cbc0010I After 412262 nodes, 69360 on tree, 12 best solution, best possible 9.5 (123.60 seconds)
Cbc0010I After 415268 nodes, 69360 on tree, 12 best solution, best possible 9.5 (124.30 seconds)
Cbc0010I After 418259 nodes, 69360 on tree, 12 best solution, best possible 9.5 (125.00 seconds)
Cbc0010I After 421642 nodes, 68754 on tree, 12 best solution, best possible 9.5 (125.70 seconds)
Cbc0010I After 423441 nodes, 69392 on tree, 12 best solution, best possible 9.5 (126.40 seconds)
Cbc0010I After 425729 nodes, 68864 on tree, 12 best solution, best possible 9.5 (127.10 seconds)
Cbc0010I After 427653 nodes, 69048 on tree, 12 best solution, best possible 9.5 (127.80 seconds)
Cbc0010I After 430184 nodes, 68783 on tree, 12 best solution, best possible 9.5 (128.50 seconds)
Cbc0010I After 432454 nodes, 68886 on tree, 12 best solution, best possible 9.5 (129.20 seconds)
Cbc0010I After 434235 nodes, 69007 on tree, 12 best solution, best possible 9.6666667 (129.90 seconds)
Cbc0010I After 436106 nodes, 69418 on tree, 12 best solution, best possible 9.6666667 (130.60 seconds)
Cbc0010I After 438636 nodes, 69232 on tree, 12 best solution, best possible 9.6666667 (131.30 seconds)
Cbc0010I After 441250 nodes, 68865 on tree, 12 best solution, best possible 9.6666667 (132.00 seconds)
Cbc0010I After 443135 nodes, 68958 on tree, 12 best solution, best possible 9.75 (132.71 seconds)
Cbc0010I After 445167 nodes, 69382 on tree, 12 best solution, best possible 9.75 (133.41 seconds)
Cbc0010I After 448146 nodes, 69108 on tree, 12 best solution, best possible 9.75 (134.11 seconds)
Cbc0010I After 450819 nodes, 69109 on tree, 12 best solution, best possible 9.75 (134.81 seconds)
Cbc0010I After 453414 nodes, 69108 on tree, 12 best solution, best possible 9.75 (135.51 seconds)
Cbc0010I After 456111 nodes, 69109 on tree, 12 best solution, best possible 9.75 (136.21 seconds)
Cbc0010I After 458797 nodes, 69108 on tree, 12 best solution, best possible 9.75 (136.91 seconds)
Cbc0010I After 461236 nodes, 69106 on tree, 12 best solution, best possible 9.75 (137.61 seconds)
Cbc0010I After 463526 nodes, 69225 on tree, 12 best solution, best possible 9.75 (138.31 seconds)
Cbc0010I After 465682 nodes, 69364 on tree, 12 best solution, best possible 9.75 (139.01 seconds)
Cbc0010I After 468616 nodes, 68334 on tree, 12 best solution, best possible 9.75 (139.71 seconds)
Cbc0010I After 470109 nodes, 68738 on tree, 12 best solution, best possible 10 (140.41 seconds)
Cbc0010I After 472092 nodes, 68869 on tree, 12 best solution, best possible 10 (141.11 seconds)
Cbc0010I After 473901 nodes, 68991 on tree, 12 best solution, best possible 10 (141.81 seconds)
Cbc0010I After 476079 nodes, 68625 on tree, 12 best solution, best possible 10 (142.51 seconds)
Cbc0010I After 478092 nodes, 68766 on tree, 12 best solution, best possible 10 (143.22 seconds)
Cbc0010I After 479731 nodes, 69053 on tree, 12 best solution, best possible 10 (143.92 seconds)
Cbc0010I After 481848 nodes, 68919 on tree, 12 best solution, best possible 10 (144.62 seconds)
Cbc0010I After 483924 nodes, 68805 on tree, 12 best solution, best possible 10 (145.32 seconds)
Cbc0010I After 485892 nodes, 68680 on tree, 12 best solution, best possible 10 (146.02 seconds)
Cbc0010I After 487541 nodes, 68947 on tree, 12 best solution, best possible 10 (146.72 seconds)
Cbc0010I After 489756 nodes, 68779 on tree, 12 best solution, best possible 10 (147.42 seconds)
Cbc0010I After 491783 nodes, 68830 on tree, 12 best solution, best possible 10 (148.12 seconds)
Cbc0010I After 493944 nodes, 68612 on tree, 12 best solution, best possible 10 (148.82 seconds)
Cbc0010I After 495594 nodes, 68785 on tree, 12 best solution, best possible 10 (149.52 seconds)
Cbc0010I After 497644 nodes, 68768 on tree, 12 best solution, best possible 10 (150.22 seconds)
Cbc0010I After 499562 nodes, 68965 on tree, 12 best solution, best possible 10 (150.92 seconds)
Cbc0010I After 501844 nodes, 68603 on tree, 12 best solution, best possible 10 (151.62 seconds)
Cbc0010I After 503454 nodes, 68960 on tree, 12 best solution, best possible 10 (152.33 seconds)
Cbc0010I After 505625 nodes, 68790 on tree, 12 best solution, best possible 10 (153.03 seconds)
Cbc0010I After 507516 nodes, 68925 on tree, 12 best solution, best possible 10 (153.73 seconds)
Cbc0010I After 509781 nodes, 68616 on tree, 12 best solution, best possible 10 (154.43 seconds)
Cbc0010I After 511402 nodes, 68935 on tree, 12 best solution, best possible 10 (155.13 seconds)
Cbc0010I After 513538 nodes, 68817 on tree, 12 best solution, best possible 10 (155.83 seconds)
Cbc0010I After 515196 nodes, 69015 on tree, 12 best solution, best possible 10 (156.53 seconds)
Cbc0010I After 517646 nodes, 68565 on tree, 12 best solution, best possible 10 (157.23 seconds)
Cbc0010I After 519278 nodes, 68815 on tree, 12 best solution, best possible 10 (157.93 seconds)
Cbc0010I After 521391 nodes, 68665 on tree, 12 best solution, best possible 10 (158.63 seconds)
Cbc0010I After 522954 nodes, 68882 on tree, 12 best solution, best possible 10 (159.33 seconds)
Cbc0010I After 525128 nodes, 68873 on tree, 12 best solution, best possible 10 (160.03 seconds)
Cbc0010I After 527324 nodes, 68985 on tree, 12 best solution, best possible 10 (160.73 seconds)
Cbc0010I After 530132 nodes, 68984 on tree, 12 best solution, best possible 10 (161.43 seconds)
Cbc0010I After 532071 nodes, 69294 on tree, 12 best solution, best possible 10 (162.13 seconds)
Cbc0010I After 534071 nodes, 69318 on tree, 12 best solution, best possible 10 (162.83 seconds)
Cbc0010I After 536216 nodes, 69112 on tree, 12 best solution, best possible 10 (163.53 seconds)
Cbc0010I After 538606 nodes, 68993 on tree, 12 best solution, best possible 10 (164.24 seconds)
Cbc0010I After 541256 nodes, 68969 on tree, 12 best solution, best possible 10 (164.94 seconds)
Cbc0010I After 543963 nodes, 68969 on tree, 12 best solution, best possible 10 (165.64 seconds)
Cbc0010I After 546679 nodes, 68971 on tree, 12 best solution, best possible 10 (166.34 seconds)
Cbc0010I After 549418 nodes, 68969 on tree, 12 best solution, best possible 10 (167.04 seconds)
Cbc0010I After 552072 nodes, 68970 on tree, 12 best solution, best possible 10 (167.74 seconds)
Cbc0010I After 554705 nodes, 68970 on tree, 12 best solution, best possible 10 (168.44 seconds)
Cbc0010I After 557463 nodes, 68969 on tree, 12 best solution, best possible 10 (169.14 seconds)
Cbc0010I After 559793 nodes, 69043 on tree, 12 best solution, best possible 10 (169.84 seconds)
Cbc0010I After 561911 nodes, 68805 on tree, 12 best solution, best possible 10 (170.54 seconds)
Cbc0010I After 563511 nodes, 68924 on tree, 12 best solution, best possible 10 (171.24 seconds)
Cbc0010I After 565494 nodes, 68707 on tree, 12 best solution, best possible 10 (171.94 seconds)
Cbc0010I After 567335 nodes, 68882 on tree, 12 best solution, best possible 10 (172.64 seconds)
Cbc0010I After 569667 nodes, 68666 on tree, 12 best solution, best possible 10 (173.34 seconds)
Cbc0010I After 571328 nodes, 68889 on tree, 12 best solution, best possible 10 (174.04 seconds)
Cbc0010I After 573483 nodes, 69204 on tree, 12 best solution, best possible 10 (174.75 seconds)
Cbc0010I After 575928 nodes, 69503 on tree, 12 best solution, best possible 10 (175.45 seconds)
Cbc0010I After 578522 nodes, 69063 on tree, 12 best solution, best possible 10 (176.15 seconds)
Cbc0010I After 581012 nodes, 68737 on tree, 12 best solution, best possible 10 (176.85 seconds)
Cbc0010I After 582980 nodes, 69177 on tree, 12 best solution, best possible 10 (177.55 seconds)
Cbc0010I After 585541 nodes, 68873 on tree, 12 best solution, best possible 10 (178.25 seconds)
Cbc0010I After 587523 nodes, 69318 on tree, 12 best solution, best possible 10 (178.95 seconds)
Cbc0010I After 590080 nodes, 69142 on tree, 12 best solution, best possible 10 (179.65 seconds)
Cbc0010I After 592000 nodes, 69576 on tree, 12 best solution, best possible 10 (180.35 seconds)
Cbc0010I After 594490 nodes, 69176 on tree, 12 best solution, best possible 10 (181.05 seconds)
Cbc0010I After 597062 nodes, 68633 on tree, 12 best solution, best possible 10 (181.75 seconds)
Cbc0010I After 599154 nodes, 69213 on tree, 12 best solution, best possible 10 (182.46 seconds)
Cbc0010I After 601644 nodes, 69359 on tree, 12 best solution, best possible 10 (183.16 seconds)
Cbc0010I After 604286 nodes, 69120 on tree, 12 best solution, best possible 10 (183.86 seconds)
Cbc0010I After 606620 nodes, 69125 on tree, 12 best solution, best possible 10 (184.56 seconds)
Cbc0010I After 609212 nodes, 68894 on tree, 12 best solution, best possible 10 (185.26 seconds)
Cbc0010I After 611008 nodes, 69382 on tree, 12 best solution, best possible 10 (185.96 seconds)
Cbc0010I After 614223 nodes, 69275 on tree, 12 best solution, best possible 10 (186.66 seconds)
Cbc0010I After 617147 nodes, 69274 on tree, 12 best solution, best possible 10 (187.36 seconds)
Cbc0010I After 620146 nodes, 69274 on tree, 12 best solution, best possible 10 (188.06 seconds)
Cbc0010I After 623125 nodes, 69275 on tree, 12 best solution, best possible 10 (188.76 seconds)
Cbc0010I After 626614 nodes, 69274 on tree, 12 best solution, best possible 10 (189.46 seconds)
Cbc0010I After 629319 nodes, 69018 on tree, 12 best solution, best possible 10 (190.16 seconds)
Cbc0010I After 631540 nodes, 69264 on tree, 12 best solution, best possible 10 (190.86 seconds)
Cbc0010I After 634454 nodes, 68951 on tree, 12 best solution, best possible 10 (191.56 seconds)
Cbc0010I After 636632 nodes, 68815 on tree, 12 best solution, best possible 10 (192.26 seconds)
Cbc0010I After 638363 nodes, 68700 on tree, 12 best solution, best possible 10 (192.96 seconds)
Cbc0010I After 640042 nodes, 68869 on tree, 12 best solution, best possible 10 (193.66 seconds)
Cbc0010I After 642150 nodes, 68917 on tree, 12 best solution, best possible 10 (194.36 seconds)
Cbc0010I After 644578 nodes, 68894 on tree, 12 best solution, best possible 10 (195.07 seconds)
Cbc0010I After 646422 nodes, 68952 on tree, 12 best solution, best possible 10 (195.77 seconds)
Cbc0010I After 649104 nodes, 68058 on tree, 12 best solution, best possible 10 (196.47 seconds)
Cbc0010I After 650724 nodes, 68357 on tree, 12 best solution, best possible 10 (197.17 seconds)
Cbc0010I After 652584 nodes, 68466 on tree, 12 best solution, best possible 10 (197.87 seconds)
Cbc0010I After 654372 nodes, 68715 on tree, 12 best solution, best possible 10 (198.57 seconds)
Cbc0010I After 655962 nodes, 69009 on tree, 12 best solution, best possible 10 (199.27 seconds)
Cbc0010I After 658050 nodes, 68794 on tree, 12 best solution, best possible 10 (199.97 seconds)
Cbc0010I After 660393 nodes, 68264 on tree, 12 best solution, best possible 10 (200.67 seconds)
Cbc0010I After 662128 nodes, 68457 on tree, 12 best solution, best possible 10 (201.37 seconds)
Cbc0010I After 663785 nodes, 68724 on tree, 12 best solution, best possible 10 (202.07 seconds)
Cbc0010I After 665905 nodes, 68319 on tree, 12 best solution, best possible 10 (202.77 seconds)
Cbc0010I After 667514 nodes, 68639 on tree, 12 best solution, best possible 10 (203.47 seconds)
Cbc0010I After 669636 nodes, 68279 on tree, 12 best solution, best possible 10 (204.17 seconds)
Cbc0010I After 671204 nodes, 68657 on tree, 12 best solution, best possible 10 (204.88 seconds)
Cbc0010I After 673236 nodes, 68589 on tree, 12 best solution, best possible 10 (205.58 seconds)
Cbc0010I After 674885 nodes, 68928 on tree, 12 best solution, best possible 10 (206.28 seconds)
Cbc0010I After 677286 nodes, 68747 on tree, 12 best solution, best possible 10 (206.98 seconds)
Cbc0010I After 678824 nodes, 69055 on tree, 12 best solution, best possible 10 (207.68 seconds)
Cbc0010I After 681321 nodes, 68996 on tree, 12 best solution, best possible 10 (208.38 seconds)
Cbc0010I After 683476 nodes, 68704 on tree, 12 best solution, best possible 10 (209.08 seconds)
Cbc0010I After 685423 nodes, 68777 on tree, 12 best solution, best possible 10 (209.78 seconds)
Cbc0010I After 687097 nodes, 69029 on tree, 12 best solution, best possible 10 (210.48 seconds)
Cbc0010I After 689517 nodes, 68864 on tree, 12 best solution, best possible 10 (211.18 seconds)
Cbc0010I After 691667 nodes, 68672 on tree, 12 best solution, best possible 10 (211.88 seconds)
Cbc0010I After 693820 nodes, 68196 on tree, 12 best solution, best possible 10 (212.58 seconds)
Cbc0010I After 695408 nodes, 68828 on tree, 12 best solution, best possible 10 (213.28 seconds)
Cbc0010I After 697417 nodes, 69126 on tree, 12 best solution, best possible 10 (213.99 seconds)
Cbc0010I After 699856 nodes, 68880 on tree, 12 best solution, best possible 10 (214.69 seconds)
Cbc0010I After 701893 nodes, 68936 on tree, 12 best solution, best possible 10 (215.39 seconds)
Cbc0010I After 703922 nodes, 69215 on tree, 12 best solution, best possible 10 (216.09 seconds)
Cbc0010I After 706548 nodes, 68722 on tree, 12 best solution, best possible 10 (216.79 seconds)
Cbc0010I After 708594 nodes, 68818 on tree, 12 best solution, best possible 10 (217.49 seconds)
Cbc0010I After 710408 nodes, 68763 on tree, 12 best solution, best possible 10 (218.19 seconds)
Cbc0010I After 712113 nodes, 68931 on tree, 12 best solution, best possible 10 (218.89 seconds)
Cbc0010I After 714298 nodes, 68772 on tree, 12 best solution, best possible 10 (219.59 seconds)
Cbc0010I After 716056 nodes, 68996 on tree, 12 best solution, best possible 10 (220.29 seconds)
Cbc0010I After 718231 nodes, 69048 on tree, 12 best solution, best possible 10 (220.99 seconds)
Cbc0010I After 720939 nodes, 68578 on tree, 12 best solution, best possible 10 (221.69 seconds)
Cbc0010I After 723199 nodes, 68593 on tree, 12 best solution, best possible 10 (222.39 seconds)
Cbc0010I After 725245 nodes, 69051 on tree, 12 best solution, best possible 10 (223.10 seconds)
Cbc0010I After 727827 nodes, 69463 on tree, 12 best solution, best possible 10 (223.80 seconds)
Cbc0010I After 731635 nodes, 68606 on tree, 12 best solution, best possible 10 (224.50 seconds)
Cbc0010I After 733997 nodes, 68439 on tree, 12 best solution, best possible 10 (225.20 seconds)
Cbc0010I After 736305 nodes, 68152 on tree, 12 best solution, best possible 10 (225.90 seconds)
Cbc0010I After 738062 nodes, 68717 on tree, 12 best solution, best possible 10 (226.60 seconds)
Cbc0010I After 740558 nodes, 68423 on tree, 12 best solution, best possible 10 (227.30 seconds)
Cbc0010I After 742388 nodes, 68460 on tree, 12 best solution, best possible 10 (228.00 seconds)
Cbc0010I After 744000 nodes, 68440 on tree, 12 best solution, best possible 10 (228.70 seconds)
Cbc0010I After 745892 nodes, 68394 on tree, 12 best solution, best possible 10 (229.40 seconds)
Cbc0010I After 747592 nodes, 68738 on tree, 12 best solution, best possible 10 (230.10 seconds)
Cbc0010I After 749661 nodes, 68512 on tree, 12 best solution, best possible 10 (230.80 seconds)
Cbc0010I After 751362 nodes, 68874 on tree, 12 best solution, best possible 10 (231.50 seconds)
Cbc0010I After 753503 nodes, 68969 on tree, 12 best solution, best possible 10 (232.21 seconds)
Cbc0010I After 755782 nodes, 68737 on tree, 12 best solution, best possible 10 (232.91 seconds)
Cbc0010I After 757832 nodes, 68637 on tree, 12 best solution, best possible 10 (233.61 seconds)
Cbc0010I After 759473 nodes, 68956 on tree, 12 best solution, best possible 10 (234.31 seconds)
Cbc0010I After 761693 nodes, 69005 on tree, 12 best solution, best possible 10 (235.01 seconds)
Cbc0010I After 764545 nodes, 68808 on tree, 12 best solution, best possible 10 (235.71 seconds)
Cbc0010I After 766469 nodes, 68906 on tree, 12 best solution, best possible 10 (236.41 seconds)
Cbc0010I After 768803 nodes, 68414 on tree, 12 best solution, best possible 10 (237.11 seconds)
Cbc0010I After 770537 nodes, 68587 on tree, 12 best solution, best possible 10 (237.81 seconds)
Cbc0010I After 772274 nodes, 68732 on tree, 12 best solution, best possible 10 (238.51 seconds)
Cbc0010I After 774214 nodes, 68879 on tree, 12 best solution, best possible 10 (239.21 seconds)
Cbc0010I After 776813 nodes, 68249 on tree, 12 best solution, best possible 10 (239.91 seconds)
Cbc0010I After 778537 nodes, 68498 on tree, 12 best solution, best possible 10 (240.61 seconds)
Cbc0010I After 780344 nodes, 68709 on tree, 12 best solution, best possible 10 (241.31 seconds)
Cbc0010I After 782157 nodes, 68972 on tree, 12 best solution, best possible 10 (242.01 seconds)
Cbc0010I After 784522 nodes, 69142 on tree, 12 best solution, best possible 10 (242.71 seconds)
Cbc0010I After 787219 nodes, 68727 on tree, 12 best solution, best possible 10 (243.42 seconds)
Cbc0010I After 789274 nodes, 68500 on tree, 12 best solution, best possible 10 (244.12 seconds)
Cbc0010I After 790992 nodes, 68752 on tree, 12 best solution, best possible 10 (244.82 seconds)
Cbc0010I After 793684 nodes, 68978 on tree, 12 best solution, best possible 10 (245.52 seconds)
Cbc0010I After 796597 nodes, 68980 on tree, 12 best solution, best possible 10 (246.22 seconds)
Cbc0010I After 800250 nodes, 68977 on tree, 12 best solution, best possible 10 (246.92 seconds)
Cbc0010I After 804162 nodes, 68977 on tree, 12 best solution, best possible 10 (247.62 seconds)
Cbc0010I After 806749 nodes, 69020 on tree, 12 best solution, best possible 10 (248.32 seconds)
Cbc0010I After 809031 nodes, 68649 on tree, 12 best solution, best possible 10 (249.02 seconds)
Cbc0010I After 810730 nodes, 68818 on tree, 12 best solution, best possible 10 (249.72 seconds)
Cbc0010I After 812950 nodes, 68786 on tree, 12 best solution, best possible 10 (250.42 seconds)
Cbc0010I After 815151 nodes, 68447 on tree, 12 best solution, best possible 10 (251.12 seconds)
Cbc0010I After 817170 nodes, 68344 on tree, 12 best solution, best possible 10 (251.82 seconds)
Cbc0010I After 818837 nodes, 68617 on tree, 12 best solution, best possible 10 (252.52 seconds)
Cbc0010I After 820828 nodes, 68437 on tree, 12 best solution, best possible 10 (253.22 seconds)
Cbc0010I After 822352 nodes, 68830 on tree, 12 best solution, best possible 10 (253.92 seconds)
Cbc0010I After 824121 nodes, 69015 on tree, 12 best solution, best possible 10 (254.63 seconds)
Cbc0010I After 826599 nodes, 68718 on tree, 12 best solution, best possible 10 (255.33 seconds)
Cbc0010I After 829031 nodes, 67931 on tree, 12 best solution, best possible 10 (256.03 seconds)
Cbc0010I After 830585 nodes, 68200 on tree, 12 best solution, best possible 10 (256.73 seconds)
Cbc0010I After 832331 nodes, 68431 on tree, 12 best solution, best possible 10 (257.43 seconds)
Cbc0010I After 834018 nodes, 68719 on tree, 12 best solution, best possible 10 (258.13 seconds)
Cbc0010I After 835664 nodes, 68792 on tree, 12 best solution, best possible 10 (258.83 seconds)
Cbc0010I After 837560 nodes, 68822 on tree, 12 best solution, best possible 10 (259.53 seconds)
Cbc0010I After 839825 nodes, 68655 on tree, 12 best solution, best possible 10 (260.23 seconds)
Cbc0010I After 841899 nodes, 68379 on tree, 12 best solution, best possible 10 (260.93 seconds)
Cbc0010I After 843913 nodes, 68285 on tree, 12 best solution, best possible 10 (261.63 seconds)
Cbc0010I After 845733 nodes, 68771 on tree, 12 best solution, best possible 10 (262.33 seconds)
Cbc0010I After 848102 nodes, 68333 on tree, 12 best solution, best possible 10 (263.03 seconds)
Cbc0010I After 850048 nodes, 68261 on tree, 12 best solution, best possible 10 (263.73 seconds)
Cbc0010I After 851756 nodes, 68601 on tree, 12 best solution, best possible 10 (264.43 seconds)
Cbc0010I After 853785 nodes, 68382 on tree, 12 best solution, best possible 10 (265.14 seconds)
Cbc0010I After 856137 nodes, 67501 on tree, 12 best solution, best possible 10 (265.84 seconds)
Cbc0010I After 858070 nodes, 67191 on tree, 12 best solution, best possible 10 (266.54 seconds)
Cbc0010I After 861076 nodes, 65289 on tree, 12 best solution, best possible 10 (267.24 seconds)
Cbc0010I After 862544 nodes, 65404 on tree, 12 best solution, best possible 10.1 (267.94 seconds)
Cbc0010I After 865189 nodes, 65096 on tree, 12 best solution, best possible 10.25 (268.64 seconds)
Cbc0010I After 867024 nodes, 65325 on tree, 12 best solution, best possible 10.5 (269.34 seconds)
Cbc0010I After 869162 nodes, 65494 on tree, 12 best solution, best possible 10.5 (270.04 seconds)
Cbc0010I After 871274 nodes, 65465 on tree, 12 best solution, best possible 10.5 (270.74 seconds)
Cbc0010I After 873395 nodes, 65648 on tree, 12 best solution, best possible 10.5 (271.44 seconds)
Cbc0010I After 875596 nodes, 65853 on tree, 12 best solution, best possible 10.5 (272.14 seconds)
Cbc0010I After 877712 nodes, 65997 on tree, 12 best solution, best possible 10.5 (272.84 seconds)
Cbc0010I After 879878 nodes, 66245 on tree, 12 best solution, best possible 10.5 (273.54 seconds)
Cbc0010I After 882096 nodes, 65886 on tree, 12 best solution, best possible 10.5 (274.24 seconds)
Cbc0010I After 884517 nodes, 65978 on tree, 12 best solution, best possible 10.5 (274.95 seconds)
Cbc0010I After 886770 nodes, 65585 on tree, 12 best solution, best possible 10.666667 (275.65 seconds)
Cbc0010I After 889342 nodes, 65176 on tree, 12 best solution, best possible 10.666667 (276.35 seconds)
Cbc0010I After 891613 nodes, 65279 on tree, 12 best solution, best possible 10.75 (277.05 seconds)
Cbc0010I After 894034 nodes, 64915 on tree, 12 best solution, best possible 11 (277.75 seconds)
Cbc0010I After 897275 nodes, 62635 on tree, 12 best solution, best possible 11 (278.45 seconds)
Cbc0010I After 900459 nodes, 60561 on tree, 12 best solution, best possible 11 (279.15 seconds)
Cbc0010I After 903737 nodes, 58358 on tree, 12 best solution, best possible 11 (279.85 seconds)
Cbc0010I After 907178 nodes, 55980 on tree, 12 best solution, best possible 11 (280.55 seconds)
Cbc0010I After 910633 nodes, 53536 on tree, 12 best solution, best possible 11 (281.25 seconds)
Cbc0010I After 914225 nodes, 50898 on tree, 12 best solution, best possible 11 (281.95 seconds)
Cbc0010I After 917597 nodes, 48688 on tree, 12 best solution, best possible 11 (282.65 seconds)
Cbc0010I After 919801 nodes, 48725 on tree, 12 best solution, best possible 11 (283.35 seconds)
Cbc0010I After 922186 nodes, 48279 on tree, 12 best solution, best possible 11 (284.05 seconds)
Cbc0010I After 923866 nodes, 48678 on tree, 12 best solution, best possible 11 (284.75 seconds)
Cbc0010I After 926062 nodes, 48635 on tree, 12 best solution, best possible 11 (285.45 seconds)
Cbc0010I After 928594 nodes, 47697 on tree, 12 best solution, best possible 11 (286.15 seconds)
Cbc0010I After 931762 nodes, 45436 on tree, 12 best solution, best possible 11 (286.85 seconds)
Cbc0010I After 934948 nodes, 43181 on tree, 12 best solution, best possible 11 (287.55 seconds)
Cbc0010I After 938029 nodes, 42170 on tree, 12 best solution, best possible 11 (288.26 seconds)
Cbc0010I After 940333 nodes, 42261 on tree, 12 best solution, best possible 11 (288.96 seconds)
Cbc0010I After 942891 nodes, 42165 on tree, 12 best solution, best possible 11 (289.66 seconds)
Cbc0010I After 945787 nodes, 42093 on tree, 12 best solution, best possible 11 (290.36 seconds)
Cbc0010I After 948087 nodes, 42431 on tree, 12 best solution, best possible 11 (291.06 seconds)
Cbc0010I After 950508 nodes, 42545 on tree, 12 best solution, best possible 11 (291.76 seconds)
Cbc0010I After 952909 nodes, 42857 on tree, 12 best solution, best possible 11 (292.46 seconds)
Cbc0010I After 955293 nodes, 43307 on tree, 12 best solution, best possible 11 (293.16 seconds)
Cbc0010I After 957709 nodes, 43225 on tree, 12 best solution, best possible 11 (293.86 seconds)
Cbc0010I After 960275 nodes, 42897 on tree, 12 best solution, best possible 11 (294.56 seconds)
Cbc0010I After 963587 nodes, 40617 on tree, 12 best solution, best possible 11 (295.26 seconds)
Cbc0010I After 966951 nodes, 38377 on tree, 12 best solution, best possible 11 (295.96 seconds)
Cbc0010I After 970464 nodes, 35997 on tree, 12 best solution, best possible 11 (296.66 seconds)
Cbc0010I After 973889 nodes, 33681 on tree, 12 best solution, best possible 11 (297.36 seconds)
Cbc0010I After 977418 nodes, 31171 on tree, 12 best solution, best possible 11 (298.06 seconds)
Cbc0010I After 981145 nodes, 28473 on tree, 12 best solution, best possible 11 (298.76 seconds)
Cbc0010I After 984678 nodes, 25993 on tree, 12 best solution, best possible 11 (299.46 seconds)
Cbc0010I After 987640 nodes, 24599 on tree, 12 best solution, best possible 11 (300.17 seconds)
Cbc0010I After 990214 nodes, 24352 on tree, 12 best solution, best possible 11 (300.87 seconds)
Cbc0010I After 992104 nodes, 24694 on tree, 12 best solution, best possible 11 (301.57 seconds)
Cbc0010I After 994548 nodes, 24408 on tree, 12 best solution, best possible 11 (302.27 seconds)
Cbc0010I After 997939 nodes, 21998 on tree, 12 best solution, best possible 11 (302.97 seconds)
Cbc0010I After 1001110 nodes, 19754 on tree, 12 best solution, best possible 11 (303.67 seconds)
Cbc0010I After 1003471 nodes, 20195 on tree, 12 best solution, best possible 11 (304.37 seconds)
Cbc0010I After 1006387 nodes, 19902 on tree, 12 best solution, best possible 11 (305.07 seconds)
Cbc0010I After 1009365 nodes, 19658 on tree, 12 best solution, best possible 11 (305.77 seconds)
Cbc0010I After 1011837 nodes, 20075 on tree, 12 best solution, best possible 11 (306.47 seconds)
Cbc0010I After 1014378 nodes, 19998 on tree, 12 best solution, best possible 11 (307.17 seconds)
Cbc0010I After 1017691 nodes, 17884 on tree, 12 best solution, best possible 11 (307.87 seconds)
Cbc0010I After 1021111 nodes, 15592 on tree, 12 best solution, best possible 11 (308.57 seconds)
Cbc0010I After 1024630 nodes, 13153 on tree, 12 best solution, best possible 11 (309.27 seconds)
Cbc0010I After 1028404 nodes, 10329 on tree, 12 best solution, best possible 11 (309.97 seconds)
Cbc0010I After 1031099 nodes, 9357 on tree, 12 best solution, best possible 11 (310.67 seconds)
Cbc0010I After 1033644 nodes, 8763 on tree, 12 best solution, best possible 11 (311.37 seconds)
Cbc0010I After 1036594 nodes, 7229 on tree, 12 best solution, best possible 11 (312.07 seconds)
Cbc0010I After 1039087 nodes, 7472 on tree, 12 best solution, best possible 11 (312.77 seconds)
Cbc0010I After 1042108 nodes, 6056 on tree, 12 best solution, best possible 11 (313.47 seconds)
Cbc0010I After 1045665 nodes, 3614 on tree, 12 best solution, best possible 11 (314.17 seconds)
Cbc0010I After 1048231 nodes, 2952 on tree, 12 best solution, best possible 11 (314.87 seconds)
Cbc0010I After 1050945 nodes, 1642 on tree, 12 best solution, best possible 11 (315.57 seconds)
Cbc0010I After 1053261 nodes, 851 on tree, 12 best solution, best possible 11 (316.27 seconds)
Cbc0010I After 1055299 nodes, 212 on tree, 12 best solution, best possible 11 (316.97 seconds)
Cbc0030I Thread 0 used 1055936 times,  waiting to start 1.4898086, 306.73809 cpu time, 6172549 locks, 25.187596 locked, 0.3905828 waiting for locks
Cbc0030I Main thread 302.63593 waiting for threads,  7393089 locks, 5.2106466 locked, 0.4628222 waiting for locks
Cbc0001I Search completed - best objective 12, took 3197291 iterations and 1055936 nodes (317.24 seconds)
Cbc0032I Strong branching done 519194 times (2272727 iterations), fathomed 107648 nodes and fixed 121152 variables
Cbc0035I Maximum depth 63, 8915999 variables fixed on reduced cost
Cbc0045I Orbital branching succeeded 19 times - average extra   0.053, fixing (5,  17.200)
