Starting solution of the Linear programming relaxation problem using Primal Simplex

Coin0506I Presolve 73 (0) rows, 144 (-220) columns and 444 (-220) elements
Clp1000I sum of infeasibilities 2.14549e-09 - average 2.93902e-11, 132 fixed columns
Coin0506I Presolve 0 (-73) rows, 0 (-144) columns and 0 (-444) elements
Clp0000I Optimal - objective value 1
Clp0000I Optimal - objective value 1
Coin0511I After Postsolve, objective 1, infeasibilities - dual 0 (0), primal 0 (0)
Clp0006I 0  Obj 1
Clp0000I Optimal - objective value 1
Clp0000I Optimal - objective value 1
Coin0511I After Postsolve, objective 1, infeasibilities - dual 0 (0), primal 0 (0)
Clp0032I Optimal objective 1 - 0 iterations time 0.002, Presolve 0.00, Idiot 0.00

Starting MIP optimization
Cbc0045I Nauty did not find any useful orbits in time 0.000584
Cbc0038I Initial state - 3 integers unsatisfied sum - 1.5
Cbc0038I Pass   1: suminf.    0.00000 (0) obj. 1 iterations 4
Cbc0038I Pass   2: suminf.    0.00000 (0) obj. 1 iterations 0
Cbc0038I Pass   3: suminf.    0.00000 (0) obj. 1 iterations 0
Cbc0038I Pass   4: suminf.    3.00000 (6) obj. 35 iterations 98
Cbc0038I Pass   5: suminf.    0.50000 (1) obj. 35 iterations 7
Cbc0038I Pass   6: suminf.    0.00000 (0) obj. 35 iterations 1
Cbc0038I Pass   7: suminf.    0.00000 (0) obj. 35 iterations 0
Cbc0038I Pass   8: suminf.    0.00000 (0) obj. 35 iterations 0
Cbc0038I Pass   9: suminf.    0.00000 (0) obj. 35 iterations 0
Cbc0038I Pass  10: suminf.    0.00000 (0) obj. 35 iterations 0
Cbc0038I Pass  11: suminf.    0.00000 (0) obj. 35 iterations 0
Cbc0038I Pass  12: suminf.    0.00000 (0) obj. 35 iterations 0
Cbc0038I Pass  13: suminf.    0.00000 (0) obj. 35 iterations 0
Cbc0038I Pass  14: suminf.    3.00000 (6) obj. 42 iterations 44
Cbc0038I Pass  15: suminf.    0.50000 (1) obj. 42 iterations 6
Cbc0038I Pass  16: suminf.    0.00000 (0) obj. 42 iterations 1
Cbc0038I Pass  17: suminf.    0.00000 (0) obj. 42 iterations 0
Cbc0038I Pass  18: suminf.    0.00000 (0) obj. 42 iterations 0
Cbc0038I Pass  19: suminf.    0.00000 (0) obj. 42 iterations 0
Cbc0038I Pass  20: suminf.    0.00000 (0) obj. 42 iterations 0
Cbc0038I Pass  21: suminf.    0.00000 (0) obj. 42 iterations 0
Cbc0038I Pass  22: suminf.    0.00000 (0) obj. 42 iterations 0
Cbc0038I Pass  23: suminf.    0.00000 (0) obj. 42 iterations 0
Cbc0038I Pass  24: suminf.    0.00000 (0) obj. 42 iterations 0
Cbc0038I Pass  25: suminf.    2.50000 (5) obj. 49 iterations 50
Cbc0038I Pass  26: suminf.    0.00000 (0) obj. 49 iterations 6
Cbc0038I Pass  27: suminf.    0.00000 (0) obj. 49 iterations 0
Cbc0038I Pass  28: suminf.    0.00000 (0) obj. 49 iterations 0
Cbc0038I Pass  29: suminf.    0.00000 (0) obj. 49 iterations 0
Cbc0038I Pass  30: suminf.    0.00000 (0) obj. 49 iterations 0
Cbc0038I No solution found this major pass
Cbc0038I Before mini branch and bound, 122 integers at bound fixed and 3 continuous
Cbc0038I Full problem 73 rows 291 columns, reduced to 28 rows 72 columns
Cbc0038I Mini branch and bound improved solution from 1.797693134862e+308 to 1 (0.01 seconds)
Cbc0038I After 0.01 seconds - Feasibility pump exiting with objective of 1 - took 0.01 seconds
Cbc0051I Starting cut generation at root node
Cbc0031I 45 added rows had average density of 28.755556
Cbc0013I At root node, 45 cuts changed objective from 1 to 2.9748375 in 100 passes
Cbc0014I Cut generator 0 (Probing) - 0 row cuts average 0.0 elements, 0 column cuts (14 active)  in 0.019 seconds - new frequency is -100
Cbc0014I Cut generator 1 (Gomory) - 819 row cuts average 231.5 elements, 0 column cuts (0 active)  in 0.149 seconds - new frequency is 1
Cbc0014I Cut generator 2 (Knapsack) - 1133 row cuts average 3.3 elements, 0 column cuts (0 active)  in 0.073 seconds - new frequency is 1
Cbc0014I Cut generator 3 (Clique) - 0 row cuts average 0.0 elements, 0 column cuts (0 active)  in 0.001 seconds - new frequency is -100
Cbc0014I Cut generator 4 (MixedIntegerRounding2) - 33 row cuts average 79.6 elements, 0 column cuts (0 active)  in 0.083 seconds - new frequency is -100
Cbc0014I Cut generator 5 (FlowCover) - 0 row cuts average 0.0 elements, 0 column cuts (0 active)  in 0.002 seconds - new frequency is -100
Cbc0014I Cut generator 6 (TwoMirCuts) - 109 row cuts average 10.3 elements, 0 column cuts (0 active)  in 0.005 seconds - new frequency is 1
Cbc0010I After 0 nodes, 1 on tree, 1e+50 best solution, best possible 2.9748375 (0.70 seconds)
Cbc0016I Integer solution of 36 found by strong branching after 5164 iterations and 136 nodes (0.94 seconds)
Cbc0012I Integer solution of 36 found by heuristic after 5147 iterations and 135 nodes (0.94 seconds)
Cbc0010I After 2309 nodes, 1115 on tree, 36 best solution, best possible 2.9748375 (1.40 seconds)
Cbc0010I After 5956 nodes, 2820 on tree, 36 best solution, best possible 2.9748375 (2.10 seconds)
Cbc0004I Integer solution of 12 found after 28430 iterations and 6124 nodes (2.12 seconds)
Cbc0012I Integer solution of 12 found by heuristic after 28430 iterations and 6123 nodes (2.12 seconds)
Cbc0010I After 9507 nodes, 2575 on tree, 12 best solution, best possible 2.9748375 (2.80 seconds)
Cbc0010I After 11914 nodes, 3650 on tree, 12 best solution, best possible 5 (3.50 seconds)
Cbc0010I After 14850 nodes, 5043 on tree, 12 best solution, best possible 6 (4.20 seconds)
Cbc0010I After 18124 nodes, 6550 on tree, 12 best solution, best possible 6 (4.90 seconds)
Cbc0010I After 21625 nodes, 8191 on tree, 12 best solution, best possible 6 (5.60 seconds)
Cbc0010I After 24629 nodes, 9592 on tree, 12 best solution, best possible 6.6666667 (6.30 seconds)
Cbc0010I After 27952 nodes, 11238 on tree, 12 best solution, best possible 7 (7.00 seconds)
Cbc0010I After 31505 nodes, 12662 on tree, 12 best solution, best possible 7 (7.70 seconds)
Cbc0010I After 35227 nodes, 14021 on tree, 12 best solution, best possible 7 (8.40 seconds)
Cbc0010I After 38928 nodes, 15726 on tree, 12 best solution, best possible 7 (9.10 seconds)
Cbc0010I After 42550 nodes, 17022 on tree, 12 best solution, best possible 7 (9.80 seconds)
Cbc0010I After 46221 nodes, 18255 on tree, 12 best solution, best possible 7 (10.50 seconds)
Cbc0010I After 50061 nodes, 19813 on tree, 12 best solution, best possible 7 (11.20 seconds)
Cbc0010I After 53892 nodes, 21004 on tree, 12 best solution, best possible 7 (11.90 seconds)
Cbc0010I After 57692 nodes, 22421 on tree, 12 best solution, best possible 7 (12.60 seconds)
Cbc0010I After 61368 nodes, 24269 on tree, 12 best solution, best possible 7 (13.30 seconds)
Cbc0010I After 64871 nodes, 25525 on tree, 12 best solution, best possible 7.25 (14.00 seconds)
Cbc0010I After 68177 nodes, 26771 on tree, 12 best solution, best possible 7.4 (14.70 seconds)
Cbc0010I After 71687 nodes, 28003 on tree, 12 best solution, best possible 7.5 (15.40 seconds)
Cbc0010I After 75231 nodes, 29187 on tree, 12 best solution, best possible 7.5 (16.10 seconds)
Cbc0010I After 78800 nodes, 30566 on tree, 12 best solution, best possible 7.5 (16.80 seconds)
Cbc0010I After 82380 nodes, 31687 on tree, 12 best solution, best possible 7.6666667 (17.50 seconds)
Cbc0010I After 86008 nodes, 33599 on tree, 12 best solution, best possible 7.9 (18.20 seconds)
Cbc0010I After 89809 nodes, 35719 on tree, 12 best solution, best possible 8 (18.90 seconds)
Cbc0010I After 93717 nodes, 36813 on tree, 12 best solution, best possible 8 (19.60 seconds)
Cbc0010I After 97470 nodes, 37917 on tree, 12 best solution, best possible 8 (20.30 seconds)
Cbc0010I After 101215 nodes, 39202 on tree, 12 best solution, best possible 8 (21.00 seconds)
Cbc0010I After 104887 nodes, 40156 on tree, 12 best solution, best possible 8 (21.70 seconds)
Cbc0010I After 108556 nodes, 41189 on tree, 12 best solution, best possible 8 (22.40 seconds)
Cbc0010I After 112031 nodes, 42250 on tree, 12 best solution, best possible 8 (23.10 seconds)
Cbc0010I After 115864 nodes, 43922 on tree, 12 best solution, best possible 8 (23.81 seconds)
Cbc0010I After 119602 nodes, 45083 on tree, 12 best solution, best possible 8 (24.51 seconds)
Cbc0010I After 122756 nodes, 45743 on tree, 12 best solution, best possible 8 (25.21 seconds)
Cbc0010I After 126365 nodes, 48014 on tree, 12 best solution, best possible 8 (25.91 seconds)
Cbc0010I After 130157 nodes, 49432 on tree, 12 best solution, best possible 8 (26.61 seconds)
Cbc0010I After 134067 nodes, 50603 on tree, 12 best solution, best possible 8 (27.31 seconds)
Cbc0010I After 137810 nodes, 51726 on tree, 12 best solution, best possible 8 (28.01 seconds)
Cbc0010I After 141476 nodes, 52655 on tree, 12 best solution, best possible 8 (28.71 seconds)
Cbc0010I After 145200 nodes, 53596 on tree, 12 best solution, best possible 8 (29.41 seconds)
Cbc0010I After 148945 nodes, 54804 on tree, 12 best solution, best possible 8 (30.11 seconds)
Cbc0010I After 152759 nodes, 56177 on tree, 12 best solution, best possible 8 (30.81 seconds)
Cbc0010I After 156408 nodes, 57387 on tree, 12 best solution, best possible 8 (31.51 seconds)
Cbc0010I After 160278 nodes, 59071 on tree, 12 best solution, best possible 8 (32.21 seconds)
Cbc0010I After 164021 nodes, 60239 on tree, 12 best solution, best possible 8 (32.91 seconds)
Cbc0010I After 167816 nodes, 61329 on tree, 12 best solution, best possible 8 (33.61 seconds)
Cbc0010I After 171539 nodes, 62423 on tree, 12 best solution, best possible 8 (34.31 seconds)
Cbc0010I After 175334 nodes, 63633 on tree, 12 best solution, best possible 8 (35.01 seconds)
Cbc0010I After 178984 nodes, 64701 on tree, 12 best solution, best possible 8 (35.71 seconds)
Cbc0010I After 182642 nodes, 66159 on tree, 12 best solution, best possible 8 (36.42 seconds)
Cbc0010I After 186367 nodes, 68045 on tree, 12 best solution, best possible 8 (37.12 seconds)
Cbc0010I After 190890 nodes, 69891 on tree, 12 best solution, best possible 8 (37.82 seconds)
Cbc0010I After 196882 nodes, 69140 on tree, 12 best solution, best possible 8 (38.52 seconds)
Cbc0010I After 202139 nodes, 69333 on tree, 12 best solution, best possible 8 (39.22 seconds)
Cbc0010I After 207568 nodes, 69664 on tree, 12 best solution, best possible 8 (39.92 seconds)
Cbc0010I After 212932 nodes, 69103 on tree, 12 best solution, best possible 8 (40.62 seconds)
Cbc0010I After 218036 nodes, 69426 on tree, 12 best solution, best possible 8.25 (41.32 seconds)
Cbc0010I After 222585 nodes, 69333 on tree, 12 best solution, best possible 8.3333333 (42.02 seconds)
Cbc0010I After 227116 nodes, 69372 on tree, 12 best solution, best possible 8.375 (42.72 seconds)
Cbc0010I After 233138 nodes, 69280 on tree, 12 best solution, best possible 8.375 (43.42 seconds)
Cbc0010I After 237613 nodes, 69464 on tree, 12 best solution, best possible 8.5 (44.12 seconds)
Cbc0010I After 242351 nodes, 69088 on tree, 12 best solution, best possible 8.5 (44.82 seconds)
Cbc0010I After 246751 nodes, 69405 on tree, 12 best solution, best possible 8.5 (45.52 seconds)
Cbc0010I After 252440 nodes, 69404 on tree, 12 best solution, best possible 8.5 (46.22 seconds)
Cbc0010I After 257813 nodes, 69259 on tree, 12 best solution, best possible 8.5 (46.93 seconds)
Cbc0010I After 261848 nodes, 68946 on tree, 12 best solution, best possible 8.5 (47.63 seconds)
Cbc0010I After 265280 nodes, 69129 on tree, 12 best solution, best possible 8.5 (48.33 seconds)
Cbc0010I After 269218 nodes, 69200 on tree, 12 best solution, best possible 8.5 (49.03 seconds)
Cbc0010I After 272727 nodes, 69298 on tree, 12 best solution, best possible 8.5 (49.73 seconds)
Cbc0010I After 278123 nodes, 69167 on tree, 12 best solution, best possible 8.5 (50.43 seconds)
Cbc0010I After 283589 nodes, 69168 on tree, 12 best solution, best possible 8.5 (51.13 seconds)
Cbc0010I After 287332 nodes, 69411 on tree, 12 best solution, best possible 8.5 (51.83 seconds)
Cbc0010I After 292247 nodes, 68897 on tree, 12 best solution, best possible 8.5 (52.53 seconds)
Cbc0010I After 295398 nodes, 69245 on tree, 12 best solution, best possible 8.5 (53.23 seconds)
Cbc0010I After 298948 nodes, 69268 on tree, 12 best solution, best possible 8.5 (53.93 seconds)
Cbc0010I After 302455 nodes, 69254 on tree, 12 best solution, best possible 8.5 (54.63 seconds)
Cbc0010I After 305669 nodes, 69363 on tree, 12 best solution, best possible 8.5 (55.33 seconds)
Cbc0010I After 309324 nodes, 69147 on tree, 12 best solution, best possible 8.5 (56.03 seconds)
Cbc0010I After 312150 nodes, 69043 on tree, 12 best solution, best possible 8.5 (56.73 seconds)
Cbc0010I After 315255 nodes, 69050 on tree, 12 best solution, best possible 8.5 (57.44 seconds)
Cbc0010I After 317836 nodes, 69370 on tree, 12 best solution, best possible 8.640625 (58.14 seconds)
Cbc0010I After 321603 nodes, 69308 on tree, 12 best solution, best possible 8.6666667 (58.84 seconds)
Cbc0010I After 325850 nodes, 69435 on tree, 12 best solution, best possible 8.6666667 (59.54 seconds)
Cbc0010I After 330635 nodes, 69434 on tree, 12 best solution, best possible 8.6666667 (60.24 seconds)
Cbc0010I After 335039 nodes, 69353 on tree, 12 best solution, best possible 8.6666667 (60.94 seconds)
Cbc0010I After 338226 nodes, 69213 on tree, 12 best solution, best possible 8.7777778 (61.64 seconds)
Cbc0010I After 341011 nodes, 69175 on tree, 12 best solution, best possible 8.7777778 (62.34 seconds)
Cbc0010I After 343788 nodes, 69010 on tree, 12 best solution, best possible 8.7777778 (63.04 seconds)
Cbc0010I After 346632 nodes, 69007 on tree, 12 best solution, best possible 8.7777778 (63.74 seconds)
Cbc0010I After 349254 nodes, 69184 on tree, 12 best solution, best possible 8.8 (64.44 seconds)
Cbc0010I After 351837 nodes, 69211 on tree, 12 best solution, best possible 9 (65.14 seconds)
Cbc0010I After 354465 nodes, 69099 on tree, 12 best solution, best possible 9 (65.84 seconds)
Cbc0010I After 357164 nodes, 69100 on tree, 12 best solution, best possible 9 (66.55 seconds)
Cbc0010I After 359519 nodes, 69497 on tree, 12 best solution, best possible 9 (67.25 seconds)
Cbc0010I After 362982 nodes, 69234 on tree, 12 best solution, best possible 9 (67.95 seconds)
Cbc0010I After 365620 nodes, 69584 on tree, 12 best solution, best possible 9 (68.65 seconds)
Cbc0010I After 368852 nodes, 69692 on tree, 12 best solution, best possible 9 (69.35 seconds)
Cbc0010I After 372653 nodes, 69692 on tree, 12 best solution, best possible 9 (70.05 seconds)
Cbc0010I After 376639 nodes, 69689 on tree, 12 best solution, best possible 9 (70.75 seconds)
Cbc0010I After 380255 nodes, 69691 on tree, 12 best solution, best possible 9 (71.45 seconds)
Cbc0010I After 383982 nodes, 69132 on tree, 12 best solution, best possible 9 (72.15 seconds)
Cbc0010I After 386524 nodes, 69314 on tree, 12 best solution, best possible 9 (72.85 seconds)
Cbc0010I After 389081 nodes, 69291 on tree, 12 best solution, best possible 9 (73.55 seconds)
Cbc0010I After 391812 nodes, 69062 on tree, 12 best solution, best possible 9 (74.25 seconds)
Cbc0010I After 394426 nodes, 69121 on tree, 12 best solution, best possible 9 (74.95 seconds)
Cbc0010I After 396939 nodes, 69148 on tree, 12 best solution, best possible 9 (75.65 seconds)
Cbc0010I After 399304 nodes, 69229 on tree, 12 best solution, best possible 9 (76.36 seconds)
Cbc0010I After 401653 nodes, 69150 on tree, 12 best solution, best possible 9 (77.06 seconds)
Cbc0010I After 403813 nodes, 69103 on tree, 12 best solution, best possible 9 (77.76 seconds)
Cbc0010I After 406317 nodes, 69241 on tree, 12 best solution, best possible 9 (78.46 seconds)
Cbc0010I After 409390 nodes, 69351 on tree, 12 best solution, best possible 9 (79.16 seconds)
Cbc0010I After 413147 nodes, 69357 on tree, 12 best solution, best possible 9 (79.86 seconds)
Cbc0010I After 416704 nodes, 69350 on tree, 12 best solution, best possible 9 (80.56 seconds)
Cbc0010I After 420500 nodes, 69351 on tree, 12 best solution, best possible 9 (81.26 seconds)
Cbc0010I After 424257 nodes, 69351 on tree, 12 best solution, best possible 9 (81.96 seconds)
Cbc0010I After 427833 nodes, 69352 on tree, 12 best solution, best possible 9 (82.66 seconds)
Cbc0010I After 431210 nodes, 69351 on tree, 12 best solution, best possible 9 (83.36 seconds)
Cbc0010I After 434300 nodes, 69208 on tree, 12 best solution, best possible 9 (84.06 seconds)
Cbc0010I After 437090 nodes, 69275 on tree, 12 best solution, best possible 9 (84.76 seconds)
Cbc0010I After 439315 nodes, 69811 on tree, 12 best solution, best possible 9 (85.46 seconds)
Cbc0010I After 442497 nodes, 69517 on tree, 12 best solution, best possible 9 (86.17 seconds)
Cbc0010I After 445658 nodes, 69360 on tree, 12 best solution, best possible 9 (86.87 seconds)
Cbc0010I After 448126 nodes, 69775 on tree, 12 best solution, best possible 9 (87.57 seconds)
Cbc0010I After 451428 nodes, 69318 on tree, 12 best solution, best possible 9 (88.27 seconds)
Cbc0010I After 454337 nodes, 69519 on tree, 12 best solution, best possible 9 (88.97 seconds)
Cbc0010I After 458002 nodes, 69241 on tree, 12 best solution, best possible 9 (89.67 seconds)
Cbc0010I After 461962 nodes, 69246 on tree, 12 best solution, best possible 9 (90.37 seconds)
Cbc0010I After 465868 nodes, 69241 on tree, 12 best solution, best possible 9 (91.07 seconds)
Cbc0010I After 469859 nodes, 69242 on tree, 12 best solution, best possible 9 (91.77 seconds)
Cbc0010I After 473600 nodes, 69242 on tree, 12 best solution, best possible 9 (92.47 seconds)
Cbc0010I After 477190 nodes, 69242 on tree, 12 best solution, best possible 9 (93.17 seconds)
Cbc0010I After 480444 nodes, 69175 on tree, 12 best solution, best possible 9 (93.87 seconds)
Cbc0010I After 483185 nodes, 69307 on tree, 12 best solution, best possible 9 (94.57 seconds)
Cbc0010I After 485628 nodes, 69840 on tree, 12 best solution, best possible 9 (95.27 seconds)
Cbc0010I After 489179 nodes, 69265 on tree, 12 best solution, best possible 9 (95.97 seconds)
Cbc0010I After 491777 nodes, 69415 on tree, 12 best solution, best possible 9 (96.68 seconds)
Cbc0010I After 494157 nodes, 69154 on tree, 12 best solution, best possible 9 (97.38 seconds)
Cbc0010I After 496574 nodes, 69133 on tree, 12 best solution, best possible 9 (98.08 seconds)
Cbc0010I After 498938 nodes, 69103 on tree, 12 best solution, best possible 9 (98.78 seconds)
Cbc0010I After 501603 nodes, 69093 on tree, 12 best solution, best possible 9 (99.48 seconds)
Cbc0010I After 504081 nodes, 69094 on tree, 12 best solution, best possible 9 (100.18 seconds)
Cbc0010I After 506083 nodes, 69171 on tree, 12 best solution, best possible 9 (100.88 seconds)
Cbc0010I After 508869 nodes, 69036 on tree, 12 best solution, best possible 9 (101.58 seconds)
Cbc0010I After 511380 nodes, 69159 on tree, 12 best solution, best possible 9 (102.28 seconds)
Cbc0010I After 513902 nodes, 69303 on tree, 12 best solution, best possible 9 (102.98 seconds)
Cbc0010I After 516965 nodes, 68994 on tree, 12 best solution, best possible 9 (103.68 seconds)
Cbc0010I After 519343 nodes, 69200 on tree, 12 best solution, best possible 9 (104.38 seconds)
Cbc0010I After 521654 nodes, 69358 on tree, 12 best solution, best possible 9 (105.09 seconds)
Cbc0010I After 524877 nodes, 69306 on tree, 12 best solution, best possible 9 (105.79 seconds)
Cbc0010I After 528489 nodes, 69104 on tree, 12 best solution, best possible 9 (106.49 seconds)
Cbc0010I After 531018 nodes, 69160 on tree, 12 best solution, best possible 9 (107.19 seconds)
Cbc0010I After 533670 nodes, 69118 on tree, 12 best solution, best possible 9 (107.89 seconds)
Cbc0010I After 536150 nodes, 69289 on tree, 12 best solution, best possible 9 (108.59 seconds)
Cbc0010I After 538720 nodes, 69330 on tree, 12 best solution, best possible 9 (109.29 seconds)
Cbc0010I After 542515 nodes, 69331 on tree, 12 best solution, best possible 9 (109.99 seconds)
Cbc0010I After 546318 nodes, 69328 on tree, 12 best solution, best possible 9 (110.69 seconds)
Cbc0010I After 550122 nodes, 69330 on tree, 12 best solution, best possible 9 (111.39 seconds)
Cbc0010I After 553754 nodes, 69330 on tree, 12 best solution, best possible 9 (112.09 seconds)
Cbc0010I After 557090 nodes, 69329 on tree, 12 best solution, best possible 9 (112.79 seconds)
Cbc0010I After 560602 nodes, 69328 on tree, 12 best solution, best possible 9 (113.49 seconds)
Cbc0010I After 564087 nodes, 69162 on tree, 12 best solution, best possible 9 (114.19 seconds)
Cbc0010I After 566514 nodes, 69382 on tree, 12 best solution, best possible 9 (114.90 seconds)
Cbc0010I After 569538 nodes, 68950 on tree, 12 best solution, best possible 9 (115.60 seconds)
Cbc0010I After 571544 nodes, 69044 on tree, 12 best solution, best possible 9 (116.30 seconds)
Cbc0010I After 573916 nodes, 68954 on tree, 12 best solution, best possible 9 (117.00 seconds)
Cbc0010I After 576214 nodes, 69083 on tree, 12 best solution, best possible 9 (117.70 seconds)
Cbc0010I After 578180 nodes, 68899 on tree, 12 best solution, best possible 9 (118.40 seconds)
Cbc0010I After 579566 nodes, 69298 on tree, 12 best solution, best possible 9 (119.10 seconds)
Cbc0010I After 582927 nodes, 69023 on tree, 12 best solution, best possible 9 (119.80 seconds)
Cbc0010I After 585353 nodes, 69502 on tree, 12 best solution, best possible 9 (120.50 seconds)
Cbc0010I After 588047 nodes, 69863 on tree, 12 best solution, best possible 9 (121.20 seconds)
Cbc0010I After 591441 nodes, 69429 on tree, 12 best solution, best possible 9 (121.90 seconds)
Cbc0010I After 594582 nodes, 69128 on tree, 12 best solution, best possible 9 (122.60 seconds)
Cbc0010I After 597041 nodes, 68936 on tree, 12 best solution, best possible 9 (123.30 seconds)
Cbc0010I After 599328 nodes, 69122 on tree, 12 best solution, best possible 9 (124.01 seconds)
Cbc0010I After 601842 nodes, 69221 on tree, 12 best solution, best possible 9 (124.71 seconds)
Cbc0010I After 604207 nodes, 69222 on tree, 12 best solution, best possible 9 (125.41 seconds)
Cbc0010I After 606677 nodes, 69322 on tree, 12 best solution, best possible 9 (126.11 seconds)
Cbc0010I After 610076 nodes, 69233 on tree, 12 best solution, best possible 9 (126.81 seconds)
Cbc0010I After 612771 nodes, 69075 on tree, 12 best solution, best possible 9 (127.51 seconds)
Cbc0010I After 615091 nodes, 69008 on tree, 12 best solution, best possible 9 (128.21 seconds)
Cbc0010I After 617162 nodes, 69167 on tree, 12 best solution, best possible 9 (128.91 seconds)
Cbc0010I After 619764 nodes, 69750 on tree, 12 best solution, best possible 9 (129.61 seconds)
Cbc0010I After 623217 nodes, 69748 on tree, 12 best solution, best possible 9 (130.31 seconds)
Cbc0010I After 626879 nodes, 69750 on tree, 12 best solution, best possible 9 (131.01 seconds)
Cbc0010I After 630452 nodes, 69749 on tree, 12 best solution, best possible 9 (131.71 seconds)
Cbc0010I After 633679 nodes, 69748 on tree, 12 best solution, best possible 9 (132.41 seconds)
Cbc0010I After 636770 nodes, 69749 on tree, 12 best solution, best possible 9 (133.12 seconds)
Cbc0010I After 640000 nodes, 69749 on tree, 12 best solution, best possible 9 (133.82 seconds)
Cbc0010I After 643228 nodes, 69748 on tree, 12 best solution, best possible 9 (134.52 seconds)
Cbc0010I After 646436 nodes, 69738 on tree, 12 best solution, best possible 9 (135.22 seconds)
Cbc0010I After 649466 nodes, 69078 on tree, 12 best solution, best possible 9 (135.92 seconds)
Cbc0010I After 652340 nodes, 68939 on tree, 12 best solution, best possible 9 (136.62 seconds)
Cbc0010I After 654616 nodes, 69703 on tree, 12 best solution, best possible 9 (137.32 seconds)
Cbc0010I After 657726 nodes, 69741 on tree, 12 best solution, best possible 9 (138.02 seconds)
Cbc0010I After 661179 nodes, 69154 on tree, 12 best solution, best possible 9 (138.72 seconds)
Cbc0010I After 664091 nodes, 69147 on tree, 12 best solution, best possible 9 (139.42 seconds)
Cbc0010I After 665907 nodes, 69720 on tree, 12 best solution, best possible 9 (140.12 seconds)
Cbc0010I After 669348 nodes, 68943 on tree, 12 best solution, best possible 9 (140.82 seconds)
Cbc0010I After 671112 nodes, 69198 on tree, 12 best solution, best possible 9 (141.52 seconds)
Cbc0010I After 674075 nodes, 69082 on tree, 12 best solution, best possible 9 (142.22 seconds)
Cbc0010I After 677115 nodes, 68898 on tree, 12 best solution, best possible 9 (142.93 seconds)
Cbc0010I After 679538 nodes, 69188 on tree, 12 best solution, best possible 9 (143.63 seconds)
Cbc0010I After 682135 nodes, 69346 on tree, 12 best solution, best possible 9 (144.33 seconds)
Cbc0010I After 685090 nodes, 69262 on tree, 12 best solution, best possible 9 (145.03 seconds)
Cbc0010I After 688598 nodes, 69157 on tree, 12 best solution, best possible 9 (145.73 seconds)
Cbc0010I After 691148 nodes, 69260 on tree, 12 best solution, best possible 9 (146.43 seconds)
Cbc0010I After 693631 nodes, 69310 on tree, 12 best solution, best possible 9 (147.13 seconds)
Cbc0010I After 696782 nodes, 69144 on tree, 12 best solution, best possible 9 (147.83 seconds)
Cbc0010I After 699082 nodes, 69353 on tree, 12 best solution, best possible 9 (148.53 seconds)
Cbc0010I After 701882 nodes, 69376 on tree, 12 best solution, best possible 9 (149.23 seconds)
Cbc0010I After 705262 nodes, 69281 on tree, 12 best solution, best possible 9 (149.93 seconds)
Cbc0010I After 708564 nodes, 69283 on tree, 12 best solution, best possible 9 (150.63 seconds)
Cbc0010I After 712254 nodes, 69282 on tree, 12 best solution, best possible 9 (151.33 seconds)
Cbc0010I After 715598 nodes, 69282 on tree, 12 best solution, best possible 9 (152.03 seconds)
Cbc0010I After 718872 nodes, 69283 on tree, 12 best solution, best possible 9 (152.74 seconds)
Cbc0010I After 721925 nodes, 69283 on tree, 12 best solution, best possible 9 (153.44 seconds)
Cbc0010I After 725119 nodes, 69282 on tree, 12 best solution, best possible 9 (154.14 seconds)
Cbc0010I After 728345 nodes, 69282 on tree, 12 best solution, best possible 9 (154.84 seconds)
Cbc0010I After 731484 nodes, 69285 on tree, 12 best solution, best possible 9 (155.54 seconds)
Cbc0010I After 734818 nodes, 69233 on tree, 12 best solution, best possible 9 (156.24 seconds)
Cbc0010I After 737686 nodes, 69249 on tree, 12 best solution, best possible 9 (156.94 seconds)
Cbc0010I After 739871 nodes, 69256 on tree, 12 best solution, best possible 9 (157.64 seconds)
Cbc0010I After 741956 nodes, 69221 on tree, 12 best solution, best possible 9 (158.34 seconds)
Cbc0010I After 744078 nodes, 69352 on tree, 12 best solution, best possible 9 (159.04 seconds)
Cbc0010I After 746649 nodes, 69030 on tree, 12 best solution, best possible 9 (159.74 seconds)
Cbc0010I After 748424 nodes, 69695 on tree, 12 best solution, best possible 9 (160.44 seconds)
Cbc0010I After 750990 nodes, 69728 on tree, 12 best solution, best possible 9 (161.14 seconds)
Cbc0010I After 753796 nodes, 69550 on tree, 12 best solution, best possible 9 (161.85 seconds)
Cbc0010I After 757109 nodes, 68909 on tree, 12 best solution, best possible 9 (162.55 seconds)
Cbc0010I After 759203 nodes, 69360 on tree, 12 best solution, best possible 9 (163.25 seconds)
Cbc0010I After 761907 nodes, 69199 on tree, 12 best solution, best possible 9 (163.95 seconds)
Cbc0010I After 764264 nodes, 69300 on tree, 12 best solution, best possible 9 (164.65 seconds)
Cbc0010I After 766631 nodes, 69343 on tree, 12 best solution, best possible 9 (165.35 seconds)
Cbc0010I After 769208 nodes, 69096 on tree, 12 best solution, best possible 9 (166.05 seconds)
Cbc0010I After 771150 nodes, 69129 on tree, 12 best solution, best possible 9 (166.75 seconds)
Cbc0010I After 773931 nodes, 69251 on tree, 12 best solution, best possible 9 (167.45 seconds)
Cbc0010I After 776742 nodes, 69590 on tree, 12 best solution, best possible 9 (168.15 seconds)
Cbc0010I After 779633 nodes, 69422 on tree, 12 best solution, best possible 9 (168.85 seconds)
Cbc0010I After 782926 nodes, 68963 on tree, 12 best solution, best possible 9 (169.55 seconds)
Cbc0010I After 785199 nodes, 69151 on tree, 12 best solution, best possible 9 (170.25 seconds)
Cbc0010I After 787787 nodes, 69367 on tree, 12 best solution, best possible 9 (170.95 seconds)
Cbc0010I After 790685 nodes, 69268 on tree, 12 best solution, best possible 9 (171.66 seconds)
Cbc0010I After 793819 nodes, 69236 on tree, 12 best solution, best possible 9 (172.36 seconds)
Cbc0010I After 797131 nodes, 69022 on tree, 12 best solution, best possible 9 (173.06 seconds)
Cbc0010I After 799517 nodes, 69295 on tree, 12 best solution, best possible 9 (173.76 seconds)
Cbc0010I After 802346 nodes, 69097 on tree, 12 best solution, best possible 9 (174.46 seconds)
Cbc0010I After 805116 nodes, 68810 on tree, 12 best solution, best possible 9 (175.16 seconds)
Cbc0010I After 807283 nodes, 69022 on tree, 12 best solution, best possible 9 (175.86 seconds)
Cbc0010I After 810020 nodes, 69254 on tree, 12 best solution, best possible 9 (176.56 seconds)
Cbc0010I After 813083 nodes, 68984 on tree, 12 best solution, best possible 9 (177.26 seconds)
Cbc0010I After 815450 nodes, 69148 on tree, 12 best solution, best possible 9 (177.96 seconds)
Cbc0010I After 818408 nodes, 69169 on tree, 12 best solution, best possible 9 (178.66 seconds)
Cbc0010I After 822551 nodes, 69170 on tree, 12 best solution, best possible 9 (179.36 seconds)
Cbc0010I After 825996 nodes, 69168 on tree, 12 best solution, best possible 9 (180.06 seconds)
Cbc0010I After 829372 nodes, 69169 on tree, 12 best solution, best possible 9 (180.77 seconds)
Cbc0010I After 832631 nodes, 69170 on tree, 12 best solution, best possible 9 (181.47 seconds)
Cbc0010I After 836077 nodes, 69170 on tree, 12 best solution, best possible 9 (182.17 seconds)
Cbc0010I After 839515 nodes, 69168 on tree, 12 best solution, best possible 9 (182.87 seconds)
Cbc0010I After 842787 nodes, 69169 on tree, 12 best solution, best possible 9 (183.57 seconds)
Cbc0010I After 846210 nodes, 69171 on tree, 12 best solution, best possible 9 (184.27 seconds)
Cbc0010I After 849628 nodes, 69169 on tree, 12 best solution, best possible 9 (184.97 seconds)
Cbc0010I After 853228 nodes, 69169 on tree, 12 best solution, best possible 9 (185.67 seconds)
Cbc0010I After 855712 nodes, 69297 on tree, 12 best solution, best possible 9 (186.37 seconds)
Cbc0010I After 858501 nodes, 69212 on tree, 12 best solution, best possible 9 (187.07 seconds)
Cbc0010I After 861408 nodes, 68571 on tree, 12 best solution, best possible 9 (187.77 seconds)
Cbc0010I After 863194 nodes, 69036 on tree, 12 best solution, best possible 9 (188.47 seconds)
Cbc0010I After 866000 nodes, 68749 on tree, 12 best solution, best possible 9 (189.18 seconds)
Cbc0010I After 868290 nodes, 68829 on tree, 12 best solution, best possible 9 (189.88 seconds)
Cbc0010I After 870205 nodes, 69261 on tree, 12 best solution, best possible 9 (190.58 seconds)
Cbc0010I After 872475 nodes, 69378 on tree, 12 best solution, best possible 9 (191.28 seconds)
Cbc0010I After 875062 nodes, 69060 on tree, 12 best solution, best possible 9 (191.98 seconds)
Cbc0010I After 877138 nodes, 68885 on tree, 12 best solution, best possible 9 (192.68 seconds)
Cbc0010I After 879334 nodes, 69113 on tree, 12 best solution, best possible 9 (193.38 seconds)
Cbc0010I After 881499 nodes, 69117 on tree, 12 best solution, best possible 9 (194.08 seconds)
Cbc0010I After 884286 nodes, 68891 on tree, 12 best solution, best possible 9 (194.78 seconds)
Cbc0010I After 886261 nodes, 68892 on tree, 12 best solution, best possible 9 (195.48 seconds)
Cbc0010I After 887915 nodes, 69740 on tree, 12 best solution, best possible 9 (196.18 seconds)
Cbc0010I After 891305 nodes, 69174 on tree, 12 best solution, best possible 9 (196.89 seconds)
Cbc0010I After 893756 nodes, 69211 on tree, 12 best solution, best possible 9 (197.59 seconds)
Cbc0010I After 895840 nodes, 69743 on tree, 12 best solution, best possible 9 (198.29 seconds)
Cbc0010I After 899225 nodes, 69156 on tree, 12 best solution, best possible 9 (198.99 seconds)
Cbc0010I After 901657 nodes, 68921 on tree, 12 best solution, best possible 9 (199.69 seconds)
Cbc0010I After 903412 nodes, 69688 on tree, 12 best solution, best possible 9 (200.39 seconds)
Cbc0010I After 906437 nodes, 69497 on tree, 12 best solution, best possible 9 (201.09 seconds)
Cbc0010I After 909367 nodes, 69451 on tree, 12 best solution, best possible 9 (201.79 seconds)
Cbc0010I After 911790 nodes, 69666 on tree, 12 best solution, best possible 9 (202.49 seconds)
Cbc0010I After 915117 nodes, 69249 on tree, 12 best solution, best possible 9 (203.19 seconds)
Cbc0010I After 917481 nodes, 69620 on tree, 12 best solution, best possible 9 (203.89 seconds)
Cbc0010I After 920969 nodes, 69620 on tree, 12 best solution, best possible 9 (204.59 seconds)
Cbc0010I After 924460 nodes, 69108 on tree, 12 best solution, best possible 9 (205.30 seconds)
Cbc0010I After 926271 nodes, 69312 on tree, 12 best solution, best possible 9.25 (206.00 seconds)
Cbc0010I After 928290 nodes, 69746 on tree, 12 best solution, best possible 9.25 (206.70 seconds)
Cbc0010I After 931714 nodes, 69295 on tree, 12 best solution, best possible 9.25 (207.40 seconds)
Cbc0010I After 935664 nodes, 69298 on tree, 12 best solution, best possible 9.25 (208.10 seconds)
Cbc0010I After 938831 nodes, 69293 on tree, 12 best solution, best possible 9.25 (208.80 seconds)
Cbc0010I After 941913 nodes, 69293 on tree, 12 best solution, best possible 9.25 (209.50 seconds)
Cbc0010I After 945094 nodes, 69295 on tree, 12 best solution, best possible 9.25 (210.20 seconds)
Cbc0010I After 948373 nodes, 69297 on tree, 12 best solution, best possible 9.25 (210.90 seconds)
Cbc0010I After 951760 nodes, 69293 on tree, 12 best solution, best possible 9.25 (211.60 seconds)
Cbc0010I After 955154 nodes, 69294 on tree, 12 best solution, best possible 9.25 (212.30 seconds)
Cbc0010I After 958616 nodes, 69294 on tree, 12 best solution, best possible 9.25 (213.00 seconds)
Cbc0010I After 962003 nodes, 69092 on tree, 12 best solution, best possible 9.25 (213.70 seconds)
Cbc0010I After 964012 nodes, 69690 on tree, 12 best solution, best possible 9.25 (214.40 seconds)
Cbc0010I After 967438 nodes, 69258 on tree, 12 best solution, best possible 9.25 (215.11 seconds)
Cbc0010I After 969813 nodes, 69058 on tree, 12 best solution, best possible 9.3333333 (215.81 seconds)
Cbc0010I After 971596 nodes, 69793 on tree, 12 best solution, best possible 9.3333333 (216.51 seconds)
Cbc0010I After 973923 nodes, 69549 on tree, 12 best solution, best possible 9.5 (217.21 seconds)
Cbc0010I After 976785 nodes, 68596 on tree, 12 best solution, best possible 9.5 (217.91 seconds)
Cbc0010I After 978600 nodes, 68940 on tree, 12 best solution, best possible 9.5 (218.61 seconds)
Cbc0010I After 980994 nodes, 68878 on tree, 12 best solution, best possible 9.5 (219.31 seconds)
Cbc0010I After 983224 nodes, 68967 on tree, 12 best solution, best possible 9.5 (220.01 seconds)
Cbc0010I After 985417 nodes, 68967 on tree, 12 best solution, best possible 9.5 (220.71 seconds)
Cbc0010I After 987560 nodes, 69230 on tree, 12 best solution, best possible 9.5 (221.41 seconds)
Cbc0010I After 990142 nodes, 69032 on tree, 12 best solution, best possible 9.5 (222.11 seconds)
Cbc0010I After 992131 nodes, 69244 on tree, 12 best solution, best possible 9.5 (222.81 seconds)
Cbc0010I After 994684 nodes, 69180 on tree, 12 best solution, best possible 9.5 (223.51 seconds)
Cbc0010I After 997176 nodes, 69164 on tree, 12 best solution, best possible 9.5 (224.22 seconds)
Cbc0010I After 1000000 nodes, 68864 on tree, 12 best solution, best possible 9.5 (224.92 seconds)
Cbc0010I After 1001981 nodes, 68931 on tree, 12 best solution, best possible 9.6666667 (225.62 seconds)
Cbc0010I After 1003958 nodes, 69187 on tree, 12 best solution, best possible 9.6666667 (226.32 seconds)
Cbc0010I After 1006266 nodes, 69295 on tree, 12 best solution, best possible 9.75 (227.02 seconds)
Cbc0010I After 1009039 nodes, 68968 on tree, 12 best solution, best possible 9.75 (227.72 seconds)
Cbc0010I After 1011248 nodes, 69047 on tree, 12 best solution, best possible 10 (228.43 seconds)
Cbc0010I After 1013678 nodes, 68888 on tree, 12 best solution, best possible 10 (229.13 seconds)
Cbc0010I After 1016102 nodes, 68963 on tree, 12 best solution, best possible 10 (229.83 seconds)
Cbc0010I After 1018390 nodes, 68923 on tree, 12 best solution, best possible 10 (230.53 seconds)
Cbc0010I After 1020301 nodes, 69196 on tree, 12 best solution, best possible 10 (231.23 seconds)
Cbc0010I After 1022813 nodes, 69156 on tree, 12 best solution, best possible 10 (231.93 seconds)
Cbc0010I After 1025327 nodes, 68989 on tree, 12 best solution, best possible 10 (232.63 seconds)
Cbc0010I After 1027365 nodes, 69162 on tree, 12 best solution, best possible 10 (233.33 seconds)
Cbc0010I After 1030000 nodes, 68747 on tree, 12 best solution, best possible 10 (234.04 seconds)
Cbc0010I After 1031887 nodes, 68967 on tree, 12 best solution, best possible 10 (234.74 seconds)
Cbc0010I After 1034000 nodes, 69264 on tree, 12 best solution, best possible 10 (235.44 seconds)
Cbc0010I After 1036199 nodes, 69571 on tree, 12 best solution, best possible 10 (236.14 seconds)
Cbc0010I After 1038715 nodes, 69470 on tree, 12 best solution, best possible 10 (236.85 seconds)
Cbc0010I After 1041399 nodes, 69277 on tree, 12 best solution, best possible 10 (237.55 seconds)
Cbc0010I After 1044293 nodes, 68678 on tree, 12 best solution, best possible 10 (238.25 seconds)
Cbc0010I After 1046102 nodes, 69135 on tree, 12 best solution, best possible 10 (238.95 seconds)
Cbc0010I After 1048820 nodes, 68932 on tree, 12 best solution, best possible 10 (239.65 seconds)
Cbc0010I After 1050703 nodes, 69190 on tree, 12 best solution, best possible 10 (240.35 seconds)
Cbc0010I After 1053571 nodes, 68419 on tree, 12 best solution, best possible 10 (241.05 seconds)
Cbc0010I After 1055427 nodes, 68506 on tree, 12 best solution, best possible 10 (241.75 seconds)
Cbc0010I After 1057577 nodes, 68284 on tree, 12 best solution, best possible 10 (242.45 seconds)
Cbc0010I After 1059401 nodes, 68432 on tree, 12 best solution, best possible 10 (243.15 seconds)
Cbc0010I After 1061569 nodes, 68374 on tree, 12 best solution, best possible 10 (243.85 seconds)
Cbc0010I After 1063314 nodes, 69301 on tree, 12 best solution, best possible 10 (244.55 seconds)
Cbc0010I After 1065812 nodes, 69037 on tree, 12 best solution, best possible 10 (245.26 seconds)
Cbc0010I After 1067855 nodes, 69756 on tree, 12 best solution, best possible 10 (245.96 seconds)
Cbc0010I After 1071633 nodes, 69806 on tree, 12 best solution, best possible 10 (246.66 seconds)
Cbc0010I After 1075232 nodes, 69079 on tree, 12 best solution, best possible 10 (247.36 seconds)
Cbc0010I After 1077442 nodes, 69332 on tree, 12 best solution, best possible 10 (248.06 seconds)
Cbc0010I After 1079575 nodes, 69424 on tree, 12 best solution, best possible 10 (248.76 seconds)
Cbc0010I After 1081806 nodes, 69615 on tree, 12 best solution, best possible 10 (249.46 seconds)
Cbc0010I After 1085205 nodes, 69156 on tree, 12 best solution, best possible 10 (250.16 seconds)
Cbc0010I After 1087351 nodes, 69677 on tree, 12 best solution, best possible 10 (250.86 seconds)
Cbc0010I After 1090713 nodes, 69579 on tree, 12 best solution, best possible 10 (251.56 seconds)
Cbc0010I After 1093516 nodes, 69580 on tree, 12 best solution, best possible 10 (252.26 seconds)
Cbc0010I After 1096533 nodes, 69579 on tree, 12 best solution, best possible 10 (252.97 seconds)
Cbc0010I After 1099662 nodes, 69580 on tree, 12 best solution, best possible 10 (253.67 seconds)
Cbc0010I After 1102672 nodes, 69581 on tree, 12 best solution, best possible 10 (254.37 seconds)
Cbc0010I After 1105515 nodes, 69579 on tree, 12 best solution, best possible 10 (255.07 seconds)
Cbc0010I After 1108326 nodes, 69579 on tree, 12 best solution, best possible 10 (255.77 seconds)
Cbc0010I After 1111260 nodes, 69475 on tree, 12 best solution, best possible 10 (256.47 seconds)
Cbc0010I After 1114260 nodes, 69241 on tree, 12 best solution, best possible 10 (257.17 seconds)
Cbc0010I After 1116705 nodes, 69509 on tree, 12 best solution, best possible 10 (257.87 seconds)
Cbc0010I After 1119455 nodes, 69386 on tree, 12 best solution, best possible 10 (258.57 seconds)
Cbc0010I After 1121597 nodes, 69537 on tree, 12 best solution, best possible 10 (259.27 seconds)
Cbc0010I After 1123813 nodes, 69630 on tree, 12 best solution, best possible 10 (259.97 seconds)
Cbc0010I After 1126180 nodes, 69080 on tree, 12 best solution, best possible 10 (260.67 seconds)
Cbc0010I After 1128996 nodes, 68599 on tree, 12 best solution, best possible 10 (261.37 seconds)
Cbc0010I After 1130926 nodes, 69031 on tree, 12 best solution, best possible 10 (262.08 seconds)
Cbc0010I After 1133440 nodes, 69062 on tree, 12 best solution, best possible 10 (262.78 seconds)
Cbc0010I After 1135997 nodes, 69126 on tree, 12 best solution, best possible 10 (263.48 seconds)
Cbc0010I After 1138223 nodes, 69142 on tree, 12 best solution, best possible 10 (264.18 seconds)
Cbc0010I After 1141076 nodes, 68646 on tree, 12 best solution, best possible 10 (264.88 seconds)
Cbc0010I After 1143018 nodes, 68904 on tree, 12 best solution, best possible 10 (265.58 seconds)
Cbc0010I After 1145509 nodes, 68559 on tree, 12 best solution, best possible 10 (266.28 seconds)
Cbc0010I After 1147435 nodes, 68809 on tree, 12 best solution, best possible 10 (266.98 seconds)
Cbc0010I After 1149879 nodes, 68575 on tree, 12 best solution, best possible 10 (267.68 seconds)
Cbc0010I After 1151797 nodes, 68845 on tree, 12 best solution, best possible 10 (268.38 seconds)
Cbc0010I After 1154185 nodes, 68714 on tree, 12 best solution, best possible 10 (269.08 seconds)
Cbc0010I After 1156045 nodes, 69084 on tree, 12 best solution, best possible 10 (269.78 seconds)
Cbc0010I After 1158198 nodes, 69029 on tree, 12 best solution, best possible 10 (270.48 seconds)
Cbc0010I After 1160952 nodes, 68661 on tree, 12 best solution, best possible 10 (271.19 seconds)
Cbc0010I After 1162847 nodes, 68860 on tree, 12 best solution, best possible 10 (271.89 seconds)
Cbc0010I After 1165279 nodes, 68622 on tree, 12 best solution, best possible 10 (272.59 seconds)
Cbc0010I After 1167260 nodes, 68839 on tree, 12 best solution, best possible 10 (273.29 seconds)
Cbc0010I After 1169569 nodes, 68810 on tree, 12 best solution, best possible 10 (273.99 seconds)
Cbc0010I After 1171520 nodes, 69430 on tree, 12 best solution, best possible 10 (274.69 seconds)
Cbc0010I After 1174885 nodes, 69469 on tree, 12 best solution, best possible 10 (275.39 seconds)
Cbc0010I After 1177651 nodes, 68542 on tree, 12 best solution, best possible 10 (276.09 seconds)
Cbc0010I After 1179557 nodes, 69055 on tree, 12 best solution, best possible 10 (276.79 seconds)
Cbc0010I After 1181702 nodes, 69253 on tree, 12 best solution, best possible 10 (277.49 seconds)
Cbc0010I After 1184192 nodes, 69353 on tree, 12 best solution, best possible 10 (278.19 seconds)
Cbc0010I After 1186639 nodes, 69264 on tree, 12 best solution, best possible 10 (278.89 seconds)
Cbc0010I After 1189462 nodes, 68768 on tree, 12 best solution, best possible 10 (279.60 seconds)
Cbc0010I After 1191449 nodes, 69022 on tree, 12 best solution, best possible 10 (280.30 seconds)
Cbc0010I After 1193790 nodes, 69007 on tree, 12 best solution, best possible 10 (281.00 seconds)
Cbc0010I After 1196491 nodes, 68781 on tree, 12 best solution, best possible 10 (281.70 seconds)
Cbc0010I After 1198672 nodes, 68689 on tree, 12 best solution, best possible 10 (282.40 seconds)
Cbc0010I After 1201000 nodes, 68504 on tree, 12 best solution, best possible 10 (283.10 seconds)
Cbc0010I After 1202790 nodes, 69210 on tree, 12 best solution, best possible 10 (283.81 seconds)
Cbc0010I After 1205635 nodes, 68871 on tree, 12 best solution, best possible 10 (284.51 seconds)
Cbc0010I After 1207876 nodes, 69432 on tree, 12 best solution, best possible 10 (285.21 seconds)
Cbc0010I After 1210539 nodes, 69418 on tree, 12 best solution, best possible 10 (285.91 seconds)
Cbc0010I After 1213340 nodes, 69164 on tree, 12 best solution, best possible 10 (286.61 seconds)
Cbc0010I After 1216000 nodes, 68747 on tree, 12 best solution, best possible 10 (287.31 seconds)
Cbc0010I After 1217998 nodes, 69116 on tree, 12 best solution, best possible 10 (288.01 seconds)
Cbc0010I After 1220393 nodes, 68953 on tree, 12 best solution, best possible 10 (288.72 seconds)
Cbc0010I After 1222763 nodes, 69185 on tree, 12 best solution, best possible 10 (289.42 seconds)
Cbc0010I After 1225258 nodes, 69335 on tree, 12 best solution, best possible 10 (290.12 seconds)
Cbc0010I After 1228216 nodes, 69335 on tree, 12 best solution, best possible 10 (290.82 seconds)
Cbc0010I After 1231325 nodes, 69336 on tree, 12 best solution, best possible 10 (291.52 seconds)
Cbc0010I After 1234359 nodes, 68757 on tree, 12 best solution, best possible 10 (292.22 seconds)
Cbc0010I After 1236547 nodes, 68427 on tree, 12 best solution, best possible 10 (292.92 seconds)
Cbc0010I After 1238519 nodes, 68745 on tree, 12 best solution, best possible 10 (293.62 seconds)
Cbc0010I After 1240734 nodes, 68854 on tree, 12 best solution, best possible 10 (294.32 seconds)
Cbc0010I After 1242764 nodes, 69049 on tree, 12 best solution, best possible 10 (295.02 seconds)
Cbc0010I After 1245299 nodes, 68723 on tree, 12 best solution, best possible 10 (295.72 seconds)
Cbc0010I After 1247353 nodes, 69030 on tree, 12 best solution, best possible 10 (296.42 seconds)
Cbc0010I After 1249581 nodes, 68862 on tree, 12 best solution, best possible 10 (297.12 seconds)
Cbc0010I After 1251573 nodes, 69099 on tree, 12 best solution, best possible 10 (297.83 seconds)
Cbc0010I After 1253825 nodes, 68913 on tree, 12 best solution, best possible 10 (298.53 seconds)
Cbc0010I After 1255792 nodes, 69245 on tree, 12 best solution, best possible 10 (299.23 seconds)
Cbc0010I After 1259000 nodes, 68654 on tree, 12 best solution, best possible 10 (299.93 seconds)
Cbc0010I After 1261178 nodes, 68540 on tree, 12 best solution, best possible 10 (300.63 seconds)
Cbc0010I After 1263191 nodes, 68747 on tree, 12 best solution, best possible 10 (301.33 seconds)
Cbc0010I After 1265766 nodes, 68326 on tree, 12 best solution, best possible 10 (302.03 seconds)
Cbc0010I After 1267511 nodes, 69215 on tree, 12 best solution, best possible 10 (302.73 seconds)
Cbc0010I After 1269841 nodes, 69572 on tree, 12 best solution, best possible 10 (303.44 seconds)
Cbc0010I After 1272447 nodes, 69120 on tree, 12 best solution, best possible 10 (304.14 seconds)
Cbc0010I After 1274648 nodes, 68972 on tree, 12 best solution, best possible 10 (304.84 seconds)
Cbc0010I After 1277206 nodes, 68792 on tree, 12 best solution, best possible 10 (305.54 seconds)
Cbc0010I After 1279154 nodes, 68974 on tree, 12 best solution, best possible 10 (306.24 seconds)
Cbc0010I After 1281515 nodes, 68681 on tree, 12 best solution, best possible 10 (306.94 seconds)
Cbc0010I After 1283424 nodes, 68878 on tree, 12 best solution, best possible 10 (307.64 seconds)
Cbc0010I After 1285733 nodes, 69066 on tree, 12 best solution, best possible 10 (308.34 seconds)
Cbc0010I After 1288297 nodes, 69123 on tree, 12 best solution, best possible 10 (309.04 seconds)
Cbc0010I After 1290997 nodes, 68916 on tree, 12 best solution, best possible 10 (309.74 seconds)
Cbc0010I After 1293318 nodes, 69371 on tree, 12 best solution, best possible 10 (310.44 seconds)
Cbc0010I After 1296607 nodes, 69031 on tree, 12 best solution, best possible 10 (311.14 seconds)
Cbc0010I After 1299126 nodes, 68810 on tree, 12 best solution, best possible 10 (311.85 seconds)
Cbc0010I After 1301529 nodes, 68974 on tree, 12 best solution, best possible 10 (312.55 seconds)
Cbc0010I After 1304432 nodes, 68691 on tree, 12 best solution, best possible 10 (313.25 seconds)
Cbc0010I After 1306744 nodes, 68974 on tree, 12 best solution, best possible 10 (313.95 seconds)
Cbc0010I After 1309284 nodes, 69101 on tree, 12 best solution, best possible 10 (314.65 seconds)
Cbc0010I After 1312156 nodes, 68861 on tree, 12 best solution, best possible 10 (315.35 seconds)
Cbc0010I After 1314483 nodes, 69111 on tree, 12 best solution, best possible 10 (316.05 seconds)
Cbc0010I After 1317123 nodes, 69056 on tree, 12 best solution, best possible 10 (316.75 seconds)
Cbc0010I After 1319669 nodes, 69037 on tree, 12 best solution, best possible 10 (317.45 seconds)
Cbc0010I After 1322478 nodes, 69015 on tree, 12 best solution, best possible 10 (318.15 seconds)
Cbc0010I After 1325111 nodes, 69119 on tree, 12 best solution, best possible 10 (318.85 seconds)
Cbc0010I After 1327753 nodes, 69073 on tree, 12 best solution, best possible 10 (319.55 seconds)
Cbc0010I After 1330468 nodes, 69158 on tree, 12 best solution, best possible 10 (320.25 seconds)
Cbc0010I After 1333245 nodes, 68420 on tree, 12 best solution, best possible 10 (320.96 seconds)
Cbc0010I After 1335602 nodes, 68705 on tree, 12 best solution, best possible 10 (321.66 seconds)
Cbc0010I After 1338041 nodes, 68589 on tree, 12 best solution, best possible 10 (322.36 seconds)
Cbc0010I After 1340616 nodes, 68256 on tree, 12 best solution, best possible 10 (323.06 seconds)
Cbc0010I After 1343062 nodes, 67986 on tree, 12 best solution, best possible 10 (323.76 seconds)
Cbc0010I After 1345714 nodes, 67851 on tree, 12 best solution, best possible 10 (324.46 seconds)
Cbc0010I After 1348318 nodes, 68016 on tree, 12 best solution, best possible 10 (325.16 seconds)
Cbc0010I After 1350938 nodes, 68010 on tree, 12 best solution, best possible 10 (325.86 seconds)
Cbc0010I After 1353814 nodes, 68537 on tree, 12 best solution, best possible 10 (326.56 seconds)
Cbc0010I After 1356562 nodes, 68847 on tree, 12 best solution, best possible 10 (327.26 seconds)
Cbc0010I After 1359094 nodes, 68970 on tree, 12 best solution, best possible 10 (327.96 seconds)
Cbc0010I After 1361942 nodes, 68572 on tree, 12 best solution, best possible 10 (328.66 seconds)
Cbc0010I After 1365165 nodes, 68055 on tree, 12 best solution, best possible 10 (329.36 seconds)
Cbc0010I After 1367584 nodes, 68455 on tree, 12 best solution, best possible 10 (330.06 seconds)
Cbc0010I After 1370431 nodes, 67528 on tree, 12 best solution, best possible 10 (330.77 seconds)
Cbc0010I After 1373657 nodes, 65880 on tree, 12 best solution, best possible 10 (331.47 seconds)
Cbc0010I After 1377159 nodes, 63963 on tree, 12 best solution, best possible 10 (332.17 seconds)
Cbc0010I After 1379558 nodes, 63288 on tree, 12 best solution, best possible 10.083333 (332.87 seconds)
Cbc0010I After 1382489 nodes, 62091 on tree, 12 best solution, best possible 10.333333 (333.57 seconds)
Cbc0010I After 1385688 nodes, 60437 on tree, 12 best solution, best possible 10.333333 (334.27 seconds)
Cbc0010I After 1389140 nodes, 58363 on tree, 12 best solution, best possible 10.4 (334.97 seconds)
Cbc0010I After 1392230 nodes, 57170 on tree, 12 best solution, best possible 10.5 (335.67 seconds)
Cbc0010I After 1394742 nodes, 56997 on tree, 12 best solution, best possible 10.5 (336.37 seconds)
Cbc0010I After 1397131 nodes, 57039 on tree, 12 best solution, best possible 10.5 (337.07 seconds)
Cbc0010I After 1399457 nodes, 57151 on tree, 12 best solution, best possible 10.5 (337.77 seconds)
Cbc0010I After 1402117 nodes, 56466 on tree, 12 best solution, best possible 10.5 (338.47 seconds)
Cbc0010I After 1404672 nodes, 56354 on tree, 12 best solution, best possible 10.5 (339.17 seconds)
Cbc0010I After 1407542 nodes, 55490 on tree, 12 best solution, best possible 10.5 (339.87 seconds)
Cbc0010I After 1410888 nodes, 53619 on tree, 12 best solution, best possible 10.5 (340.58 seconds)
Cbc0010I After 1413867 nodes, 51946 on tree, 12 best solution, best possible 10.5 (341.28 seconds)
Cbc0010I After 1417242 nodes, 50488 on tree, 12 best solution, best possible 10.5 (341.98 seconds)
Cbc0010I After 1419919 nodes, 50539 on tree, 12 best solution, best possible 10.5 (342.68 seconds)
Cbc0010I After 1422568 nodes, 50026 on tree, 12 best solution, best possible 10.6 (343.38 seconds)
Cbc0010I After 1425274 nodes, 49911 on tree, 12 best solution, best possible 10.666667 (344.08 seconds)
Cbc0010I After 1428081 nodes, 49961 on tree, 12 best solution, best possible 10.666667 (344.78 seconds)
Cbc0010I After 1431104 nodes, 49780 on tree, 12 best solution, best possible 11 (345.48 seconds)
Cbc0010I After 1433983 nodes, 50033 on tree, 12 best solution, best possible 11 (346.18 seconds)
Cbc0010I After 1436594 nodes, 50382 on tree, 12 best solution, best possible 11 (346.88 seconds)
Cbc0010I After 1439574 nodes, 50755 on tree, 12 best solution, best possible 11 (347.58 seconds)
Cbc0010I After 1442520 nodes, 51064 on tree, 12 best solution, best possible 11 (348.28 seconds)
Cbc0010I After 1445751 nodes, 50485 on tree, 12 best solution, best possible 11 (348.98 seconds)
Cbc0010I After 1449560 nodes, 47671 on tree, 12 best solution, best possible 11 (349.68 seconds)
Cbc0010I After 1453530 nodes, 44902 on tree, 12 best solution, best possible 11 (350.38 seconds)
Cbc0010I After 1457819 nodes, 41692 on tree, 12 best solution, best possible 11 (351.08 seconds)
Cbc0010I After 1462168 nodes, 38372 on tree, 12 best solution, best possible 11 (351.78 seconds)
Cbc0010I After 1466593 nodes, 35060 on tree, 12 best solution, best possible 11 (352.49 seconds)
Cbc0010I After 1470584 nodes, 32273 on tree, 12 best solution, best possible 11 (353.19 seconds)
Cbc0010I After 1473178 nodes, 32250 on tree, 12 best solution, best possible 11 (353.89 seconds)
Cbc0010I After 1475532 nodes, 32589 on tree, 12 best solution, best possible 11 (354.59 seconds)
Cbc0010I After 1477990 nodes, 32469 on tree, 12 best solution, best possible 11 (355.29 seconds)
Cbc0010I After 1481102 nodes, 31158 on tree, 12 best solution, best possible 11 (355.99 seconds)
Cbc0010I After 1484605 nodes, 28599 on tree, 12 best solution, best possible 11 (356.69 seconds)
Cbc0010I After 1487771 nodes, 26921 on tree, 12 best solution, best possible 11 (357.39 seconds)
Cbc0010I After 1490695 nodes, 26998 on tree, 12 best solution, best possible 11 (358.09 seconds)
Cbc0010I After 1493600 nodes, 26777 on tree, 12 best solution, best possible 11 (358.79 seconds)
Cbc0010I After 1496518 nodes, 26908 on tree, 12 best solution, best possible 11 (359.49 seconds)
Cbc0010I After 1499355 nodes, 27150 on tree, 12 best solution, best possible 11 (360.19 seconds)
Cbc0010I After 1502417 nodes, 27353 on tree, 12 best solution, best possible 11 (360.89 seconds)
Cbc0010I After 1505726 nodes, 26185 on tree, 12 best solution, best possible 11 (361.59 seconds)
Cbc0010I After 1509691 nodes, 23215 on tree, 12 best solution, best possible 11 (362.29 seconds)
Cbc0010I After 1514044 nodes, 20007 on tree, 12 best solution, best possible 11 (362.99 seconds)
Cbc0010I After 1518569 nodes, 16573 on tree, 12 best solution, best possible 11 (363.69 seconds)
Cbc0010I After 1522212 nodes, 14676 on tree, 12 best solution, best possible 11 (364.39 seconds)
Cbc0010I After 1525086 nodes, 14533 on tree, 12 best solution, best possible 11 (365.09 seconds)
Cbc0010I After 1528213 nodes, 13396 on tree, 12 best solution, best possible 11 (365.79 seconds)
Cbc0010I After 1531886 nodes, 11034 on tree, 12 best solution, best possible 11 (366.49 seconds)
Cbc0010I After 1534957 nodes, 10930 on tree, 12 best solution, best possible 11 (367.20 seconds)
Cbc0010I After 1538015 nodes, 10870 on tree, 12 best solution, best possible 11 (367.90 seconds)
Cbc0010I After 1541740 nodes, 8680 on tree, 12 best solution, best possible 11 (368.60 seconds)
Cbc0010I After 1545892 nodes, 5839 on tree, 12 best solution, best possible 11 (369.30 seconds)
Cbc0010I After 1549000 nodes, 4860 on tree, 12 best solution, best possible 11 (370.00 seconds)
Cbc0010I After 1552227 nodes, 4019 on tree, 12 best solution, best possible 11 (370.70 seconds)
Cbc0010I After 1555839 nodes, 1968 on tree, 12 best solution, best possible 11 (371.40 seconds)
Cbc0010I After 1558833 nodes, 948 on tree, 12 best solution, best possible 11 (372.10 seconds)
Cbc0030I Thread 0 used 1561180 times,  waiting to start 3.1044557, 356.69995 cpu time, 9135980 locks, 35.439829 locked, 0.57855248 waiting for locks
Cbc0030I Main thread 350.40309 waiting for threads,  10930380 locks, 8.4091921 locked, 0.68322349 waiting for locks
Cbc0001I Search completed - best objective 12, took 4313368 iterations and 1561180 nodes (372.74 seconds)
Cbc0032I Strong branching done 829846 times (3422650 iterations), fathomed 167889 nodes and fixed 188474 variables
Cbc0035I Maximum depth 58, 14732779 variables fixed on reduced cost
