Starting solution of the Linear programming relaxation problem using Primal Simplex

Coin0506I Presolve 73 (0) rows, 144 (-220) columns and 444 (-220) elements
Clp1000I sum of infeasibilities 0 - average 0, 132 fixed columns
Coin0506I Presolve 0 (-73) rows, 0 (-144) columns and 0 (-444) elements
Clp0000I Optimal - objective value 1
Clp0000I Optimal - objective value 1
Coin0511I After Postsolve, objective 1, infeasibilities - dual 0 (0), primal 0 (0)
Clp0006I 0  Obj 1
Clp0000I Optimal - objective value 1
Clp0000I Optimal - objective value 1
Coin0511I After Postsolve, objective 1, infeasibilities - dual 0 (0), primal 0 (0)
Clp0032I Optimal objective 1 - 0 iterations time 0.002, Presolve 0.00, Idiot 0.00

Starting MIP optimization
Cbc0045I Nauty: 260 orbits (144 useful covering 288 variables), 1 generators, group size: 2 - sparse size 2788 - took 0.000606 seconds
Cbc0038I Initial state - 3 integers unsatisfied sum - 1.5
Cbc0038I Pass   1: suminf.    0.00000 (0) obj. 1 iterations 4
Cbc0038I Pass   2: suminf.    0.00000 (0) obj. 1 iterations 0
Cbc0038I Pass   3: suminf.    0.00000 (0) obj. 1 iterations 0
Cbc0038I Pass   4: suminf.    3.00000 (6) obj. 37 iterations 100
Cbc0038I Pass   5: suminf.    0.50000 (1) obj. 37 iterations 7
Cbc0038I Pass   6: suminf.    0.00000 (0) obj. 37 iterations 1
Cbc0038I Pass   7: suminf.    0.00000 (0) obj. 37 iterations 0
Cbc0038I Pass   8: suminf.    0.00000 (0) obj. 37 iterations 0
Cbc0038I Pass   9: suminf.    0.00000 (0) obj. 37 iterations 0
Cbc0038I Pass  10: suminf.    0.00000 (0) obj. 37 iterations 0
Cbc0038I Pass  11: suminf.    0.00000 (0) obj. 37 iterations 0
Cbc0038I Pass  12: suminf.    0.00000 (0) obj. 37 iterations 0
Cbc0038I Pass  13: suminf.    0.00000 (0) obj. 37 iterations 0
Cbc0038I Pass  14: suminf.    3.50000 (7) obj. 42 iterations 43
Cbc0038I Pass  15: suminf.    0.50000 (1) obj. 42 iterations 7
Cbc0038I Pass  16: suminf.    0.00000 (0) obj. 42 iterations 1
Cbc0038I Pass  17: suminf.    0.00000 (0) obj. 42 iterations 0
Cbc0038I Pass  18: suminf.    0.00000 (0) obj. 42 iterations 0
Cbc0038I Pass  19: suminf.    0.00000 (0) obj. 42 iterations 0
Cbc0038I Pass  20: suminf.    0.00000 (0) obj. 42 iterations 0
Cbc0038I Pass  21: suminf.    0.00000 (0) obj. 42 iterations 0
Cbc0038I Pass  22: suminf.    0.00000 (0) obj. 42 iterations 0
Cbc0038I Pass  23: suminf.    0.00000 (0) obj. 42 iterations 0
Cbc0038I Pass  24: suminf.    0.00000 (0) obj. 42 iterations 0
Cbc0038I Pass  25: suminf.    3.50000 (7) obj. 50 iterations 46
Cbc0038I Pass  26: suminf.    0.50000 (1) obj. 50 iterations 7
Cbc0038I Pass  27: suminf.    0.00000 (0) obj. 50 iterations 1
Cbc0038I Pass  28: suminf.    0.00000 (0) obj. 50 iterations 0
Cbc0038I Pass  29: suminf.    0.00000 (0) obj. 50 iterations 0
Cbc0038I Pass  30: suminf.    0.00000 (0) obj. 50 iterations 0
Cbc0038I No solution found this major pass
Cbc0038I Before mini branch and bound, 121 integers at bound fixed and 2 continuous
Cbc0038I Full problem 73 rows 291 columns, reduced to 29 rows 75 columns
Cbc0038I Mini branch and bound improved solution from 1.797693134862e+308 to 1 (0.01 seconds)
Cbc0038I After 0.01 seconds - Feasibility pump exiting with objective of 1 - took 0.01 seconds
Cbc0051I Starting cut generation at root node
Cbc0031I 33 added rows had average density of 50.393939
Cbc0013I At root node, 33 cuts changed objective from 1 to 2.888508 in 100 passes
Cbc0014I Cut generator 0 (Probing) - 0 row cuts average 0.0 elements, 0 column cuts (5 active)  in 0.019 seconds - new frequency is -100
Cbc0014I Cut generator 1 (Gomory) - 648 row cuts average 200.8 elements, 0 column cuts (0 active)  in 0.128 seconds - new frequency is 1
Cbc0014I Cut generator 2 (Knapsack) - 1035 row cuts average 3.5 elements, 0 column cuts (0 active)  in 0.068 seconds - new frequency is 1
Cbc0014I Cut generator 3 (Clique) - 0 row cuts average 0.0 elements, 0 column cuts (0 active)  in 0.000 seconds - new frequency is -100
Cbc0014I Cut generator 4 (MixedIntegerRounding2) - 46 row cuts average 83.1 elements, 0 column cuts (0 active)  in 0.080 seconds - new frequency is -100
Cbc0014I Cut generator 5 (FlowCover) - 0 row cuts average 0.0 elements, 0 column cuts (0 active)  in 0.001 seconds - new frequency is -100
Cbc0014I Cut generator 6 (TwoMirCuts) - 103 row cuts average 9.8 elements, 0 column cuts (0 active)  in 0.005 seconds - new frequency is 1
Cbc0010I After 0 nodes, 1 on tree, 1e+50 best solution, best possible 2.888508 (0.59 seconds)
Cbc0016I Integer solution of 44 found by strong branching after 8494 iterations and 602 nodes (0.97 seconds)
Clp0006I 0  Obj 43 Primal inf 0.749999 (1)
Cbc0012I Integer solution of 44 found by heuristic after 8491 iterations and 601 nodes (0.97 seconds)
Cbc0010I After 1969 nodes, 783 on tree, 44 best solution, best possible 2.888508 (1.29 seconds)
Cbc0004I Integer solution of 30 found after 14984 iterations and 2570 nodes (1.42 seconds)
Cbc0012I Integer solution of 30 found by heuristic after 14982 iterations and 2569 nodes (1.42 seconds)
Cbc0004I Integer solution of 18 found after 19292 iterations and 3987 nodes (1.72 seconds)
Cbc0012I Integer solution of 18 found by heuristic after 19289 iterations and 3986 nodes (1.72 seconds)
Cbc0010I After 5153 nodes, 821 on tree, 18 best solution, best possible 2.888508 (1.99 seconds)
Cbc0010I After 8035 nodes, 1573 on tree, 18 best solution, best possible 2.888508 (2.69 seconds)
Cbc0010I After 10506 nodes, 2222 on tree, 18 best solution, best possible 2.888508 (3.39 seconds)
Cbc0010I After 12003 nodes, 2759 on tree, 18 best solution, best possible 5 (4.09 seconds)
Cbc0010I After 14211 nodes, 3826 on tree, 18 best solution, best possible 6 (4.79 seconds)
Cbc0010I After 16459 nodes, 4916 on tree, 18 best solution, best possible 7 (5.49 seconds)
Cbc0010I After 19088 nodes, 6185 on tree, 18 best solution, best possible 7 (6.19 seconds)
Cbc0010I After 21729 nodes, 7409 on tree, 18 best solution, best possible 7 (6.89 seconds)
Cbc0010I After 24407 nodes, 8724 on tree, 18 best solution, best possible 7 (7.59 seconds)
Cbc0010I After 26945 nodes, 10011 on tree, 18 best solution, best possible 7.5 (8.29 seconds)
Cbc0010I After 29734 nodes, 11274 on tree, 18 best solution, best possible 7.5454545 (8.99 seconds)
Cbc0004I Integer solution of 12 found after 151301 iterations and 32097 nodes (9.60 seconds)
Cbc0012I Integer solution of 12 found by heuristic after 151297 iterations and 32096 nodes (9.60 seconds)
Cbc0010I After 32304 nodes, 9383 on tree, 12 best solution, best possible 7.625 (9.69 seconds)
Cbc0010I After 34788 nodes, 10724 on tree, 12 best solution, best possible 7.625 (10.39 seconds)
Cbc0010I After 37504 nodes, 11576 on tree, 12 best solution, best possible 7.75 (11.09 seconds)
Cbc0010I After 39944 nodes, 12631 on tree, 12 best solution, best possible 8 (11.79 seconds)
Cbc0010I After 42681 nodes, 13371 on tree, 12 best solution, best possible 8 (12.49 seconds)
Cbc0010I After 45464 nodes, 14244 on tree, 12 best solution, best possible 8 (13.19 seconds)
Cbc0010I After 48061 nodes, 15323 on tree, 12 best solution, best possible 8 (13.89 seconds)
Cbc0010I After 50792 nodes, 16584 on tree, 12 best solution, best possible 8 (14.59 seconds)
Cbc0010I After 53575 nodes, 17352 on tree, 12 best solution, best possible 8 (15.29 seconds)
Cbc0010I After 56169 nodes, 18279 on tree, 12 best solution, best possible 8 (15.99 seconds)
Cbc0010I After 59010 nodes, 19196 on tree, 12 best solution, best possible 8 (16.69 seconds)
Cbc0010I After 61912 nodes, 20138 on tree, 12 best solution, best possible 8 (17.39 seconds)
Cbc0010I After 64847 nodes, 20804 on tree, 12 best solution, best possible 8 (18.09 seconds)
Cbc0010I After 67541 nodes, 21660 on tree, 12 best solution, best possible 8 (18.79 seconds)
Cbc0010I After 70355 nodes, 22763 on tree, 12 best solution, best possible 8 (19.49 seconds)
Cbc0010I After 73331 nodes, 24139 on tree, 12 best solution, best possible 8 (20.19 seconds)
Cbc0010I After 75995 nodes, 24907 on tree, 12 best solution, best possible 8 (20.89 seconds)
Cbc0010I After 78895 nodes, 25679 on tree, 12 best solution, best possible 8 (21.59 seconds)
Cbc0010I After 81801 nodes, 26358 on tree, 12 best solution, best possible 8 (22.29 seconds)
Cbc0010I After 84736 nodes, 26985 on tree, 12 best solution, best possible 8 (22.99 seconds)
Cbc0010I After 87312 nodes, 27567 on tree, 12 best solution, best possible 8.3333333 (23.69 seconds)
Cbc0010I After 90000 nodes, 28127 on tree, 12 best solution, best possible 8.5 (24.40 seconds)
Cbc0010I After 92884 nodes, 28552 on tree, 12 best solution, best possible 8.5 (25.10 seconds)
Cbc0010I After 95459 nodes, 29114 on tree, 12 best solution, best possible 8.5 (25.80 seconds)
Cbc0010I After 98121 nodes, 29638 on tree, 12 best solution, best possible 8.5 (26.50 seconds)
Cbc0010I After 100899 nodes, 29960 on tree, 12 best solution, best possible 8.5 (27.20 seconds)
Cbc0010I After 103159 nodes, 30479 on tree, 12 best solution, best possible 8.6666667 (27.90 seconds)
Cbc0010I After 105590 nodes, 31112 on tree, 12 best solution, best possible 8.6666667 (28.60 seconds)
Cbc0010I After 107845 nodes, 32315 on tree, 12 best solution, best possible 8.75 (29.30 seconds)
Cbc0010I After 110186 nodes, 32775 on tree, 12 best solution, best possible 9 (30.00 seconds)
Cbc0010I After 112549 nodes, 33224 on tree, 12 best solution, best possible 9 (30.70 seconds)
Cbc0010I After 114919 nodes, 33509 on tree, 12 best solution, best possible 9 (31.40 seconds)
Cbc0010I After 117294 nodes, 33865 on tree, 12 best solution, best possible 9 (32.10 seconds)
Cbc0010I After 119183 nodes, 35107 on tree, 12 best solution, best possible 9 (32.80 seconds)
Cbc0010I After 121394 nodes, 36184 on tree, 12 best solution, best possible 9 (33.50 seconds)
Cbc0010I After 123396 nodes, 37321 on tree, 12 best solution, best possible 9 (34.20 seconds)
Cbc0010I After 125576 nodes, 37776 on tree, 12 best solution, best possible 9 (34.90 seconds)
Cbc0010I After 127678 nodes, 38270 on tree, 12 best solution, best possible 9 (35.60 seconds)
Cbc0010I After 129924 nodes, 38614 on tree, 12 best solution, best possible 9 (36.30 seconds)
Cbc0010I After 131955 nodes, 39084 on tree, 12 best solution, best possible 9 (37.00 seconds)
Cbc0010I After 134208 nodes, 39506 on tree, 12 best solution, best possible 9 (37.70 seconds)
Cbc0010I After 136436 nodes, 39751 on tree, 12 best solution, best possible 9 (38.41 seconds)
Cbc0010I After 138510 nodes, 39907 on tree, 12 best solution, best possible 9 (39.11 seconds)
Cbc0010I After 140614 nodes, 40229 on tree, 12 best solution, best possible 9 (39.81 seconds)
Cbc0010I After 142468 nodes, 40430 on tree, 12 best solution, best possible 9 (40.51 seconds)
Cbc0010I After 144247 nodes, 40887 on tree, 12 best solution, best possible 9 (41.21 seconds)
Cbc0010I After 146126 nodes, 41777 on tree, 12 best solution, best possible 9 (41.91 seconds)
Cbc0010I After 147971 nodes, 42391 on tree, 12 best solution, best possible 9 (42.61 seconds)
Cbc0010I After 149917 nodes, 42777 on tree, 12 best solution, best possible 9 (43.31 seconds)
Cbc0010I After 151770 nodes, 43128 on tree, 12 best solution, best possible 9 (44.01 seconds)
Cbc0010I After 153697 nodes, 43403 on tree, 12 best solution, best possible 9 (44.71 seconds)
Cbc0010I After 155356 nodes, 43828 on tree, 12 best solution, best possible 9 (45.41 seconds)
Cbc0010I After 157166 nodes, 44465 on tree, 12 best solution, best possible 9 (46.11 seconds)
Cbc0010I After 158839 nodes, 45661 on tree, 12 best solution, best possible 9 (46.81 seconds)
Cbc0010I After 160645 nodes, 46082 on tree, 12 best solution, best possible 9 (47.51 seconds)
Cbc0010I After 162490 nodes, 46429 on tree, 12 best solution, best possible 9 (48.21 seconds)
Cbc0010I After 164287 nodes, 46826 on tree, 12 best solution, best possible 9 (48.91 seconds)
Cbc0010I After 166423 nodes, 46846 on tree, 12 best solution, best possible 9 (49.62 seconds)
Cbc0010I After 168173 nodes, 47272 on tree, 12 best solution, best possible 9 (50.32 seconds)
Cbc0010I After 170237 nodes, 47399 on tree, 12 best solution, best possible 9 (51.02 seconds)
Cbc0010I After 171881 nodes, 47706 on tree, 12 best solution, best possible 9 (51.72 seconds)
Cbc0010I After 173958 nodes, 47875 on tree, 12 best solution, best possible 9 (52.42 seconds)
Cbc0010I After 175570 nodes, 48664 on tree, 12 best solution, best possible 9 (53.12 seconds)
Cbc0010I After 177780 nodes, 48590 on tree, 12 best solution, best possible 9 (53.82 seconds)
Cbc0010I After 179476 nodes, 48865 on tree, 12 best solution, best possible 9 (54.52 seconds)
Cbc0010I After 181530 nodes, 48944 on tree, 12 best solution, best possible 9 (55.22 seconds)
Cbc0010I After 183088 nodes, 49997 on tree, 12 best solution, best possible 9 (55.92 seconds)
Cbc0010I After 185132 nodes, 50485 on tree, 12 best solution, best possible 9 (56.62 seconds)
Cbc0010I After 186685 nodes, 50882 on tree, 12 best solution, best possible 9 (57.32 seconds)
Cbc0010I After 188998 nodes, 50741 on tree, 12 best solution, best possible 9 (58.02 seconds)
Cbc0010I After 190748 nodes, 50971 on tree, 12 best solution, best possible 9 (58.73 seconds)
Cbc0010I After 192806 nodes, 50845 on tree, 12 best solution, best possible 9 (59.43 seconds)
Cbc0010I After 194531 nodes, 50960 on tree, 12 best solution, best possible 9 (60.13 seconds)
Cbc0010I After 196306 nodes, 50922 on tree, 12 best solution, best possible 9 (60.83 seconds)
Cbc0010I After 198191 nodes, 51156 on tree, 12 best solution, best possible 9 (61.53 seconds)
Cbc0010I After 199775 nodes, 51857 on tree, 12 best solution, best possible 9 (62.23 seconds)
Cbc0010I After 201844 nodes, 51736 on tree, 12 best solution, best possible 9 (62.93 seconds)
Cbc0010I After 203305 nodes, 52697 on tree, 12 best solution, best possible 9 (63.63 seconds)
Cbc0010I After 205338 nodes, 52839 on tree, 12 best solution, best possible 9 (64.33 seconds)
Cbc0010I After 206869 nodes, 53454 on tree, 12 best solution, best possible 9 (65.03 seconds)
Cbc0010I After 208804 nodes, 54146 on tree, 12 best solution, best possible 9 (65.73 seconds)
Cbc0010I After 210413 nodes, 54678 on tree, 12 best solution, best possible 9 (66.43 seconds)
Cbc0010I After 211961 nodes, 55765 on tree, 12 best solution, best possible 9 (67.13 seconds)
Cbc0010I After 213959 nodes, 55744 on tree, 12 best solution, best possible 9 (67.83 seconds)
Cbc0010I After 215511 nodes, 56660 on tree, 12 best solution, best possible 9 (68.54 seconds)
Cbc0010I After 217578 nodes, 56960 on tree, 12 best solution, best possible 9 (69.24 seconds)
Cbc0010I After 219066 nodes, 57691 on tree, 12 best solution, best possible 9 (69.94 seconds)
Cbc0010I After 221305 nodes, 57365 on tree, 12 best solution, best possible 9 (70.64 seconds)
Cbc0010I After 222783 nodes, 57770 on tree, 12 best solution, best possible 9 (71.34 seconds)
Cbc0010I After 225009 nodes, 57385 on tree, 12 best solution, best possible 9 (72.04 seconds)
Cbc0010I After 226455 nodes, 57793 on tree, 12 best solution, best possible 9 (72.74 seconds)
Cbc0010I After 228470 nodes, 57748 on tree, 12 best solution, best possible 9 (73.44 seconds)
Cbc0010I After 229927 nodes, 57953 on tree, 12 best solution, best possible 9.3333333 (74.14 seconds)
Cbc0010I After 231585 nodes, 58156 on tree, 12 best solution, best possible 9.3333333 (74.84 seconds)
Cbc0010I After 233529 nodes, 58082 on tree, 12 best solution, best possible 9.3703704 (75.54 seconds)
Cbc0010I After 235112 nodes, 58342 on tree, 12 best solution, best possible 9.5 (76.24 seconds)
Cbc0010I After 237258 nodes, 57992 on tree, 12 best solution, best possible 9.5 (76.95 seconds)
Cbc0010I After 238832 nodes, 58381 on tree, 12 best solution, best possible 9.5 (77.65 seconds)
Cbc0010I After 241000 nodes, 58176 on tree, 12 best solution, best possible 9.5 (78.35 seconds)
Cbc0010I After 242493 nodes, 58607 on tree, 12 best solution, best possible 9.5 (79.05 seconds)
Cbc0010I After 244409 nodes, 58640 on tree, 12 best solution, best possible 9.5 (79.75 seconds)
Cbc0010I After 246103 nodes, 58955 on tree, 12 best solution, best possible 9.5 (80.45 seconds)
Cbc0010I After 247842 nodes, 59125 on tree, 12 best solution, best possible 9.5 (81.15 seconds)
Cbc0010I After 249800 nodes, 59092 on tree, 12 best solution, best possible 9.5 (81.85 seconds)
Cbc0010I After 251417 nodes, 59319 on tree, 12 best solution, best possible 9.5 (82.55 seconds)
Cbc0010I After 253417 nodes, 59267 on tree, 12 best solution, best possible 9.5 (83.25 seconds)
Cbc0010I After 255002 nodes, 59623 on tree, 12 best solution, best possible 9.5 (83.95 seconds)
Cbc0010I After 257161 nodes, 59349 on tree, 12 best solution, best possible 9.5051546 (84.66 seconds)
Cbc0010I After 258686 nodes, 59733 on tree, 12 best solution, best possible 9.6666667 (85.36 seconds)
Cbc0010I After 260794 nodes, 59664 on tree, 12 best solution, best possible 9.6666667 (86.06 seconds)
Cbc0010I After 262417 nodes, 59876 on tree, 12 best solution, best possible 9.6666667 (86.76 seconds)
Cbc0010I After 264146 nodes, 60082 on tree, 12 best solution, best possible 9.6666667 (87.46 seconds)
Cbc0010I After 266034 nodes, 60083 on tree, 12 best solution, best possible 9.84375 (88.16 seconds)
Cbc0010I After 267713 nodes, 60327 on tree, 12 best solution, best possible 9.84375 (88.86 seconds)
Cbc0010I After 269808 nodes, 60272 on tree, 12 best solution, best possible 10 (89.56 seconds)
Cbc0010I After 271457 nodes, 60518 on tree, 12 best solution, best possible 10 (90.26 seconds)
Cbc0010I After 273645 nodes, 60377 on tree, 12 best solution, best possible 10 (90.96 seconds)
Cbc0010I After 275326 nodes, 60550 on tree, 12 best solution, best possible 10 (91.66 seconds)
Cbc0010I After 277479 nodes, 60368 on tree, 12 best solution, best possible 10 (92.36 seconds)
Cbc0010I After 279014 nodes, 61259 on tree, 12 best solution, best possible 10 (93.06 seconds)
Cbc0010I After 281098 nodes, 61606 on tree, 12 best solution, best possible 10 (93.76 seconds)
Cbc0010I After 282582 nodes, 62481 on tree, 12 best solution, best possible 10 (94.47 seconds)
Cbc0010I After 284092 nodes, 63302 on tree, 12 best solution, best possible 10 (95.17 seconds)
Cbc0010I After 286179 nodes, 63142 on tree, 12 best solution, best possible 10 (95.87 seconds)
Cbc0010I After 287899 nodes, 63247 on tree, 12 best solution, best possible 10 (96.57 seconds)
Cbc0010I After 290041 nodes, 63039 on tree, 12 best solution, best possible 10 (97.27 seconds)
Cbc0010I After 291715 nodes, 63049 on tree, 12 best solution, best possible 10 (97.97 seconds)
Cbc0010I After 293878 nodes, 62466 on tree, 12 best solution, best possible 10 (98.67 seconds)
Cbc0010I After 295526 nodes, 62617 on tree, 12 best solution, best possible 10 (99.37 seconds)
Cbc0010I After 297409 nodes, 62600 on tree, 12 best solution, best possible 10 (100.07 seconds)
Cbc0010I After 299023 nodes, 62792 on tree, 12 best solution, best possible 10 (100.77 seconds)
Cbc0010I After 301102 nodes, 62459 on tree, 12 best solution, best possible 10 (101.47 seconds)
Cbc0010I After 302689 nodes, 62841 on tree, 12 best solution, best possible 10 (102.18 seconds)
Cbc0010I After 304470 nodes, 63401 on tree, 12 best solution, best possible 10 (102.88 seconds)
Cbc0010I After 306236 nodes, 64070 on tree, 12 best solution, best possible 10 (103.58 seconds)
Cbc0010I After 307847 nodes, 65086 on tree, 12 best solution, best possible 10 (104.28 seconds)
Cbc0010I After 309752 nodes, 65527 on tree, 12 best solution, best possible 10 (104.98 seconds)
Cbc0010I After 311313 nodes, 66430 on tree, 12 best solution, best possible 10 (105.68 seconds)
Cbc0010I After 313375 nodes, 66735 on tree, 12 best solution, best possible 10 (106.38 seconds)
Cbc0010I After 314958 nodes, 67630 on tree, 12 best solution, best possible 10 (107.08 seconds)
Cbc0010I After 317058 nodes, 67825 on tree, 12 best solution, best possible 10 (107.78 seconds)
Cbc0010I After 318593 nodes, 68748 on tree, 12 best solution, best possible 10 (108.48 seconds)
Cbc0010I After 320414 nodes, 68465 on tree, 12 best solution, best possible 10 (109.18 seconds)
Cbc0010I After 322324 nodes, 68291 on tree, 12 best solution, best possible 10 (109.88 seconds)
Cbc0010I After 324078 nodes, 68405 on tree, 12 best solution, best possible 10 (110.59 seconds)
Cbc0010I After 326178 nodes, 68213 on tree, 12 best solution, best possible 10 (111.29 seconds)
Cbc0010I After 328000 nodes, 68365 on tree, 12 best solution, best possible 10 (111.99 seconds)
Cbc0010I After 330191 nodes, 68112 on tree, 12 best solution, best possible 10 (112.69 seconds)
Cbc0010I After 332000 nodes, 68150 on tree, 12 best solution, best possible 10 (113.39 seconds)
Cbc0010I After 334267 nodes, 67929 on tree, 12 best solution, best possible 10 (114.09 seconds)
Cbc0010I After 336134 nodes, 67977 on tree, 12 best solution, best possible 10 (114.80 seconds)
Cbc0010I After 338274 nodes, 67854 on tree, 12 best solution, best possible 10 (115.50 seconds)
Cbc0010I After 340000 nodes, 68105 on tree, 12 best solution, best possible 10 (116.20 seconds)
Cbc0010I After 342177 nodes, 67883 on tree, 12 best solution, best possible 10 (116.90 seconds)
Cbc0010I After 343887 nodes, 68095 on tree, 12 best solution, best possible 10 (117.60 seconds)
Cbc0010I After 346098 nodes, 67937 on tree, 12 best solution, best possible 10 (118.30 seconds)
Cbc0010I After 347856 nodes, 68182 on tree, 12 best solution, best possible 10 (119.00 seconds)
Cbc0010I After 350036 nodes, 67814 on tree, 12 best solution, best possible 10 (119.70 seconds)
Cbc0010I After 351749 nodes, 67954 on tree, 12 best solution, best possible 10 (120.40 seconds)
Cbc0010I After 353809 nodes, 67909 on tree, 12 best solution, best possible 10 (121.10 seconds)
Cbc0010I After 355525 nodes, 68082 on tree, 12 best solution, best possible 10 (121.81 seconds)
Cbc0010I After 357718 nodes, 67739 on tree, 12 best solution, best possible 10 (122.51 seconds)
Cbc0010I After 359212 nodes, 68138 on tree, 12 best solution, best possible 10 (123.21 seconds)
Cbc0010I After 361289 nodes, 68547 on tree, 12 best solution, best possible 10 (123.91 seconds)
Cbc0010I After 362851 nodes, 69393 on tree, 12 best solution, best possible 10 (124.61 seconds)
Cbc0010I After 365587 nodes, 69071 on tree, 12 best solution, best possible 10 (125.31 seconds)
Cbc0010I After 367345 nodes, 69605 on tree, 12 best solution, best possible 10 (126.01 seconds)
Cbc0010I After 369888 nodes, 69626 on tree, 12 best solution, best possible 10 (126.71 seconds)
Cbc0010I After 372316 nodes, 68987 on tree, 12 best solution, best possible 10 (127.41 seconds)
Cbc0010I After 374379 nodes, 68885 on tree, 12 best solution, best possible 10 (128.11 seconds)
Cbc0010I After 376125 nodes, 68866 on tree, 12 best solution, best possible 10 (128.81 seconds)
Cbc0010I After 378126 nodes, 68758 on tree, 12 best solution, best possible 10 (129.51 seconds)
Cbc0010I After 379860 nodes, 68921 on tree, 12 best solution, best possible 10 (130.22 seconds)
Cbc0010I After 382000 nodes, 68402 on tree, 12 best solution, best possible 10 (130.92 seconds)
Cbc0010I After 383697 nodes, 68554 on tree, 12 best solution, best possible 10 (131.62 seconds)
Cbc0010I After 385588 nodes, 68558 on tree, 12 best solution, best possible 10 (132.32 seconds)
Cbc0010I After 387144 nodes, 68871 on tree, 12 best solution, best possible 10 (133.02 seconds)
Cbc0010I After 389370 nodes, 69329 on tree, 12 best solution, best possible 10 (133.72 seconds)
Cbc0010I After 392652 nodes, 68856 on tree, 12 best solution, best possible 10 (134.42 seconds)
Cbc0010I After 394406 nodes, 69414 on tree, 12 best solution, best possible 10 (135.12 seconds)
Cbc0010I After 396954 nodes, 68975 on tree, 12 best solution, best possible 10 (135.82 seconds)
Cbc0010I After 399073 nodes, 69250 on tree, 12 best solution, best possible 10 (136.52 seconds)
Cbc0010I After 401250 nodes, 69738 on tree, 12 best solution, best possible 10 (137.22 seconds)
Cbc0010I After 403871 nodes, 69254 on tree, 12 best solution, best possible 10 (137.92 seconds)
Cbc0010I After 406048 nodes, 68545 on tree, 12 best solution, best possible 10 (138.63 seconds)
Cbc0010I After 407918 nodes, 68508 on tree, 12 best solution, best possible 10 (139.33 seconds)
Cbc0010I After 410067 nodes, 68180 on tree, 12 best solution, best possible 10 (140.03 seconds)
Cbc0010I After 411837 nodes, 68394 on tree, 12 best solution, best possible 10 (140.73 seconds)
Cbc0010I After 413917 nodes, 68206 on tree, 12 best solution, best possible 10 (141.43 seconds)
Cbc0010I After 415630 nodes, 68359 on tree, 12 best solution, best possible 10 (142.13 seconds)
Cbc0010I After 417708 nodes, 68204 on tree, 12 best solution, best possible 10 (142.83 seconds)
Cbc0010I After 419380 nodes, 68366 on tree, 12 best solution, best possible 10 (143.53 seconds)
Cbc0010I After 421362 nodes, 68139 on tree, 12 best solution, best possible 10 (144.23 seconds)
Cbc0010I After 423063 nodes, 68323 on tree, 12 best solution, best possible 10 (144.93 seconds)
Cbc0010I After 425182 nodes, 67948 on tree, 12 best solution, best possible 10 (145.63 seconds)
Cbc0010I After 426949 nodes, 68032 on tree, 12 best solution, best possible 10 (146.33 seconds)
Cbc0010I After 428746 nodes, 68212 on tree, 12 best solution, best possible 10 (147.03 seconds)
Cbc0010I After 430541 nodes, 68779 on tree, 12 best solution, best possible 10 (147.73 seconds)
Cbc0010I After 432537 nodes, 69158 on tree, 12 best solution, best possible 10 (148.44 seconds)
Cbc0010I After 434463 nodes, 69081 on tree, 12 best solution, best possible 10 (149.14 seconds)
Cbc0010I After 436327 nodes, 69201 on tree, 12 best solution, best possible 10 (149.84 seconds)
Cbc0010I After 438250 nodes, 69059 on tree, 12 best solution, best possible 10 (150.54 seconds)
Cbc0010I After 439973 nodes, 69239 on tree, 12 best solution, best possible 10 (151.24 seconds)
Cbc0010I After 441857 nodes, 69096 on tree, 12 best solution, best possible 10 (151.94 seconds)
Cbc0010I After 443931 nodes, 68728 on tree, 12 best solution, best possible 10 (152.64 seconds)
Cbc0010I After 445981 nodes, 69297 on tree, 12 best solution, best possible 10 (153.34 seconds)
Cbc0010I After 448289 nodes, 69507 on tree, 12 best solution, best possible 10 (154.04 seconds)
Cbc0010I After 450882 nodes, 69014 on tree, 12 best solution, best possible 10 (154.74 seconds)
Cbc0010I After 453266 nodes, 68625 on tree, 12 best solution, best possible 10 (155.44 seconds)
Cbc0010I After 455043 nodes, 68669 on tree, 12 best solution, best possible 10 (156.14 seconds)
Cbc0010I After 457443 nodes, 68407 on tree, 12 best solution, best possible 10 (156.85 seconds)
Cbc0010I After 459575 nodes, 68556 on tree, 12 best solution, best possible 10 (157.55 seconds)
Cbc0010I After 462048 nodes, 68475 on tree, 12 best solution, best possible 10 (158.25 seconds)
Cbc0010I After 465037 nodes, 68344 on tree, 12 best solution, best possible 10 (158.95 seconds)
Cbc0010I After 466969 nodes, 68500 on tree, 12 best solution, best possible 10 (159.65 seconds)
Cbc0010I After 469599 nodes, 68032 on tree, 12 best solution, best possible 10 (160.35 seconds)
Cbc0010I After 471832 nodes, 68458 on tree, 12 best solution, best possible 10 (161.05 seconds)
Cbc0010I After 473929 nodes, 68881 on tree, 12 best solution, best possible 10 (161.75 seconds)
Cbc0010I After 476412 nodes, 69110 on tree, 12 best solution, best possible 10 (162.45 seconds)
Cbc0010I After 478568 nodes, 68751 on tree, 12 best solution, best possible 10 (163.15 seconds)
Cbc0010I After 481140 nodes, 68418 on tree, 12 best solution, best possible 10 (163.85 seconds)
Cbc0010I After 483080 nodes, 68900 on tree, 12 best solution, best possible 10 (164.55 seconds)
Cbc0010I After 485626 nodes, 68510 on tree, 12 best solution, best possible 10 (165.25 seconds)
Cbc0010I After 488099 nodes, 68711 on tree, 12 best solution, best possible 10 (165.96 seconds)
Cbc0010I After 490049 nodes, 68785 on tree, 12 best solution, best possible 10 (166.66 seconds)
Cbc0010I After 492855 nodes, 68492 on tree, 12 best solution, best possible 10 (167.36 seconds)
Cbc0010I After 494825 nodes, 68684 on tree, 12 best solution, best possible 10 (168.06 seconds)
Cbc0010I After 497421 nodes, 68274 on tree, 12 best solution, best possible 10 (168.76 seconds)
Cbc0010I After 500156 nodes, 66956 on tree, 12 best solution, best possible 10 (169.46 seconds)
Cbc0010I After 502673 nodes, 66250 on tree, 12 best solution, best possible 10 (170.16 seconds)
Cbc0010I After 505750 nodes, 64686 on tree, 12 best solution, best possible 10 (170.86 seconds)
Cbc0010I After 509052 nodes, 62817 on tree, 12 best solution, best possible 10 (171.56 seconds)
Cbc0010I After 511181 nodes, 62361 on tree, 12 best solution, best possible 10 (172.26 seconds)
Cbc0010I After 513811 nodes, 61311 on tree, 12 best solution, best possible 10 (172.96 seconds)
Cbc0010I After 516708 nodes, 59829 on tree, 12 best solution, best possible 10 (173.66 seconds)
Cbc0010I After 518788 nodes, 59400 on tree, 12 best solution, best possible 10 (174.36 seconds)
Cbc0010I After 521523 nodes, 58061 on tree, 12 best solution, best possible 10 (175.06 seconds)
Cbc0010I After 524266 nodes, 56697 on tree, 12 best solution, best possible 10 (175.77 seconds)
Cbc0010I After 526070 nodes, 56451 on tree, 12 best solution, best possible 10.2 (176.47 seconds)
Cbc0010I After 529250 nodes, 54660 on tree, 12 best solution, best possible 10.25 (177.17 seconds)
Cbc0010I After 531639 nodes, 53818 on tree, 12 best solution, best possible 10.333333 (177.87 seconds)
Cbc0010I After 534212 nodes, 52786 on tree, 12 best solution, best possible 10.461538 (178.57 seconds)
Cbc0010I After 536826 nodes, 52463 on tree, 12 best solution, best possible 10.461538 (179.27 seconds)
Cbc0010I After 539122 nodes, 52172 on tree, 12 best solution, best possible 10.5 (179.97 seconds)
Cbc0010I After 541503 nodes, 51904 on tree, 12 best solution, best possible 10.5 (180.67 seconds)
Cbc0010I After 543844 nodes, 51819 on tree, 12 best solution, best possible 10.5 (181.37 seconds)
Cbc0010I After 546134 nodes, 51363 on tree, 12 best solution, best possible 10.5 (182.07 seconds)
Cbc0010I After 548040 nodes, 51580 on tree, 12 best solution, best possible 10.5 (182.77 seconds)
Cbc0010I After 550605 nodes, 50814 on tree, 12 best solution, best possible 10.5 (183.47 seconds)
Cbc0010I After 553196 nodes, 50216 on tree, 12 best solution, best possible 10.5 (184.17 seconds)
Cbc0010I After 555415 nodes, 50069 on tree, 12 best solution, best possible 10.5 (184.87 seconds)
Cbc0010I After 557985 nodes, 48970 on tree, 12 best solution, best possible 10.5 (185.57 seconds)
Cbc0010I After 561091 nodes, 46905 on tree, 12 best solution, best possible 10.5 (186.27 seconds)
Cbc0010I After 563579 nodes, 45748 on tree, 12 best solution, best possible 10.5 (186.98 seconds)
Cbc0010I After 566270 nodes, 44389 on tree, 12 best solution, best possible 10.62069 (187.68 seconds)
Cbc0010I After 569148 nodes, 42546 on tree, 12 best solution, best possible 10.666667 (188.38 seconds)
Cbc0010I After 571639 nodes, 42029 on tree, 12 best solution, best possible 10.666667 (189.08 seconds)
Cbc0010I After 574484 nodes, 41497 on tree, 12 best solution, best possible 10.75 (189.78 seconds)
Cbc0010I After 577561 nodes, 41115 on tree, 12 best solution, best possible 11 (190.48 seconds)
Cbc0010I After 579844 nodes, 41448 on tree, 12 best solution, best possible 11 (191.18 seconds)
Cbc0010I After 582894 nodes, 41100 on tree, 12 best solution, best possible 11 (191.88 seconds)
Cbc0010I After 585670 nodes, 41081 on tree, 12 best solution, best possible 11 (192.58 seconds)
Cbc0010I After 587984 nodes, 41418 on tree, 12 best solution, best possible 11 (193.28 seconds)
Cbc0010I After 590768 nodes, 41159 on tree, 12 best solution, best possible 11 (193.98 seconds)
Cbc0010I After 593602 nodes, 40713 on tree, 12 best solution, best possible 11 (194.68 seconds)
Cbc0010I After 596102 nodes, 40971 on tree, 12 best solution, best possible 11 (195.38 seconds)
Cbc0010I After 599145 nodes, 39172 on tree, 12 best solution, best possible 11 (196.08 seconds)
Cbc0010I After 602603 nodes, 36666 on tree, 12 best solution, best possible 11 (196.78 seconds)
Cbc0010I After 606493 nodes, 33728 on tree, 12 best solution, best possible 11 (197.48 seconds)
Cbc0010I After 610267 nodes, 30908 on tree, 12 best solution, best possible 11 (198.18 seconds)
Cbc0010I After 613724 nodes, 28503 on tree, 12 best solution, best possible 11 (198.89 seconds)
Cbc0010I After 617258 nodes, 25967 on tree, 12 best solution, best possible 11 (199.59 seconds)
Cbc0010I After 620645 nodes, 24087 on tree, 12 best solution, best possible 11 (200.29 seconds)
Cbc0010I After 623120 nodes, 24116 on tree, 12 best solution, best possible 11 (200.99 seconds)
Cbc0010I After 625784 nodes, 23961 on tree, 12 best solution, best possible 11 (201.69 seconds)
Cbc0010I After 627978 nodes, 24265 on tree, 12 best solution, best possible 11 (202.39 seconds)
Cbc0010I After 631104 nodes, 22781 on tree, 12 best solution, best possible 11 (203.09 seconds)
Cbc0010I After 634477 nodes, 20435 on tree, 12 best solution, best possible 11 (203.79 seconds)
Cbc0010I After 637770 nodes, 18133 on tree, 12 best solution, best possible 11 (204.49 seconds)
Cbc0010I After 640953 nodes, 17717 on tree, 12 best solution, best possible 11 (205.19 seconds)
Cbc0010I After 643487 nodes, 17994 on tree, 12 best solution, best possible 11 (205.89 seconds)
Cbc0010I After 646377 nodes, 17783 on tree, 12 best solution, best possible 11 (206.59 seconds)
Cbc0010I After 649384 nodes, 17335 on tree, 12 best solution, best possible 11 (207.29 seconds)
Cbc0010I After 653079 nodes, 15201 on tree, 12 best solution, best possible 11 (207.99 seconds)
Cbc0010I After 656683 nodes, 12728 on tree, 12 best solution, best possible 11 (208.69 seconds)
Cbc0010I After 660441 nodes, 9977 on tree, 12 best solution, best possible 11 (209.39 seconds)
Cbc0010I After 663075 nodes, 9813 on tree, 12 best solution, best possible 11 (210.09 seconds)
Cbc0010I After 665971 nodes, 8990 on tree, 12 best solution, best possible 11 (210.79 seconds)
Cbc0010I After 669454 nodes, 6770 on tree, 12 best solution, best possible 11 (211.49 seconds)
Cbc0010I After 672136 nodes, 7018 on tree, 12 best solution, best possible 11 (212.19 seconds)
Cbc0010I After 675915 nodes, 4330 on tree, 12 best solution, best possible 11 (212.89 seconds)
Cbc0010I After 678900 nodes, 3206 on tree, 12 best solution, best possible 11 (213.59 seconds)
Cbc0010I After 681652 nodes, 2461 on tree, 12 best solution, best possible 11 (214.29 seconds)
Cbc0010I After 684410 nodes, 1407 on tree, 12 best solution, best possible 11 (214.99 seconds)
Cbc0010I After 686924 nodes, 495 on tree, 12 best solution, best possible 11 (215.69 seconds)
Cbc0030I Thread 0 used 688440 times,  waiting to start 1.2579622, 208.52748 cpu time, 4032723 locks, 17.686193 locked, 0.25739694 waiting for locks
Cbc0030I Main thread 205.76637 waiting for threads,  4820106 locks, 3.8108487 locked, 0.30206037 waiting for locks
Cbc0001I Search completed - best objective 12, took 2063405 iterations and 688440 nodes (216.14 seconds)
Cbc0032I Strong branching done 402938 times (1593200 iterations), fathomed 79980 nodes and fixed 96576 variables
Cbc0035I Maximum depth 75, 6660331 variables fixed on reduced cost
Cbc0045I Orbital branching succeeded 15 times - average extra   0.067, fixing (3,  25.333)
