Welcome to the CBC MILP Solver 
Version: devel 
Build Date: Mar 23 2026
Starting solution of the Linear programming relaxation problem using Primal Simplex

Coin0506I Presolve 73 (0) rows, 144 (-220) columns and 444 (-220) elements
Clp1000I sum of infeasibilities 0 - average 0, 132 fixed columns
Coin0506I Presolve 0 (-73) rows, 0 (-144) columns and 0 (-444) elements
Clp0000I Optimal - objective value 1
Clp0000I Optimal - objective value 1
Coin0511I After Postsolve, objective 1, infeasibilities - dual 0 (0), primal 0 (0)
Clp0000I Optimal - objective value 1
Clp0000I Optimal - objective value 1
Coin0511I After Postsolve, objective 1, infeasibilities - dual 0 (0), primal 0 (0)
Clp0032I Optimal objective 1 - 0 iterations time 0.002, Presolve 0.00, Idiot 0.00

Starting MIP optimization
Cbc0045I Nauty: 260 orbits (144 useful covering 288 variables), 1 generators, group size: 2 - sparse size 2788 - took 0.00093 seconds
Cbc0038I Initial state - 3 integers unsatisfied sum - 1.5
Cbc0038I Pass   1: suminf.    0.00000 (0) obj. 1 iterations 4
Cbc0038I Pass   2: suminf.    0.00000 (0) obj. 1 iterations 0
Cbc0038I Pass   3: suminf.    0.00000 (0) obj. 1 iterations 0
Cbc0038I Pass   4: suminf.    2.50000 (5) obj. 37 iterations 100
Cbc0038I Pass   5: suminf.    0.50000 (1) obj. 37 iterations 6
Cbc0038I Pass   6: suminf.    0.00000 (0) obj. 37 iterations 1
Cbc0038I Pass   7: suminf.    0.00000 (0) obj. 37 iterations 0
Cbc0038I Pass   8: suminf.    0.00000 (0) obj. 37 iterations 0
Cbc0038I Pass   9: suminf.    0.00000 (0) obj. 37 iterations 0
Cbc0038I Pass  10: suminf.    0.00000 (0) obj. 37 iterations 0
Cbc0038I Pass  11: suminf.    0.00000 (0) obj. 37 iterations 0
Cbc0038I Pass  12: suminf.    0.00000 (0) obj. 37 iterations 0
Cbc0038I Pass  13: suminf.    0.00000 (0) obj. 37 iterations 0
Cbc0038I Pass  14: suminf.    3.50000 (7) obj. 42 iterations 44
Cbc0038I Pass  15: suminf.    0.50000 (1) obj. 42 iterations 7
Cbc0038I Pass  16: suminf.    0.00000 (0) obj. 42 iterations 1
Cbc0038I Pass  17: suminf.    0.00000 (0) obj. 42 iterations 0
Cbc0038I Pass  18: suminf.    0.00000 (0) obj. 42 iterations 0
Cbc0038I Pass  19: suminf.    0.00000 (0) obj. 42 iterations 0
Cbc0038I Pass  20: suminf.    0.00000 (0) obj. 42 iterations 0
Cbc0038I Pass  21: suminf.    0.00000 (0) obj. 42 iterations 0
Cbc0038I Pass  22: suminf.    0.00000 (0) obj. 42 iterations 0
Cbc0038I Pass  23: suminf.    0.00000 (0) obj. 42 iterations 0
Cbc0038I Pass  24: suminf.    0.00000 (0) obj. 42 iterations 0
Cbc0038I Pass  25: suminf.    3.00000 (6) obj. 52 iterations 47
Cbc0038I Pass  26: suminf.    0.50000 (1) obj. 52 iterations 6
Cbc0038I Pass  27: suminf.    0.00000 (0) obj. 52 iterations 1
Cbc0038I Pass  28: suminf.    0.00000 (0) obj. 52 iterations 0
Cbc0038I Pass  29: suminf.    0.00000 (0) obj. 52 iterations 0
Cbc0038I Pass  30: suminf.    0.00000 (0) obj. 52 iterations 0
Cbc0038I No solution found this major pass
Cbc0038I Before mini branch and bound, 121 integers at bound fixed and 3 continuous
Cbc0038I Full problem 73 rows 291 columns, reduced to 28 rows 72 columns
Cbc0038I Mini branch and bound improved solution from 1.797693134862e+308 to 1 (0.01 seconds)
Cbc0038I After 0.01 seconds - Feasibility pump exiting with objective of 1 - took 0.01 seconds
Cbc0051I Starting cut generation at root node
Cbc0031I 53 added rows had average density of 30.169811
Cbc0013I At root node, 53 cuts changed objective from 1 to 3.0343999 in 100 passes
Cbc0014I Cut generator 0 (Probing) - 1 row cuts average 91.0 elements, 0 column cuts (13 active)  in 0.020 seconds - new frequency is -100
Cbc0014I Cut generator 1 (Gomory) - 683 row cuts average 245.8 elements, 0 column cuts (0 active)  in 0.180 seconds - new frequency is 1
Cbc0014I Cut generator 2 (Knapsack) - 1240 row cuts average 3.4 elements, 0 column cuts (0 active)  in 0.074 seconds - new frequency is 1
Cbc0014I Cut generator 3 (Clique) - 0 row cuts average 0.0 elements, 0 column cuts (0 active)  in 0.001 seconds - new frequency is -100
Cbc0014I Cut generator 4 (MixedIntegerRounding2) - 46 row cuts average 103.0 elements, 0 column cuts (0 active)  in 0.099 seconds - new frequency is -100
Cbc0014I Cut generator 5 (FlowCover) - 0 row cuts average 0.0 elements, 0 column cuts (0 active)  in 0.002 seconds - new frequency is -100
Cbc0014I Cut generator 6 (TwoMirCuts) - 88 row cuts average 11.0 elements, 0 column cuts (0 active)  in 0.005 seconds - new frequency is -100
Cbc0010I After 0 nodes, 1 on tree, 1e+50 best solution, best possible 3.0343999 (0.78 seconds)
Cbc0004I Integer solution of 46 found after 6886 iterations and 269 nodes (0.97 seconds)
Cbc0012I Integer solution of 46 found by heuristic after 6883 iterations and 268 nodes (0.97 seconds)
Cbc0004I Integer solution of 22 found after 12716 iterations and 1687 nodes (1.34 seconds)
Cbc0012I Integer solution of 22 found by heuristic after 12714 iterations and 1686 nodes (1.34 seconds)
Cbc0010I After 2140 nodes, 365 on tree, 22 best solution, best possible 3.0343999 (1.48 seconds)
Cbc0010I After 4789 nodes, 1222 on tree, 22 best solution, best possible 3.0343999 (2.18 seconds)
Cbc0010I After 7244 nodes, 1800 on tree, 22 best solution, best possible 3.0343999 (2.88 seconds)
Cbc0004I Integer solution of 20 found after 40291 iterations and 9009 nodes (3.40 seconds)
Cbc0012I Integer solution of 20 found by heuristic after 40285 iterations and 9008 nodes (3.40 seconds)
Cbc0010I After 9697 nodes, 316 on tree, 20 best solution, best possible 3.0343999 (3.58 seconds)
Cbc0010I After 11237 nodes, 772 on tree, 20 best solution, best possible 4.5 (4.28 seconds)
Cbc0010I After 13294 nodes, 1759 on tree, 20 best solution, best possible 6 (4.98 seconds)
Cbc0010I After 15700 nodes, 2896 on tree, 20 best solution, best possible 7 (5.68 seconds)
Cbc0010I After 18320 nodes, 4173 on tree, 20 best solution, best possible 7 (6.38 seconds)
Cbc0010I After 21025 nodes, 5470 on tree, 20 best solution, best possible 7 (7.08 seconds)
Cbc0010I After 23752 nodes, 6672 on tree, 20 best solution, best possible 7 (7.78 seconds)
Cbc0010I After 26474 nodes, 8178 on tree, 20 best solution, best possible 7 (8.48 seconds)
Cbc0010I After 28995 nodes, 9313 on tree, 20 best solution, best possible 8 (9.18 seconds)
Cbc0010I After 31644 nodes, 10345 on tree, 20 best solution, best possible 8 (9.88 seconds)
Cbc0004I Integer solution of 12 found after 156536 iterations and 32013 nodes (9.97 seconds)
Cbc0012I Integer solution of 12 found by heuristic after 156533 iterations and 32012 nodes (9.97 seconds)
Cbc0010I After 34112 nodes, 10684 on tree, 12 best solution, best possible 8 (10.58 seconds)
Cbc0010I After 36765 nodes, 11635 on tree, 12 best solution, best possible 8 (11.28 seconds)
Cbc0010I After 39324 nodes, 12560 on tree, 12 best solution, best possible 8 (11.98 seconds)
Cbc0010I After 42016 nodes, 13365 on tree, 12 best solution, best possible 8 (12.68 seconds)
Cbc0010I After 44608 nodes, 14111 on tree, 12 best solution, best possible 8 (13.38 seconds)
Cbc0010I After 47210 nodes, 14999 on tree, 12 best solution, best possible 8 (14.08 seconds)
Cbc0010I After 49993 nodes, 15954 on tree, 12 best solution, best possible 8 (14.78 seconds)
Cbc0010I After 52647 nodes, 17285 on tree, 12 best solution, best possible 8 (15.48 seconds)
Cbc0010I After 55247 nodes, 18075 on tree, 12 best solution, best possible 8 (16.18 seconds)
Cbc0010I After 57970 nodes, 18904 on tree, 12 best solution, best possible 8 (16.88 seconds)
Cbc0010I After 60533 nodes, 19683 on tree, 12 best solution, best possible 8 (17.58 seconds)
Cbc0010I After 63189 nodes, 20702 on tree, 12 best solution, best possible 8 (18.28 seconds)
Cbc0010I After 66000 nodes, 21517 on tree, 12 best solution, best possible 8 (18.99 seconds)
Cbc0010I After 68799 nodes, 22254 on tree, 12 best solution, best possible 8 (19.69 seconds)
Cbc0010I After 71397 nodes, 23290 on tree, 12 best solution, best possible 8 (20.39 seconds)
Cbc0010I After 74212 nodes, 24417 on tree, 12 best solution, best possible 8 (21.09 seconds)
Cbc0010I After 77142 nodes, 26126 on tree, 12 best solution, best possible 8 (21.79 seconds)
Cbc0010I After 79663 nodes, 26889 on tree, 12 best solution, best possible 8 (22.49 seconds)
Cbc0010I After 82410 nodes, 27692 on tree, 12 best solution, best possible 8.2 (23.19 seconds)
Cbc0010I After 85166 nodes, 28186 on tree, 12 best solution, best possible 8.3333333 (23.89 seconds)
Cbc0010I After 87663 nodes, 29025 on tree, 12 best solution, best possible 8.5 (24.59 seconds)
Cbc0010I After 90349 nodes, 29697 on tree, 12 best solution, best possible 8.5 (25.29 seconds)
Cbc0010I After 93205 nodes, 30341 on tree, 12 best solution, best possible 8.5 (25.99 seconds)
Cbc0010I After 95724 nodes, 30851 on tree, 12 best solution, best possible 8.8181818 (26.69 seconds)
Cbc0010I After 98514 nodes, 31124 on tree, 12 best solution, best possible 9 (27.39 seconds)
Cbc0010I After 101291 nodes, 31578 on tree, 12 best solution, best possible 9 (28.09 seconds)
Cbc0010I After 103881 nodes, 31946 on tree, 12 best solution, best possible 9 (28.79 seconds)
Cbc0010I After 106652 nodes, 32166 on tree, 12 best solution, best possible 9 (29.49 seconds)
Cbc0010I After 109284 nodes, 32415 on tree, 12 best solution, best possible 9 (30.19 seconds)
Cbc0010I After 111729 nodes, 33434 on tree, 12 best solution, best possible 9 (30.89 seconds)
Cbc0010I After 114422 nodes, 34023 on tree, 12 best solution, best possible 9 (31.60 seconds)
Cbc0010I After 117081 nodes, 34253 on tree, 12 best solution, best possible 9 (32.30 seconds)
Cbc0010I After 119403 nodes, 35552 on tree, 12 best solution, best possible 9 (33.00 seconds)
Cbc0010I After 121916 nodes, 36842 on tree, 12 best solution, best possible 9 (33.70 seconds)
Cbc0010I After 124313 nodes, 38470 on tree, 12 best solution, best possible 9 (34.40 seconds)
Cbc0010I After 126717 nodes, 39419 on tree, 12 best solution, best possible 9 (35.10 seconds)
Cbc0010I After 129124 nodes, 39735 on tree, 12 best solution, best possible 9 (35.80 seconds)
Cbc0010I After 131300 nodes, 40359 on tree, 12 best solution, best possible 9 (36.50 seconds)
Cbc0010I After 133661 nodes, 40905 on tree, 12 best solution, best possible 9 (37.20 seconds)
Cbc0010I After 135925 nodes, 41475 on tree, 12 best solution, best possible 9 (37.90 seconds)
Cbc0010I After 138205 nodes, 41930 on tree, 12 best solution, best possible 9 (38.60 seconds)
Cbc0010I After 140493 nodes, 42440 on tree, 12 best solution, best possible 9 (39.30 seconds)
Cbc0010I After 142720 nodes, 42764 on tree, 12 best solution, best possible 9 (40.00 seconds)
Cbc0010I After 145031 nodes, 43182 on tree, 12 best solution, best possible 9 (40.70 seconds)
Cbc0010I After 147124 nodes, 43416 on tree, 12 best solution, best possible 9 (41.40 seconds)
Cbc0010I After 149356 nodes, 43564 on tree, 12 best solution, best possible 9 (42.10 seconds)
Cbc0010I After 151367 nodes, 43920 on tree, 12 best solution, best possible 9 (42.80 seconds)
Cbc0010I After 153390 nodes, 44297 on tree, 12 best solution, best possible 9 (43.50 seconds)
Cbc0010I After 155323 nodes, 44554 on tree, 12 best solution, best possible 9 (44.21 seconds)
Cbc0010I After 157253 nodes, 44920 on tree, 12 best solution, best possible 9 (44.91 seconds)
Cbc0010I After 159029 nodes, 45188 on tree, 12 best solution, best possible 9 (45.61 seconds)
Cbc0010I After 160890 nodes, 45606 on tree, 12 best solution, best possible 9 (46.31 seconds)
Cbc0010I After 162582 nodes, 46381 on tree, 12 best solution, best possible 9 (47.01 seconds)
Cbc0010I After 164405 nodes, 46797 on tree, 12 best solution, best possible 9 (47.71 seconds)
Cbc0010I After 166100 nodes, 47239 on tree, 12 best solution, best possible 9 (48.41 seconds)
Cbc0010I After 167716 nodes, 48056 on tree, 12 best solution, best possible 9 (49.11 seconds)
Cbc0010I After 169517 nodes, 48686 on tree, 12 best solution, best possible 9 (49.81 seconds)
Cbc0010I After 171179 nodes, 49931 on tree, 12 best solution, best possible 9 (50.51 seconds)
Cbc0010I After 172880 nodes, 50557 on tree, 12 best solution, best possible 9 (51.21 seconds)
Cbc0010I After 174661 nodes, 50719 on tree, 12 best solution, best possible 9 (51.91 seconds)
Cbc0010I After 176432 nodes, 51118 on tree, 12 best solution, best possible 9 (52.61 seconds)
Cbc0010I After 178145 nodes, 51454 on tree, 12 best solution, best possible 9 (53.31 seconds)
Cbc0010I After 179807 nodes, 51903 on tree, 12 best solution, best possible 9 (54.01 seconds)
Cbc0010I After 181542 nodes, 52268 on tree, 12 best solution, best possible 9 (54.72 seconds)
Cbc0010I After 183100 nodes, 52724 on tree, 12 best solution, best possible 9 (55.42 seconds)
Cbc0010I After 184815 nodes, 53108 on tree, 12 best solution, best possible 9 (56.12 seconds)
Cbc0010I After 186303 nodes, 53452 on tree, 12 best solution, best possible 9 (56.82 seconds)
Cbc0010I After 187707 nodes, 53807 on tree, 12 best solution, best possible 9 (57.52 seconds)
Cbc0010I After 189275 nodes, 54047 on tree, 12 best solution, best possible 9 (58.22 seconds)
Cbc0010I After 190555 nodes, 54333 on tree, 12 best solution, best possible 9 (58.92 seconds)
Cbc0010I After 192009 nodes, 54897 on tree, 12 best solution, best possible 9 (59.62 seconds)
Cbc0010I After 193565 nodes, 55225 on tree, 12 best solution, best possible 9 (60.32 seconds)
Cbc0010I After 195006 nodes, 56023 on tree, 12 best solution, best possible 9 (61.02 seconds)
Cbc0010I After 197253 nodes, 56028 on tree, 12 best solution, best possible 9 (61.72 seconds)
Cbc0010I After 198835 nodes, 56380 on tree, 12 best solution, best possible 9 (62.42 seconds)
Cbc0010I After 200548 nodes, 56582 on tree, 12 best solution, best possible 9 (63.12 seconds)
Cbc0010I After 201985 nodes, 56791 on tree, 12 best solution, best possible 9 (63.83 seconds)
Cbc0010I After 203365 nodes, 57687 on tree, 12 best solution, best possible 9 (64.53 seconds)
Cbc0010I After 205331 nodes, 57811 on tree, 12 best solution, best possible 9 (65.23 seconds)
Cbc0010I After 206760 nodes, 58362 on tree, 12 best solution, best possible 9 (65.93 seconds)
Cbc0010I After 208734 nodes, 58278 on tree, 12 best solution, best possible 9 (66.63 seconds)
Cbc0010I After 210336 nodes, 58462 on tree, 12 best solution, best possible 9 (67.33 seconds)
Cbc0010I After 211934 nodes, 58601 on tree, 12 best solution, best possible 9 (68.03 seconds)
Cbc0010I After 213828 nodes, 58612 on tree, 12 best solution, best possible 9 (68.73 seconds)
Cbc0010I After 215322 nodes, 59079 on tree, 12 best solution, best possible 9 (69.43 seconds)
Cbc0010I After 217373 nodes, 59236 on tree, 12 best solution, best possible 9 (70.13 seconds)
Cbc0010I After 218809 nodes, 59954 on tree, 12 best solution, best possible 9 (70.83 seconds)
Cbc0010I After 220741 nodes, 60696 on tree, 12 best solution, best possible 9 (71.53 seconds)
Cbc0010I After 222109 nodes, 61135 on tree, 12 best solution, best possible 9 (72.24 seconds)
Cbc0010I After 223623 nodes, 62180 on tree, 12 best solution, best possible 9 (72.94 seconds)
Cbc0010I After 225568 nodes, 62347 on tree, 12 best solution, best possible 9 (73.64 seconds)
Cbc0010I After 226923 nodes, 63102 on tree, 12 best solution, best possible 9 (74.34 seconds)
Cbc0010I After 229021 nodes, 63649 on tree, 12 best solution, best possible 9 (75.04 seconds)
Cbc0010I After 230420 nodes, 64189 on tree, 12 best solution, best possible 9.5 (75.74 seconds)
Cbc0010I After 231956 nodes, 65296 on tree, 12 best solution, best possible 9.5 (76.44 seconds)
Cbc0010I After 234029 nodes, 65162 on tree, 12 best solution, best possible 9.5 (77.14 seconds)
Cbc0010I After 235560 nodes, 66163 on tree, 12 best solution, best possible 9.5 (77.84 seconds)
Cbc0010I After 237615 nodes, 66470 on tree, 12 best solution, best possible 9.5 (78.54 seconds)
Cbc0010I After 239085 nodes, 67274 on tree, 12 best solution, best possible 9.5 (79.24 seconds)
Cbc0010I After 241104 nodes, 67392 on tree, 12 best solution, best possible 9.5 (79.95 seconds)
Cbc0010I After 242564 nodes, 68030 on tree, 12 best solution, best possible 9.5 (80.65 seconds)
Cbc0010I After 244118 nodes, 68599 on tree, 12 best solution, best possible 9.5 (81.35 seconds)
Cbc0010I After 245934 nodes, 68851 on tree, 12 best solution, best possible 9.6666667 (82.05 seconds)
Cbc0010I After 247616 nodes, 69020 on tree, 12 best solution, best possible 9.6666667 (82.75 seconds)
Cbc0010I After 249697 nodes, 68693 on tree, 12 best solution, best possible 9.8 (83.45 seconds)
Cbc0010I After 251357 nodes, 68851 on tree, 12 best solution, best possible 10 (84.15 seconds)
Cbc0010I After 253534 nodes, 68697 on tree, 12 best solution, best possible 10 (84.85 seconds)
Cbc0010I After 255265 nodes, 68895 on tree, 12 best solution, best possible 10 (85.55 seconds)
Cbc0010I After 257383 nodes, 68863 on tree, 12 best solution, best possible 10 (86.25 seconds)
Cbc0010I After 259117 nodes, 68996 on tree, 12 best solution, best possible 10 (86.95 seconds)
Cbc0010I After 261386 nodes, 68934 on tree, 12 best solution, best possible 10 (87.65 seconds)
Cbc0010I After 263181 nodes, 69090 on tree, 12 best solution, best possible 10 (88.35 seconds)
Cbc0010I After 265804 nodes, 68649 on tree, 12 best solution, best possible 10 (89.05 seconds)
Cbc0010I After 267534 nodes, 68846 on tree, 12 best solution, best possible 10 (89.76 seconds)
Cbc0010I After 269733 nodes, 68760 on tree, 12 best solution, best possible 10 (90.46 seconds)
Cbc0010I After 271429 nodes, 69034 on tree, 12 best solution, best possible 10 (91.16 seconds)
Cbc0010I After 273663 nodes, 68860 on tree, 12 best solution, best possible 10 (91.86 seconds)
Cbc0010I After 275348 nodes, 69111 on tree, 12 best solution, best possible 10 (92.56 seconds)
Cbc0010I After 278024 nodes, 68892 on tree, 12 best solution, best possible 10 (93.26 seconds)
Cbc0010I After 279675 nodes, 69201 on tree, 12 best solution, best possible 10 (93.96 seconds)
Cbc0010I After 281937 nodes, 68997 on tree, 12 best solution, best possible 10 (94.66 seconds)
Cbc0010I After 284083 nodes, 69108 on tree, 12 best solution, best possible 10 (95.36 seconds)
Cbc0010I After 286507 nodes, 69029 on tree, 12 best solution, best possible 10 (96.06 seconds)
Cbc0010I After 288874 nodes, 68728 on tree, 12 best solution, best possible 10 (96.76 seconds)
Cbc0010I After 290573 nodes, 68935 on tree, 12 best solution, best possible 10 (97.46 seconds)
Cbc0010I After 292530 nodes, 68861 on tree, 12 best solution, best possible 10 (98.17 seconds)
Cbc0010I After 294451 nodes, 68941 on tree, 12 best solution, best possible 10 (98.87 seconds)
Cbc0010I After 296427 nodes, 69118 on tree, 12 best solution, best possible 10 (99.57 seconds)
Cbc0010I After 299485 nodes, 68991 on tree, 12 best solution, best possible 10 (100.27 seconds)
Cbc0010I After 301541 nodes, 68829 on tree, 12 best solution, best possible 10 (100.97 seconds)
Cbc0010I After 303255 nodes, 69020 on tree, 12 best solution, best possible 10 (101.67 seconds)
Cbc0010I After 305394 nodes, 69241 on tree, 12 best solution, best possible 10 (102.37 seconds)
Cbc0010I After 307442 nodes, 69347 on tree, 12 best solution, best possible 10 (103.07 seconds)
Cbc0010I After 309981 nodes, 69614 on tree, 12 best solution, best possible 10 (103.77 seconds)
Cbc0010I After 313310 nodes, 68826 on tree, 12 best solution, best possible 10 (104.47 seconds)
Cbc0010I After 315354 nodes, 68828 on tree, 12 best solution, best possible 10 (105.17 seconds)
Cbc0010I After 317526 nodes, 69217 on tree, 12 best solution, best possible 10 (105.88 seconds)
Cbc0010I After 320432 nodes, 69206 on tree, 12 best solution, best possible 10 (106.58 seconds)
Cbc0010I After 322514 nodes, 69320 on tree, 12 best solution, best possible 10 (107.28 seconds)
Cbc0010I After 325316 nodes, 68345 on tree, 12 best solution, best possible 10 (107.98 seconds)
Cbc0010I After 326898 nodes, 68597 on tree, 12 best solution, best possible 10 (108.68 seconds)
Cbc0010I After 328991 nodes, 68337 on tree, 12 best solution, best possible 10 (109.38 seconds)
Cbc0010I After 330574 nodes, 68449 on tree, 12 best solution, best possible 10 (110.08 seconds)
Cbc0010I After 332312 nodes, 68509 on tree, 12 best solution, best possible 10 (110.78 seconds)
Cbc0010I After 334393 nodes, 68487 on tree, 12 best solution, best possible 10 (111.48 seconds)
Cbc0010I After 336036 nodes, 68721 on tree, 12 best solution, best possible 10 (112.18 seconds)
Cbc0010I After 338115 nodes, 68729 on tree, 12 best solution, best possible 10 (112.88 seconds)
Cbc0010I After 340570 nodes, 68430 on tree, 12 best solution, best possible 10 (113.58 seconds)
Cbc0010I After 342313 nodes, 69314 on tree, 12 best solution, best possible 10 (114.28 seconds)
Cbc0010I After 344882 nodes, 69116 on tree, 12 best solution, best possible 10 (114.99 seconds)
Cbc0010I After 347632 nodes, 69118 on tree, 12 best solution, best possible 10 (115.69 seconds)
Cbc0010I After 350632 nodes, 69117 on tree, 12 best solution, best possible 10 (116.39 seconds)
Cbc0010I After 353308 nodes, 68914 on tree, 12 best solution, best possible 10 (117.09 seconds)
Cbc0010I After 355285 nodes, 69186 on tree, 12 best solution, best possible 10 (117.79 seconds)
Cbc0010I After 357573 nodes, 69233 on tree, 12 best solution, best possible 10 (118.49 seconds)
Cbc0010I After 359668 nodes, 69343 on tree, 12 best solution, best possible 10 (119.19 seconds)
Cbc0010I After 361931 nodes, 69306 on tree, 12 best solution, best possible 10 (119.89 seconds)
Cbc0010I After 365014 nodes, 69209 on tree, 12 best solution, best possible 10 (120.59 seconds)
Cbc0010I After 368162 nodes, 69206 on tree, 12 best solution, best possible 10 (121.29 seconds)
Cbc0010I After 370598 nodes, 69433 on tree, 12 best solution, best possible 10 (121.99 seconds)
Cbc0010I After 373216 nodes, 69147 on tree, 12 best solution, best possible 10 (122.70 seconds)
Cbc0010I After 375663 nodes, 69201 on tree, 12 best solution, best possible 10 (123.40 seconds)
Cbc0010I After 377785 nodes, 69338 on tree, 12 best solution, best possible 10 (124.10 seconds)
Cbc0010I After 379842 nodes, 69511 on tree, 12 best solution, best possible 10 (124.80 seconds)
Cbc0010I After 381950 nodes, 69577 on tree, 12 best solution, best possible 10 (125.50 seconds)
Cbc0010I After 385101 nodes, 69349 on tree, 12 best solution, best possible 10 (126.20 seconds)
Cbc0010I After 388357 nodes, 69350 on tree, 12 best solution, best possible 10 (126.90 seconds)
Cbc0010I After 391230 nodes, 69067 on tree, 12 best solution, best possible 10 (127.60 seconds)
Cbc0010I After 393661 nodes, 68958 on tree, 12 best solution, best possible 10 (128.30 seconds)
Cbc0010I After 395762 nodes, 69092 on tree, 12 best solution, best possible 10 (129.00 seconds)
Cbc0010I After 397955 nodes, 68496 on tree, 12 best solution, best possible 10 (129.70 seconds)
Cbc0010I After 399675 nodes, 68483 on tree, 12 best solution, best possible 10 (130.40 seconds)
Cbc0010I After 401884 nodes, 68578 on tree, 12 best solution, best possible 10 (131.10 seconds)
Cbc0010I After 403504 nodes, 68922 on tree, 12 best solution, best possible 10 (131.81 seconds)
Cbc0010I After 405758 nodes, 68530 on tree, 12 best solution, best possible 10 (132.51 seconds)
Cbc0010I After 407459 nodes, 68769 on tree, 12 best solution, best possible 10 (133.21 seconds)
Cbc0010I After 409716 nodes, 68557 on tree, 12 best solution, best possible 10 (133.91 seconds)
Cbc0010I After 411396 nodes, 68846 on tree, 12 best solution, best possible 10 (134.61 seconds)
Cbc0010I After 413554 nodes, 68935 on tree, 12 best solution, best possible 10 (135.31 seconds)
Cbc0010I After 415313 nodes, 69083 on tree, 12 best solution, best possible 10 (136.01 seconds)
Cbc0010I After 417942 nodes, 68081 on tree, 12 best solution, best possible 10 (136.71 seconds)
Cbc0010I After 419609 nodes, 68355 on tree, 12 best solution, best possible 10 (137.41 seconds)
Cbc0010I After 421767 nodes, 68074 on tree, 12 best solution, best possible 10 (138.11 seconds)
Cbc0010I After 423487 nodes, 68326 on tree, 12 best solution, best possible 10 (138.81 seconds)
Cbc0010I After 425454 nodes, 68371 on tree, 12 best solution, best possible 10 (139.51 seconds)
Cbc0010I After 427141 nodes, 68672 on tree, 12 best solution, best possible 10 (140.21 seconds)
Cbc0010I After 429209 nodes, 68515 on tree, 12 best solution, best possible 10 (140.91 seconds)
Cbc0010I After 430887 nodes, 68867 on tree, 12 best solution, best possible 10 (141.62 seconds)
Cbc0010I After 433087 nodes, 68518 on tree, 12 best solution, best possible 10 (142.32 seconds)
Cbc0010I After 434742 nodes, 68836 on tree, 12 best solution, best possible 10 (143.02 seconds)
Cbc0010I After 436786 nodes, 68736 on tree, 12 best solution, best possible 10 (143.72 seconds)
Cbc0010I After 438513 nodes, 68958 on tree, 12 best solution, best possible 10 (144.42 seconds)
Cbc0010I After 440376 nodes, 69139 on tree, 12 best solution, best possible 10 (145.12 seconds)
Cbc0010I After 442974 nodes, 68785 on tree, 12 best solution, best possible 10 (145.82 seconds)
Cbc0010I After 445054 nodes, 68766 on tree, 12 best solution, best possible 10 (146.52 seconds)
Cbc0010I After 446802 nodes, 68991 on tree, 12 best solution, best possible 10 (147.22 seconds)
Cbc0010I After 449000 nodes, 68785 on tree, 12 best solution, best possible 10 (147.92 seconds)
Cbc0010I After 451142 nodes, 68666 on tree, 12 best solution, best possible 10 (148.62 seconds)
Cbc0010I After 453214 nodes, 68961 on tree, 12 best solution, best possible 10 (149.32 seconds)
Cbc0010I After 455920 nodes, 68834 on tree, 12 best solution, best possible 10 (150.02 seconds)
Cbc0010I After 457889 nodes, 69023 on tree, 12 best solution, best possible 10 (150.72 seconds)
Cbc0010I After 460362 nodes, 68379 on tree, 12 best solution, best possible 10 (151.43 seconds)
Cbc0010I After 462239 nodes, 68465 on tree, 12 best solution, best possible 10 (152.13 seconds)
Cbc0010I After 463819 nodes, 68566 on tree, 12 best solution, best possible 10 (152.83 seconds)
Cbc0010I After 465967 nodes, 68149 on tree, 12 best solution, best possible 10 (153.53 seconds)
Cbc0010I After 467648 nodes, 68449 on tree, 12 best solution, best possible 10 (154.23 seconds)
Cbc0010I After 469769 nodes, 68427 on tree, 12 best solution, best possible 10 (154.93 seconds)
Cbc0010I After 471367 nodes, 68782 on tree, 12 best solution, best possible 10 (155.63 seconds)
Cbc0010I After 473571 nodes, 69165 on tree, 12 best solution, best possible 10 (156.33 seconds)
Cbc0010I After 476023 nodes, 69353 on tree, 12 best solution, best possible 10 (157.03 seconds)
Cbc0010I After 478659 nodes, 69351 on tree, 12 best solution, best possible 10 (157.73 seconds)
Cbc0010I After 481353 nodes, 69351 on tree, 12 best solution, best possible 10 (158.43 seconds)
Cbc0010I After 484139 nodes, 69055 on tree, 12 best solution, best possible 10 (159.13 seconds)
Cbc0010I After 486173 nodes, 69226 on tree, 12 best solution, best possible 10 (159.83 seconds)
Cbc0010I After 488279 nodes, 69321 on tree, 12 best solution, best possible 10 (160.54 seconds)
Cbc0010I After 490489 nodes, 69161 on tree, 12 best solution, best possible 10 (161.24 seconds)
Cbc0010I After 492741 nodes, 68898 on tree, 12 best solution, best possible 10 (161.94 seconds)
Cbc0010I After 495001 nodes, 68656 on tree, 12 best solution, best possible 10 (162.64 seconds)
Cbc0010I After 497232 nodes, 68631 on tree, 12 best solution, best possible 10 (163.34 seconds)
Cbc0010I After 498989 nodes, 68489 on tree, 12 best solution, best possible 10 (164.04 seconds)
Cbc0010I After 501213 nodes, 68358 on tree, 12 best solution, best possible 10 (164.74 seconds)
Cbc0010I After 502929 nodes, 68713 on tree, 12 best solution, best possible 10 (165.44 seconds)
Cbc0010I After 505170 nodes, 68299 on tree, 12 best solution, best possible 10 (166.14 seconds)
Cbc0010I After 506871 nodes, 68608 on tree, 12 best solution, best possible 10 (166.84 seconds)
Cbc0010I After 509048 nodes, 68542 on tree, 12 best solution, best possible 10 (167.54 seconds)
Cbc0010I After 510758 nodes, 68818 on tree, 12 best solution, best possible 10 (168.24 seconds)
Cbc0010I After 512946 nodes, 68439 on tree, 12 best solution, best possible 10 (168.94 seconds)
Cbc0010I After 514626 nodes, 68683 on tree, 12 best solution, best possible 10 (169.65 seconds)
Cbc0010I After 516309 nodes, 68947 on tree, 12 best solution, best possible 10 (170.35 seconds)
Cbc0010I After 518234 nodes, 68972 on tree, 12 best solution, best possible 10 (171.05 seconds)
Cbc0010I After 520869 nodes, 68512 on tree, 12 best solution, best possible 10 (171.75 seconds)
Cbc0010I After 522620 nodes, 68778 on tree, 12 best solution, best possible 10 (172.45 seconds)
Cbc0010I After 524465 nodes, 68959 on tree, 12 best solution, best possible 10 (173.15 seconds)
Cbc0010I After 526965 nodes, 68558 on tree, 12 best solution, best possible 10 (173.85 seconds)
Cbc0010I After 529058 nodes, 68346 on tree, 12 best solution, best possible 10 (174.55 seconds)
Cbc0010I After 530576 nodes, 69075 on tree, 12 best solution, best possible 10 (175.25 seconds)
Cbc0010I After 532733 nodes, 68788 on tree, 12 best solution, best possible 10 (175.95 seconds)
Cbc0010I After 534522 nodes, 68830 on tree, 12 best solution, best possible 10 (176.65 seconds)
Cbc0010I After 536434 nodes, 68878 on tree, 12 best solution, best possible 10 (177.35 seconds)
Cbc0010I After 538697 nodes, 68938 on tree, 12 best solution, best possible 10 (178.06 seconds)
Cbc0010I After 541152 nodes, 68409 on tree, 12 best solution, best possible 10 (178.76 seconds)
Cbc0010I After 543051 nodes, 68523 on tree, 12 best solution, best possible 10 (179.46 seconds)
Cbc0010I After 545008 nodes, 68996 on tree, 12 best solution, best possible 10 (180.16 seconds)
Cbc0010I After 546819 nodes, 69055 on tree, 12 best solution, best possible 10 (180.86 seconds)
Cbc0010I After 549411 nodes, 68883 on tree, 12 best solution, best possible 10 (181.56 seconds)
Cbc0010I After 551189 nodes, 69111 on tree, 12 best solution, best possible 10 (182.26 seconds)
Cbc0010I After 553482 nodes, 68882 on tree, 12 best solution, best possible 10 (182.96 seconds)
Cbc0010I After 555560 nodes, 68871 on tree, 12 best solution, best possible 10 (183.66 seconds)
Cbc0010I After 557928 nodes, 68462 on tree, 12 best solution, best possible 10 (184.36 seconds)
Cbc0010I After 559803 nodes, 68675 on tree, 12 best solution, best possible 10 (185.06 seconds)
Cbc0010I After 561911 nodes, 68408 on tree, 12 best solution, best possible 10 (185.77 seconds)
Cbc0010I After 563709 nodes, 68843 on tree, 12 best solution, best possible 10 (186.47 seconds)
Cbc0010I After 565720 nodes, 68768 on tree, 12 best solution, best possible 10 (187.17 seconds)
Cbc0010I After 567639 nodes, 68855 on tree, 12 best solution, best possible 10 (187.87 seconds)
Cbc0010I After 569997 nodes, 68048 on tree, 12 best solution, best possible 10 (188.57 seconds)
Cbc0010I After 573000 nodes, 66059 on tree, 12 best solution, best possible 10 (189.27 seconds)
Cbc0010I After 575081 nodes, 65784 on tree, 12 best solution, best possible 10 (189.97 seconds)
Cbc0010I After 577405 nodes, 65707 on tree, 12 best solution, best possible 10 (190.67 seconds)
Cbc0010I After 579562 nodes, 66050 on tree, 12 best solution, best possible 10 (191.38 seconds)
Cbc0010I After 581696 nodes, 66338 on tree, 12 best solution, best possible 10 (192.08 seconds)
Cbc0010I After 583821 nodes, 66705 on tree, 12 best solution, best possible 10 (192.78 seconds)
Cbc0010I After 585922 nodes, 67005 on tree, 12 best solution, best possible 10 (193.48 seconds)
Cbc0010I After 588369 nodes, 67224 on tree, 12 best solution, best possible 10 (194.18 seconds)
Cbc0010I After 590381 nodes, 67517 on tree, 12 best solution, best possible 10 (194.88 seconds)
Cbc0010I After 592916 nodes, 67859 on tree, 12 best solution, best possible 10 (195.58 seconds)
Cbc0010I After 594785 nodes, 68232 on tree, 12 best solution, best possible 10 (196.28 seconds)
Cbc0010I After 597260 nodes, 67944 on tree, 12 best solution, best possible 10 (196.98 seconds)
Cbc0010I After 599192 nodes, 68281 on tree, 12 best solution, best possible 10 (197.68 seconds)
Cbc0010I After 601629 nodes, 67952 on tree, 12 best solution, best possible 10 (198.38 seconds)
Cbc0010I After 603926 nodes, 68301 on tree, 12 best solution, best possible 10 (199.08 seconds)
Cbc0010I After 606145 nodes, 67891 on tree, 12 best solution, best possible 10 (199.78 seconds)
Cbc0010I After 609065 nodes, 67780 on tree, 12 best solution, best possible 10 (200.49 seconds)
Cbc0010I After 610742 nodes, 68113 on tree, 12 best solution, best possible 10.25 (201.19 seconds)
Cbc0010I After 613537 nodes, 67500 on tree, 12 best solution, best possible 10.333333 (201.89 seconds)
Cbc0010I After 615981 nodes, 67692 on tree, 12 best solution, best possible 10.5 (202.59 seconds)
Cbc0010I After 618802 nodes, 66715 on tree, 12 best solution, best possible 10.5 (203.29 seconds)
Cbc0010I After 621782 nodes, 65090 on tree, 12 best solution, best possible 10.5 (203.99 seconds)
Cbc0010I After 625001 nodes, 63116 on tree, 12 best solution, best possible 10.5 (204.69 seconds)
Cbc0010I After 627751 nodes, 61811 on tree, 12 best solution, best possible 10.5 (205.39 seconds)
Cbc0010I After 630788 nodes, 60399 on tree, 12 best solution, best possible 10.5 (206.09 seconds)
Cbc0010I After 633635 nodes, 58975 on tree, 12 best solution, best possible 10.5 (206.79 seconds)
Cbc0010I After 636573 nodes, 57363 on tree, 12 best solution, best possible 10.5 (207.49 seconds)
Cbc0010I After 639180 nodes, 56209 on tree, 12 best solution, best possible 10.5 (208.19 seconds)
Cbc0010I After 641926 nodes, 54995 on tree, 12 best solution, best possible 10.666667 (208.89 seconds)
Cbc0010I After 645180 nodes, 52933 on tree, 12 best solution, best possible 10.666667 (209.59 seconds)
Cbc0010I After 648495 nodes, 50788 on tree, 12 best solution, best possible 11 (210.30 seconds)
Cbc0010I After 651748 nodes, 48811 on tree, 12 best solution, best possible 11 (211.00 seconds)
Cbc0010I After 654741 nodes, 47422 on tree, 12 best solution, best possible 11 (211.70 seconds)
Cbc0010I After 656986 nodes, 47599 on tree, 12 best solution, best possible 11 (212.40 seconds)
Cbc0010I After 658992 nodes, 47985 on tree, 12 best solution, best possible 11 (213.10 seconds)
Cbc0010I After 661233 nodes, 47795 on tree, 12 best solution, best possible 11 (213.80 seconds)
Cbc0010I After 663119 nodes, 48135 on tree, 12 best solution, best possible 11 (214.50 seconds)
Cbc0010I After 665808 nodes, 47208 on tree, 12 best solution, best possible 11 (215.20 seconds)
Cbc0010I After 669100 nodes, 44976 on tree, 12 best solution, best possible 11 (215.90 seconds)
Cbc0010I After 672056 nodes, 42928 on tree, 12 best solution, best possible 11 (216.60 seconds)
Cbc0010I After 674997 nodes, 41313 on tree, 12 best solution, best possible 11 (217.30 seconds)
Cbc0010I After 677759 nodes, 41389 on tree, 12 best solution, best possible 11 (218.00 seconds)
Cbc0010I After 679981 nodes, 41830 on tree, 12 best solution, best possible 11 (218.70 seconds)
Cbc0010I After 682600 nodes, 41594 on tree, 12 best solution, best possible 11 (219.40 seconds)
Cbc0010I After 685022 nodes, 41760 on tree, 12 best solution, best possible 11 (220.10 seconds)
Cbc0010I After 687448 nodes, 42121 on tree, 12 best solution, best possible 11 (220.80 seconds)
Cbc0010I After 689978 nodes, 42348 on tree, 12 best solution, best possible 11 (221.50 seconds)
Cbc0010I After 692211 nodes, 42701 on tree, 12 best solution, best possible 11 (222.21 seconds)
Cbc0010I After 694793 nodes, 42719 on tree, 12 best solution, best possible 11 (222.91 seconds)
Cbc0010I After 697552 nodes, 42305 on tree, 12 best solution, best possible 11 (223.61 seconds)
Cbc0010I After 699962 nodes, 42637 on tree, 12 best solution, best possible 11 (224.31 seconds)
Cbc0010I After 702740 nodes, 41845 on tree, 12 best solution, best possible 11 (225.01 seconds)
Cbc0010I After 706394 nodes, 38935 on tree, 12 best solution, best possible 11 (225.71 seconds)
Cbc0010I After 710037 nodes, 36187 on tree, 12 best solution, best possible 11 (226.41 seconds)
Cbc0010I After 713719 nodes, 33477 on tree, 12 best solution, best possible 11 (227.11 seconds)
Cbc0010I After 717256 nodes, 30942 on tree, 12 best solution, best possible 11 (227.81 seconds)
Cbc0010I After 720416 nodes, 28755 on tree, 12 best solution, best possible 11 (228.51 seconds)
Cbc0010I After 723828 nodes, 26280 on tree, 12 best solution, best possible 11 (229.21 seconds)
Cbc0010I After 727132 nodes, 23935 on tree, 12 best solution, best possible 11 (229.91 seconds)
Cbc0010I After 730307 nodes, 22155 on tree, 12 best solution, best possible 11 (230.61 seconds)
Cbc0010I After 732454 nodes, 22265 on tree, 12 best solution, best possible 11 (231.31 seconds)
Cbc0010I After 734601 nodes, 22295 on tree, 12 best solution, best possible 11 (232.01 seconds)
Cbc0010I After 736950 nodes, 21815 on tree, 12 best solution, best possible 11 (232.71 seconds)
Cbc0010I After 739675 nodes, 20073 on tree, 12 best solution, best possible 11 (233.41 seconds)
Cbc0010I After 742443 nodes, 18122 on tree, 12 best solution, best possible 11 (234.11 seconds)
Cbc0010I After 745188 nodes, 17563 on tree, 12 best solution, best possible 11 (234.81 seconds)
Cbc0010I After 747533 nodes, 17883 on tree, 12 best solution, best possible 11 (235.51 seconds)
Cbc0010I After 749948 nodes, 18013 on tree, 12 best solution, best possible 11 (236.21 seconds)
Cbc0010I After 752626 nodes, 17864 on tree, 12 best solution, best possible 11 (236.91 seconds)
Cbc0010I After 755209 nodes, 17867 on tree, 12 best solution, best possible 11 (237.62 seconds)
Cbc0010I After 758263 nodes, 16763 on tree, 12 best solution, best possible 11 (238.32 seconds)
Cbc0010I After 761906 nodes, 13990 on tree, 12 best solution, best possible 11 (239.02 seconds)
Cbc0010I After 765239 nodes, 11758 on tree, 12 best solution, best possible 11 (239.72 seconds)
Cbc0010I After 768650 nodes, 9282 on tree, 12 best solution, best possible 11 (240.42 seconds)
Cbc0010I After 771549 nodes, 7803 on tree, 12 best solution, best possible 11 (241.12 seconds)
Cbc0010I After 773786 nodes, 7420 on tree, 12 best solution, best possible 11 (241.82 seconds)
Cbc0010I After 776614 nodes, 6215 on tree, 12 best solution, best possible 11 (242.52 seconds)
Cbc0010I After 779120 nodes, 6421 on tree, 12 best solution, best possible 11 (243.22 seconds)
Cbc0010I After 782554 nodes, 4108 on tree, 12 best solution, best possible 11 (243.92 seconds)
Cbc0010I After 785516 nodes, 2593 on tree, 12 best solution, best possible 11 (244.62 seconds)
Cbc0010I After 788074 nodes, 1697 on tree, 12 best solution, best possible 11 (245.32 seconds)
Cbc0010I After 790456 nodes, 865 on tree, 12 best solution, best possible 11 (246.02 seconds)
Cbc0010I After 792777 nodes, 43 on tree, 12 best solution, best possible 11 (246.72 seconds)
Cbc0030I Thread 0 used 792925 times,  waiting to start 1.5511949, 237.57883 cpu time, 4638410 locks, 21.199381 locked, 0.29757905 waiting for locks
Cbc0030I Main thread 234.51247 waiting for threads,  5551649 locks, 4.6256819 locked, 0.34658217 waiting for locks
Cbc0001I Search completed - best objective 12, took 2463205 iterations and 792925 nodes (246.79 seconds)
Cbc0032I Strong branching done 416274 times (1796648 iterations), fathomed 84605 nodes and fixed 98245 variables
Cbc0035I Maximum depth 57, 6607423 variables fixed on reduced cost
Cbc0045I Orbital branching succeeded 20 times - average extra   0.050, fixing (5,  20.800)
