Starting solution of the Linear programming relaxation problem using Primal Simplex

Coin0506I Presolve 73 (0) rows, 144 (-220) columns and 444 (-220) elements
Clp1000I sum of infeasibilities 4.20585e-09 - average 5.76144e-11, 132 fixed columns
Coin0506I Presolve 0 (-73) rows, 0 (-144) columns and 0 (-444) elements
Clp0000I Optimal - objective value 1
Clp0000I Optimal - objective value 1
Coin0511I After Postsolve, objective 1, infeasibilities - dual 0 (0), primal 0 (0)
Clp0006I 0  Obj 1
Clp0000I Optimal - objective value 1
Clp0000I Optimal - objective value 1
Coin0511I After Postsolve, objective 1, infeasibilities - dual 0 (0), primal 0 (0)
Clp0032I Optimal objective 1 - 0 iterations time 0.002, Presolve 0.00, Idiot 0.00

Starting MIP optimization
Cbc0045I Nauty: 260 orbits (144 useful covering 288 variables), 1 generators, group size: 2 - sparse size 2788 - took 0.000621 seconds
Cbc0038I Initial state - 3 integers unsatisfied sum - 1.5
Cbc0038I Pass   1: suminf.    0.00000 (0) obj. 1 iterations 4
Cbc0038I Pass   2: suminf.    0.00000 (0) obj. 1 iterations 0
Cbc0038I Pass   3: suminf.    0.00000 (0) obj. 1 iterations 0
Cbc0038I Pass   4: suminf.    3.00000 (6) obj. 37 iterations 98
Cbc0038I Pass   5: suminf.    0.50000 (1) obj. 37 iterations 7
Cbc0038I Pass   6: suminf.    0.00000 (0) obj. 37 iterations 1
Cbc0038I Pass   7: suminf.    0.00000 (0) obj. 37 iterations 0
Cbc0038I Pass   8: suminf.    0.00000 (0) obj. 37 iterations 0
Cbc0038I Pass   9: suminf.    0.00000 (0) obj. 37 iterations 0
Cbc0038I Pass  10: suminf.    0.00000 (0) obj. 37 iterations 0
Cbc0038I Pass  11: suminf.    0.00000 (0) obj. 37 iterations 0
Cbc0038I Pass  12: suminf.    0.00000 (0) obj. 37 iterations 0
Cbc0038I Pass  13: suminf.    0.00000 (0) obj. 37 iterations 0
Cbc0038I Pass  14: suminf.    3.50000 (7) obj. 42 iterations 43
Cbc0038I Pass  15: suminf.    0.50000 (1) obj. 42 iterations 7
Cbc0038I Pass  16: suminf.    0.00000 (0) obj. 42 iterations 1
Cbc0038I Pass  17: suminf.    0.00000 (0) obj. 42 iterations 0
Cbc0038I Pass  18: suminf.    0.00000 (0) obj. 42 iterations 0
Cbc0038I Pass  19: suminf.    0.00000 (0) obj. 42 iterations 0
Cbc0038I Pass  20: suminf.    0.00000 (0) obj. 42 iterations 0
Cbc0038I Pass  21: suminf.    0.00000 (0) obj. 42 iterations 0
Cbc0038I Pass  22: suminf.    0.00000 (0) obj. 42 iterations 0
Cbc0038I Pass  23: suminf.    0.00000 (0) obj. 42 iterations 0
Cbc0038I Pass  24: suminf.    0.00000 (0) obj. 42 iterations 0
Cbc0038I Pass  25: suminf.    3.00000 (6) obj. 52 iterations 48
Cbc0038I Pass  26: suminf.    0.50000 (1) obj. 52 iterations 6
Cbc0038I Pass  27: suminf.    0.00000 (0) obj. 52 iterations 1
Cbc0038I Pass  28: suminf.    0.00000 (0) obj. 52 iterations 0
Cbc0038I Pass  29: suminf.    0.00000 (0) obj. 52 iterations 0
Cbc0038I Pass  30: suminf.    0.00000 (0) obj. 52 iterations 0
Cbc0038I No solution found this major pass
Cbc0038I Before mini branch and bound, 120 integers at bound fixed and 3 continuous
Cbc0038I Full problem 73 rows 291 columns, reduced to 29 rows 75 columns
Cbc0038I Mini branch and bound improved solution from 1.797693134862e+308 to 1 (0.01 seconds)
Cbc0038I After 0.01 seconds - Feasibility pump exiting with objective of 1 - took 0.01 seconds
Cbc0051I Starting cut generation at root node
Cbc0031I 41 added rows had average density of 54.829268
Cbc0013I At root node, 41 cuts changed objective from 1 to 2.9243158 in 100 passes
Cbc0014I Cut generator 0 (Probing) - 0 row cuts average 0.0 elements, 0 column cuts (9 active)  in 0.020 seconds - new frequency is -100
Cbc0014I Cut generator 1 (Gomory) - 778 row cuts average 225.7 elements, 0 column cuts (0 active)  in 0.141 seconds - new frequency is 1
Cbc0014I Cut generator 2 (Knapsack) - 1294 row cuts average 3.4 elements, 0 column cuts (0 active)  in 0.068 seconds - new frequency is 1
Cbc0014I Cut generator 3 (Clique) - 0 row cuts average 0.0 elements, 0 column cuts (0 active)  in 0.000 seconds - new frequency is -100
Cbc0014I Cut generator 4 (MixedIntegerRounding2) - 32 row cuts average 85.1 elements, 0 column cuts (0 active)  in 0.091 seconds - new frequency is -100
Cbc0014I Cut generator 5 (FlowCover) - 0 row cuts average 0.0 elements, 0 column cuts (0 active)  in 0.002 seconds - new frequency is -100
Cbc0014I Cut generator 6 (TwoMirCuts) - 103 row cuts average 9.3 elements, 0 column cuts (0 active)  in 0.005 seconds - new frequency is -100
Cbc0010I After 0 nodes, 1 on tree, 1e+50 best solution, best possible 2.9243158 (0.66 seconds)
Cbc0016I Integer solution of 38 found by strong branching after 4386 iterations and 104 nodes (0.82 seconds)
Cbc0012I Integer solution of 38 found by heuristic after 4383 iterations and 103 nodes (0.82 seconds)
Cbc0010I After 2389 nodes, 1098 on tree, 38 best solution, best possible 2.9243158 (1.36 seconds)
Cbc0004I Integer solution of 18 found after 13134 iterations and 2936 nodes (1.47 seconds)
Cbc0012I Integer solution of 18 found by heuristic after 13133 iterations and 2935 nodes (1.47 seconds)
Cbc0010I After 5195 nodes, 1723 on tree, 18 best solution, best possible 2.9243158 (2.06 seconds)
Cbc0010I After 8021 nodes, 3050 on tree, 18 best solution, best possible 2.9243158 (2.76 seconds)
Cbc0010I After 10854 nodes, 4313 on tree, 18 best solution, best possible 2.9243158 (3.46 seconds)
Cbc0010I After 12706 nodes, 5153 on tree, 18 best solution, best possible 6 (4.16 seconds)
Cbc0010I After 15561 nodes, 6468 on tree, 18 best solution, best possible 6 (4.86 seconds)
Cbc0010I After 18039 nodes, 7737 on tree, 18 best solution, best possible 6.95 (5.56 seconds)
Cbc0010I After 20819 nodes, 8931 on tree, 18 best solution, best possible 7 (6.26 seconds)
Cbc0010I After 23612 nodes, 10249 on tree, 18 best solution, best possible 7 (6.96 seconds)
Cbc0004I Integer solution of 16 found after 108044 iterations and 24696 nodes (7.20 seconds)
Cbc0012I Integer solution of 16 found by heuristic after 108042 iterations and 24695 nodes (7.20 seconds)
Cbc0010I After 26573 nodes, 10610 on tree, 16 best solution, best possible 7 (7.66 seconds)
Cbc0004I Integer solution of 12 found after 122388 iterations and 28663 nodes (8.16 seconds)
Cbc0012I Integer solution of 12 found by heuristic after 122386 iterations and 28662 nodes (8.16 seconds)
Cbc0010I After 29326 nodes, 7720 on tree, 12 best solution, best possible 7 (8.36 seconds)
Cbc0010I After 31939 nodes, 8815 on tree, 12 best solution, best possible 7 (9.06 seconds)
Cbc0010I After 34266 nodes, 9826 on tree, 12 best solution, best possible 7.4528403 (9.76 seconds)
Cbc0010I After 36907 nodes, 10769 on tree, 12 best solution, best possible 7.5 (10.46 seconds)
Cbc0010I After 39329 nodes, 11763 on tree, 12 best solution, best possible 7.6666667 (11.16 seconds)
Cbc0010I After 42032 nodes, 12812 on tree, 12 best solution, best possible 8 (11.86 seconds)
Cbc0010I After 44742 nodes, 14083 on tree, 12 best solution, best possible 8 (12.56 seconds)
Cbc0010I After 47455 nodes, 15148 on tree, 12 best solution, best possible 8 (13.26 seconds)
Cbc0010I After 50146 nodes, 15911 on tree, 12 best solution, best possible 8 (13.96 seconds)
Cbc0010I After 52887 nodes, 16678 on tree, 12 best solution, best possible 8 (14.67 seconds)
Cbc0010I After 55400 nodes, 17665 on tree, 12 best solution, best possible 8 (15.37 seconds)
Cbc0010I After 58178 nodes, 18516 on tree, 12 best solution, best possible 8 (16.07 seconds)
Cbc0010I After 61105 nodes, 19856 on tree, 12 best solution, best possible 8 (16.77 seconds)
Cbc0010I After 63907 nodes, 20900 on tree, 12 best solution, best possible 8 (17.47 seconds)
Cbc0010I After 66788 nodes, 21588 on tree, 12 best solution, best possible 8 (18.17 seconds)
Cbc0010I After 69658 nodes, 22357 on tree, 12 best solution, best possible 8 (18.87 seconds)
Cbc0010I After 72634 nodes, 23384 on tree, 12 best solution, best possible 8 (19.57 seconds)
Cbc0010I After 75531 nodes, 24418 on tree, 12 best solution, best possible 8 (20.27 seconds)
Cbc0010I After 78449 nodes, 25291 on tree, 12 best solution, best possible 8 (20.97 seconds)
Cbc0010I After 81413 nodes, 25941 on tree, 12 best solution, best possible 8 (21.67 seconds)
Cbc0010I After 84040 nodes, 27669 on tree, 12 best solution, best possible 8 (22.37 seconds)
Cbc0010I After 86958 nodes, 28869 on tree, 12 best solution, best possible 8 (23.07 seconds)
Cbc0010I After 89940 nodes, 29748 on tree, 12 best solution, best possible 8 (23.77 seconds)
Cbc0010I After 92861 nodes, 30280 on tree, 12 best solution, best possible 8 (24.47 seconds)
Cbc0010I After 95515 nodes, 31191 on tree, 12 best solution, best possible 8 (25.17 seconds)
Cbc0010I After 98254 nodes, 31904 on tree, 12 best solution, best possible 8.2180898 (25.87 seconds)
Cbc0010I After 101212 nodes, 32682 on tree, 12 best solution, best possible 8.2584722 (26.57 seconds)
Cbc0010I After 103803 nodes, 33149 on tree, 12 best solution, best possible 8.4490478 (27.27 seconds)
Cbc0010I After 106614 nodes, 33607 on tree, 12 best solution, best possible 8.5 (27.97 seconds)
Cbc0010I After 109478 nodes, 33987 on tree, 12 best solution, best possible 8.5 (28.67 seconds)
Cbc0010I After 112150 nodes, 34545 on tree, 12 best solution, best possible 8.5 (29.37 seconds)
Cbc0010I After 114857 nodes, 35155 on tree, 12 best solution, best possible 8.5 (30.07 seconds)
Cbc0010I After 117636 nodes, 35620 on tree, 12 best solution, best possible 8.6056255 (30.78 seconds)
Cbc0010I After 120219 nodes, 36007 on tree, 12 best solution, best possible 8.6666667 (31.48 seconds)
Cbc0010I After 122836 nodes, 36617 on tree, 12 best solution, best possible 8.75 (32.18 seconds)
Cbc0010I After 125525 nodes, 37108 on tree, 12 best solution, best possible 8.86 (32.88 seconds)
Cbc0010I After 128019 nodes, 38263 on tree, 12 best solution, best possible 9 (33.58 seconds)
Cbc0010I After 130804 nodes, 38850 on tree, 12 best solution, best possible 9 (34.28 seconds)
Cbc0010I After 133599 nodes, 39079 on tree, 12 best solution, best possible 9 (34.98 seconds)
Cbc0010I After 136080 nodes, 40433 on tree, 12 best solution, best possible 9 (35.68 seconds)
Cbc0010I After 138733 nodes, 42001 on tree, 12 best solution, best possible 9 (36.38 seconds)
Cbc0010I After 141416 nodes, 43383 on tree, 12 best solution, best possible 9 (37.08 seconds)
Cbc0010I After 143928 nodes, 44237 on tree, 12 best solution, best possible 9 (37.78 seconds)
Cbc0010I After 146538 nodes, 44793 on tree, 12 best solution, best possible 9 (38.48 seconds)
Cbc0010I After 149110 nodes, 45251 on tree, 12 best solution, best possible 9 (39.18 seconds)
Cbc0010I After 151459 nodes, 45829 on tree, 12 best solution, best possible 9 (39.88 seconds)
Cbc0010I After 153938 nodes, 46341 on tree, 12 best solution, best possible 9 (40.58 seconds)
Cbc0010I After 156155 nodes, 46956 on tree, 12 best solution, best possible 9 (41.28 seconds)
Cbc0010I After 158543 nodes, 47407 on tree, 12 best solution, best possible 9 (41.98 seconds)
Cbc0010I After 160981 nodes, 47620 on tree, 12 best solution, best possible 9 (42.68 seconds)
Cbc0010I After 163214 nodes, 47679 on tree, 12 best solution, best possible 9 (43.38 seconds)
Cbc0010I After 165454 nodes, 47774 on tree, 12 best solution, best possible 9 (44.09 seconds)
Cbc0010I After 167581 nodes, 48074 on tree, 12 best solution, best possible 9 (44.79 seconds)
Cbc0010I After 169745 nodes, 48455 on tree, 12 best solution, best possible 9 (45.49 seconds)
Cbc0010I After 171750 nodes, 48759 on tree, 12 best solution, best possible 9 (46.19 seconds)
Cbc0010I After 173839 nodes, 49019 on tree, 12 best solution, best possible 9 (46.89 seconds)
Cbc0010I After 175560 nodes, 49823 on tree, 12 best solution, best possible 9 (47.59 seconds)
Cbc0010I After 177470 nodes, 50446 on tree, 12 best solution, best possible 9 (48.29 seconds)
Cbc0010I After 179384 nodes, 50863 on tree, 12 best solution, best possible 9 (48.99 seconds)
Cbc0010I After 181327 nodes, 51202 on tree, 12 best solution, best possible 9 (49.69 seconds)
Cbc0010I After 183167 nodes, 51561 on tree, 12 best solution, best possible 9 (50.39 seconds)
Cbc0010I After 185061 nodes, 52314 on tree, 12 best solution, best possible 9 (51.09 seconds)
Cbc0010I After 186768 nodes, 53569 on tree, 12 best solution, best possible 9 (51.79 seconds)
Cbc0010I After 188662 nodes, 54536 on tree, 12 best solution, best possible 9 (52.49 seconds)
Cbc0010I After 190449 nodes, 54807 on tree, 12 best solution, best possible 9 (53.19 seconds)
Cbc0010I After 192335 nodes, 55138 on tree, 12 best solution, best possible 9 (53.90 seconds)
Cbc0010I After 194298 nodes, 55349 on tree, 12 best solution, best possible 9 (54.60 seconds)
Cbc0010I After 196170 nodes, 55726 on tree, 12 best solution, best possible 9 (55.30 seconds)
Cbc0010I After 198412 nodes, 55853 on tree, 12 best solution, best possible 9 (56.00 seconds)
Cbc0010I After 200297 nodes, 56199 on tree, 12 best solution, best possible 9 (56.70 seconds)
Cbc0010I After 202294 nodes, 56280 on tree, 12 best solution, best possible 9 (57.40 seconds)
Cbc0010I After 203982 nodes, 56600 on tree, 12 best solution, best possible 9 (58.10 seconds)
Cbc0010I After 205954 nodes, 56704 on tree, 12 best solution, best possible 9 (58.80 seconds)
Cbc0010I After 207673 nodes, 57421 on tree, 12 best solution, best possible 9 (59.50 seconds)
Cbc0010I After 209963 nodes, 57454 on tree, 12 best solution, best possible 9 (60.20 seconds)
Cbc0010I After 211570 nodes, 58034 on tree, 12 best solution, best possible 9 (60.90 seconds)
Cbc0010I After 213808 nodes, 58500 on tree, 12 best solution, best possible 9 (61.60 seconds)
Cbc0010I After 215662 nodes, 58716 on tree, 12 best solution, best possible 9 (62.30 seconds)
Cbc0010I After 217731 nodes, 58777 on tree, 12 best solution, best possible 9 (63.01 seconds)
Cbc0010I After 219405 nodes, 59167 on tree, 12 best solution, best possible 9 (63.71 seconds)
Cbc0010I After 221367 nodes, 59462 on tree, 12 best solution, best possible 9 (64.41 seconds)
Cbc0010I After 222956 nodes, 60107 on tree, 12 best solution, best possible 9 (65.11 seconds)
Cbc0010I After 224772 nodes, 60765 on tree, 12 best solution, best possible 9 (65.81 seconds)
Cbc0010I After 226422 nodes, 61162 on tree, 12 best solution, best possible 9 (66.51 seconds)
Cbc0010I After 228341 nodes, 61181 on tree, 12 best solution, best possible 9 (67.21 seconds)
Cbc0010I After 230272 nodes, 61195 on tree, 12 best solution, best possible 9 (67.91 seconds)
Cbc0010I After 232000 nodes, 61331 on tree, 12 best solution, best possible 9 (68.61 seconds)
Cbc0010I After 234031 nodes, 61359 on tree, 12 best solution, best possible 9 (69.32 seconds)
Cbc0010I After 235613 nodes, 61902 on tree, 12 best solution, best possible 9 (70.02 seconds)
Cbc0010I After 237760 nodes, 61911 on tree, 12 best solution, best possible 9 (70.72 seconds)
Cbc0010I After 239297 nodes, 62829 on tree, 12 best solution, best possible 9 (71.42 seconds)
Cbc0010I After 241416 nodes, 63209 on tree, 12 best solution, best possible 9 (72.12 seconds)
Cbc0010I After 242938 nodes, 64051 on tree, 12 best solution, best possible 9 (72.82 seconds)
Cbc0010I After 245066 nodes, 64274 on tree, 12 best solution, best possible 9 (73.52 seconds)
Cbc0010I After 246500 nodes, 64909 on tree, 12 best solution, best possible 9 (74.22 seconds)
Cbc0010I After 248021 nodes, 65955 on tree, 12 best solution, best possible 9 (74.92 seconds)
Cbc0010I After 249956 nodes, 66042 on tree, 12 best solution, best possible 9 (75.62 seconds)
Cbc0010I After 251520 nodes, 67015 on tree, 12 best solution, best possible 9 (76.32 seconds)
Cbc0010I After 253529 nodes, 67200 on tree, 12 best solution, best possible 9 (77.02 seconds)
Cbc0010I After 254995 nodes, 67959 on tree, 12 best solution, best possible 9 (77.72 seconds)
Cbc0010I After 256970 nodes, 68567 on tree, 12 best solution, best possible 9 (78.43 seconds)
Cbc0010I After 258234 nodes, 69066 on tree, 12 best solution, best possible 9 (79.13 seconds)
Cbc0010I After 260911 nodes, 69109 on tree, 12 best solution, best possible 9 (79.83 seconds)
Cbc0010I After 262394 nodes, 69375 on tree, 12 best solution, best possible 9.2619585 (80.53 seconds)
Cbc0010I After 264657 nodes, 69761 on tree, 12 best solution, best possible 9.2619585 (81.23 seconds)
Cbc0010I After 268165 nodes, 68931 on tree, 12 best solution, best possible 9.2619585 (81.93 seconds)
Cbc0010I After 269979 nodes, 68807 on tree, 12 best solution, best possible 9.4484405 (82.63 seconds)
Cbc0010I After 272160 nodes, 69003 on tree, 12 best solution, best possible 9.4484405 (83.33 seconds)
Cbc0010I After 274191 nodes, 69021 on tree, 12 best solution, best possible 9.5 (84.03 seconds)
Cbc0010I After 275881 nodes, 69163 on tree, 12 best solution, best possible 9.5 (84.73 seconds)
Cbc0010I After 277958 nodes, 69282 on tree, 12 best solution, best possible 9.5 (85.43 seconds)
Cbc0010I After 281044 nodes, 69150 on tree, 12 best solution, best possible 9.5 (86.14 seconds)
Cbc0010I After 283086 nodes, 69204 on tree, 12 best solution, best possible 9.5 (86.84 seconds)
Cbc0010I After 285240 nodes, 69057 on tree, 12 best solution, best possible 9.5 (87.54 seconds)
Cbc0010I After 287723 nodes, 69210 on tree, 12 best solution, best possible 9.5 (88.24 seconds)
Cbc0010I After 289912 nodes, 69457 on tree, 12 best solution, best possible 9.5 (88.94 seconds)
Cbc0010I After 292799 nodes, 68884 on tree, 12 best solution, best possible 9.5 (89.64 seconds)
Cbc0010I After 294242 nodes, 69195 on tree, 12 best solution, best possible 9.631995 (90.34 seconds)
Cbc0010I After 296995 nodes, 68360 on tree, 12 best solution, best possible 9.631995 (91.04 seconds)
Cbc0010I After 298525 nodes, 68809 on tree, 12 best solution, best possible 9.6666667 (91.74 seconds)
Cbc0010I After 300581 nodes, 68752 on tree, 12 best solution, best possible 9.6666667 (92.44 seconds)
Cbc0010I After 302160 nodes, 68990 on tree, 12 best solution, best possible 9.75 (93.14 seconds)
Cbc0010I After 303897 nodes, 69248 on tree, 12 best solution, best possible 9.75 (93.84 seconds)
Cbc0010I After 305981 nodes, 69149 on tree, 12 best solution, best possible 10 (94.55 seconds)
Cbc0010I After 308343 nodes, 68991 on tree, 12 best solution, best possible 10 (95.25 seconds)
Cbc0010I After 310421 nodes, 68937 on tree, 12 best solution, best possible 10 (95.95 seconds)
Cbc0010I After 312385 nodes, 68974 on tree, 12 best solution, best possible 10 (96.65 seconds)
Cbc0010I After 314437 nodes, 68920 on tree, 12 best solution, best possible 10 (97.35 seconds)
Cbc0010I After 316263 nodes, 69080 on tree, 12 best solution, best possible 10 (98.05 seconds)
Cbc0010I After 318350 nodes, 68890 on tree, 12 best solution, best possible 10 (98.75 seconds)
Cbc0010I After 320198 nodes, 68997 on tree, 12 best solution, best possible 10 (99.45 seconds)
Cbc0010I After 322196 nodes, 68945 on tree, 12 best solution, best possible 10 (100.15 seconds)
Cbc0010I After 324548 nodes, 68899 on tree, 12 best solution, best possible 10 (100.85 seconds)
Cbc0010I After 326388 nodes, 68932 on tree, 12 best solution, best possible 10 (101.55 seconds)
Cbc0010I After 328144 nodes, 69102 on tree, 12 best solution, best possible 10 (102.25 seconds)
Cbc0010I After 330215 nodes, 68988 on tree, 12 best solution, best possible 10 (102.95 seconds)
Cbc0010I After 331905 nodes, 69248 on tree, 12 best solution, best possible 10 (103.65 seconds)
Cbc0010I After 334109 nodes, 69289 on tree, 12 best solution, best possible 10 (104.36 seconds)
Cbc0010I After 337268 nodes, 68814 on tree, 12 best solution, best possible 10 (105.06 seconds)
Cbc0010I After 338931 nodes, 69066 on tree, 12 best solution, best possible 10 (105.76 seconds)
Cbc0010I After 341194 nodes, 68974 on tree, 12 best solution, best possible 10 (106.46 seconds)
Cbc0010I After 342830 nodes, 69218 on tree, 12 best solution, best possible 10 (107.16 seconds)
Cbc0010I After 345480 nodes, 68610 on tree, 12 best solution, best possible 10 (107.86 seconds)
Cbc0010I After 347133 nodes, 68806 on tree, 12 best solution, best possible 10 (108.56 seconds)
Cbc0010I After 349213 nodes, 68611 on tree, 12 best solution, best possible 10 (109.26 seconds)
Cbc0010I After 350753 nodes, 69583 on tree, 12 best solution, best possible 10 (109.96 seconds)
Cbc0010I After 353446 nodes, 69099 on tree, 12 best solution, best possible 10 (110.66 seconds)
Cbc0010I After 355606 nodes, 69255 on tree, 12 best solution, best possible 10 (111.36 seconds)
Cbc0010I After 358193 nodes, 69371 on tree, 12 best solution, best possible 10 (112.06 seconds)
Cbc0010I After 361135 nodes, 69369 on tree, 12 best solution, best possible 10 (112.76 seconds)
Cbc0010I After 363642 nodes, 69153 on tree, 12 best solution, best possible 10 (113.47 seconds)
Cbc0010I After 365773 nodes, 69199 on tree, 12 best solution, best possible 10 (114.17 seconds)
Cbc0010I After 368109 nodes, 68807 on tree, 12 best solution, best possible 10 (114.87 seconds)
Cbc0010I After 370274 nodes, 68489 on tree, 12 best solution, best possible 10 (115.57 seconds)
Cbc0010I After 371948 nodes, 68585 on tree, 12 best solution, best possible 10 (116.27 seconds)
Cbc0010I After 373993 nodes, 68385 on tree, 12 best solution, best possible 10 (116.97 seconds)
Cbc0010I After 375654 nodes, 68666 on tree, 12 best solution, best possible 10 (117.67 seconds)
Cbc0010I After 377669 nodes, 68678 on tree, 12 best solution, best possible 10 (118.37 seconds)
Cbc0010I After 379325 nodes, 68926 on tree, 12 best solution, best possible 10 (119.07 seconds)
Cbc0010I After 381582 nodes, 69164 on tree, 12 best solution, best possible 10 (119.77 seconds)
Cbc0010I After 383759 nodes, 69349 on tree, 12 best solution, best possible 10 (120.47 seconds)
Cbc0010I After 385860 nodes, 69764 on tree, 12 best solution, best possible 10 (121.17 seconds)
Cbc0010I After 388775 nodes, 69819 on tree, 12 best solution, best possible 10 (121.88 seconds)
Cbc0010I After 391671 nodes, 69819 on tree, 12 best solution, best possible 10 (122.58 seconds)
Cbc0010I After 394694 nodes, 69811 on tree, 12 best solution, best possible 10 (123.28 seconds)
Cbc0010I After 397461 nodes, 69349 on tree, 12 best solution, best possible 10 (123.98 seconds)
Cbc0010I After 400144 nodes, 68935 on tree, 12 best solution, best possible 10 (124.68 seconds)
Cbc0010I After 402083 nodes, 69442 on tree, 12 best solution, best possible 10 (125.38 seconds)
Cbc0010I After 404294 nodes, 69435 on tree, 12 best solution, best possible 10 (126.08 seconds)
Cbc0010I After 406489 nodes, 69479 on tree, 12 best solution, best possible 10 (126.78 seconds)
Cbc0010I After 409906 nodes, 69338 on tree, 12 best solution, best possible 10 (127.48 seconds)
Cbc0010I After 413217 nodes, 69337 on tree, 12 best solution, best possible 10 (128.18 seconds)
Cbc0010I After 415703 nodes, 69624 on tree, 12 best solution, best possible 10 (128.88 seconds)
Cbc0010I After 418365 nodes, 69278 on tree, 12 best solution, best possible 10 (129.58 seconds)
Cbc0010I After 421000 nodes, 68956 on tree, 12 best solution, best possible 10 (130.29 seconds)
Cbc0010I After 423076 nodes, 69148 on tree, 12 best solution, best possible 10 (130.99 seconds)
Cbc0010I After 425204 nodes, 69143 on tree, 12 best solution, best possible 10 (131.69 seconds)
Cbc0010I After 427578 nodes, 69184 on tree, 12 best solution, best possible 10 (132.39 seconds)
Cbc0010I After 429760 nodes, 69500 on tree, 12 best solution, best possible 10 (133.09 seconds)
Cbc0010I After 432547 nodes, 69603 on tree, 12 best solution, best possible 10 (133.79 seconds)
Cbc0010I After 435910 nodes, 69603 on tree, 12 best solution, best possible 10 (134.49 seconds)
Cbc0010I After 438951 nodes, 69084 on tree, 12 best solution, best possible 10 (135.19 seconds)
Cbc0010I After 441029 nodes, 68415 on tree, 12 best solution, best possible 10 (135.89 seconds)
Cbc0010I After 442781 nodes, 68504 on tree, 12 best solution, best possible 10 (136.60 seconds)
Cbc0010I After 445000 nodes, 68433 on tree, 12 best solution, best possible 10 (137.30 seconds)
Cbc0010I After 446760 nodes, 68713 on tree, 12 best solution, best possible 10 (138.00 seconds)
Cbc0010I After 449091 nodes, 68328 on tree, 12 best solution, best possible 10 (138.70 seconds)
Cbc0010I After 450813 nodes, 68612 on tree, 12 best solution, best possible 10 (139.40 seconds)
Cbc0010I After 452984 nodes, 68563 on tree, 12 best solution, best possible 10 (140.11 seconds)
Cbc0010I After 454738 nodes, 68816 on tree, 12 best solution, best possible 10 (140.81 seconds)
Cbc0010I After 457017 nodes, 68338 on tree, 12 best solution, best possible 10 (141.51 seconds)
Cbc0010I After 458729 nodes, 68625 on tree, 12 best solution, best possible 10 (142.21 seconds)
Cbc0010I After 460644 nodes, 68708 on tree, 12 best solution, best possible 10 (142.91 seconds)
Cbc0010I After 462387 nodes, 68861 on tree, 12 best solution, best possible 10 (143.61 seconds)
Cbc0010I After 464137 nodes, 68995 on tree, 12 best solution, best possible 10 (144.31 seconds)
Cbc0010I After 466266 nodes, 68708 on tree, 12 best solution, best possible 10 (145.01 seconds)
Cbc0010I After 467964 nodes, 69006 on tree, 12 best solution, best possible 10 (145.71 seconds)
Cbc0010I After 469978 nodes, 68972 on tree, 12 best solution, best possible 10 (146.41 seconds)
Cbc0010I After 471704 nodes, 69301 on tree, 12 best solution, best possible 10 (147.11 seconds)
Cbc0010I After 473923 nodes, 69361 on tree, 12 best solution, best possible 10 (147.82 seconds)
Cbc0010I After 476352 nodes, 69025 on tree, 12 best solution, best possible 10 (148.52 seconds)
Cbc0010I After 478281 nodes, 69114 on tree, 12 best solution, best possible 10 (149.22 seconds)
Cbc0010I After 480876 nodes, 68478 on tree, 12 best solution, best possible 10 (149.92 seconds)
Cbc0010I After 482665 nodes, 68647 on tree, 12 best solution, best possible 10 (150.62 seconds)
Cbc0010I After 484754 nodes, 68553 on tree, 12 best solution, best possible 10 (151.32 seconds)
Cbc0010I After 486467 nodes, 69096 on tree, 12 best solution, best possible 10 (152.02 seconds)
Cbc0010I After 489243 nodes, 68553 on tree, 12 best solution, best possible 10 (152.72 seconds)
Cbc0010I After 490726 nodes, 69371 on tree, 12 best solution, best possible 10 (153.42 seconds)
Cbc0010I After 493163 nodes, 68828 on tree, 12 best solution, best possible 10 (154.12 seconds)
Cbc0010I After 495229 nodes, 68999 on tree, 12 best solution, best possible 10 (154.82 seconds)
Cbc0010I After 497349 nodes, 68788 on tree, 12 best solution, best possible 10 (155.52 seconds)
Cbc0010I After 499099 nodes, 69107 on tree, 12 best solution, best possible 10 (156.23 seconds)
Cbc0010I After 501113 nodes, 68769 on tree, 12 best solution, best possible 10 (156.93 seconds)
Cbc0010I After 502836 nodes, 68971 on tree, 12 best solution, best possible 10 (157.63 seconds)
Cbc0010I After 505000 nodes, 68647 on tree, 12 best solution, best possible 10 (158.33 seconds)
Cbc0010I After 506687 nodes, 68861 on tree, 12 best solution, best possible 10 (159.03 seconds)
Cbc0010I After 508605 nodes, 68877 on tree, 12 best solution, best possible 10 (159.73 seconds)
Cbc0010I After 510860 nodes, 69069 on tree, 12 best solution, best possible 10 (160.43 seconds)
Cbc0010I After 513258 nodes, 68839 on tree, 12 best solution, best possible 10 (161.13 seconds)
Cbc0010I After 515498 nodes, 69117 on tree, 12 best solution, best possible 10 (161.83 seconds)
Cbc0010I After 518373 nodes, 69331 on tree, 12 best solution, best possible 10 (162.53 seconds)
Cbc0010I After 521162 nodes, 68533 on tree, 12 best solution, best possible 10 (163.23 seconds)
Cbc0010I After 522728 nodes, 69411 on tree, 12 best solution, best possible 10 (163.93 seconds)
Cbc0010I After 525307 nodes, 68927 on tree, 12 best solution, best possible 10 (164.64 seconds)
Cbc0010I After 527468 nodes, 69289 on tree, 12 best solution, best possible 10 (165.34 seconds)
Cbc0010I After 529911 nodes, 69535 on tree, 12 best solution, best possible 10 (166.04 seconds)
Cbc0010I After 532535 nodes, 69536 on tree, 12 best solution, best possible 10 (166.74 seconds)
Cbc0010I After 535396 nodes, 69535 on tree, 12 best solution, best possible 10 (167.44 seconds)
Cbc0010I After 538233 nodes, 69005 on tree, 12 best solution, best possible 10 (168.14 seconds)
Cbc0010I After 540006 nodes, 68929 on tree, 12 best solution, best possible 10 (168.84 seconds)
Cbc0010I After 542183 nodes, 68890 on tree, 12 best solution, best possible 10 (169.54 seconds)
Cbc0010I After 543981 nodes, 69212 on tree, 12 best solution, best possible 10 (170.24 seconds)
Cbc0010I After 546264 nodes, 68845 on tree, 12 best solution, best possible 10 (170.94 seconds)
Cbc0010I After 548170 nodes, 69001 on tree, 12 best solution, best possible 10 (171.64 seconds)
Cbc0010I After 550254 nodes, 68787 on tree, 12 best solution, best possible 10 (172.34 seconds)
Cbc0010I After 552000 nodes, 69052 on tree, 12 best solution, best possible 10 (173.04 seconds)
Cbc0010I After 554128 nodes, 68999 on tree, 12 best solution, best possible 10 (173.75 seconds)
Cbc0010I After 555888 nodes, 69348 on tree, 12 best solution, best possible 10 (174.45 seconds)
Cbc0010I After 558259 nodes, 69125 on tree, 12 best solution, best possible 10 (175.15 seconds)
Cbc0010I After 560932 nodes, 68206 on tree, 12 best solution, best possible 10 (175.85 seconds)
Cbc0010I After 562625 nodes, 68415 on tree, 12 best solution, best possible 10 (176.55 seconds)
Cbc0010I After 564511 nodes, 68591 on tree, 12 best solution, best possible 10 (177.25 seconds)
Cbc0010I After 566386 nodes, 68507 on tree, 12 best solution, best possible 10 (177.95 seconds)
Cbc0010I After 568167 nodes, 69238 on tree, 12 best solution, best possible 10 (178.65 seconds)
Cbc0010I After 570677 nodes, 68768 on tree, 12 best solution, best possible 10 (179.35 seconds)
Cbc0010I After 573028 nodes, 68197 on tree, 12 best solution, best possible 10 (180.05 seconds)
Cbc0010I After 574821 nodes, 68368 on tree, 12 best solution, best possible 10 (180.75 seconds)
Cbc0010I After 576751 nodes, 68555 on tree, 12 best solution, best possible 10 (181.45 seconds)
Cbc0010I After 578576 nodes, 68788 on tree, 12 best solution, best possible 10 (182.16 seconds)
Cbc0010I After 580806 nodes, 68922 on tree, 12 best solution, best possible 10 (182.86 seconds)
Cbc0010I After 583207 nodes, 68663 on tree, 12 best solution, best possible 10 (183.56 seconds)
Cbc0010I After 585153 nodes, 68881 on tree, 12 best solution, best possible 10 (184.26 seconds)
Cbc0010I After 587010 nodes, 68911 on tree, 12 best solution, best possible 10 (184.96 seconds)
Cbc0010I After 589204 nodes, 68707 on tree, 12 best solution, best possible 10 (185.66 seconds)
Cbc0010I After 591113 nodes, 68897 on tree, 12 best solution, best possible 10 (186.36 seconds)
Cbc0010I After 593170 nodes, 68629 on tree, 12 best solution, best possible 10 (187.06 seconds)
Cbc0010I After 594990 nodes, 68785 on tree, 12 best solution, best possible 10 (187.76 seconds)
Cbc0010I After 597076 nodes, 68469 on tree, 12 best solution, best possible 10 (188.46 seconds)
Cbc0010I After 598722 nodes, 69073 on tree, 12 best solution, best possible 10 (189.16 seconds)
Cbc0010I After 601012 nodes, 68253 on tree, 12 best solution, best possible 10 (189.86 seconds)
Cbc0010I After 603119 nodes, 67765 on tree, 12 best solution, best possible 10 (190.56 seconds)
Cbc0010I After 605354 nodes, 67324 on tree, 12 best solution, best possible 10 (191.27 seconds)
Cbc0010I After 607449 nodes, 67528 on tree, 12 best solution, best possible 10 (191.97 seconds)
Cbc0010I After 609625 nodes, 67845 on tree, 12 best solution, best possible 10 (192.67 seconds)
Cbc0010I After 611768 nodes, 68231 on tree, 12 best solution, best possible 10 (193.37 seconds)
Cbc0010I After 613946 nodes, 68329 on tree, 12 best solution, best possible 10 (194.07 seconds)
Cbc0010I After 616296 nodes, 68597 on tree, 12 best solution, best possible 10 (194.77 seconds)
Cbc0010I After 618337 nodes, 68711 on tree, 12 best solution, best possible 10 (195.47 seconds)
Cbc0010I After 620767 nodes, 69050 on tree, 12 best solution, best possible 10 (196.17 seconds)
Cbc0010I After 623198 nodes, 68843 on tree, 12 best solution, best possible 10 (196.87 seconds)
Cbc0010I After 625607 nodes, 68456 on tree, 12 best solution, best possible 10 (197.57 seconds)
Cbc0010I After 627542 nodes, 68674 on tree, 12 best solution, best possible 10 (198.27 seconds)
Cbc0010I After 629817 nodes, 68270 on tree, 12 best solution, best possible 10 (198.97 seconds)
Cbc0010I After 632323 nodes, 68312 on tree, 12 best solution, best possible 10 (199.67 seconds)
Cbc0010I After 634469 nodes, 68293 on tree, 12 best solution, best possible 10 (200.37 seconds)
Cbc0010I After 637235 nodes, 67945 on tree, 12 best solution, best possible 10 (201.08 seconds)
Cbc0010I After 639137 nodes, 68290 on tree, 12 best solution, best possible 10 (201.78 seconds)
Cbc0010I After 641684 nodes, 67756 on tree, 12 best solution, best possible 10 (202.48 seconds)
Cbc0010I After 643761 nodes, 67955 on tree, 12 best solution, best possible 10 (203.18 seconds)
Cbc0010I After 646038 nodes, 67373 on tree, 12 best solution, best possible 10 (203.88 seconds)
Cbc0010I After 649365 nodes, 65303 on tree, 12 best solution, best possible 10 (204.58 seconds)
Cbc0010I After 651695 nodes, 64384 on tree, 12 best solution, best possible 10 (205.28 seconds)
Cbc0010I After 653989 nodes, 63734 on tree, 12 best solution, best possible 10 (205.98 seconds)
Cbc0010I After 657015 nodes, 61945 on tree, 12 best solution, best possible 10 (206.68 seconds)
Cbc0010I After 658980 nodes, 61664 on tree, 12 best solution, best possible 10 (207.38 seconds)
Cbc0010I After 661454 nodes, 60540 on tree, 12 best solution, best possible 10 (208.08 seconds)
Cbc0010I After 663984 nodes, 59471 on tree, 12 best solution, best possible 10 (208.78 seconds)
Cbc0010I After 666009 nodes, 59118 on tree, 12 best solution, best possible 10 (209.48 seconds)
Cbc0010I After 669122 nodes, 57252 on tree, 12 best solution, best possible 10 (210.18 seconds)
Cbc0010I After 671153 nodes, 56803 on tree, 12 best solution, best possible 10 (210.88 seconds)
Cbc0010I After 673615 nodes, 55834 on tree, 12 best solution, best possible 10 (211.59 seconds)
Cbc0010I After 676007 nodes, 54840 on tree, 12 best solution, best possible 10 (212.29 seconds)
Cbc0010I After 678189 nodes, 54102 on tree, 12 best solution, best possible 10.25 (212.99 seconds)
Cbc0010I After 680852 nodes, 53058 on tree, 12 best solution, best possible 10.25 (213.69 seconds)
Cbc0010I After 682897 nodes, 52926 on tree, 12 best solution, best possible 10.362687 (214.39 seconds)
Cbc0010I After 685051 nodes, 52985 on tree, 12 best solution, best possible 10.384615 (215.09 seconds)
Cbc0010I After 687261 nodes, 52922 on tree, 12 best solution, best possible 10.5 (215.79 seconds)
Cbc0010I After 689440 nodes, 52689 on tree, 12 best solution, best possible 10.5 (216.49 seconds)
Cbc0010I After 691389 nodes, 52592 on tree, 12 best solution, best possible 10.5 (217.19 seconds)
Cbc0010I After 693757 nodes, 51947 on tree, 12 best solution, best possible 10.5 (217.89 seconds)
Cbc0010I After 695736 nodes, 52190 on tree, 12 best solution, best possible 10.5 (218.59 seconds)
Cbc0010I After 698302 nodes, 51224 on tree, 12 best solution, best possible 10.5 (219.29 seconds)
Cbc0010I After 700875 nodes, 50105 on tree, 12 best solution, best possible 10.5 (219.99 seconds)
Cbc0010I After 703493 nodes, 48852 on tree, 12 best solution, best possible 10.5 (220.69 seconds)
Cbc0010I After 705914 nodes, 47812 on tree, 12 best solution, best possible 10.5 (221.40 seconds)
Cbc0010I After 708853 nodes, 45809 on tree, 12 best solution, best possible 10.5 (222.10 seconds)
Cbc0010I After 711243 nodes, 44832 on tree, 12 best solution, best possible 10.5 (222.80 seconds)
Cbc0010I After 713802 nodes, 44338 on tree, 12 best solution, best possible 10.571429 (223.50 seconds)
Cbc0010I After 716314 nodes, 44607 on tree, 12 best solution, best possible 10.633863 (224.20 seconds)
Cbc0010I After 718847 nodes, 44060 on tree, 12 best solution, best possible 10.666667 (224.90 seconds)
Cbc0010I After 721493 nodes, 43686 on tree, 12 best solution, best possible 10.75 (225.60 seconds)
Cbc0010I After 724000 nodes, 43844 on tree, 12 best solution, best possible 11 (226.30 seconds)
Cbc0010I After 726527 nodes, 44056 on tree, 12 best solution, best possible 11 (227.00 seconds)
Cbc0010I After 729056 nodes, 44299 on tree, 12 best solution, best possible 11 (227.70 seconds)
Cbc0010I After 731416 nodes, 44677 on tree, 12 best solution, best possible 11 (228.41 seconds)
Cbc0010I After 734223 nodes, 44406 on tree, 12 best solution, best possible 11 (229.11 seconds)
Cbc0010I After 737000 nodes, 43978 on tree, 12 best solution, best possible 11 (229.81 seconds)
Cbc0010I After 739306 nodes, 44281 on tree, 12 best solution, best possible 11 (230.51 seconds)
Cbc0010I After 742351 nodes, 42999 on tree, 12 best solution, best possible 11 (231.21 seconds)
Cbc0010I After 746244 nodes, 39995 on tree, 12 best solution, best possible 11 (231.91 seconds)
Cbc0010I After 750116 nodes, 37157 on tree, 12 best solution, best possible 11 (232.61 seconds)
Cbc0010I After 753837 nodes, 34526 on tree, 12 best solution, best possible 11 (233.31 seconds)
Cbc0010I After 757167 nodes, 32331 on tree, 12 best solution, best possible 11 (234.01 seconds)
Cbc0010I After 760590 nodes, 29780 on tree, 12 best solution, best possible 11 (234.71 seconds)
Cbc0010I After 763916 nodes, 27354 on tree, 12 best solution, best possible 11 (235.41 seconds)
Cbc0010I After 767048 nodes, 25729 on tree, 12 best solution, best possible 11 (236.11 seconds)
Cbc0010I After 769467 nodes, 25570 on tree, 12 best solution, best possible 11 (236.81 seconds)
Cbc0010I After 771568 nodes, 25871 on tree, 12 best solution, best possible 11 (237.51 seconds)
Cbc0010I After 774031 nodes, 25452 on tree, 12 best solution, best possible 11 (238.21 seconds)
Cbc0010I After 777053 nodes, 23753 on tree, 12 best solution, best possible 11 (238.91 seconds)
Cbc0010I After 780037 nodes, 21570 on tree, 12 best solution, best possible 11 (239.61 seconds)
Cbc0010I After 782896 nodes, 20682 on tree, 12 best solution, best possible 11 (240.31 seconds)
Cbc0010I After 785385 nodes, 20719 on tree, 12 best solution, best possible 11 (241.02 seconds)
Cbc0010I After 787860 nodes, 21015 on tree, 12 best solution, best possible 11 (241.72 seconds)
Cbc0010I After 790538 nodes, 20653 on tree, 12 best solution, best possible 11 (242.42 seconds)
Cbc0010I After 793267 nodes, 20295 on tree, 12 best solution, best possible 11 (243.12 seconds)
Cbc0010I After 795580 nodes, 20510 on tree, 12 best solution, best possible 11 (243.82 seconds)
Cbc0010I After 799271 nodes, 17550 on tree, 12 best solution, best possible 11 (244.52 seconds)
Cbc0010I After 803011 nodes, 14697 on tree, 12 best solution, best possible 11 (245.22 seconds)
Cbc0010I After 806554 nodes, 12016 on tree, 12 best solution, best possible 11 (245.92 seconds)
Cbc0010I After 809686 nodes, 10052 on tree, 12 best solution, best possible 11 (246.62 seconds)
Cbc0010I After 811880 nodes, 10220 on tree, 12 best solution, best possible 11 (247.32 seconds)
Cbc0010I After 815033 nodes, 8136 on tree, 12 best solution, best possible 11 (248.02 seconds)
Cbc0010I After 817650 nodes, 7788 on tree, 12 best solution, best possible 11 (248.72 seconds)
Cbc0010I After 820402 nodes, 7373 on tree, 12 best solution, best possible 11 (249.42 seconds)
Cbc0010I After 823975 nodes, 4625 on tree, 12 best solution, best possible 11 (250.12 seconds)
Cbc0010I After 826753 nodes, 3533 on tree, 12 best solution, best possible 11 (250.82 seconds)
Cbc0010I After 829546 nodes, 2517 on tree, 12 best solution, best possible 11 (251.52 seconds)
Cbc0010I After 832016 nodes, 1672 on tree, 12 best solution, best possible 11 (252.22 seconds)
Cbc0010I After 834402 nodes, 781 on tree, 12 best solution, best possible 11 (252.92 seconds)
Cbc0010I After 836508 nodes, 17 on tree, 12 best solution, best possible 11 (253.62 seconds)
Cbc0030I Thread 0 used 836560 times,  waiting to start 1.8051991, 243.8064 cpu time, 4899694 locks, 21.640622 locked, 0.3154614 waiting for locks
Cbc0030I Main thread 240.61898 waiting for threads,  5857148 locks, 5.0356002 locked, 0.36645222 waiting for locks
Cbc0001I Search completed - best objective 12, took 2371223 iterations and 836560 nodes (253.65 seconds)
Cbc0032I Strong branching done 445780 times (1741454 iterations), fathomed 93963 nodes and fixed 104168 variables
Cbc0035I Maximum depth 55, 7507090 variables fixed on reduced cost
Cbc0045I Orbital branching succeeded 24 times - average extra   0.042, fixing (9,  21.111)
