Starting solution of the Linear programming relaxation problem using Primal Simplex

Coin0506I Presolve 73 (0) rows, 144 (-220) columns and 444 (-220) elements
Clp1000I sum of infeasibilities 4.27067e-11 - average 5.85024e-13, 132 fixed columns
Coin0506I Presolve 0 (-73) rows, 0 (-144) columns and 0 (-444) elements
Clp0000I Optimal - objective value 1
Clp0000I Optimal - objective value 1
Coin0511I After Postsolve, objective 1, infeasibilities - dual 0 (0), primal 0 (0)
Clp0006I 0  Obj 1
Clp0000I Optimal - objective value 1
Clp0000I Optimal - objective value 1
Coin0511I After Postsolve, objective 1, infeasibilities - dual 0 (0), primal 0 (0)
Clp0032I Optimal objective 1 - 0 iterations time 0.002, Presolve 0.00, Idiot 0.00

Starting MIP optimization
Cbc0045I Nauty: 260 orbits (144 useful covering 288 variables), 1 generators, group size: 2 - sparse size 2788 - took 0.000874 seconds
Cbc0038I Initial state - 3 integers unsatisfied sum - 1.5
Cbc0038I Pass   1: suminf.    0.00000 (0) obj. 1 iterations 4
Cbc0038I Pass   2: suminf.    0.00000 (0) obj. 1 iterations 0
Cbc0038I Pass   3: suminf.    0.00000 (0) obj. 1 iterations 0
Cbc0038I Pass   4: suminf.    3.00000 (6) obj. 36 iterations 97
Cbc0038I Pass   5: suminf.    0.50000 (1) obj. 36 iterations 9
Cbc0038I Pass   6: suminf.    0.00000 (0) obj. 36 iterations 1
Cbc0038I Pass   7: suminf.    0.00000 (0) obj. 36 iterations 0
Cbc0038I Pass   8: suminf.    0.00000 (0) obj. 36 iterations 0
Cbc0038I Pass   9: suminf.    0.00000 (0) obj. 36 iterations 0
Cbc0038I Pass  10: suminf.    0.00000 (0) obj. 36 iterations 0
Cbc0038I Pass  11: suminf.    0.00000 (0) obj. 36 iterations 0
Cbc0038I Pass  12: suminf.    0.00000 (0) obj. 36 iterations 0
Cbc0038I Pass  13: suminf.    0.00000 (0) obj. 36 iterations 0
Cbc0038I Pass  14: suminf.    2.00000 (4) obj. 42 iterations 45
Cbc0038I Pass  15: suminf.    0.50000 (1) obj. 42 iterations 5
Cbc0038I Pass  16: suminf.    0.00000 (0) obj. 42 iterations 1
Cbc0038I Pass  17: suminf.    0.00000 (0) obj. 42 iterations 0
Cbc0038I Pass  18: suminf.    0.00000 (0) obj. 42 iterations 0
Cbc0038I Pass  19: suminf.    0.00000 (0) obj. 42 iterations 0
Cbc0038I Pass  20: suminf.    0.00000 (0) obj. 42 iterations 0
Cbc0038I Pass  21: suminf.    0.00000 (0) obj. 42 iterations 0
Cbc0038I Pass  22: suminf.    0.00000 (0) obj. 42 iterations 0
Cbc0038I Pass  23: suminf.    0.00000 (0) obj. 42 iterations 0
Cbc0038I Pass  24: suminf.    0.00000 (0) obj. 42 iterations 0
Cbc0038I Pass  25: suminf.    2.00000 (4) obj. 53 iterations 51
Cbc0038I Pass  26: suminf.    0.50000 (1) obj. 53 iterations 4
Cbc0038I Pass  27: suminf.    0.00000 (0) obj. 53 iterations 1
Cbc0038I Pass  28: suminf.    0.00000 (0) obj. 53 iterations 0
Cbc0038I Pass  29: suminf.    0.00000 (0) obj. 53 iterations 0
Cbc0038I Pass  30: suminf.    0.00000 (0) obj. 53 iterations 0
Cbc0038I No solution found this major pass
Cbc0038I Before mini branch and bound, 121 integers at bound fixed and 3 continuous
Cbc0038I Full problem 73 rows 291 columns, reduced to 32 rows 80 columns
Cbc0038I Mini branch and bound improved solution from 1.797693134862e+308 to 1 (0.01 seconds)
Cbc0038I After 0.01 seconds - Feasibility pump exiting with objective of 1 - took 0.01 seconds
Cbc0051I Starting cut generation at root node
Cbc0031I 61 added rows had average density of 21.606557
Cbc0013I At root node, 61 cuts changed objective from 1 to 3.0372095 in 100 passes
Cbc0014I Cut generator 0 (Probing) - 0 row cuts average 0.0 elements, 0 column cuts (0 active)  in 0.019 seconds - new frequency is -100
Cbc0014I Cut generator 1 (Gomory) - 533 row cuts average 227.5 elements, 0 column cuts (0 active)  in 0.186 seconds - new frequency is 1
Cbc0014I Cut generator 2 (Knapsack) - 1338 row cuts average 3.3 elements, 0 column cuts (0 active)  in 0.078 seconds - new frequency is 1
Cbc0014I Cut generator 3 (Clique) - 0 row cuts average 0.0 elements, 0 column cuts (0 active)  in 0.000 seconds - new frequency is -100
Cbc0014I Cut generator 4 (MixedIntegerRounding2) - 50 row cuts average 95.0 elements, 0 column cuts (0 active)  in 0.092 seconds - new frequency is -100
Cbc0014I Cut generator 5 (FlowCover) - 0 row cuts average 0.0 elements, 0 column cuts (0 active)  in 0.002 seconds - new frequency is -100
Cbc0014I Cut generator 6 (TwoMirCuts) - 107 row cuts average 10.2 elements, 0 column cuts (0 active)  in 0.005 seconds - new frequency is 1
Cbc0010I After 0 nodes, 1 on tree, 1e+50 best solution, best possible 3.0372095 (0.83 seconds)
Cbc0004I Integer solution of 34 found after 9415 iterations and 702 nodes (1.14 seconds)
Cbc0012I Integer solution of 34 found by heuristic after 9414 iterations and 701 nodes (1.14 seconds)
Cbc0010I After 2126 nodes, 916 on tree, 34 best solution, best possible 3.0372095 (1.53 seconds)
Cbc0010I After 5039 nodes, 2316 on tree, 34 best solution, best possible 3.0372095 (2.24 seconds)
Cbc0010I After 7993 nodes, 3782 on tree, 34 best solution, best possible 3.0372095 (2.94 seconds)
Cbc0010I After 10915 nodes, 5127 on tree, 34 best solution, best possible 3.0372095 (3.64 seconds)
Cbc0010I After 12577 nodes, 5946 on tree, 34 best solution, best possible 6 (4.34 seconds)
Cbc0010I After 15004 nodes, 7112 on tree, 34 best solution, best possible 6.9166667 (5.04 seconds)
Cbc0010I After 17552 nodes, 8342 on tree, 34 best solution, best possible 7 (5.74 seconds)
Cbc0010I After 20168 nodes, 9621 on tree, 34 best solution, best possible 7 (6.44 seconds)
Cbc0010I After 22805 nodes, 10847 on tree, 34 best solution, best possible 7 (7.14 seconds)
Cbc0004I Integer solution of 16 found after 119105 iterations and 24504 nodes (7.56 seconds)
Cbc0012I Integer solution of 16 found by heuristic after 119104 iterations and 24503 nodes (7.56 seconds)
Cbc0010I After 25498 nodes, 11663 on tree, 16 best solution, best possible 7 (7.84 seconds)
Cbc0010I After 28158 nodes, 12886 on tree, 16 best solution, best possible 7 (8.54 seconds)
Cbc0004I Integer solution of 14 found after 136384 iterations and 28342 nodes (8.58 seconds)
Cbc0012I Integer solution of 14 found by heuristic after 136382 iterations and 28341 nodes (8.58 seconds)
Cbc0010I After 30532 nodes, 12481 on tree, 14 best solution, best possible 7.5 (9.24 seconds)
Cbc0010I After 33326 nodes, 13481 on tree, 14 best solution, best possible 7.5 (9.94 seconds)
Cbc0010I After 35745 nodes, 15089 on tree, 14 best solution, best possible 8 (10.64 seconds)
Cbc0010I After 38559 nodes, 16089 on tree, 14 best solution, best possible 8 (11.34 seconds)
Cbc0010I After 41373 nodes, 17320 on tree, 14 best solution, best possible 8 (12.04 seconds)
Cbc0010I After 43778 nodes, 18355 on tree, 14 best solution, best possible 8 (12.74 seconds)
Cbc0010I After 46462 nodes, 19310 on tree, 14 best solution, best possible 8 (13.44 seconds)
Cbc0010I After 49148 nodes, 20180 on tree, 14 best solution, best possible 8 (14.14 seconds)
Cbc0010I After 51836 nodes, 21608 on tree, 14 best solution, best possible 8 (14.84 seconds)
Cbc0004I Integer solution of 12 found after 235039 iterations and 52027 nodes (14.89 seconds)
Cbc0012I Integer solution of 12 found by heuristic after 235039 iterations and 52026 nodes (14.89 seconds)
Cbc0010I After 54134 nodes, 17908 on tree, 12 best solution, best possible 8 (15.54 seconds)
Cbc0010I After 56835 nodes, 18711 on tree, 12 best solution, best possible 8 (16.24 seconds)
Cbc0010I After 59353 nodes, 19641 on tree, 12 best solution, best possible 8 (16.94 seconds)
Cbc0010I After 62011 nodes, 20420 on tree, 12 best solution, best possible 8 (17.64 seconds)
Cbc0010I After 64669 nodes, 21447 on tree, 12 best solution, best possible 8 (18.34 seconds)
Cbc0010I After 67160 nodes, 22325 on tree, 12 best solution, best possible 8 (19.04 seconds)
Cbc0010I After 69735 nodes, 23113 on tree, 12 best solution, best possible 8 (19.74 seconds)
Cbc0010I After 72347 nodes, 23952 on tree, 12 best solution, best possible 8 (20.44 seconds)
Cbc0010I After 75198 nodes, 24594 on tree, 12 best solution, best possible 8 (21.14 seconds)
Cbc0010I After 77791 nodes, 25537 on tree, 12 best solution, best possible 8.5 (21.84 seconds)
Cbc0010I After 80197 nodes, 27246 on tree, 12 best solution, best possible 8.5 (22.54 seconds)
Cbc0010I After 82817 nodes, 28231 on tree, 12 best solution, best possible 8.5 (23.24 seconds)
Cbc0010I After 85611 nodes, 29008 on tree, 12 best solution, best possible 8.5 (23.94 seconds)
Cbc0010I After 88106 nodes, 29684 on tree, 12 best solution, best possible 8.6666667 (24.64 seconds)
Cbc0010I After 90750 nodes, 30240 on tree, 12 best solution, best possible 9 (25.34 seconds)
Cbc0010I After 93497 nodes, 30823 on tree, 12 best solution, best possible 9 (26.04 seconds)
Cbc0010I After 96201 nodes, 31584 on tree, 12 best solution, best possible 9 (26.75 seconds)
Cbc0010I After 98990 nodes, 32153 on tree, 12 best solution, best possible 9 (27.45 seconds)
Cbc0010I After 101903 nodes, 32374 on tree, 12 best solution, best possible 9 (28.15 seconds)
Cbc0010I After 104630 nodes, 32666 on tree, 12 best solution, best possible 9 (28.85 seconds)
Cbc0010I After 107110 nodes, 32996 on tree, 12 best solution, best possible 9 (29.55 seconds)
Cbc0010I After 109825 nodes, 33302 on tree, 12 best solution, best possible 9 (30.25 seconds)
Cbc0010I After 112525 nodes, 33487 on tree, 12 best solution, best possible 9 (30.95 seconds)
Cbc0010I After 115103 nodes, 34651 on tree, 12 best solution, best possible 9 (31.65 seconds)
Cbc0010I After 117726 nodes, 35052 on tree, 12 best solution, best possible 9 (32.35 seconds)
Cbc0010I After 120378 nodes, 35359 on tree, 12 best solution, best possible 9 (33.05 seconds)
Cbc0010I After 122805 nodes, 36561 on tree, 12 best solution, best possible 9 (33.75 seconds)
Cbc0010I After 125209 nodes, 37822 on tree, 12 best solution, best possible 9 (34.45 seconds)
Cbc0010I After 127329 nodes, 39481 on tree, 12 best solution, best possible 9 (35.15 seconds)
Cbc0010I After 129861 nodes, 40327 on tree, 12 best solution, best possible 9 (35.85 seconds)
Cbc0010I After 132312 nodes, 40829 on tree, 12 best solution, best possible 9 (36.55 seconds)
Cbc0010I After 134679 nodes, 41496 on tree, 12 best solution, best possible 9 (37.25 seconds)
Cbc0010I After 137099 nodes, 42007 on tree, 12 best solution, best possible 9 (37.95 seconds)
Cbc0010I After 139443 nodes, 42652 on tree, 12 best solution, best possible 9 (38.65 seconds)
Cbc0010I After 141941 nodes, 43110 on tree, 12 best solution, best possible 9 (39.35 seconds)
Cbc0010I After 144500 nodes, 43661 on tree, 12 best solution, best possible 9 (40.05 seconds)
Cbc0010I After 146803 nodes, 44237 on tree, 12 best solution, best possible 9 (40.75 seconds)
Cbc0010I After 149327 nodes, 44744 on tree, 12 best solution, best possible 9 (41.45 seconds)
Cbc0010I After 151629 nodes, 44904 on tree, 12 best solution, best possible 9 (42.15 seconds)
Cbc0010I After 153921 nodes, 45160 on tree, 12 best solution, best possible 9 (42.85 seconds)
Cbc0010I After 156112 nodes, 45490 on tree, 12 best solution, best possible 9 (43.56 seconds)
Cbc0010I After 158379 nodes, 45711 on tree, 12 best solution, best possible 9 (44.26 seconds)
Cbc0010I After 160493 nodes, 45980 on tree, 12 best solution, best possible 9 (44.96 seconds)
Cbc0010I After 162489 nodes, 46346 on tree, 12 best solution, best possible 9 (45.66 seconds)
Cbc0010I After 164507 nodes, 47404 on tree, 12 best solution, best possible 9 (46.36 seconds)
Cbc0010I After 166522 nodes, 47803 on tree, 12 best solution, best possible 9 (47.06 seconds)
Cbc0010I After 168629 nodes, 48216 on tree, 12 best solution, best possible 9 (47.76 seconds)
Cbc0010I After 170654 nodes, 48616 on tree, 12 best solution, best possible 9 (48.46 seconds)
Cbc0010I After 172620 nodes, 49692 on tree, 12 best solution, best possible 9 (49.16 seconds)
Cbc0010I After 174461 nodes, 50894 on tree, 12 best solution, best possible 9 (49.86 seconds)
Cbc0010I After 176380 nodes, 51726 on tree, 12 best solution, best possible 9 (50.56 seconds)
Cbc0010I After 178218 nodes, 51978 on tree, 12 best solution, best possible 9 (51.26 seconds)
Cbc0010I After 180103 nodes, 52367 on tree, 12 best solution, best possible 9 (51.96 seconds)
Cbc0010I After 182037 nodes, 52783 on tree, 12 best solution, best possible 9 (52.66 seconds)
Cbc0010I After 183932 nodes, 53304 on tree, 12 best solution, best possible 9 (53.36 seconds)
Cbc0010I After 185863 nodes, 53965 on tree, 12 best solution, best possible 9 (54.06 seconds)
Cbc0010I After 187649 nodes, 54496 on tree, 12 best solution, best possible 9 (54.76 seconds)
Cbc0010I After 189654 nodes, 54600 on tree, 12 best solution, best possible 9 (55.47 seconds)
Cbc0010I After 191375 nodes, 54875 on tree, 12 best solution, best possible 9 (56.17 seconds)
Cbc0010I After 193266 nodes, 55291 on tree, 12 best solution, best possible 9 (56.87 seconds)
Cbc0010I After 194880 nodes, 55950 on tree, 12 best solution, best possible 9 (57.57 seconds)
Cbc0010I After 196628 nodes, 56246 on tree, 12 best solution, best possible 9 (58.27 seconds)
Cbc0010I After 198273 nodes, 56756 on tree, 12 best solution, best possible 9 (58.97 seconds)
Cbc0010I After 199878 nodes, 57517 on tree, 12 best solution, best possible 9 (59.67 seconds)
Cbc0010I After 201734 nodes, 57826 on tree, 12 best solution, best possible 9 (60.37 seconds)
Cbc0010I After 203403 nodes, 58315 on tree, 12 best solution, best possible 9 (61.07 seconds)
Cbc0010I After 205136 nodes, 58681 on tree, 12 best solution, best possible 9 (61.77 seconds)
Cbc0010I After 206697 nodes, 59248 on tree, 12 best solution, best possible 9 (62.47 seconds)
Cbc0010I After 208240 nodes, 59689 on tree, 12 best solution, best possible 9 (63.17 seconds)
Cbc0010I After 209862 nodes, 60108 on tree, 12 best solution, best possible 9 (63.87 seconds)
Cbc0010I After 211234 nodes, 60902 on tree, 12 best solution, best possible 9 (64.57 seconds)
Cbc0010I After 212998 nodes, 61077 on tree, 12 best solution, best possible 9 (65.27 seconds)
Cbc0010I After 214462 nodes, 61580 on tree, 12 best solution, best possible 9 (65.97 seconds)
Cbc0010I After 215995 nodes, 61997 on tree, 12 best solution, best possible 9 (66.67 seconds)
Cbc0010I After 217823 nodes, 62065 on tree, 12 best solution, best possible 9 (67.37 seconds)
Cbc0010I After 219386 nodes, 62860 on tree, 12 best solution, best possible 9 (68.08 seconds)
Cbc0010I After 221401 nodes, 63128 on tree, 12 best solution, best possible 9 (68.78 seconds)
Cbc0010I After 222770 nodes, 63786 on tree, 12 best solution, best possible 9.3333333 (69.48 seconds)
Cbc0010I After 224899 nodes, 63873 on tree, 12 best solution, best possible 9.3333333 (70.18 seconds)
Cbc0010I After 226354 nodes, 64419 on tree, 12 best solution, best possible 9.5 (70.88 seconds)
Cbc0010I After 228157 nodes, 64459 on tree, 12 best solution, best possible 9.5 (71.58 seconds)
Cbc0010I After 230081 nodes, 64453 on tree, 12 best solution, best possible 9.5 (72.28 seconds)
Cbc0010I After 231833 nodes, 64629 on tree, 12 best solution, best possible 9.5 (72.98 seconds)
Cbc0010I After 233770 nodes, 64775 on tree, 12 best solution, best possible 9.5 (73.68 seconds)
Cbc0010I After 235446 nodes, 65097 on tree, 12 best solution, best possible 9.5 (74.38 seconds)
Cbc0010I After 237488 nodes, 65288 on tree, 12 best solution, best possible 9.5 (75.08 seconds)
Cbc0010I After 239057 nodes, 66165 on tree, 12 best solution, best possible 9.5 (75.78 seconds)
Cbc0010I After 241190 nodes, 66648 on tree, 12 best solution, best possible 9.5 (76.48 seconds)
Cbc0010I After 242666 nodes, 67353 on tree, 12 best solution, best possible 9.5 (77.18 seconds)
Cbc0010I After 244423 nodes, 68150 on tree, 12 best solution, best possible 9.5 (77.88 seconds)
Cbc0010I After 246200 nodes, 68239 on tree, 12 best solution, best possible 9.75 (78.59 seconds)
Cbc0010I After 247691 nodes, 69296 on tree, 12 best solution, best possible 9.75 (79.29 seconds)
Cbc0010I After 250976 nodes, 68923 on tree, 12 best solution, best possible 9.75 (79.99 seconds)
Cbc0010I After 253218 nodes, 69261 on tree, 12 best solution, best possible 9.75 (80.69 seconds)
Cbc0010I After 255746 nodes, 69332 on tree, 12 best solution, best possible 9.75 (81.39 seconds)
Cbc0010I After 258580 nodes, 69288 on tree, 12 best solution, best possible 9.75 (82.09 seconds)
Cbc0010I After 261339 nodes, 68798 on tree, 12 best solution, best possible 10 (82.79 seconds)
Cbc0010I After 263873 nodes, 69240 on tree, 12 best solution, best possible 10 (83.49 seconds)
Cbc0010I After 266145 nodes, 69577 on tree, 12 best solution, best possible 10 (84.19 seconds)
Cbc0010I After 269475 nodes, 69211 on tree, 12 best solution, best possible 10 (84.89 seconds)
Cbc0010I After 271785 nodes, 69456 on tree, 12 best solution, best possible 10 (85.59 seconds)
Cbc0010I After 274447 nodes, 69001 on tree, 12 best solution, best possible 10 (86.29 seconds)
Cbc0010I After 276821 nodes, 69362 on tree, 12 best solution, best possible 10 (86.99 seconds)
Cbc0010I After 279865 nodes, 68841 on tree, 12 best solution, best possible 10 (87.69 seconds)
Cbc0010I After 281881 nodes, 69430 on tree, 12 best solution, best possible 10 (88.40 seconds)
Cbc0010I After 285051 nodes, 68299 on tree, 12 best solution, best possible 10 (89.10 seconds)
Cbc0010I After 286539 nodes, 68952 on tree, 12 best solution, best possible 10 (89.80 seconds)
Cbc0010I After 289331 nodes, 68173 on tree, 12 best solution, best possible 10 (90.50 seconds)
Cbc0010I After 291084 nodes, 68400 on tree, 12 best solution, best possible 10 (91.20 seconds)
Cbc0010I After 293251 nodes, 68497 on tree, 12 best solution, best possible 10 (91.90 seconds)
Cbc0010I After 294965 nodes, 68721 on tree, 12 best solution, best possible 10 (92.60 seconds)
Cbc0010I After 297099 nodes, 68657 on tree, 12 best solution, best possible 10 (93.30 seconds)
Cbc0010I After 298806 nodes, 68931 on tree, 12 best solution, best possible 10 (94.00 seconds)
Cbc0010I After 301002 nodes, 68884 on tree, 12 best solution, best possible 10 (94.70 seconds)
Cbc0010I After 302760 nodes, 69105 on tree, 12 best solution, best possible 10 (95.40 seconds)
Cbc0010I After 305441 nodes, 68414 on tree, 12 best solution, best possible 10 (96.10 seconds)
Cbc0010I After 307192 nodes, 68605 on tree, 12 best solution, best possible 10 (96.80 seconds)
Cbc0010I After 309479 nodes, 68241 on tree, 12 best solution, best possible 10 (97.50 seconds)
Cbc0010I After 311269 nodes, 68408 on tree, 12 best solution, best possible 10 (98.20 seconds)
Cbc0010I After 313316 nodes, 68428 on tree, 12 best solution, best possible 10 (98.91 seconds)
Cbc0010I After 314990 nodes, 68729 on tree, 12 best solution, best possible 10 (99.61 seconds)
Cbc0010I After 317065 nodes, 68728 on tree, 12 best solution, best possible 10 (100.31 seconds)
Cbc0010I After 318778 nodes, 69066 on tree, 12 best solution, best possible 10 (101.01 seconds)
Cbc0010I After 321332 nodes, 68661 on tree, 12 best solution, best possible 10 (101.71 seconds)
Cbc0010I After 323030 nodes, 68959 on tree, 12 best solution, best possible 10 (102.41 seconds)
Cbc0010I After 325217 nodes, 69009 on tree, 12 best solution, best possible 10 (103.11 seconds)
Cbc0010I After 327637 nodes, 69105 on tree, 12 best solution, best possible 10 (103.81 seconds)
Cbc0010I After 330614 nodes, 69086 on tree, 12 best solution, best possible 10 (104.51 seconds)
Cbc0010I After 332872 nodes, 69049 on tree, 12 best solution, best possible 10 (105.21 seconds)
Cbc0010I After 335104 nodes, 68942 on tree, 12 best solution, best possible 10 (105.91 seconds)
Cbc0010I After 337264 nodes, 68812 on tree, 12 best solution, best possible 10 (106.61 seconds)
Cbc0010I After 338999 nodes, 69054 on tree, 12 best solution, best possible 10 (107.31 seconds)
Cbc0010I After 341535 nodes, 68493 on tree, 12 best solution, best possible 10 (108.01 seconds)
Cbc0010I After 343120 nodes, 68707 on tree, 12 best solution, best possible 10 (108.71 seconds)
Cbc0010I After 345075 nodes, 68469 on tree, 12 best solution, best possible 10 (109.42 seconds)
Cbc0010I After 346654 nodes, 68824 on tree, 12 best solution, best possible 10 (110.12 seconds)
Cbc0010I After 348509 nodes, 69467 on tree, 12 best solution, best possible 10 (110.82 seconds)
Cbc0010I After 350887 nodes, 69364 on tree, 12 best solution, best possible 10 (111.52 seconds)
Cbc0010I After 354068 nodes, 69159 on tree, 12 best solution, best possible 10 (112.22 seconds)
Cbc0010I After 357266 nodes, 69159 on tree, 12 best solution, best possible 10 (112.92 seconds)
Cbc0010I After 360954 nodes, 68243 on tree, 12 best solution, best possible 10 (113.62 seconds)
Cbc0010I After 362478 nodes, 69115 on tree, 12 best solution, best possible 10 (114.32 seconds)
Cbc0010I After 365120 nodes, 68862 on tree, 12 best solution, best possible 10 (115.02 seconds)
Cbc0010I After 366900 nodes, 69090 on tree, 12 best solution, best possible 10 (115.72 seconds)
Cbc0010I After 369628 nodes, 68365 on tree, 12 best solution, best possible 10 (116.42 seconds)
Cbc0010I After 371366 nodes, 68480 on tree, 12 best solution, best possible 10 (117.12 seconds)
Cbc0010I After 373548 nodes, 68221 on tree, 12 best solution, best possible 10 (117.82 seconds)
Cbc0010I After 375268 nodes, 68546 on tree, 12 best solution, best possible 10 (118.52 seconds)
Cbc0010I After 377386 nodes, 68539 on tree, 12 best solution, best possible 10 (119.22 seconds)
Cbc0010I After 379155 nodes, 68964 on tree, 12 best solution, best possible 10 (119.93 seconds)
Cbc0010I After 381933 nodes, 68535 on tree, 12 best solution, best possible 10 (120.63 seconds)
Cbc0010I After 384303 nodes, 68720 on tree, 12 best solution, best possible 10 (121.33 seconds)
Cbc0010I After 386454 nodes, 69172 on tree, 12 best solution, best possible 10 (122.03 seconds)
Cbc0010I After 389562 nodes, 69134 on tree, 12 best solution, best possible 10 (122.73 seconds)
Cbc0010I After 392568 nodes, 69132 on tree, 12 best solution, best possible 10 (123.43 seconds)
Cbc0010I After 396146 nodes, 68702 on tree, 12 best solution, best possible 10 (124.13 seconds)
Cbc0010I After 398026 nodes, 69448 on tree, 12 best solution, best possible 10 (124.83 seconds)
Cbc0010I After 401180 nodes, 68384 on tree, 12 best solution, best possible 10 (125.53 seconds)
Cbc0010I After 402712 nodes, 69401 on tree, 12 best solution, best possible 10 (126.23 seconds)
Cbc0010I After 405382 nodes, 68791 on tree, 12 best solution, best possible 10 (126.93 seconds)
Cbc0010I After 407508 nodes, 68766 on tree, 12 best solution, best possible 10 (127.63 seconds)
Cbc0010I After 409640 nodes, 69018 on tree, 12 best solution, best possible 10 (128.33 seconds)
Cbc0010I After 412400 nodes, 68742 on tree, 12 best solution, best possible 10 (129.04 seconds)
Cbc0010I After 414292 nodes, 69126 on tree, 12 best solution, best possible 10 (129.74 seconds)
Cbc0010I After 416519 nodes, 69487 on tree, 12 best solution, best possible 10 (130.44 seconds)
Cbc0010I After 419181 nodes, 69487 on tree, 12 best solution, best possible 10 (131.14 seconds)
Cbc0010I After 422013 nodes, 69486 on tree, 12 best solution, best possible 10 (131.84 seconds)
Cbc0010I After 424954 nodes, 69177 on tree, 12 best solution, best possible 10 (132.54 seconds)
Cbc0010I After 426956 nodes, 69623 on tree, 12 best solution, best possible 10 (133.24 seconds)
Cbc0010I After 429555 nodes, 69238 on tree, 12 best solution, best possible 10 (133.94 seconds)
Cbc0010I After 432186 nodes, 68745 on tree, 12 best solution, best possible 10 (134.64 seconds)
Cbc0010I After 434538 nodes, 68906 on tree, 12 best solution, best possible 10 (135.34 seconds)
Cbc0010I After 436885 nodes, 68464 on tree, 12 best solution, best possible 10 (136.04 seconds)
Cbc0010I After 438749 nodes, 68593 on tree, 12 best solution, best possible 10 (136.74 seconds)
Cbc0010I After 441181 nodes, 68058 on tree, 12 best solution, best possible 10 (137.44 seconds)
Cbc0010I After 442869 nodes, 68453 on tree, 12 best solution, best possible 10 (138.14 seconds)
Cbc0010I After 445165 nodes, 68302 on tree, 12 best solution, best possible 10 (138.85 seconds)
Cbc0010I After 446932 nodes, 68613 on tree, 12 best solution, best possible 10 (139.55 seconds)
Cbc0010I After 449106 nodes, 68746 on tree, 12 best solution, best possible 10 (140.25 seconds)
Cbc0010I After 450842 nodes, 68971 on tree, 12 best solution, best possible 10 (140.95 seconds)
Cbc0010I After 453159 nodes, 68661 on tree, 12 best solution, best possible 10 (141.65 seconds)
Cbc0010I After 454933 nodes, 68912 on tree, 12 best solution, best possible 10 (142.35 seconds)
Cbc0010I After 457283 nodes, 68703 on tree, 12 best solution, best possible 10 (143.05 seconds)
Cbc0010I After 459101 nodes, 69009 on tree, 12 best solution, best possible 10 (143.75 seconds)
Cbc0010I After 461409 nodes, 68628 on tree, 12 best solution, best possible 10 (144.45 seconds)
Cbc0010I After 463207 nodes, 68908 on tree, 12 best solution, best possible 10 (145.15 seconds)
Cbc0010I After 465860 nodes, 68279 on tree, 12 best solution, best possible 10 (145.85 seconds)
Cbc0010I After 467580 nodes, 68633 on tree, 12 best solution, best possible 10 (146.55 seconds)
Cbc0010I After 469882 nodes, 68259 on tree, 12 best solution, best possible 10 (147.25 seconds)
Cbc0010I After 471603 nodes, 68623 on tree, 12 best solution, best possible 10 (147.95 seconds)
Cbc0010I After 473959 nodes, 68126 on tree, 12 best solution, best possible 10 (148.65 seconds)
Cbc0010I After 475707 nodes, 68426 on tree, 12 best solution, best possible 10 (149.36 seconds)
Cbc0010I After 477856 nodes, 68366 on tree, 12 best solution, best possible 10 (150.06 seconds)
Cbc0010I After 479598 nodes, 68622 on tree, 12 best solution, best possible 10 (150.76 seconds)
Cbc0010I After 481577 nodes, 68681 on tree, 12 best solution, best possible 10 (151.46 seconds)
Cbc0010I After 483594 nodes, 68956 on tree, 12 best solution, best possible 10 (152.16 seconds)
Cbc0010I After 485888 nodes, 69135 on tree, 12 best solution, best possible 10 (152.86 seconds)
Cbc0010I After 488187 nodes, 68997 on tree, 12 best solution, best possible 10 (153.56 seconds)
Cbc0010I After 490243 nodes, 69491 on tree, 12 best solution, best possible 10 (154.26 seconds)
Cbc0010I After 493217 nodes, 69088 on tree, 12 best solution, best possible 10 (154.96 seconds)
Cbc0010I After 495501 nodes, 68828 on tree, 12 best solution, best possible 10 (155.66 seconds)
Cbc0010I After 497812 nodes, 68455 on tree, 12 best solution, best possible 10 (156.36 seconds)
Cbc0010I After 499574 nodes, 68697 on tree, 12 best solution, best possible 10 (157.06 seconds)
Cbc0010I After 501840 nodes, 68331 on tree, 12 best solution, best possible 10 (157.76 seconds)
Cbc0010I After 503608 nodes, 68684 on tree, 12 best solution, best possible 10 (158.46 seconds)
Cbc0010I After 505730 nodes, 68746 on tree, 12 best solution, best possible 10 (159.17 seconds)
Cbc0010I After 508133 nodes, 68779 on tree, 12 best solution, best possible 10 (159.87 seconds)
Cbc0010I After 510142 nodes, 69332 on tree, 12 best solution, best possible 10 (160.57 seconds)
Cbc0010I After 513148 nodes, 68828 on tree, 12 best solution, best possible 10 (161.27 seconds)
Cbc0010I After 515471 nodes, 69297 on tree, 12 best solution, best possible 10 (161.97 seconds)
Cbc0010I After 518343 nodes, 69297 on tree, 12 best solution, best possible 10 (162.67 seconds)
Cbc0010I After 521287 nodes, 69296 on tree, 12 best solution, best possible 10 (163.37 seconds)
Cbc0010I After 524291 nodes, 69296 on tree, 12 best solution, best possible 10 (164.07 seconds)
Cbc0010I After 527171 nodes, 69297 on tree, 12 best solution, best possible 10 (164.77 seconds)
Cbc0010I After 530074 nodes, 69222 on tree, 12 best solution, best possible 10 (165.47 seconds)
Cbc0010I After 532136 nodes, 69368 on tree, 12 best solution, best possible 10 (166.17 seconds)
Cbc0010I After 534203 nodes, 69499 on tree, 12 best solution, best possible 10 (166.87 seconds)
Cbc0010I After 537181 nodes, 68152 on tree, 12 best solution, best possible 10 (167.57 seconds)
Cbc0010I After 538729 nodes, 69063 on tree, 12 best solution, best possible 10 (168.27 seconds)
Cbc0010I After 541341 nodes, 68497 on tree, 12 best solution, best possible 10 (168.97 seconds)
Cbc0010I After 542982 nodes, 69166 on tree, 12 best solution, best possible 10 (169.67 seconds)
Cbc0010I After 545740 nodes, 68139 on tree, 12 best solution, best possible 10 (170.37 seconds)
Cbc0010I After 547520 nodes, 68427 on tree, 12 best solution, best possible 10 (171.08 seconds)
Cbc0010I After 549907 nodes, 68189 on tree, 12 best solution, best possible 10 (171.78 seconds)
Cbc0010I After 551700 nodes, 68582 on tree, 12 best solution, best possible 10 (172.48 seconds)
Cbc0010I After 554029 nodes, 68413 on tree, 12 best solution, best possible 10 (173.18 seconds)
Cbc0010I After 555878 nodes, 68828 on tree, 12 best solution, best possible 10 (173.88 seconds)
Cbc0010I After 558000 nodes, 68704 on tree, 12 best solution, best possible 10 (174.58 seconds)
Cbc0010I After 559865 nodes, 68990 on tree, 12 best solution, best possible 10 (175.28 seconds)
Cbc0010I After 562151 nodes, 68978 on tree, 12 best solution, best possible 10 (175.98 seconds)
Cbc0010I After 564521 nodes, 68600 on tree, 12 best solution, best possible 10 (176.69 seconds)
Cbc0010I After 566432 nodes, 68738 on tree, 12 best solution, best possible 10 (177.39 seconds)
Cbc0010I After 568486 nodes, 68975 on tree, 12 best solution, best possible 10 (178.09 seconds)
Cbc0010I After 570612 nodes, 68928 on tree, 12 best solution, best possible 10 (178.79 seconds)
Cbc0010I After 572781 nodes, 68781 on tree, 12 best solution, best possible 10 (179.49 seconds)
Cbc0010I After 575166 nodes, 68653 on tree, 12 best solution, best possible 10 (180.19 seconds)
Cbc0010I After 577368 nodes, 68496 on tree, 12 best solution, best possible 10 (180.89 seconds)
Cbc0010I After 579192 nodes, 68807 on tree, 12 best solution, best possible 10 (181.59 seconds)
Cbc0010I After 581439 nodes, 68465 on tree, 12 best solution, best possible 10 (182.29 seconds)
Cbc0010I After 583320 nodes, 69162 on tree, 12 best solution, best possible 10 (182.99 seconds)
Cbc0010I After 585729 nodes, 68817 on tree, 12 best solution, best possible 10 (183.69 seconds)
Cbc0010I After 587691 nodes, 69173 on tree, 12 best solution, best possible 10 (184.39 seconds)
Cbc0010I After 591029 nodes, 68616 on tree, 12 best solution, best possible 10 (185.09 seconds)
Cbc0010I After 593068 nodes, 68774 on tree, 12 best solution, best possible 10 (185.79 seconds)
Cbc0010I After 594896 nodes, 69099 on tree, 12 best solution, best possible 10 (186.49 seconds)
Cbc0010I After 597621 nodes, 68185 on tree, 12 best solution, best possible 10 (187.20 seconds)
Cbc0010I After 599443 nodes, 68449 on tree, 12 best solution, best possible 10 (187.90 seconds)
Cbc0010I After 601530 nodes, 68471 on tree, 12 best solution, best possible 10 (188.60 seconds)
Cbc0010I After 603184 nodes, 68849 on tree, 12 best solution, best possible 10 (189.30 seconds)
Cbc0010I After 605402 nodes, 68930 on tree, 12 best solution, best possible 10 (190.00 seconds)
Cbc0010I After 607485 nodes, 68869 on tree, 12 best solution, best possible 10 (190.70 seconds)
Cbc0010I After 609615 nodes, 69175 on tree, 12 best solution, best possible 10 (191.40 seconds)
Cbc0010I After 612594 nodes, 69281 on tree, 12 best solution, best possible 10 (192.10 seconds)
Cbc0010I After 616630 nodes, 69281 on tree, 12 best solution, best possible 10 (192.80 seconds)
Cbc0010I After 619818 nodes, 68518 on tree, 12 best solution, best possible 10 (193.50 seconds)
Cbc0010I After 621913 nodes, 68447 on tree, 12 best solution, best possible 10 (194.20 seconds)
Cbc0010I After 623822 nodes, 68424 on tree, 12 best solution, best possible 10 (194.90 seconds)
Cbc0010I After 625871 nodes, 68337 on tree, 12 best solution, best possible 10 (195.60 seconds)
Cbc0010I After 628393 nodes, 67207 on tree, 12 best solution, best possible 10 (196.30 seconds)
Cbc0010I After 630399 nodes, 67085 on tree, 12 best solution, best possible 10 (197.00 seconds)
Cbc0010I After 632577 nodes, 67155 on tree, 12 best solution, best possible 10 (197.71 seconds)
Cbc0010I After 634529 nodes, 67235 on tree, 12 best solution, best possible 10 (198.41 seconds)
Cbc0010I After 636287 nodes, 67367 on tree, 12 best solution, best possible 10 (199.11 seconds)
Cbc0010I After 638121 nodes, 67529 on tree, 12 best solution, best possible 10 (199.81 seconds)
Cbc0010I After 640000 nodes, 67954 on tree, 12 best solution, best possible 10 (200.51 seconds)
Cbc0010I After 642082 nodes, 67539 on tree, 12 best solution, best possible 10 (201.21 seconds)
Cbc0010I After 644937 nodes, 66021 on tree, 12 best solution, best possible 10 (201.91 seconds)
Cbc0010I After 646898 nodes, 65677 on tree, 12 best solution, best possible 10.333333 (202.61 seconds)
Cbc0010I After 649525 nodes, 64207 on tree, 12 best solution, best possible 10.5 (203.32 seconds)
Cbc0010I After 651908 nodes, 63861 on tree, 12 best solution, best possible 10.5 (204.02 seconds)
Cbc0010I After 654593 nodes, 63237 on tree, 12 best solution, best possible 10.5 (204.72 seconds)
Cbc0010I After 657453 nodes, 62433 on tree, 12 best solution, best possible 10.5 (205.42 seconds)
Cbc0010I After 659726 nodes, 62740 on tree, 12 best solution, best possible 10.5 (206.12 seconds)
Cbc0010I After 662501 nodes, 62017 on tree, 12 best solution, best possible 10.5 (206.82 seconds)
Cbc0010I After 665137 nodes, 62412 on tree, 12 best solution, best possible 10.5 (207.52 seconds)
Cbc0010I After 667352 nodes, 62440 on tree, 12 best solution, best possible 10.5 (208.22 seconds)
Cbc0010I After 669875 nodes, 62325 on tree, 12 best solution, best possible 10.5 (208.92 seconds)
Cbc0010I After 672116 nodes, 62577 on tree, 12 best solution, best possible 10.5 (209.62 seconds)
Cbc0010I After 674929 nodes, 61747 on tree, 12 best solution, best possible 10.666667 (210.32 seconds)
Cbc0010I After 677778 nodes, 61053 on tree, 12 best solution, best possible 11 (211.02 seconds)
Cbc0010I After 680273 nodes, 61229 on tree, 12 best solution, best possible 11 (211.72 seconds)
Cbc0010I After 682898 nodes, 61008 on tree, 12 best solution, best possible 11 (212.42 seconds)
Cbc0010I After 685686 nodes, 59491 on tree, 12 best solution, best possible 11 (213.12 seconds)
Cbc0010I After 688902 nodes, 57470 on tree, 12 best solution, best possible 11 (213.82 seconds)
Cbc0010I After 692253 nodes, 55182 on tree, 12 best solution, best possible 11 (214.52 seconds)
Cbc0010I After 695592 nodes, 52959 on tree, 12 best solution, best possible 11 (215.22 seconds)
Cbc0010I After 699067 nodes, 50524 on tree, 12 best solution, best possible 11 (215.92 seconds)
Cbc0010I After 702630 nodes, 47978 on tree, 12 best solution, best possible 11 (216.63 seconds)
Cbc0010I After 706005 nodes, 45737 on tree, 12 best solution, best possible 11 (217.33 seconds)
Cbc0010I After 709336 nodes, 43857 on tree, 12 best solution, best possible 11 (218.03 seconds)
Cbc0010I After 711486 nodes, 44186 on tree, 12 best solution, best possible 11 (218.73 seconds)
Cbc0010I After 713712 nodes, 44156 on tree, 12 best solution, best possible 11 (219.43 seconds)
Cbc0010I After 715600 nodes, 44571 on tree, 12 best solution, best possible 11 (220.13 seconds)
Cbc0010I After 718052 nodes, 44056 on tree, 12 best solution, best possible 11 (220.83 seconds)
Cbc0010I After 721111 nodes, 42011 on tree, 12 best solution, best possible 11 (221.53 seconds)
Cbc0010I After 724260 nodes, 39765 on tree, 12 best solution, best possible 11 (222.23 seconds)
Cbc0010I After 727212 nodes, 38191 on tree, 12 best solution, best possible 11 (222.93 seconds)
Cbc0010I After 729905 nodes, 37863 on tree, 12 best solution, best possible 11 (223.63 seconds)
Cbc0010I After 732711 nodes, 37548 on tree, 12 best solution, best possible 11 (224.33 seconds)
Cbc0010I After 735358 nodes, 37806 on tree, 12 best solution, best possible 11 (225.03 seconds)
Cbc0010I After 738197 nodes, 37994 on tree, 12 best solution, best possible 11 (225.73 seconds)
Cbc0010I After 741014 nodes, 38100 on tree, 12 best solution, best possible 11 (226.43 seconds)
Cbc0010I After 743308 nodes, 38531 on tree, 12 best solution, best possible 11 (227.13 seconds)
Cbc0010I After 746287 nodes, 37992 on tree, 12 best solution, best possible 11 (227.83 seconds)
Cbc0010I After 749309 nodes, 37406 on tree, 12 best solution, best possible 11 (228.53 seconds)
Cbc0010I After 751724 nodes, 37159 on tree, 12 best solution, best possible 11 (229.23 seconds)
Cbc0010I After 755030 nodes, 34936 on tree, 12 best solution, best possible 11 (229.93 seconds)
Cbc0010I After 758453 nodes, 32785 on tree, 12 best solution, best possible 11 (230.64 seconds)
Cbc0010I After 762052 nodes, 30347 on tree, 12 best solution, best possible 11 (231.34 seconds)
Cbc0010I After 765598 nodes, 27985 on tree, 12 best solution, best possible 11 (232.04 seconds)
Cbc0010I After 769316 nodes, 25318 on tree, 12 best solution, best possible 11 (232.74 seconds)
Cbc0010I After 772986 nodes, 22689 on tree, 12 best solution, best possible 11 (233.44 seconds)
Cbc0010I After 776304 nodes, 20582 on tree, 12 best solution, best possible 11 (234.14 seconds)
Cbc0010I After 778879 nodes, 20337 on tree, 12 best solution, best possible 11 (234.84 seconds)
Cbc0010I After 781489 nodes, 20043 on tree, 12 best solution, best possible 11 (235.54 seconds)
Cbc0010I After 783806 nodes, 19790 on tree, 12 best solution, best possible 11 (236.24 seconds)
Cbc0010I After 787163 nodes, 17460 on tree, 12 best solution, best possible 11 (236.94 seconds)
Cbc0010I After 789887 nodes, 16210 on tree, 12 best solution, best possible 11 (237.64 seconds)
Cbc0010I After 792626 nodes, 16050 on tree, 12 best solution, best possible 11 (238.34 seconds)
Cbc0010I After 795367 nodes, 16364 on tree, 12 best solution, best possible 11 (239.04 seconds)
Cbc0010I After 798394 nodes, 16261 on tree, 12 best solution, best possible 11 (239.74 seconds)
Cbc0010I After 801243 nodes, 15833 on tree, 12 best solution, best possible 11 (240.44 seconds)
Cbc0010I After 804000 nodes, 14419 on tree, 12 best solution, best possible 11 (241.14 seconds)
Cbc0010I After 807459 nodes, 12090 on tree, 12 best solution, best possible 11 (241.84 seconds)
Cbc0010I After 811081 nodes, 9396 on tree, 12 best solution, best possible 11 (242.54 seconds)
Cbc0010I After 814416 nodes, 6931 on tree, 12 best solution, best possible 11 (243.24 seconds)
Cbc0010I After 816657 nodes, 7035 on tree, 12 best solution, best possible 11 (243.94 seconds)
Cbc0010I After 819594 nodes, 5194 on tree, 12 best solution, best possible 11 (244.64 seconds)
Cbc0010I After 822001 nodes, 5278 on tree, 12 best solution, best possible 11 (245.34 seconds)
Cbc0010I After 825163 nodes, 3020 on tree, 12 best solution, best possible 11 (246.04 seconds)
Cbc0010I After 827771 nodes, 2039 on tree, 12 best solution, best possible 11 (246.74 seconds)
Cbc0010I After 830244 nodes, 889 on tree, 12 best solution, best possible 11 (247.44 seconds)
Cbc0010I After 832394 nodes, 134 on tree, 12 best solution, best possible 11 (248.15 seconds)
Cbc0030I Thread 0 used 832797 times,  waiting to start 1.1614909, 239.15518 cpu time, 4870039 locks, 20.210053 locked, 0.30875731 waiting for locks
Cbc0030I Main thread 236.23883 waiting for threads,  5830795 locks, 4.0843716 locked, 0.36428857 waiting for locks
Cbc0001I Search completed - best objective 12, took 2510014 iterations and 832797 nodes (248.30 seconds)
Cbc0032I Strong branching done 402464 times (1665854 iterations), fathomed 83736 nodes and fixed 93198 variables
Cbc0035I Maximum depth 70, 6588158 variables fixed on reduced cost
Cbc0045I Orbital branching succeeded 12 times - average extra   0.083, fixing (4,  17.000)
