Welcome to the CBC MILP Solver 
Version: devel 
Build Date: Mar 23 2026
Starting solution of the Linear programming relaxation problem using Primal Simplex

Coin0506I Presolve 0 (-79) rows, 0 (-312) columns and 0 (-781) elements
Clp0000I Optimal - objective value 1
Coin0511I After Postsolve, objective 1, infeasibilities - dual 0 (0), primal 0 (0)
Clp0032I Optimal objective 1 - 0 iterations time 0.002, Presolve 0.00, Idiot 0.00

Starting MIP optimization
Cbc0045I Nauty: 42 orbits (18 useful covering 231 variables), 3 generators, group size: 28 - sparse size 2792 - took 0.000429 seconds
Cbc0038I Initial state - 7 integers unsatisfied sum - 3.5
Cbc0038I Pass   1: suminf.    0.00000 (0) obj. 1 iterations 7
Cbc0038I Pass   2: suminf.    0.00000 (0) obj. 1 iterations 0
Cbc0038I Pass   3: suminf.    0.00000 (0) obj. 1 iterations 0
Cbc0038I Pass   4: suminf.    1.00000 (2) obj. 26 iterations 113
Cbc0038I Pass   5: suminf.    0.50000 (1) obj. 26 iterations 2
Cbc0038I Pass   6: suminf.    0.50000 (1) obj. 26 iterations 0
Cbc0038I Pass   7: suminf.    0.50000 (1) obj. 26 iterations 0
Cbc0038I Pass   8: suminf.    0.50000 (1) obj. 26 iterations 0
Cbc0038I Pass   9: suminf.    0.50000 (1) obj. 26 iterations 0
Cbc0038I Pass  10: suminf.    0.50000 (1) obj. 26 iterations 0
Cbc0038I Pass  11: suminf.    0.50000 (1) obj. 26 iterations 0
Cbc0038I Pass  12: suminf.    0.00000 (0) obj. 26 iterations 1
Cbc0038I Pass  13: suminf.    0.00000 (0) obj. 26 iterations 0
Cbc0038I Pass  14: suminf.    0.00000 (0) obj. 26 iterations 0
Cbc0038I Pass  15: suminf.    0.00000 (0) obj. 26 iterations 0
Cbc0038I Pass  16: suminf.    0.00000 (0) obj. 26 iterations 0
Cbc0038I Pass  17: suminf.    0.00000 (0) obj. 26 iterations 0
Cbc0038I Pass  18: suminf.    0.00000 (0) obj. 26 iterations 0
Cbc0038I Pass  19: suminf.    0.00000 (0) obj. 26 iterations 0
Cbc0038I Pass  20: suminf.    1.50000 (3) obj. 30 iterations 33
Cbc0038I Pass  21: suminf.    0.50000 (1) obj. 30 iterations 5
Cbc0038I Pass  22: suminf.    0.50000 (1) obj. 30 iterations 0
Cbc0038I Pass  23: suminf.    0.00000 (0) obj. 30 iterations 1
Cbc0038I Pass  24: suminf.    0.00000 (0) obj. 30 iterations 0
Cbc0038I Pass  25: suminf.    0.00000 (0) obj. 30 iterations 0
Cbc0038I Pass  26: suminf.    1.50000 (3) obj. 32 iterations 40
Cbc0038I Pass  27: suminf.    1.00000 (2) obj. 32 iterations 9
Cbc0038I Pass  28: suminf.    0.00000 (0) obj. 32 iterations 4
Cbc0038I Pass  29: suminf.    0.00000 (0) obj. 32 iterations 0
Cbc0038I Pass  30: suminf.    0.00000 (0) obj. 32 iterations 0
Cbc0038I No solution found this major pass
Cbc0038I Before mini branch and bound, 78 integers at bound fixed and 0 continuous
Cbc0038I Full problem 78 rows 233 columns, reduced to 43 rows 75 columns
Cbc0038I Mini branch and bound improved solution from 1.797693134862e+308 to 1 (0.01 seconds)
Cbc0038I After 0.01 seconds - Feasibility pump exiting with objective of 1 - took 0.01 seconds
Cbc0051I Starting cut generation at root node
Cbc0031I 28 added rows had average density of 7.8928571
Cbc0013I At root node, 28 cuts changed objective from 1 to 8 in 100 passes
Cbc0014I Cut generator 0 (Probing) - 7 row cuts average 2.0 elements, 0 column cuts (0 active)  in 0.010 seconds - new frequency is -100
Cbc0014I Cut generator 1 (Gomory) - 1025 row cuts average 123.7 elements, 0 column cuts (0 active)  in 0.102 seconds - new frequency is 1
Cbc0014I Cut generator 2 (Knapsack) - 3915 row cuts average 3.9 elements, 0 column cuts (0 active)  in 0.098 seconds - new frequency is 1
Cbc0014I Cut generator 3 (Clique) - 0 row cuts average 0.0 elements, 0 column cuts (0 active)  in 0.001 seconds - new frequency is -100
Cbc0014I Cut generator 4 (MixedIntegerRounding2) - 22 row cuts average 50.5 elements, 0 column cuts (0 active)  in 0.019 seconds - new frequency is -100
Cbc0014I Cut generator 5 (FlowCover) - 0 row cuts average 0.0 elements, 0 column cuts (0 active)  in 0.001 seconds - new frequency is -100
Cbc0014I Cut generator 6 (TwoMirCuts) - 769 row cuts average 12.2 elements, 0 column cuts (0 active)  in 0.010 seconds - new frequency is 1
Cbc0004I Integer solution of 34 found after 10751 iterations and 227 nodes (0.67 seconds)
Cbc0012I Integer solution of 34 found by heuristic after 10749 iterations and 226 nodes (0.67 seconds)
Cbc0010I After 335 nodes, 125 on tree, 34 best solution, best possible 8 (0.70 seconds)
Cbc0010I After 3432 nodes, 1300 on tree, 34 best solution, best possible 8 (1.40 seconds)
Cbc0004I Integer solution of 22 found after 46057 iterations and 3629 nodes (1.44 seconds)
Cbc0012I Integer solution of 22 found by heuristic after 46056 iterations and 3628 nodes (1.44 seconds)
Cbc0004I Integer solution of 20 found after 53798 iterations and 4548 nodes (1.63 seconds)
Cbc0012I Integer solution of 20 found by heuristic after 53796 iterations and 4547 nodes (1.63 seconds)
Cbc0010I After 6549 nodes, 1204 on tree, 20 best solution, best possible 8 (2.10 seconds)
Cbc0010I After 9712 nodes, 1968 on tree, 20 best solution, best possible 8 (2.80 seconds)
Cbc0010I After 12087 nodes, 2607 on tree, 20 best solution, best possible 10 (3.50 seconds)
Cbc0010I After 14501 nodes, 3734 on tree, 20 best solution, best possible 10.2 (4.20 seconds)
Cbc0010I After 16608 nodes, 4738 on tree, 20 best solution, best possible 10.5 (4.90 seconds)
Cbc0010I After 18826 nodes, 5796 on tree, 20 best solution, best possible 10.625 (5.60 seconds)
Cbc0010I After 20922 nodes, 6815 on tree, 20 best solution, best possible 10.8 (6.30 seconds)
Cbc0010I After 23090 nodes, 7807 on tree, 20 best solution, best possible 10.888889 (7.00 seconds)
Cbc0010I After 25258 nodes, 8803 on tree, 20 best solution, best possible 11 (7.70 seconds)
Cbc0010I After 27832 nodes, 9927 on tree, 20 best solution, best possible 11 (8.40 seconds)
Cbc0010I After 30502 nodes, 10953 on tree, 20 best solution, best possible 11 (9.10 seconds)
Cbc0004I Integer solution of 16 found after 410201 iterations and 32027 nodes (9.52 seconds)
Cbc0012I Integer solution of 16 found by heuristic after 410201 iterations and 32026 nodes (9.52 seconds)
Cbc0010I After 33021 nodes, 9422 on tree, 16 best solution, best possible 11 (9.80 seconds)
Cbc0010I After 35592 nodes, 10464 on tree, 16 best solution, best possible 11 (10.50 seconds)
Cbc0010I After 38364 nodes, 11269 on tree, 16 best solution, best possible 11 (11.20 seconds)
Cbc0010I After 41107 nodes, 12017 on tree, 16 best solution, best possible 11 (11.90 seconds)
Cbc0010I After 43714 nodes, 13033 on tree, 16 best solution, best possible 11 (12.60 seconds)
Cbc0010I After 46477 nodes, 13789 on tree, 16 best solution, best possible 11 (13.30 seconds)
Cbc0010I After 49288 nodes, 14484 on tree, 16 best solution, best possible 11 (14.00 seconds)
Cbc0010I After 51989 nodes, 15614 on tree, 16 best solution, best possible 11 (14.70 seconds)
Cbc0010I After 54832 nodes, 16438 on tree, 16 best solution, best possible 11 (15.41 seconds)
Cbc0010I After 57670 nodes, 17215 on tree, 16 best solution, best possible 11 (16.11 seconds)
Cbc0010I After 60501 nodes, 18030 on tree, 16 best solution, best possible 11 (16.81 seconds)
Cbc0010I After 63289 nodes, 18984 on tree, 16 best solution, best possible 11 (17.51 seconds)
Cbc0010I After 66205 nodes, 19625 on tree, 16 best solution, best possible 11 (18.21 seconds)
Cbc0010I After 68499 nodes, 20217 on tree, 16 best solution, best possible 11 (18.91 seconds)
Cbc0010I After 71060 nodes, 21093 on tree, 16 best solution, best possible 11 (19.61 seconds)
Cbc0010I After 73636 nodes, 21493 on tree, 16 best solution, best possible 11.05 (20.31 seconds)
Cbc0010I After 76181 nodes, 22321 on tree, 16 best solution, best possible 11.095238 (21.01 seconds)
Cbc0010I After 78365 nodes, 22840 on tree, 16 best solution, best possible 11.166667 (21.71 seconds)
Cbc0010I After 81235 nodes, 23155 on tree, 16 best solution, best possible 11.166667 (22.41 seconds)
Cbc0010I After 83608 nodes, 24095 on tree, 16 best solution, best possible 11.2 (23.11 seconds)
Cbc0010I After 86175 nodes, 24663 on tree, 16 best solution, best possible 11.25 (23.81 seconds)
Cbc0010I After 89119 nodes, 25486 on tree, 16 best solution, best possible 11.25 (24.51 seconds)
Cbc0010I After 91330 nodes, 26414 on tree, 16 best solution, best possible 11.318182 (25.21 seconds)
Cbc0010I After 94045 nodes, 26749 on tree, 16 best solution, best possible 11.333333 (25.91 seconds)
Cbc0010I After 96895 nodes, 26983 on tree, 16 best solution, best possible 11.333333 (26.61 seconds)
Cbc0004I Integer solution of 12 found after 1186107 iterations and 98018 nodes (26.99 seconds)
Cbc0012I Integer solution of 12 found by heuristic after 1186104 iterations and 98017 nodes (26.99 seconds)
Cbc0030I Thread 0 used 98018 times,  waiting to start 0.16019416, 25.89903 cpu time, 608700 locks, 1.0933599 locked, 0.023596764 waiting for locks
Cbc0030I Main thread 25.966794 waiting for threads,  686295 locks, 0.31110334 locked, 0.026073217 waiting for locks
Cbc0001I Search completed - best objective 12, took 1186107 iterations and 98018 nodes (27.14 seconds)
Cbc0032I Strong branching done 6126 times (62301 iterations), fathomed 357 nodes and fixed 192 variables
Cbc0035I Maximum depth 47, 157129 variables fixed on reduced cost
Cbc0045I Orbital branching succeeded 14 times - average extra   0.500, fixing (7,  42.286)
