order-three monodromy mod 2=
(1, 1, 0, 1, 0, 1, 1, 1, 0, 0)
(0, 0, 1, 1, 1, 1, 0, 1, 1, 0)
(1, 1, 0, 0, 1, 1, 1, 0, 1, 0)
(1, 0, 1, 1, 0, 0, 1, 1, 1, 0)
(0, 0, 0, 0, 1, 0, 0, 0, 0, 1)
(0, 0, 0, 0, 1, 0, 1, 0, 1, 0)
(0, 0, 0, 0, 1, 0, 1, 1, 1, 1)
(0, 0, 0, 0, 1, 1, 1, 1, 0, 1)
(0, 0, 0, 0, 1, 1, 0, 1, 0, 0)
(0, 0, 0, 0, 1, 0, 0, 0, 0, 0)
fixed dimension=0
unmarked cusp widths=(1, 2, 3, 6); exotic-marked widths=(2, 2, 6, 6)
local mod-2 theta residues=all zero
invariant refinements=
(1, 1, 1, 1, 1, 1, 1, 1, 1, 1)
(1, 0, 1, 1, 1, 1, 1, 1, 1, 1)
(1, 1, 1, 0, 1, 1, 1, 1, 1, 1)
(1, 0, 1, 0, 0, 0, 0, 0, 0, 0)
(0, 0, 0, 0, 1, 1, 1, 1, 1, 1)
(0, 1, 1, 0, 1, 1, 1, 1, 1, 1)
(1, 0, 1, 0, 0, 0, 0, 0, 0, 0)
(1, 1, 0, 0, 0, 0, 0, 0, 0, 0)
(0, 1, 0, 0, 1, 1, 1, 1, 1, 1)
(0, 1, 1, 1, 0, 0, 0, 0, 0, 0)
(1, 1, 0, 1, 0, 0, 0, 0, 0, 0)
(0, 1, 0, 1, 0, 0, 0, 0, 0, 0)
(1, 0, 0, 1, 0, 0, 0, 0, 0, 0)
(1, 0, 1, 0, 0, 0, 0, 0, 0, 0)
(0, 0, 0, 0, 1, 1, 1, 1, 1, 1)
count=15 unique=PASS
PASS
