==== q=23 start 14:29:29 ====
  [par q=23] arena 1073741824 slots (17.179869184 GB, fixed)
  [par q=23] 3100 frontier tasks (depth 4), 24 threads — solving...
  [par q=23      5s] tasks     0/3100   nodes       6987227     1397343 nodes/s
  [par q=23     10s] tasks     0/3100   nodes      17401629     2082760 nodes/s
  [par q=23     15s] tasks     0/3100   nodes      29083225     2335803 nodes/s
  [par q=23     20s] tasks     0/3100   nodes      40782429     2339737 nodes/s
  [par q=23     25s] tasks     0/3100   nodes      52260537     2295526 nodes/s
  [par q=23     30s] tasks     0/3100   nodes      63596007     2266994 nodes/s
  [par q=23     35s] tasks     0/3100   nodes      74616004     2203904 nodes/s
  [par q=23     40s] tasks     0/3100   nodes      85305037     2137320 nodes/s
  [par q=23     45s] tasks     0/3100   nodes      96031532     2145165 nodes/s
  [par q=23     50s] tasks     0/3100   nodes     106357418     2065062 nodes/s
  [par q=23     55s] tasks     0/3100   nodes     116686626     2065727 nodes/s
  [par q=23     60s] tasks     1/3100   nodes     126857631     2033742 nodes/s
  [par q=23     65s] tasks     1/3100   nodes     137280342     2084442 nodes/s
  [par q=23     70s] tasks     2/3100   nodes     147664966     2076813 nodes/s
  [par q=23     75s] tasks     2/3100   nodes     158108582     2088611 nodes/s
  [par q=23     80s] tasks     2/3100   nodes     168358291     2049850 nodes/s
  [par q=23     85s] tasks     2/3100   nodes     178635082     2054579 nodes/s
  [par q=23     90s] tasks     3/3100   nodes     188951639     2063050 nodes/s
  [par q=23     95s] tasks     4/3100   nodes     199180787     2044368 nodes/s
  [par q=23    100s] tasks     5/3100   nodes     209550022     2073578 nodes/s
  [par q=23    105s] tasks     5/3100   nodes     219937585     2077299 nodes/s
  [par q=23    110s] tasks     6/3100   nodes     230314574     2075155 nodes/s
  [par q=23    115s] tasks     7/3100   nodes     240606553     2058162 nodes/s
  [par q=23    120s] tasks    10/3100   nodes     251086313     2095728 nodes/s
  [par q=23    125s] tasks    11/3100   nodes     261593545     2101189 nodes/s
  [par q=23    130s] tasks    13/3100   nodes     272068487     2094766 nodes/s
  [par q=23    135s] tasks    16/3100   nodes     282597634     2105532 nodes/s
  [par q=23    140s] tasks    19/3100   nodes     293129267     2104847 nodes/s
  [par q=23    145s] tasks    24/3100   nodes     303623244     2098512 nodes/s
  [par q=23    150s] tasks    24/3100   nodes     314106431     2096426 nodes/s
  [par q=23    155s] tasks    24/3100   nodes     324352156     2048888 nodes/s
  [par q=23    160s] tasks    24/3100   nodes     334435492     2016408 nodes/s
  [par q=23    165s] tasks    24/3100   nodes     344472328     2007123 nodes/s
  [par q=23    170s] tasks    24/3100   nodes     354548080     2014916 nodes/s
  [par q=23    175s] tasks    24/3100   nodes     364443360     1978862 nodes/s
  [par q=23    180s] tasks    26/3100   nodes     374272131     1965501 nodes/s
  [par q=23    185s] tasks    26/3100   nodes     384142216     1973757 nodes/s
  [par q=23    190s] tasks    27/3100   nodes     394105001     1991910 nodes/s
  [par q=23    195s] tasks    28/3100   nodes     403968382     1972456 nodes/s
  [par q=23    200s] tasks    32/3100   nodes     413885885     1983286 nodes/s
  [par q=23    205s] tasks    37/3100   nodes     423806622     1983941 nodes/s
  [par q=23    210s] tasks    39/3100   nodes     433664054     1970138 nodes/s
  [par q=23    215s] tasks    45/3100   nodes     443385146     1944008 nodes/s
  [par q=23    220s] tasks    47/3100   nodes     452918596     1906475 nodes/s
  [par q=23    225s] tasks    48/3100   nodes     462416160     1899331 nodes/s
  [par q=23    230s] tasks    48/3100   nodes     471840979     1884753 nodes/s
  [par q=23    235s] tasks    49/3100   nodes     481278059     1887224 nodes/s
  [par q=23    240s] tasks    50/3100   nodes     490782410     1900672 nodes/s
  [par q=23    245s] tasks    52/3100   nodes     500269452     1897203 nodes/s
  [par q=23    250s] tasks    57/3100   nodes     509696802     1885246 nodes/s
  [par q=23    255s] tasks    58/3100   nodes     519161213     1892679 nodes/s
  [par q=23    260s] tasks    63/3100   nodes     528597293     1887001 nodes/s
  [par q=23    265s] tasks    65/3100   nodes     537969104     1874130 nodes/s
  [par q=23    270s] tasks    68/3100   nodes     547305195     1867024 nodes/s
  [par q=23    275s] tasks    69/3100   nodes     556744809     1886629 nodes/s
  [par q=23    280s] tasks    74/3100   nodes     566048350     1860486 nodes/s
  [par q=23    285s] tasks    76/3100   nodes     575276766     1845469 nodes/s
  [par q=23    290s] tasks    79/3100   nodes     584474244     1839264 nodes/s
  [par q=23    295s] tasks    83/3100   nodes     593657744     1836512 nodes/s
  [par q=23    300s] tasks    86/3100   nodes     602846431     1837482 nodes/s
  [par q=23    305s] tasks    88/3100   nodes     612144537     1859421 nodes/s
  [par q=23    310s] tasks    93/3100   nodes     621306195     1832105 nodes/s
  [par q=23    315s] tasks    98/3100   nodes     630319633     1802494 nodes/s
  [par q=23    320s] tasks   100/3100   nodes     639547459     1845345 nodes/s
  [par q=23    325s] tasks   105/3100   nodes     648675945     1825504 nodes/s
  [par q=23    330s] tasks   105/3100   nodes     657879506     1840536 nodes/s
  [par q=23    335s] tasks   114/3100   nodes     667068914     1837695 nodes/s
  [par q=23    340s] tasks   121/3100   nodes     676185211     1823037 nodes/s
  [par q=23    345s] tasks   122/3100   nodes     685241424     1811028 nodes/s
  [par q=23    350s] tasks   130/3100   nodes     694408646     1832020 nodes/s
  [par q=23    355s] tasks   135/3100   nodes     703480515     1814194 nodes/s
  [par q=23    360s] tasks   139/3100   nodes     712553973     1814474 nodes/s
  [par q=23    365s] tasks   146/3100   nodes     721684052     1825796 nodes/s
  [par q=23    370s] tasks   151/3100   nodes     730802478     1823507 nodes/s
  [par q=23    375s] tasks   157/3100   nodes     739979610     1835206 nodes/s
  [par q=23    380s] tasks   168/3100   nodes     749060679     1815883 nodes/s
  [par q=23    385s] tasks   174/3100   nodes     758167829     1821238 nodes/s
  [par q=23    390s] tasks   186/3100   nodes     767235037     1813237 nodes/s
  [par q=23    395s] tasks   195/3100   nodes     776361764     1825159 nodes/s
  [par q=23    400s] tasks   208/3100   nodes     785486517     1824737 nodes/s
  [par q=23    405s] tasks   224/3100   nodes     794572869     1816808 nodes/s
  [par q=23    410s] tasks   238/3100   nodes     803670788     1819120 nodes/s
  [par q=23    415s] tasks   251/3100   nodes     812780449     1821660 nodes/s
  [par q=23    420s] tasks   288/3100   nodes     821668466     1777366 nodes/s
  [par q=23    425s] tasks   335/3100   nodes     829808002     1627187 nodes/s
  [par q=23    430s] tasks   335/3100   nodes     838833596     1804847 nodes/s
  [par q=23    435s] tasks   335/3100   nodes     849150380     2062819 nodes/s
  [par q=23    440s] tasks   335/3100   nodes     859457259     2061136 nodes/s
  [par q=23    445s] tasks   335/3100   nodes     869489693     2006250 nodes/s
  [par q=23    450s] tasks   335/3100   nodes     879399820     1981373 nodes/s
  [par q=23    455s] tasks   335/3100   nodes     889115253     1942867 nodes/s
  [par q=23    460s] tasks   335/3100   nodes     898609396     1898622 nodes/s
  [par q=23    465s] tasks   336/3100   nodes     908313526     1940609 nodes/s
  [par q=23    470s] tasks   336/3100   nodes     917795823     1895566 nodes/s
  [par q=23    475s] tasks   338/3100   nodes     927224258     1885491 nodes/s
  [par q=23    480s] tasks   338/3100   nodes     936695236     1893905 nodes/s
  [par q=23    485s] tasks   338/3100   nodes     946033983     1867548 nodes/s
FATAL: memo shard 1701/4096 nearly full (233017/262144); rerun with a larger arena log2
==== q=31 start 14:37:36 ====
  [par q=31] arena 1073741824 slots (17.179869184 GB, fixed)
  [par q=31] 12087 frontier tasks (depth 4), 24 threads — solving...
  [par q=31      5s] tasks     0/12087  nodes       4199211      839569 nodes/s
  [par q=31     10s] tasks     0/12087  nodes       9310295     1021727 nodes/s
  [par q=31     15s] tasks     0/12087  nodes      15012665     1140372 nodes/s
  [par q=31     20s] tasks     0/12087  nodes      20882899     1173973 nodes/s
  [par q=31     25s] tasks     0/12087  nodes      26904533     1204197 nodes/s
  [par q=31     30s] tasks     0/12087  nodes      32987147     1216368 nodes/s
  [par q=31     35s] tasks     0/12087  nodes      39066624     1215736 nodes/s
  [par q=31     40s] tasks     0/12087  nodes      45101144     1206339 nodes/s
  [par q=31     45s] tasks     0/12087  nodes      51119047     1203439 nodes/s
  [par q=31     50s] tasks     0/12087  nodes      57134180     1202681 nodes/s
  [par q=31     55s] tasks     0/12087  nodes      63099830     1192834 nodes/s
  [par q=31     60s] tasks     0/12087  nodes      69040288     1187968 nodes/s
  [par q=31     65s] tasks     0/12087  nodes      75000715     1191963 nodes/s
  [par q=31     70s] tasks     0/12087  nodes      80952161     1189393 nodes/s
  [par q=31     75s] tasks     0/12087  nodes      86889185     1187266 nodes/s
  [par q=31     80s] tasks     0/12087  nodes      92771648     1176374 nodes/s
  [par q=31     85s] tasks     0/12087  nodes      98685047     1182561 nodes/s
  [par q=31     90s] tasks     0/12087  nodes     104547636     1172397 nodes/s
  [par q=31     95s] tasks     0/12087  nodes     110383587     1167039 nodes/s
  [par q=31    100s] tasks     0/12087  nodes     116168825     1156924 nodes/s
  [par q=31    105s] tasks     0/12087  nodes     121982303     1162580 nodes/s
  [par q=31    110s] tasks     0/12087  nodes     127778822     1159190 nodes/s
  [par q=31    115s] tasks     0/12087  nodes     133553425     1154155 nodes/s
  [par q=31    120s] tasks     0/12087  nodes     139303833     1149910 nodes/s
  [par q=31    125s] tasks     0/12087  nodes     145076331     1154369 nodes/s
  [par q=31    130s] tasks     0/12087  nodes     150833632     1151339 nodes/s
  [par q=31    135s] tasks     0/12087  nodes     156564270     1145862 nodes/s
  [par q=31    140s] tasks     0/12087  nodes     162291036     1145089 nodes/s
  [par q=31    145s] tasks     0/12087  nodes     167966126     1134899 nodes/s
  [par q=31    150s] tasks     0/12087  nodes     173602856     1127199 nodes/s
  [par q=31    155s] tasks     0/12087  nodes     179230788     1125457 nodes/s
  [par q=31    160s] tasks     0/12087  nodes     184874022     1128533 nodes/s
  [par q=31    165s] tasks     0/12087  nodes     190489493     1122459 nodes/s
  [par q=31    170s] tasks     0/12087  nodes     196074826     1116963 nodes/s
  [par q=31    175s] tasks     0/12087  nodes     201637214     1112334 nodes/s
  [par q=31    180s] tasks     0/12087  nodes     207187772     1109946 nodes/s
  [par q=31    185s] tasks     0/12087  nodes     212770655     1116466 nodes/s
