Rank-two subcategory generated by an exceptional pair with chi(e1,e2) = x:
  char poly of the numerical Serre operator = lam**2 + lam*(x**2 - 2) + 1
  trace = 2 - x^2, det = 1; the eigenvalues are primitive sixth roots of
  unity exactly when x^2 = 1, i.e. when consecutive exceptional objects
  pair to +-1.  x = 0 gives (lam-1)^2, x^2 = 4 gives (lam+1)^2, and
  x^2 > 4 gives real eigenvalues off the unit circle.

Cubic threefold, Kuznetsov component, numerical Serre operator:
  S = [[2, 3], [-1, -1]], char poly = lam**2 - lam + 1, order = 6
  S^3 = [[-1, 0], [0, -1]]   S^5 = [[-1, -3], [1, 2]]
  On K-num a shift [k] acts by (-1)^k, so:
    Kuznetsov's S^3 = [5] predicts S^3 = -I : True
    the memo's S^5 = [3] predicts S^5 = -I : False
  S^5 = [3] would force eigenvalues that are primitive tenth roots of
  unity, contradicting the characteristic polynomial Phi_6 above and the
  manuscript's own exponents -1/6, -5/6.

Serre operator on the FULL numerical K-group of a surface:
  P^2: char poly = lam**3 - 3*lam**2 + 3*lam - 1, factored = [(lam - 1, 3)], primitive-sixth count = 0
  P^1 x P^1: char poly = lam**4 - 4*lam**3 + 6*lam**2 - 4*lam + 1, factored = [(lam - 1, 4)], primitive-sixth count = 0
  Bl_1 P^2: char poly = lam**4 - 4*lam**3 + 6*lam**2 - 4*lam + 1, factored = [(lam - 1, 4)], primitive-sixth count = 0
  Structural reason: the Serre functor of a surface is (- tensor omega)[2],
  and [2] acts by +1 on K-num, so the ambient operator is multiplication by
  exp(K), which is unipotent.  Any primitive sixth eigenvalue therefore has
  to come from a proper semiorthogonal component, never from the ambient.

Blow-up of the projective plane at one point, E the exceptional curve:
  chi(O_E(-1))            = 0   (degree -1 on a rational curve)
  chi(O_E(-1), O_E(-1))   = 1   (exceptional)
  chi(O_X, O_X)           = 1   (exceptional)
  chi(O_X, O_E(-1))       = 0   (semiorthogonality of <O_E(-1), O_X>)
  chi(O_E(-1), O_X)       = -1
  Euler Gram = [[1, -1], [0, 1]], Serre operator = [[0, 1], [-1, 1]]
  char poly = lam**2 - lam + 1, order = 6, primitive-sixth count = 2
  So an admissible subcategory of a smooth rational surface can have a
  numerical Serre operator of order six.  Step (iii) is false for
  admissible subcategories and must be stated for atoms; this subcategory
  is not an atom, being generated by an exceptional pair and hence
  decomposable into two rank-one pieces, each with Serre operator 1.
