section zero scheme on X equals residual sextic = True
hyperplane residual Hilbert polynomial = 2*t + 2
hyperplane residual components = 1
hyperplane component Hilbert polynomials = [2*t + 2]
TYPE AUDIT prime = 5
total packet Hilbert polynomial = 15
rational rank-two packet points = 1
geometrically split packet points = 1
([4, 1, 2, 3, 0, 1], 1, [('6*t', '3*t + 1', True, 1, '3*t + 1', False, 1), ('6*t', '3*t + 1', True, 1, '3*t + 1', True, 1)]) projective Jacobian rank = 5
TYPE AUDIT prime = 7
total packet Hilbert polynomial = 15
rational rank-two packet points = 1
geometrically split packet points = 1
([2, 1, 1, 2, 4, 1], 2, [('6*t', '3*t + 1', False, 1, '3*t + 1', False, 1), ('6*t', '3*t + 1', False, 1, '3*t + 1', True, 1), ('6*t', '3*t + 1', True, 1, '3*t + 1', False, 1), ('6*t', '3*t + 1', True, 1, '3*t + 1', True, 1)]) projective Jacobian rank = 4
TYPE AUDIT prime = 11
total packet Hilbert polynomial = 27
rational rank-two packet points = 2
geometrically split packet points = 2
([1, 5, 4, 4, 1, 0], 2, [('6*t', '3*t + 1', False, 1, '3*t + 1', True, 1), ('6*t', '3*t + 1', True, 1, '3*t + 1', False, 1), ('6*t', '3*t + 1', True, 1, '3*t + 1', True, 1)]) projective Jacobian rank = 4
([9, 5, 7, 7, 1, 0], 2, [('6*t', '3*t + 1', False, 1, '3*t + 1', True, 1), ('6*t', '3*t + 1', True, 1, '3*t + 1', False, 1), ('6*t', '3*t + 1', True, 1, '3*t + 1', True, 1)]) projective Jacobian rank = 4
