integral order-three monodromy=
[-5 -3  0 -3  8  5  3  3  6  6]
[ 0 -2 -3 -3  5  3  2  3  3  6]
[-3 -3 -2  0  5  3  3  2  3  6]
[-3  0 -3 -5  8  6  3  3  5  6]
[ 0  0  0  0 -1  0  0  0  0  1]
[-6  0  0  0  5  4  3  0  3  2]
[ 0 -6  0  0  5  0  1  3  3  5]
[ 0  0 -6  0  5  3  3  1  0  5]
[ 0  0  0 -6  5  3  0  3  4  2]
[ 0  0  0  0 -1  0  0  0  0  0]
mod-2 polynomial X^2+X+1 and fixed dimension 0
unmarked cusp widths=(1, 2, 3, 6); exotic-marked widths=(2, 2, 6, 6)
all four local mod-2 theta residues vanish
unique invariant refinement vectors for the fixed NS basis=
(1, 1, 1, 1, 1, 1, 1, 1, 1, 1)
(1, 0, 1, 1, 1, 1, 1, 1, 1, 1)
(1, 1, 1, 0, 1, 1, 1, 1, 1, 1)
(1, 0, 1, 0, 0, 0, 0, 0, 0, 0)
(0, 0, 0, 0, 1, 1, 1, 1, 1, 1)
(0, 1, 1, 0, 1, 1, 1, 1, 1, 1)
(1, 0, 1, 0, 0, 0, 0, 0, 0, 0)
(1, 1, 0, 0, 0, 0, 0, 0, 0, 0)
(0, 1, 0, 0, 1, 1, 1, 1, 1, 1)
(0, 1, 1, 1, 0, 0, 0, 0, 0, 0)
(1, 1, 0, 1, 0, 0, 0, 0, 0, 0)
(0, 1, 0, 1, 0, 0, 0, 0, 0, 0)
(1, 0, 0, 1, 0, 0, 0, 0, 0, 0)
(1, 0, 1, 0, 0, 0, 0, 0, 0, 0)
(0, 0, 0, 0, 1, 1, 1, 1, 1, 1)
all 15 horizontal NS generators admit unique invariant symmetric theta structures
PASS
