C904 sparse primitive divisor identity
monomials=3060 unique-rows=2660 zero-rows=226
initial-support=52 reduced-support=16 L1=18642 order=reverse
random-integral-bases=0/5000
  -787 * D(0, 1, 1, 1)
  +3253 * D(0, 1, 1, 2)
  +2167 * D(0, 1, 1, 4)
  -219 * D(0, 1, 1, 6)
  +3095 * D(0, 1, 1, 7)
  +1043 * D(0, 1, 1, 12)
  +861 * D(0, 1, 2, 3)
  -2285 * D(0, 1, 2, 6)
  -749 * D(0, 1, 12, 13)
  +1245 * D(0, 2, 12, 13)
  -428 * D(1, 1, 1, 2)
  +114 * D(1, 1, 1, 3)
  -599 * D(1, 1, 2, 3)
  -599 * D(1, 1, 2, 5)
  -1027 * D(1, 2, 3, 5)
  -171 * D(1, 2, 12, 13)
used-divisor-types:
  D0: rank=1 signature=(1,0,4) det=0 orbit=6
  D1: rank=5 signature=(3,2,0) det=1296 orbit=15
  D2: rank=5 signature=(3,2,0) det=1296 orbit=15
  D3: rank=2 signature=(1,1,3) det=0 orbit=30
  D4: rank=5 signature=(2,3,0) det=-1296 orbit=30
  D5: rank=3 signature=(1,2,2) det=0 orbit=30
  D6: rank=5 signature=(2,3,0) det=-2592 orbit=60
  D7: rank=4 signature=(2,2,1) det=0 orbit=60
  D12: rank=5 signature=(2,3,0) det=-2592 orbit=60
  D13: rank=2 signature=(1,1,3) det=0 orbit=15
PASS
