[Z3xZ3xZ11] |G|=99 |Aut|=480  order=true j=1 par-ply=0 cap=250000000
  [  15s] nodes=368785 memo=368773 rss=21MB
  [  30s] nodes=670571 memo=670558 rss=26MB
  [  45s] nodes=933540 memo=933526 rss=50MB
  [  60s] nodes=1202634 memo=1202614 rss=50MB
  [  75s] nodes=1384941 memo=1384928 rss=50MB
  [  90s] nodes=1583443 memo=1583425 rss=91MB
  [ 105s] nodes=1786775 memo=1786760 rss=91MB
  [ 120s] nodes=2011358 memo=2011342 rss=91MB
  [ 135s] nodes=2321239 memo=2321225 rss=91MB
  [ 150s] nodes=2729433 memo=2729422 rss=91MB
  [ 165s] nodes=2972075 memo=2972063 rss=159MB
  [ 180s] nodes=3166851 memo=3166840 rss=169MB
  [ 195s] nodes=3462976 memo=3462963 rss=169MB
  [ 210s] nodes=3834270 memo=3834257 rss=169MB
  [ 225s] nodes=4199299 memo=4199283 rss=169MB
  [ 240s] nodes=4449677 memo=4449668 rss=169MB
  [ 255s] nodes=4629066 memo=4629051 rss=169MB
  [ 270s] nodes=4932133 memo=4932117 rss=169MB
  [ 285s] nodes=5284931 memo=5284916 rss=169MB
  [ 300s] nodes=5576298 memo=5576286 rss=169MB
  [ 315s] nodes=5794031 memo=5794019 rss=178MB
  [ 330s] nodes=6080874 memo=6080862 rss=357MB
  [ 345s] nodes=6274557 memo=6274541 rss=357MB
  [ 360s] nodes=6481565 memo=6481555 rss=357MB
  [ 375s] nodes=6708512 memo=6708501 rss=357MB
  [ 390s] nodes=6975742 memo=6975728 rss=357MB
  [ 405s] nodes=7343917 memo=7343903 rss=357MB
  [ 420s] nodes=7587615 memo=7587603 rss=357MB
  [ 435s] nodes=7939944 memo=7939933 rss=357MB
  [ 450s] nodes=8281034 memo=8281025 rss=357MB
  [ 465s] nodes=8555892 memo=8555877 rss=357MB
  [ 480s] nodes=8756419 memo=8756398 rss=357MB
  [ 495s] nodes=8984826 memo=8984811 rss=357MB
  [ 510s] nodes=9252806 memo=9252790 rss=357MB
  [ 525s] nodes=9475907 memo=9475894 rss=357MB
  [ 540s] nodes=9806136 memo=9806125 rss=357MB
  [ 555s] nodes=10118460 memo=10118447 rss=357MB
  [ 570s] nodes=10365378 memo=10365366 rss=305MB
  [ 585s] nodes=10690636 memo=10690620 rss=305MB
  [ 600s] nodes=10983246 memo=10983233 rss=305MB
  [ 615s] nodes=11216875 memo=11216866 rss=305MB
  [ 630s] nodes=11416910 memo=11416895 rss=305MB
  [ 645s] nodes=11596581 memo=11596567 rss=310MB
  [ 660s] nodes=11817302 memo=11817288 rss=606MB
  [ 675s] nodes=12122912 memo=12122900 rss=693MB
  [ 690s] nodes=12386908 memo=12386896 rss=693MB
  [ 705s] nodes=12713759 memo=12713743 rss=693MB
  [ 720s] nodes=13003386 memo=13003372 rss=693MB
  [ 735s] nodes=13165751 memo=13165736 rss=693MB
  [ 750s] nodes=13378439 memo=13378426 rss=693MB
  [ 765s] nodes=13574829 memo=13574812 rss=693MB
  [ 780s] nodes=13823528 memo=13823512 rss=693MB
  [ 795s] nodes=14074318 memo=14074299 rss=693MB
  [ 810s] nodes=14257820 memo=14257808 rss=693MB
  [ 825s] nodes=14437037 memo=14437026 rss=693MB
  [ 840s] nodes=14650846 memo=14650826 rss=693MB
  [ 855s] nodes=14951418 memo=14951406 rss=693MB
  [ 870s] nodes=15372762 memo=15372747 rss=693MB
  [ 885s] nodes=15640235 memo=15640223 rss=693MB
  [ 900s] nodes=15973804 memo=15973785 rss=604MB
  [ 915s] nodes=16307196 memo=16307184 rss=604MB
  [ 930s] nodes=16619714 memo=16619698 rss=604MB
  [ 945s] nodes=16872094 memo=16872075 rss=604MB
  [ 960s] nodes=17052089 memo=17052073 rss=604MB
  [ 975s] nodes=17314946 memo=17314927 rss=604MB
  [ 990s] nodes=17570259 memo=17570249 rss=604MB
  [1005s] nodes=17843074 memo=17843062 rss=604MB
  [1020s] nodes=17970769 memo=17970756 rss=604MB
  [1035s] nodes=18103978 memo=18103958 rss=604MB
  [1050s] nodes=18224532 memo=18224516 rss=604MB
  [1065s] nodes=18382525 memo=18382506 rss=604MB
  [1080s] nodes=18527734 memo=18527714 rss=604MB
  [1095s] nodes=18701150 memo=18701137 rss=604MB
  [1110s] nodes=18924773 memo=18924757 rss=604MB
  [1125s] nodes=19255245 memo=19255229 rss=604MB
  [1140s] nodes=19539229 memo=19539216 rss=604MB
  [1155s] nodes=19798127 memo=19798113 rss=604MB
  [1170s] nodes=20121015 memo=20121007 rss=604MB
  [1185s] nodes=20410984 memo=20410972 rss=604MB
  [1200s] nodes=20613528 memo=20613513 rss=604MB
  [1215s] nodes=20894967 memo=20894952 rss=604MB
  [1230s] nodes=21199782 memo=21199770 rss=604MB
  [1245s] nodes=21505719 memo=21505704 rss=604MB
  [1260s] nodes=21802404 memo=21802393 rss=604MB
  [1275s] nodes=22009966 memo=22009953 rss=604MB
  [1290s] nodes=22265999 memo=22265987 rss=604MB
  [1305s] nodes=22448595 memo=22448579 rss=604MB
  [1320s] nodes=22532567 memo=22532552 rss=604MB
  [1335s] nodes=22697178 memo=22697159 rss=604MB
  [1350s] nodes=22850030 memo=22850016 rss=604MB
  [1365s] nodes=22968291 memo=22968274 rss=604MB
  [1380s] nodes=23089494 memo=23089476 rss=604MB
  [1395s] nodes=23295285 memo=23295268 rss=629MB
  [1410s] nodes=23510298 memo=23510287 rss=1102MB
  [1425s] nodes=23645926 memo=23645916 rss=1308MB
  [1440s] nodes=23766347 memo=23766328 rss=1384MB
  [1455s] nodes=23857434 memo=23857415 rss=1388MB
  [1470s] nodes=23953356 memo=23953339 rss=1388MB
  [1485s] nodes=24086834 memo=24086818 rss=1388MB
  [1500s] nodes=24286182 memo=24286170 rss=1388MB
  [1515s] nodes=24529736 memo=24529726 rss=1388MB
  [1530s] nodes=24821681 memo=24821668 rss=1388MB
  [1545s] nodes=24943664 memo=24943654 rss=1388MB
  [1560s] nodes=25109091 memo=25109075 rss=1388MB
  [1575s] nodes=25330684 memo=25330674 rss=1388MB
  [1590s] nodes=25647644 memo=25647629 rss=1388MB
  [1605s] nodes=25905192 memo=25905178 rss=1388MB
  [1620s] nodes=26226512 memo=26226504 rss=1388MB
  [1635s] nodes=26486975 memo=26486964 rss=1388MB
  [1650s] nodes=26763471 memo=26763456 rss=1203MB
  [1665s] nodes=26968612 memo=26968596 rss=1203MB
  [1680s] nodes=27164253 memo=27164242 rss=1203MB
  [1695s] nodes=27316976 memo=27316959 rss=1203MB
  [1710s] nodes=27520772 memo=27520757 rss=1203MB
  [1725s] nodes=27701113 memo=27701097 rss=1203MB
  [1740s] nodes=27843514 memo=27843495 rss=1203MB
  [1755s] nodes=27973261 memo=27973244 rss=1203MB
  [1770s] nodes=28177256 memo=28177240 rss=1203MB
  [1785s] nodes=28357612 memo=28357601 rss=1203MB
  [1800s] nodes=28562849 memo=28562833 rss=1203MB
  [1815s] nodes=28780146 memo=28780132 rss=1203MB
  [1830s] nodes=28942135 memo=28942115 rss=1203MB
  [1845s] nodes=29164633 memo=29164624 rss=1203MB
  [1860s] nodes=29379622 memo=29379608 rss=1203MB
  [1875s] nodes=29591348 memo=29591335 rss=1203MB
  [1890s] nodes=29758631 memo=29758612 rss=1203MB
  [1905s] nodes=29915307 memo=29915289 rss=1203MB
  [1920s] nodes=30111052 memo=30111040 rss=1203MB
  [1935s] nodes=30296706 memo=30296690 rss=1203MB
  [1950s] nodes=30510246 memo=30510229 rss=1203MB
  [1965s] nodes=30699951 memo=30699928 rss=1203MB
  [1980s] nodes=30845497 memo=30845481 rss=1203MB
  [1995s] nodes=30996524 memo=30996506 rss=1203MB
  [2010s] nodes=31112619 memo=31112604 rss=1203MB
  [2025s] nodes=31380986 memo=31380968 rss=1203MB
  [2040s] nodes=31506305 memo=31506284 rss=1203MB
  [2055s] nodes=31621960 memo=31621941 rss=1203MB
  [2070s] nodes=31788201 memo=31788185 rss=1203MB
  [2085s] nodes=31992438 memo=31992428 rss=1203MB
  [2100s] nodes=32152154 memo=32152139 rss=1203MB
  [2115s] nodes=32295014 memo=32294995 rss=1203MB
  [2130s] nodes=32444425 memo=32444406 rss=1203MB
  [2145s] nodes=32603730 memo=32603713 rss=1203MB
  [2160s] nodes=32718538 memo=32718520 rss=1203MB
  [2175s] nodes=32902553 memo=32902532 rss=1203MB
  [2190s] nodes=33089036 memo=33089020 rss=1203MB
  [2205s] nodes=33273783 memo=33273764 rss=1203MB
  [2220s] nodes=33460024 memo=33460003 rss=1203MB
  [2235s] nodes=33628346 memo=33628322 rss=1203MB
  [2250s] nodes=33743489 memo=33743470 rss=1203MB
  [2265s] nodes=33859618 memo=33859601 rss=1203MB
  [2280s] nodes=33977117 memo=33977102 rss=1203MB
  [2295s] nodes=34191957 memo=34191941 rss=1203MB
  [2310s] nodes=34368986 memo=34368973 rss=1203MB
  [2325s] nodes=34699744 memo=34699736 rss=1203MB
  [2340s] nodes=35107133 memo=35107118 rss=1203MB
  [2355s] nodes=35450765 memo=35450752 rss=1203MB
  [2370s] nodes=35642259 memo=35642248 rss=1203MB
  [2385s] nodes=35886979 memo=35886964 rss=1203MB
  [2400s] nodes=36107565 memo=36107553 rss=1203MB
  [2415s] nodes=36350865 memo=36350851 rss=1203MB
  [2430s] nodes=36539086 memo=36539074 rss=1203MB
  [2445s] nodes=36852863 memo=36852848 rss=1203MB
  [2460s] nodes=37146783 memo=37146771 rss=1203MB
  [2475s] nodes=37389519 memo=37389508 rss=1203MB
  [2490s] nodes=37647842 memo=37647825 rss=1203MB
  [2505s] nodes=37798626 memo=37798608 rss=1203MB
  [2520s] nodes=37888616 memo=37888599 rss=1203MB
  [2535s] nodes=38041723 memo=38041704 rss=1203MB
  [2550s] nodes=38272182 memo=38272164 rss=1203MB
  [2565s] nodes=38497205 memo=38497185 rss=1203MB
  [2580s] nodes=38625977 memo=38625958 rss=1203MB
  [2595s] nodes=38749567 memo=38749553 rss=1203MB
  [2610s] nodes=39035370 memo=39035355 rss=1203MB
  [2625s] nodes=39205457 memo=39205443 rss=1203MB
  [2640s] nodes=39419059 memo=39419041 rss=1203MB
  [2655s] nodes=39759553 memo=39759543 rss=1203MB
  [2670s] nodes=40084750 memo=40084737 rss=1203MB
  [2685s] nodes=40277325 memo=40277313 rss=1203MB
  [2700s] nodes=40571586 memo=40571572 rss=1203MB
  [2715s] nodes=40788508 memo=40788488 rss=1203MB
  [2730s] nodes=40974933 memo=40974915 rss=1203MB
  [2745s] nodes=41214989 memo=41214973 rss=1203MB
  [2760s] nodes=41489692 memo=41489678 rss=1203MB
  [2775s] nodes=41692417 memo=41692405 rss=1203MB
  [2790s] nodes=41877654 memo=41877638 rss=1203MB
  [2805s] nodes=42049640 memo=42049628 rss=1203MB
  [2820s] nodes=42257365 memo=42257352 rss=1203MB
  [2835s] nodes=42483267 memo=42483253 rss=1203MB
  [2850s] nodes=42607255 memo=42607241 rss=1203MB
  [2865s] nodes=42870714 memo=42870703 rss=1203MB
  [2880s] nodes=43080740 memo=43080725 rss=1203MB
  [2895s] nodes=43321061 memo=43321051 rss=1203MB
  [2910s] nodes=43539722 memo=43539710 rss=1203MB
  [2925s] nodes=43730283 memo=43730268 rss=1203MB
  [2940s] nodes=43963347 memo=43963329 rss=1203MB
  [2955s] nodes=44213575 memo=44213563 rss=1203MB
  [2970s] nodes=44561092 memo=44561073 rss=1203MB
  [2985s] nodes=44718589 memo=44718574 rss=1203MB
  [3000s] nodes=44876033 memo=44876015 rss=1203MB
  [3015s] nodes=45055728 memo=45055713 rss=1203MB
  [3030s] nodes=45332967 memo=45332949 rss=1203MB
  [3045s] nodes=45528512 memo=45528492 rss=1203MB
  [3060s] nodes=45770101 memo=45770083 rss=1203MB
  [3075s] nodes=46028201 memo=46028188 rss=1203MB
  [3090s] nodes=46208833 memo=46208819 rss=1203MB
  [3105s] nodes=46327193 memo=46327179 rss=1203MB
  [3120s] nodes=46489502 memo=46489487 rss=1203MB
  [3135s] nodes=46708183 memo=46708170 rss=1247MB
  [3150s] nodes=46968064 memo=46968053 rss=2196MB
  [3165s] nodes=47195042 memo=47195031 rss=2598MB
  [3180s] nodes=47439061 memo=47439050 rss=2758MB
  [3195s] nodes=47607146 memo=47607129 rss=2762MB
  [3210s] nodes=47777081 memo=47777062 rss=2762MB
  [3225s] nodes=47982379 memo=47982366 rss=2762MB
  [3240s] nodes=48185464 memo=48185446 rss=2762MB
  [3255s] nodes=48405318 memo=48405299 rss=2762MB
  [3270s] nodes=48598826 memo=48598809 rss=2762MB
  [3285s] nodes=48811093 memo=48811081 rss=2762MB
  [3300s] nodes=49012518 memo=49012501 rss=2762MB
  [3315s] nodes=49156004 memo=49155986 rss=2762MB
  [3330s] nodes=49333419 memo=49333399 rss=2762MB
  [3345s] nodes=49540670 memo=49540659 rss=2762MB
  [3360s] nodes=49732321 memo=49732307 rss=2762MB
  [3375s] nodes=49936335 memo=49936318 rss=2762MB
  [3390s] nodes=50075352 memo=50075333 rss=2716MB
  [3405s] nodes=50361679 memo=50361663 rss=2402MB
  [3420s] nodes=50763783 memo=50763770 rss=2402MB
  [3435s] nodes=51110878 memo=51110858 rss=2402MB
  [3450s] nodes=51344638 memo=51344619 rss=2402MB
  [3465s] nodes=51553508 memo=51553491 rss=2402MB
  [3480s] nodes=51951007 memo=51950996 rss=2402MB
  [3495s] nodes=52424351 memo=52424341 rss=2402MB
  [3510s] nodes=52809402 memo=52809389 rss=2402MB
  [3525s] nodes=53313884 memo=53313872 rss=2402MB
  [3540s] nodes=53692563 memo=53692545 rss=2402MB
  [3555s] nodes=54063977 memo=54063959 rss=2402MB
  [3570s] nodes=54269697 memo=54269681 rss=2402MB
  [3585s] nodes=54470479 memo=54470462 rss=2402MB
  [3600s] nodes=54725861 memo=54725847 rss=2402MB
  [3615s] nodes=54903270 memo=54903258 rss=2402MB
  [3630s] nodes=55159570 memo=55159563 rss=2402MB
  [3645s] nodes=55408234 memo=55408220 rss=2402MB
  [3660s] nodes=55754731 memo=55754720 rss=2402MB
  [3675s] nodes=55999464 memo=55999451 rss=2402MB
  [3690s] nodes=56220016 memo=56220003 rss=2402MB
  [3705s] nodes=56486416 memo=56486400 rss=2402MB
  [3720s] nodes=56767892 memo=56767879 rss=2402MB
  [3735s] nodes=57089854 memo=57089839 rss=2402MB
  [3750s] nodes=57507988 memo=57507973 rss=2402MB
  [3765s] nodes=57849138 memo=57849127 rss=2402MB
  [3780s] nodes=58144231 memo=58144219 rss=2402MB
  [3795s] nodes=58399425 memo=58399409 rss=2402MB
  [3810s] nodes=58664058 memo=58664047 rss=2402MB
  [3825s] nodes=58948182 memo=58948169 rss=2402MB
  [3840s] nodes=59249811 memo=59249798 rss=2402MB
  [3855s] nodes=59444774 memo=59444761 rss=2402MB
  [3870s] nodes=59706400 memo=59706383 rss=2402MB
  [3885s] nodes=59875140 memo=59875124 rss=2402MB
  [3900s] nodes=60020211 memo=60020191 rss=2402MB
  [3915s] nodes=60166034 memo=60166015 rss=2402MB
  [3930s] nodes=60427255 memo=60427236 rss=2402MB
  [3945s] nodes=60608488 memo=60608471 rss=2402MB
  [3960s] nodes=60810998 memo=60810985 rss=2402MB
  [3975s] nodes=60974392 memo=60974376 rss=2402MB
  [3990s] nodes=61109522 memo=61109502 rss=2402MB
  [4005s] nodes=61246901 memo=61246883 rss=2402MB
  [4020s] nodes=61378959 memo=61378947 rss=2402MB
  [4035s] nodes=61524448 memo=61524435 rss=2402MB
  [4050s] nodes=61703170 memo=61703155 rss=2402MB
  [4065s] nodes=61982022 memo=61982008 rss=2402MB
  [4080s] nodes=62148363 memo=62148351 rss=2402MB
  [4095s] nodes=62294793 memo=62294773 rss=2402MB
  [4110s] nodes=62480788 memo=62480773 rss=2402MB
  [4125s] nodes=62621590 memo=62621571 rss=2402MB
  [4140s] nodes=62811505 memo=62811486 rss=2402MB
  [4155s] nodes=63129498 memo=63129488 rss=2402MB
  [4170s] nodes=63352269 memo=63352255 rss=2402MB
  [4185s] nodes=63602864 memo=63602848 rss=2402MB
  [4200s] nodes=63852003 memo=63851991 rss=2402MB
  [4215s] nodes=64098865 memo=64098849 rss=2402MB
  [4230s] nodes=64307157 memo=64307142 rss=2402MB
  [4245s] nodes=64551772 memo=64551758 rss=2402MB
  [4260s] nodes=64725159 memo=64725142 rss=2402MB
  [4275s] nodes=64946672 memo=64946658 rss=2402MB
  [4290s] nodes=65156042 memo=65156026 rss=2402MB
  [4305s] nodes=65403231 memo=65403214 rss=2402MB
  [4320s] nodes=65542898 memo=65542882 rss=2402MB
  [4335s] nodes=65736745 memo=65736726 rss=2402MB
  [4350s] nodes=65945406 memo=65945394 rss=2402MB
  [4365s] nodes=66123668 memo=66123645 rss=2402MB
  [4380s] nodes=66246530 memo=66246509 rss=2402MB
  [4395s] nodes=66507318 memo=66507305 rss=2402MB
  [4410s] nodes=66804958 memo=66804943 rss=2402MB
  [4425s] nodes=67026586 memo=67026571 rss=2402MB
  [4440s] nodes=67158401 memo=67158382 rss=2402MB
  [4455s] nodes=67284655 memo=67284635 rss=2402MB
  [4470s] nodes=67420894 memo=67420873 rss=2402MB
  [4485s] nodes=67650383 memo=67650367 rss=2402MB
  [4500s] nodes=67817615 memo=67817594 rss=2402MB
  [4515s] nodes=67964602 memo=67964584 rss=2402MB
  [4530s] nodes=68097894 memo=68097875 rss=2402MB
  [4545s] nodes=68361862 memo=68361849 rss=2402MB
  [4560s] nodes=68680647 memo=68680632 rss=2402MB
  [4575s] nodes=69002697 memo=69002685 rss=2402MB
  [4590s] nodes=69286197 memo=69286185 rss=2402MB
  [4605s] nodes=69549222 memo=69549210 rss=2402MB
  [4620s] nodes=69785983 memo=69785967 rss=2402MB
  [4635s] nodes=70073720 memo=70073711 rss=2402MB
  [4650s] nodes=70318166 memo=70318155 rss=2402MB
  [4665s] nodes=70528168 memo=70528155 rss=2402MB
  [4680s] nodes=70820126 memo=70820115 rss=2402MB
  [4695s] nodes=71160247 memo=71160238 rss=2402MB
  [4710s] nodes=71465196 memo=71465183 rss=2402MB
  [4725s] nodes=71692426 memo=71692409 rss=2402MB
  [4740s] nodes=71847084 memo=71847074 rss=2402MB
  [4755s] nodes=72112701 memo=72112688 rss=2402MB
  [4770s] nodes=72473866 memo=72473849 rss=2402MB
  [4785s] nodes=72750556 memo=72750546 rss=2402MB
  [4800s] nodes=73005689 memo=73005675 rss=2402MB
  [4815s] nodes=73268453 memo=73268440 rss=2402MB
  [4830s] nodes=73534555 memo=73534544 rss=2402MB
  [4845s] nodes=73708036 memo=73708016 rss=2402MB
  [4860s] nodes=73849754 memo=73849733 rss=2402MB
  [4875s] nodes=73966751 memo=73966736 rss=2402MB
  [4890s] nodes=74066446 memo=74066427 rss=2402MB
  [4905s] nodes=74162280 memo=74162259 rss=2402MB
  [4920s] nodes=74380879 memo=74380864 rss=2402MB
  [4935s] nodes=74635477 memo=74635461 rss=2402MB
  [4950s] nodes=74779762 memo=74779747 rss=2402MB
  [4965s] nodes=75047012 memo=75046998 rss=2402MB
  [4980s] nodes=75300525 memo=75300511 rss=2402MB
  [4995s] nodes=75480587 memo=75480569 rss=2402MB
  [5010s] nodes=75708851 memo=75708837 rss=2402MB
  [5025s] nodes=75896436 memo=75896417 rss=2402MB
  [5040s] nodes=76053601 memo=76053580 rss=2402MB
  [5055s] nodes=76237646 memo=76237628 rss=2402MB
  [5070s] nodes=76408288 memo=76408274 rss=2402MB
  [5085s] nodes=76523861 memo=76523844 rss=2402MB
  [5100s] nodes=76669790 memo=76669769 rss=2402MB
  [5115s] nodes=76934950 memo=76934933 rss=2402MB
  [5130s] nodes=77188652 memo=77188642 rss=2402MB
  [5145s] nodes=77424535 memo=77424521 rss=2402MB
  [5160s] nodes=77561132 memo=77561110 rss=2402MB
  [5175s] nodes=77657303 memo=77657284 rss=2402MB
  [5190s] nodes=77822491 memo=77822474 rss=2402MB
  [5205s] nodes=77982329 memo=77982309 rss=2402MB
  [5220s] nodes=78114830 memo=78114808 rss=2402MB
  [5235s] nodes=78244327 memo=78244313 rss=2402MB
  [5250s] nodes=78470722 memo=78470710 rss=2402MB
  [5265s] nodes=78737638 memo=78737628 rss=2402MB
  [5280s] nodes=78954728 memo=78954711 rss=2402MB
  [5295s] nodes=79126009 memo=79125993 rss=2402MB
  [5310s] nodes=79225826 memo=79225812 rss=2402MB
  [5325s] nodes=79391596 memo=79391577 rss=2402MB
  [5340s] nodes=79494967 memo=79494945 rss=2402MB
  [5355s] nodes=79583596 memo=79583576 rss=2402MB
  [5370s] nodes=79677381 memo=79677360 rss=2402MB
  [5385s] nodes=79801584 memo=79801562 rss=2402MB
  [5400s] nodes=79915346 memo=79915329 rss=2402MB
  [5415s] nodes=80038210 memo=80038194 rss=2402MB
  [5430s] nodes=80168970 memo=80168950 rss=2402MB
  [5445s] nodes=80299136 memo=80299118 rss=2402MB
  [5460s] nodes=80441320 memo=80441303 rss=2402MB
  [5475s] nodes=80559685 memo=80559665 rss=2402MB
  [5490s] nodes=80664988 memo=80664973 rss=2402MB
  [5505s] nodes=80764592 memo=80764570 rss=2402MB
  [5520s] nodes=80866499 memo=80866479 rss=2402MB
  [5535s] nodes=80978407 memo=80978388 rss=2402MB
  [5550s] nodes=81068373 memo=81068357 rss=2402MB
  [5565s] nodes=81161251 memo=81161236 rss=2402MB
  [5580s] nodes=81269952 memo=81269935 rss=2402MB
  [5595s] nodes=81404618 memo=81404595 rss=2402MB
  [5610s] nodes=81575582 memo=81575569 rss=2402MB
  [5625s] nodes=81803836 memo=81803820 rss=2402MB
  [5640s] nodes=81971570 memo=81971548 rss=2402MB
  [5655s] nodes=82097063 memo=82097042 rss=2402MB
  [5670s] nodes=82221132 memo=82221114 rss=2402MB
  [5685s] nodes=82347048 memo=82347027 rss=2402MB
  [5700s] nodes=82482101 memo=82482084 rss=2402MB
  [5715s] nodes=82606239 memo=82606223 rss=2402MB
  [5730s] nodes=82708223 memo=82708201 rss=2402MB
  [5745s] nodes=82795396 memo=82795376 rss=2402MB
  [5760s] nodes=82886790 memo=82886769 rss=2402MB
  [5775s] nodes=82974118 memo=82974100 rss=2402MB
  [5790s] nodes=83090217 memo=83090204 rss=2402MB
  [5805s] nodes=83192819 memo=83192805 rss=2402MB
  [5820s] nodes=83357756 memo=83357742 rss=2402MB
  [5835s] nodes=83521646 memo=83521622 rss=2402MB
  [5850s] nodes=83638184 memo=83638171 rss=2402MB
  [5865s] nodes=83759029 memo=83759012 rss=2402MB
  [5880s] nodes=83909369 memo=83909353 rss=2402MB
  [5895s] nodes=84052897 memo=84052876 rss=2402MB
  [5910s] nodes=84160312 memo=84160292 rss=2402MB
  [5925s] nodes=84279895 memo=84279876 rss=2402MB
  [5940s] nodes=84386809 memo=84386790 rss=2402MB
  [5955s] nodes=84501079 memo=84501058 rss=2402MB
  [5970s] nodes=84632831 memo=84632810 rss=2402MB
  [5985s] nodes=84768414 memo=84768394 rss=2402MB
  [6000s] nodes=84892228 memo=84892210 rss=2402MB
  [6015s] nodes=84990340 memo=84990321 rss=2402MB
  [6030s] nodes=85087370 memo=85087354 rss=2402MB
  [6045s] nodes=85181001 memo=85180979 rss=2402MB
  [6060s] nodes=85278237 memo=85278214 rss=2402MB
  [6075s] nodes=85377173 memo=85377156 rss=2402MB
  [6090s] nodes=85478464 memo=85478449 rss=2402MB
  [6105s] nodes=85578264 memo=85578241 rss=2402MB
  [6120s] nodes=85682254 memo=85682238 rss=2402MB
  [6135s] nodes=85787727 memo=85787712 rss=2402MB
  [6150s] nodes=85889909 memo=85889890 rss=2402MB
  [6165s] nodes=85992348 memo=85992333 rss=2402MB
  [6180s] nodes=86101629 memo=86101610 rss=2402MB
  [6195s] nodes=86205730 memo=86205713 rss=2402MB
  [6210s] nodes=86311422 memo=86311407 rss=2402MB
  [6225s] nodes=86420324 memo=86420308 rss=2402MB
  [6240s] nodes=86529882 memo=86529868 rss=2402MB
  [6255s] nodes=86629148 memo=86629129 rss=2402MB
  [6270s] nodes=86729956 memo=86729933 rss=2402MB
  [6285s] nodes=86832305 memo=86832282 rss=2402MB
  [6300s] nodes=86936183 memo=86936158 rss=2402MB
  [6315s] nodes=87051362 memo=87051345 rss=2402MB
  [6330s] nodes=87264135 memo=87264123 rss=2402MB
  [6345s] nodes=87482950 memo=87482934 rss=2402MB
  [6360s] nodes=87667509 memo=87667490 rss=2402MB
  [6375s] nodes=87781854 memo=87781838 rss=2402MB
  [6390s] nodes=87898428 memo=87898412 rss=2402MB
  [6405s] nodes=87992283 memo=87992263 rss=2402MB
  [6420s] nodes=88109050 memo=88109037 rss=2402MB
  [6435s] nodes=88262226 memo=88262215 rss=2402MB
  [6450s] nodes=88495490 memo=88495476 rss=2402MB
  [6465s] nodes=88690751 memo=88690735 rss=2402MB
  [6480s] nodes=88791136 memo=88791121 rss=2402MB
  [6495s] nodes=88903887 memo=88903868 rss=2402MB
  [6510s] nodes=89034174 memo=89034155 rss=2402MB
  [6525s] nodes=89135753 memo=89135736 rss=2402MB
  [6540s] nodes=89286799 memo=89286782 rss=2402MB
  [6555s] nodes=89428805 memo=89428790 rss=2402MB
  [6570s] nodes=89587667 memo=89587648 rss=2402MB
  [6585s] nodes=89868423 memo=89868407 rss=2402MB
  [6600s] nodes=90111466 memo=90111454 rss=2402MB
  [6615s] nodes=90360052 memo=90360038 rss=2402MB
  [6630s] nodes=90575586 memo=90575567 rss=2402MB
  [6645s] nodes=90717828 memo=90717807 rss=2402MB
  [6660s] nodes=90816220 memo=90816210 rss=2402MB
  [6675s] nodes=90934118 memo=90934098 rss=2402MB
  [6690s] nodes=91046918 memo=91046899 rss=2402MB
  [6705s] nodes=91149257 memo=91149237 rss=2402MB
  [6720s] nodes=91260186 memo=91260170 rss=2402MB
  [6735s] nodes=91436514 memo=91436500 rss=2402MB
  [6750s] nodes=91652772 memo=91652759 rss=2402MB
  [6765s] nodes=91886186 memo=91886171 rss=2402MB
  [6780s] nodes=92074318 memo=92074308 rss=2402MB
  [6795s] nodes=92290203 memo=92290189 rss=2402MB
  [6810s] nodes=92483436 memo=92483417 rss=2402MB
  [6825s] nodes=92660889 memo=92660880 rss=2402MB
  [6840s] nodes=92883275 memo=92883267 rss=2402MB
  [6855s] nodes=93128406 memo=93128385 rss=2402MB
  [6870s] nodes=93339076 memo=93339065 rss=2402MB
  [6885s] nodes=93564227 memo=93564209 rss=2440MB
  [6900s] nodes=93763202 memo=93763185 rss=3093MB
  [6915s] nodes=94015962 memo=94015948 rss=4430MB
  [6930s] nodes=94346838 memo=94346824 rss=5368MB
  [6945s] nodes=94616594 memo=94616581 rss=5504MB
  [6960s] nodes=94843589 memo=94843573 rss=5504MB
  [6975s] nodes=95062187 memo=95062169 rss=5504MB
  [6990s] nodes=95323939 memo=95323919 rss=5504MB
  [7005s] nodes=95501415 memo=95501402 rss=5504MB
  [7020s] nodes=95667572 memo=95667559 rss=5504MB
  [7035s] nodes=95835134 memo=95835120 rss=5504MB
  [7050s] nodes=95984233 memo=95984218 rss=5504MB
  [7065s] nodes=96184072 memo=96184059 rss=5504MB
  [7080s] nodes=96391213 memo=96391199 rss=5504MB
  [7095s] nodes=96675875 memo=96675864 rss=5504MB
  [7110s] nodes=96948758 memo=96948744 rss=5504MB
  [7125s] nodes=97243952 memo=97243940 rss=5504MB
  [7140s] nodes=97530579 memo=97530563 rss=5504MB
  [7155s] nodes=97712637 memo=97712625 rss=4799MB
  [7170s] nodes=97885402 memo=97885394 rss=4799MB
  [7185s] nodes=98065899 memo=98065884 rss=4799MB
  [7200s] nodes=98244919 memo=98244906 rss=4799MB
  [7215s] nodes=98410377 memo=98410360 rss=4799MB
  [7230s] nodes=98609036 memo=98609021 rss=4799MB
  [7245s] nodes=98822728 memo=98822707 rss=4799MB
  [7260s] nodes=98957994 memo=98957985 rss=4799MB
  [7275s] nodes=99236331 memo=99236317 rss=4799MB
  [7290s] nodes=99559936 memo=99559924 rss=4799MB
  [7305s] nodes=99803906 memo=99803896 rss=4799MB
  [7320s] nodes=99964211 memo=99964201 rss=4799MB
  [7335s] nodes=100136713 memo=100136694 rss=4799MB
  [7350s] nodes=100300372 memo=100300360 rss=4799MB
  [7365s] nodes=100498811 memo=100498797 rss=4799MB
  [7380s] nodes=100728811 memo=100728795 rss=4799MB
  [7395s] nodes=101013489 memo=101013471 rss=4799MB
  [7410s] nodes=101275424 memo=101275407 rss=4799MB
  [7425s] nodes=101519454 memo=101519436 rss=4799MB
  [7440s] nodes=101706328 memo=101706314 rss=4799MB
  [7455s] nodes=101926839 memo=101926825 rss=4799MB
  [7470s] nodes=102132829 memo=102132814 rss=4799MB
  [7485s] nodes=102313520 memo=102313505 rss=4799MB
  [7500s] nodes=102462424 memo=102462405 rss=4799MB
  [7515s] nodes=102691725 memo=102691706 rss=4799MB
  [7530s] nodes=102905479 memo=102905465 rss=4799MB
  [7545s] nodes=103148241 memo=103148224 rss=4799MB
  [7560s] nodes=103367357 memo=103367338 rss=4799MB
  [7575s] nodes=103524323 memo=103524310 rss=4799MB
  [7590s] nodes=103705128 memo=103705108 rss=4799MB
  [7605s] nodes=103932134 memo=103932124 rss=4799MB
  [7620s] nodes=104054058 memo=104054039 rss=4799MB
  [7635s] nodes=104244903 memo=104244887 rss=4799MB
  [7650s] nodes=104446339 memo=104446319 rss=4799MB
  [7665s] nodes=104608943 memo=104608930 rss=4799MB
  [7680s] nodes=104859616 memo=104859608 rss=4799MB
  [7695s] nodes=105176234 memo=105176219 rss=4799MB
  [7710s] nodes=105399140 memo=105399128 rss=4799MB
  [7725s] nodes=105569392 memo=105569384 rss=4799MB
  [7740s] nodes=105741917 memo=105741901 rss=4799MB
  [7755s] nodes=105925366 memo=105925346 rss=4799MB
  [7770s] nodes=106104314 memo=106104296 rss=4799MB
  [7785s] nodes=106285461 memo=106285442 rss=4799MB
  [7800s] nodes=106469770 memo=106469753 rss=4799MB
  [7815s] nodes=106623225 memo=106623211 rss=4799MB
  [7830s] nodes=106807798 memo=106807783 rss=4799MB
  [7845s] nodes=106936983 memo=106936965 rss=4799MB
  [7860s] nodes=107056416 memo=107056404 rss=4799MB
  [7875s] nodes=107191276 memo=107191258 rss=4799MB
  [7890s] nodes=107428336 memo=107428322 rss=4799MB
  [7905s] nodes=107627917 memo=107627907 rss=4799MB
  [7920s] nodes=107883940 memo=107883928 rss=4799MB
  [7935s] nodes=108144968 memo=108144958 rss=4799MB
  [7950s] nodes=108335409 memo=108335391 rss=4799MB
  [7965s] nodes=108543683 memo=108543663 rss=4799MB
  [7980s] nodes=108723753 memo=108723739 rss=4799MB
  [7995s] nodes=109021966 memo=109021952 rss=4799MB
  [8010s] nodes=109292118 memo=109292107 rss=4799MB
  [8025s] nodes=109547666 memo=109547652 rss=4799MB
  [8040s] nodes=109772158 memo=109772145 rss=4799MB
  [8055s] nodes=110014368 memo=110014354 rss=4799MB
  [8070s] nodes=110224564 memo=110224550 rss=4799MB
  [8085s] nodes=110370502 memo=110370475 rss=4799MB
  [8100s] nodes=110454836 memo=110454811 rss=4799MB
  [8115s] nodes=110554178 memo=110554157 rss=4799MB
  [8130s] nodes=110632946 memo=110632921 rss=4799MB
  [8145s] nodes=110698717 memo=110698696 rss=4799MB
  [8160s] nodes=110780624 memo=110780600 rss=4799MB
  [8175s] nodes=110851732 memo=110851711 rss=4799MB
  [8190s] nodes=110933164 memo=110933145 rss=4799MB
  [8205s] nodes=111039467 memo=111039444 rss=4799MB
  [8220s] nodes=111140512 memo=111140495 rss=4799MB
  [8235s] nodes=111213208 memo=111213189 rss=4799MB
  [8250s] nodes=111295543 memo=111295524 rss=4799MB
  [8265s] nodes=111366088 memo=111366068 rss=4799MB
  [8280s] nodes=111428166 memo=111428144 rss=4799MB
  [8295s] nodes=111506415 memo=111506396 rss=4799MB
  [8310s] nodes=111581354 memo=111581329 rss=4799MB
  [8325s] nodes=111667469 memo=111667448 rss=4799MB
  [8340s] nodes=111740717 memo=111740696 rss=4799MB
  [8355s] nodes=111816115 memo=111816097 rss=4799MB
  [8370s] nodes=111890579 memo=111890562 rss=4799MB
  [8385s] nodes=111966650 memo=111966631 rss=4799MB
  [8400s] nodes=112042891 memo=112042872 rss=4799MB
  [8415s] nodes=112113908 memo=112113887 rss=4799MB
  [8430s] nodes=112212683 memo=112212664 rss=4799MB
  [8445s] nodes=112300514 memo=112300492 rss=4799MB
  [8460s] nodes=112364164 memo=112364141 rss=4799MB
  [8475s] nodes=112422476 memo=112422451 rss=4799MB
  [8490s] nodes=112495019 memo=112494997 rss=4799MB
  [8505s] nodes=112571389 memo=112571364 rss=4799MB
  [8520s] nodes=112655989 memo=112655968 rss=4799MB
  [8535s] nodes=112754000 memo=112753979 rss=4799MB
  [8550s] nodes=112843163 memo=112843142 rss=4799MB
  [8565s] nodes=112937138 memo=112937125 rss=4799MB
  [8580s] nodes=113031775 memo=113031754 rss=4799MB
  [8595s] nodes=113107794 memo=113107773 rss=4799MB
  [8610s] nodes=113183910 memo=113183895 rss=4799MB
  [8625s] nodes=113268917 memo=113268902 rss=4799MB
  [8640s] nodes=113366513 memo=113366492 rss=4799MB
  [8655s] nodes=113466644 memo=113466621 rss=4799MB
  [8670s] nodes=113534740 memo=113534721 rss=4799MB
  [8685s] nodes=113617404 memo=113617381 rss=4799MB
  [8700s] nodes=113689289 memo=113689268 rss=4799MB
  [8715s] nodes=113784795 memo=113784780 rss=4799MB
  [8730s] nodes=113855465 memo=113855444 rss=4799MB
  [8745s] nodes=113934689 memo=113934672 rss=4799MB
  [8760s] nodes=114007848 memo=114007829 rss=4799MB
  [8775s] nodes=114075966 memo=114075943 rss=4799MB
  [8790s] nodes=114155864 memo=114155849 rss=4799MB
  [8805s] nodes=114245662 memo=114245641 rss=4799MB
  [8820s] nodes=114328900 memo=114328879 rss=4799MB
  [8835s] nodes=114417643 memo=114417623 rss=4799MB
  [8850s] nodes=114497366 memo=114497347 rss=4799MB
  [8865s] nodes=114572984 memo=114572964 rss=4799MB
  [8880s] nodes=114651701 memo=114651680 rss=4799MB
  [8895s] nodes=114724846 memo=114724827 rss=4799MB
  [8910s] nodes=114812499 memo=114812481 rss=4799MB
  [8925s] nodes=114888938 memo=114888917 rss=4799MB
  [8940s] nodes=114967108 memo=114967085 rss=4799MB
  [8955s] nodes=115041848 memo=115041823 rss=4799MB
  [8970s] nodes=115121956 memo=115121935 rss=4799MB
  [8985s] nodes=115228004 memo=115227982 rss=4799MB
  [9000s] nodes=115330534 memo=115330513 rss=4799MB
  [9015s] nodes=115410233 memo=115410218 rss=4799MB
  [9030s] nodes=115490918 memo=115490901 rss=4799MB
  [9045s] nodes=115578875 memo=115578860 rss=4799MB
  [9060s] nodes=115657157 memo=115657136 rss=4799MB
  [9075s] nodes=115756235 memo=115756212 rss=4799MB
  [9090s] nodes=115824243 memo=115824227 rss=4799MB
  [9105s] nodes=115915550 memo=115915525 rss=4799MB
  [9120s] nodes=115998116 memo=115998100 rss=4799MB
  [9135s] nodes=116080676 memo=116080658 rss=4799MB
  [9150s] nodes=116162930 memo=116162907 rss=4799MB
  [9165s] nodes=116251867 memo=116251846 rss=4799MB
  [9180s] nodes=116370804 memo=116370783 rss=4799MB
  [9195s] nodes=116479343 memo=116479318 rss=4799MB
  [9210s] nodes=116593396 memo=116593376 rss=4799MB
  [9225s] nodes=116700815 memo=116700800 rss=4799MB
  [9240s] nodes=116807345 memo=116807326 rss=4799MB
  [9255s] nodes=116904675 memo=116904659 rss=4799MB
  [9270s] nodes=117050478 memo=117050460 rss=4799MB
  [9285s] nodes=117135344 memo=117135323 rss=4799MB
  [9300s] nodes=117221473 memo=117221453 rss=4799MB
  [9315s] nodes=117326489 memo=117326467 rss=4799MB
  [9330s] nodes=117407640 memo=117407623 rss=4799MB
  [9345s] nodes=117514818 memo=117514797 rss=4799MB
  [9360s] nodes=117615362 memo=117615344 rss=4799MB
  [9375s] nodes=117700937 memo=117700913 rss=4799MB
  [9390s] nodes=117786457 memo=117786434 rss=4799MB
  [9405s] nodes=117895869 memo=117895845 rss=4799MB
  [9420s] nodes=117981876 memo=117981857 rss=4799MB
  [9435s] nodes=118081427 memo=118081406 rss=4799MB
  [9450s] nodes=118159617 memo=118159600 rss=4799MB
  [9465s] nodes=118238582 memo=118238563 rss=4799MB
  [9480s] nodes=118334768 memo=118334751 rss=4799MB
  [9495s] nodes=118442282 memo=118442262 rss=4799MB
  [9510s] nodes=118532729 memo=118532706 rss=4799MB
  [9525s] nodes=118595579 memo=118595560 rss=4799MB
  [9540s] nodes=118672578 memo=118672557 rss=4799MB
  [9555s] nodes=118744744 memo=118744726 rss=4799MB
  [9570s] nodes=118827242 memo=118827225 rss=4799MB
  [9585s] nodes=118908926 memo=118908909 rss=4799MB
  [9600s] nodes=118988075 memo=118988059 rss=4799MB
  [9615s] nodes=119073833 memo=119073821 rss=4799MB
  [9630s] nodes=119155407 memo=119155387 rss=4799MB
  [9645s] nodes=119240130 memo=119240114 rss=4799MB
  [9660s] nodes=119319206 memo=119319185 rss=4799MB
  [9675s] nodes=119391552 memo=119391528 rss=4799MB
  [9690s] nodes=119460327 memo=119460310 rss=4799MB
  [9705s] nodes=119538814 memo=119538793 rss=4799MB
  [9720s] nodes=119607354 memo=119607336 rss=4799MB
  [9735s] nodes=119676920 memo=119676903 rss=4799MB
  [9750s] nodes=119748098 memo=119748085 rss=4799MB
  [9765s] nodes=119820138 memo=119820119 rss=4799MB
  [9780s] nodes=119881856 memo=119881840 rss=4799MB
  [9795s] nodes=119966633 memo=119966612 rss=4799MB
  [9810s] nodes=120035422 memo=120035401 rss=4799MB
  [9825s] nodes=120108329 memo=120108314 rss=4799MB
  [9840s] nodes=120178505 memo=120178484 rss=4799MB
  [9855s] nodes=120247902 memo=120247883 rss=4799MB
  [9870s] nodes=120331236 memo=120331216 rss=4799MB
  [9885s] nodes=120416093 memo=120416076 rss=4799MB
  [9900s] nodes=120515947 memo=120515928 rss=4799MB
  [9915s] nodes=120616894 memo=120616879 rss=4799MB
  [9930s] nodes=120727021 memo=120727006 rss=4799MB
  [9945s] nodes=120808104 memo=120808085 rss=4799MB
  [9960s] nodes=120877859 memo=120877843 rss=4799MB
  [9975s] nodes=120972653 memo=120972636 rss=4799MB
  [9990s] nodes=121069475 memo=121069458 rss=4799MB
  [10005s] nodes=121163407 memo=121163382 rss=4799MB
  [10020s] nodes=121236235 memo=121236221 rss=4799MB
  [10035s] nodes=121337750 memo=121337731 rss=4799MB
  [10050s] nodes=121411301 memo=121411282 rss=4799MB
  [10065s] nodes=121517740 memo=121517721 rss=4799MB
  [10080s] nodes=121608970 memo=121608954 rss=4799MB
  [10095s] nodes=121688980 memo=121688963 rss=4799MB
  [10110s] nodes=121762447 memo=121762430 rss=4799MB
  [10125s] nodes=121840381 memo=121840362 rss=4799MB
  [10140s] nodes=121928776 memo=121928759 rss=4799MB
  [10155s] nodes=122105794 memo=122105778 rss=4799MB
  [10170s] nodes=122408203 memo=122408194 rss=4799MB
  [10185s] nodes=122571922 memo=122571909 rss=4799MB
  [10200s] nodes=122771647 memo=122771629 rss=4799MB
  [10215s] nodes=123007664 memo=123007652 rss=4799MB
  [10230s] nodes=123243569 memo=123243559 rss=4799MB
  [10245s] nodes=123365567 memo=123365549 rss=4799MB
  [10260s] nodes=123458194 memo=123458175 rss=4799MB
  [10275s] nodes=123546659 memo=123546643 rss=4799MB
  [10290s] nodes=123642693 memo=123642671 rss=4799MB
  [10305s] nodes=123719037 memo=123719016 rss=4799MB
  [10320s] nodes=123805437 memo=123805416 rss=4799MB
  [10335s] nodes=123884405 memo=123884383 rss=4799MB
  [10350s] nodes=123970584 memo=123970571 rss=4799MB
  [10365s] nodes=124063246 memo=124063229 rss=4799MB
  [10380s] nodes=124190656 memo=124190644 rss=4799MB
  [10395s] nodes=124468349 memo=124468335 rss=4799MB
  [10410s] nodes=124707010 memo=124706995 rss=4799MB
  [10425s] nodes=124870513 memo=124870497 rss=4799MB
  [10440s] nodes=125082982 memo=125082964 rss=4799MB
  [10455s] nodes=125411917 memo=125411907 rss=4799MB
  [10470s] nodes=125658322 memo=125658309 rss=4799MB
  [10485s] nodes=125883171 memo=125883163 rss=4799MB
  [10500s] nodes=126122999 memo=126122983 rss=4799MB
  [10515s] nodes=126438843 memo=126438835 rss=4799MB
  [10530s] nodes=126703483 memo=126703467 rss=4799MB
  [10545s] nodes=126953763 memo=126953751 rss=4799MB
  [10560s] nodes=127218264 memo=127218253 rss=4799MB
  [10575s] nodes=127493732 memo=127493715 rss=4799MB
  [10590s] nodes=127751115 memo=127751102 rss=4799MB
  [10605s] nodes=128004758 memo=128004740 rss=4799MB
  [10620s] nodes=128191883 memo=128191865 rss=4799MB
  [10635s] nodes=128414329 memo=128414316 rss=4799MB
  [10650s] nodes=128660465 memo=128660450 rss=4799MB
  [10665s] nodes=128861280 memo=128861268 rss=4799MB
  [10680s] nodes=129050352 memo=129050338 rss=4799MB
  [10695s] nodes=129263554 memo=129263542 rss=4799MB
  [10710s] nodes=129597605 memo=129597592 rss=4799MB
  [10725s] nodes=129925709 memo=129925697 rss=4799MB
  [10740s] nodes=130272045 memo=130272034 rss=4799MB
  [10755s] nodes=130530049 memo=130530035 rss=4799MB
  [10770s] nodes=130769272 memo=130769258 rss=4799MB
  [10785s] nodes=130999627 memo=130999612 rss=4799MB
  [10800s] nodes=131177501 memo=131177487 rss=4799MB
  [10815s] nodes=131349178 memo=131349164 rss=4799MB
  [10830s] nodes=131493888 memo=131493868 rss=4799MB
  [10845s] nodes=131659884 memo=131659867 rss=4799MB
  [10860s] nodes=131863554 memo=131863538 rss=4799MB
  [10875s] nodes=132061796 memo=132061784 rss=4799MB
  [10890s] nodes=132334511 memo=132334496 rss=4799MB
  [10905s] nodes=132599573 memo=132599560 rss=4799MB
  [10920s] nodes=132862272 memo=132862255 rss=4799MB
  [10935s] nodes=133123442 memo=133123428 rss=4799MB
  [10950s] nodes=133318961 memo=133318945 rss=4799MB
  [10965s] nodes=133538193 memo=133538183 rss=4799MB
  [10980s] nodes=133796681 memo=133796661 rss=4799MB
  [10995s] nodes=134046557 memo=134046542 rss=4799MB
  [11010s] nodes=134281904 memo=134281897 rss=4799MB
  [11025s] nodes=134513171 memo=134513159 rss=4799MB
  [11040s] nodes=134824298 memo=134824284 rss=4799MB
  [11055s] nodes=135117049 memo=135117036 rss=4799MB
  [11070s] nodes=135401998 memo=135401985 rss=4799MB
  [11085s] nodes=135638980 memo=135638965 rss=4799MB
  [11100s] nodes=135956527 memo=135956510 rss=4799MB
  [11115s] nodes=136165021 memo=136165006 rss=4799MB
  [11130s] nodes=136367509 memo=136367496 rss=4799MB
  [11145s] nodes=136610808 memo=136610793 rss=4799MB
  [11160s] nodes=136853512 memo=136853500 rss=4799MB
  [11175s] nodes=137048328 memo=137048313 rss=4799MB
  [11190s] nodes=137260698 memo=137260684 rss=4799MB
  [11205s] nodes=137539108 memo=137539097 rss=4799MB
  [11220s] nodes=137837868 memo=137837856 rss=4799MB
  [11235s] nodes=138136941 memo=138136929 rss=4799MB
  [11250s] nodes=138359293 memo=138359279 rss=4799MB
  [11265s] nodes=138577961 memo=138577951 rss=4799MB
  [11280s] nodes=138776812 memo=138776798 rss=4799MB
  [11295s] nodes=138972739 memo=138972729 rss=4799MB
  [11310s] nodes=139204648 memo=139204630 rss=4799MB
  [11325s] nodes=139436161 memo=139436150 rss=4799MB
  [11340s] nodes=139643669 memo=139643652 rss=4799MB
  [11355s] nodes=139896970 memo=139896958 rss=4799MB
  [11370s] nodes=140166163 memo=140166146 rss=4799MB
  [11385s] nodes=140360459 memo=140360448 rss=4799MB
  [11400s] nodes=140567893 memo=140567880 rss=4799MB
  [11415s] nodes=140773516 memo=140773501 rss=4799MB
  [11430s] nodes=141024400 memo=141024391 rss=4799MB
  [11445s] nodes=141288891 memo=141288875 rss=4799MB
  [11460s] nodes=141580653 memo=141580641 rss=4799MB
  [11475s] nodes=141903879 memo=141903871 rss=4799MB
  [11490s] nodes=142182697 memo=142182687 rss=4799MB
  [11505s] nodes=142380209 memo=142380199 rss=4799MB
  [11520s] nodes=142649458 memo=142649446 rss=4799MB
  [11535s] nodes=142935761 memo=142935751 rss=4799MB
  [11550s] nodes=143180453 memo=143180438 rss=4799MB
  [11565s] nodes=143427632 memo=143427617 rss=4799MB
  [11580s] nodes=143678310 memo=143678295 rss=4799MB
  [11595s] nodes=143849879 memo=143849866 rss=4799MB
  [11610s] nodes=144090658 memo=144090642 rss=4799MB
  [11625s] nodes=144294775 memo=144294757 rss=4799MB
  [11640s] nodes=144505147 memo=144505131 rss=4799MB
  [11655s] nodes=144790269 memo=144790256 rss=4799MB
  [11670s] nodes=145077348 memo=145077333 rss=4799MB
  [11685s] nodes=145349411 memo=145349400 rss=4799MB
  [11700s] nodes=145537641 memo=145537626 rss=4799MB
  [11715s] nodes=145668355 memo=145668341 rss=4799MB
  [11730s] nodes=145836155 memo=145836140 rss=4799MB
  [11745s] nodes=146063761 memo=146063747 rss=4799MB
  [11760s] nodes=146291997 memo=146291977 rss=4799MB
  [11775s] nodes=146407495 memo=146407476 rss=4799MB
  [11790s] nodes=146569379 memo=146569362 rss=4799MB
  [11805s] nodes=146786988 memo=146786976 rss=4799MB
  [11820s] nodes=147006967 memo=147006954 rss=4799MB
  [11835s] nodes=147247390 memo=147247378 rss=4799MB
  [11850s] nodes=147495718 memo=147495702 rss=4799MB
  [11865s] nodes=147733019 memo=147733004 rss=4799MB
  [11880s] nodes=147956484 memo=147956470 rss=4799MB
  [11895s] nodes=148314389 memo=148314375 rss=4799MB
  [11910s] nodes=148626818 memo=148626804 rss=4799MB
  [11925s] nodes=148757182 memo=148757164 rss=4799MB
  [11940s] nodes=148880230 memo=148880213 rss=4799MB
  [11955s] nodes=149023652 memo=149023635 rss=4799MB
  [11970s] nodes=149243800 memo=149243783 rss=4799MB
  [11985s] nodes=149402921 memo=149402911 rss=4799MB
  [12000s] nodes=149575817 memo=149575802 rss=4799MB
  [12015s] nodes=149744274 memo=149744265 rss=4799MB
  [12030s] nodes=149977347 memo=149977336 rss=4799MB
  [12045s] nodes=150218266 memo=150218254 rss=4799MB
  [12060s] nodes=150436637 memo=150436621 rss=4799MB
  [12075s] nodes=150598262 memo=150598250 rss=4799MB
  [12090s] nodes=150789643 memo=150789629 rss=4799MB
  [12105s] nodes=150971251 memo=150971238 rss=4799MB
  [12120s] nodes=151195071 memo=151195059 rss=4799MB
  [12135s] nodes=151442055 memo=151442040 rss=4799MB
  [12150s] nodes=151714473 memo=151714464 rss=4799MB
  [12165s] nodes=151945351 memo=151945340 rss=4799MB
  [12180s] nodes=152234691 memo=152234681 rss=4799MB
  [12195s] nodes=152369547 memo=152369532 rss=4799MB
  [12210s] nodes=152571288 memo=152571275 rss=4799MB
  [12225s] nodes=152792903 memo=152792887 rss=4799MB
  [12240s] nodes=153012862 memo=153012843 rss=4799MB
  [12255s] nodes=153258737 memo=153258727 rss=4799MB
  [12270s] nodes=153517855 memo=153517843 rss=4799MB
  [12285s] nodes=153713785 memo=153713770 rss=4799MB
  [12300s] nodes=153970317 memo=153970304 rss=4799MB
  [12315s] nodes=154261981 memo=154261970 rss=4799MB
  [12330s] nodes=154581011 memo=154580997 rss=4799MB
  [12345s] nodes=154844589 memo=154844574 rss=4799MB
  [12360s] nodes=155053205 memo=155053186 rss=4799MB
  [12375s] nodes=155221546 memo=155221528 rss=4799MB
  [12390s] nodes=155433014 memo=155432998 rss=4799MB
  [12405s] nodes=155615234 memo=155615219 rss=4799MB
  [12420s] nodes=155830174 memo=155830155 rss=4799MB
  [12435s] nodes=155979348 memo=155979326 rss=4799MB
  [12450s] nodes=156108869 memo=156108853 rss=4799MB
  [12465s] nodes=156251690 memo=156251674 rss=4799MB
  [12480s] nodes=156401436 memo=156401416 rss=4799MB
  [12495s] nodes=156528452 memo=156528435 rss=4799MB
  [12510s] nodes=156755565 memo=156755553 rss=4799MB
  [12525s] nodes=156888866 memo=156888852 rss=4799MB
  [12540s] nodes=156976645 memo=156976629 rss=4799MB
  [12555s] nodes=157092435 memo=157092416 rss=4799MB
  [12570s] nodes=157206865 memo=157206843 rss=4799MB
  [12585s] nodes=157313172 memo=157313151 rss=4799MB
  [12600s] nodes=157412591 memo=157412573 rss=4799MB
  [12615s] nodes=157515517 memo=157515501 rss=4799MB
  [12630s] nodes=157645670 memo=157645651 rss=4799MB
  [12645s] nodes=157789698 memo=157789683 rss=4799MB
  [12660s] nodes=157956456 memo=157956444 rss=4799MB
  [12675s] nodes=158074285 memo=158074271 rss=4799MB
  [12690s] nodes=158248122 memo=158248108 rss=4799MB
  [12705s] nodes=158466655 memo=158466641 rss=4799MB
  [12720s] nodes=158604401 memo=158604384 rss=4799MB
  [12735s] nodes=158744902 memo=158744892 rss=4799MB
  [12750s] nodes=158861422 memo=158861405 rss=4799MB
  [12765s] nodes=158992184 memo=158992169 rss=4799MB
  [12780s] nodes=159094785 memo=159094769 rss=4799MB
  [12795s] nodes=159195789 memo=159195770 rss=4799MB
  [12810s] nodes=159303363 memo=159303346 rss=4799MB
  [12825s] nodes=159411892 memo=159411873 rss=4799MB
  [12840s] nodes=159524192 memo=159524171 rss=4799MB
  [12855s] nodes=159621020 memo=159620996 rss=4799MB
  [12870s] nodes=159775693 memo=159775672 rss=4799MB
  [12885s] nodes=159870272 memo=159870254 rss=4799MB
  [12900s] nodes=159987625 memo=159987607 rss=4799MB
  [12915s] nodes=160109906 memo=160109889 rss=4799MB
  [12930s] nodes=160209065 memo=160209049 rss=4799MB
  [12945s] nodes=160310134 memo=160310119 rss=4799MB
  [12960s] nodes=160432132 memo=160432121 rss=4799MB
  [12975s] nodes=160568916 memo=160568899 rss=4799MB
  [12990s] nodes=160705007 memo=160704985 rss=4799MB
  [13005s] nodes=160799992 memo=160799976 rss=4799MB
  [13020s] nodes=160918315 memo=160918296 rss=4799MB
  [13035s] nodes=161042306 memo=161042287 rss=4799MB
  [13050s] nodes=161164289 memo=161164272 rss=4799MB
  [13065s] nodes=161289640 memo=161289625 rss=4799MB
  [13080s] nodes=161462558 memo=161462542 rss=4799MB
  [13095s] nodes=161572466 memo=161572448 rss=4799MB
  [13110s] nodes=161679003 memo=161678988 rss=4799MB
  [13125s] nodes=161784403 memo=161784380 rss=4799MB
  [13140s] nodes=161924327 memo=161924309 rss=4799MB
  [13155s] nodes=162118820 memo=162118805 rss=4799MB
  [13170s] nodes=162339572 memo=162339562 rss=4799MB
  [13185s] nodes=162599586 memo=162599572 rss=4799MB
  [13200s] nodes=162849504 memo=162849492 rss=4799MB
  [13215s] nodes=163065578 memo=163065564 rss=4799MB
  [13230s] nodes=163242999 memo=163242983 rss=4799MB
  [13245s] nodes=163499371 memo=163499359 rss=4799MB
  [13260s] nodes=163714095 memo=163714076 rss=4799MB
  [13275s] nodes=163820885 memo=163820870 rss=4799MB
  [13290s] nodes=163952459 memo=163952443 rss=4799MB
  [13305s] nodes=164050105 memo=164050085 rss=4799MB
  [13320s] nodes=164141883 memo=164141870 rss=4799MB
  [13335s] nodes=164229760 memo=164229742 rss=4799MB
  [13350s] nodes=164312554 memo=164312539 rss=4799MB
  [13365s] nodes=164402231 memo=164402217 rss=4799MB
  [13380s] nodes=164486169 memo=164486155 rss=4799MB
  [13395s] nodes=164580557 memo=164580540 rss=4799MB
  [13410s] nodes=164676873 memo=164676856 rss=4799MB
  [13425s] nodes=164789519 memo=164789502 rss=4799MB
  [13440s] nodes=164876894 memo=164876875 rss=4799MB
  [13455s] nodes=164965868 memo=164965853 rss=4799MB
  [13470s] nodes=165083438 memo=165083421 rss=4799MB
  [13485s] nodes=165199598 memo=165199579 rss=4799MB
  [13500s] nodes=165315127 memo=165315110 rss=4799MB
  [13515s] nodes=165411184 memo=165411169 rss=4799MB
  [13530s] nodes=165547422 memo=165547407 rss=4799MB
  [13545s] nodes=165641047 memo=165641030 rss=4799MB
  [13560s] nodes=165876919 memo=165876909 rss=4799MB
  [13575s] nodes=166038195 memo=166038180 rss=4799MB
  [13590s] nodes=166122475 memo=166122458 rss=4799MB
  [13605s] nodes=166208382 memo=166208365 rss=4799MB
  [13620s] nodes=166291776 memo=166291761 rss=4799MB
  [13635s] nodes=166378206 memo=166378186 rss=4799MB
  [13650s] nodes=166465762 memo=166465743 rss=4799MB
  [13665s] nodes=166554227 memo=166554205 rss=4799MB
  [13680s] nodes=166647652 memo=166647633 rss=4799MB
  [13695s] nodes=166735484 memo=166735465 rss=4799MB
  [13710s] nodes=166818394 memo=166818372 rss=4799MB
  [13725s] nodes=166896347 memo=166896326 rss=4799MB
  [13740s] nodes=166976283 memo=166976266 rss=4799MB
  [13755s] nodes=167050479 memo=167050459 rss=4799MB
  [13770s] nodes=167144995 memo=167144980 rss=4799MB
  [13785s] nodes=167224316 memo=167224299 rss=4799MB
  [13800s] nodes=167306265 memo=167306251 rss=4799MB
  [13815s] nodes=167406829 memo=167406814 rss=4799MB
  [13830s] nodes=167492384 memo=167492365 rss=4799MB
  [13845s] nodes=167584289 memo=167584275 rss=4799MB
  [13860s] nodes=167691052 memo=167691033 rss=4799MB
  [13875s] nodes=167765436 memo=167765417 rss=4799MB
  [13890s] nodes=167840024 memo=167839999 rss=4799MB
  [13905s] nodes=167922788 memo=167922766 rss=4799MB
  [13920s] nodes=168025216 memo=168025200 rss=4799MB
  [13935s] nodes=168141562 memo=168141548 rss=4799MB
  [13950s] nodes=168202050 memo=168202025 rss=4799MB
  [13965s] nodes=168265105 memo=168265084 rss=4799MB
  [13980s] nodes=168335300 memo=168335281 rss=4799MB
  [13995s] nodes=168417541 memo=168417520 rss=4799MB
  [14010s] nodes=168503649 memo=168503634 rss=4799MB
  [14025s] nodes=168594698 memo=168594675 rss=4799MB
  [14040s] nodes=168660416 memo=168660395 rss=4799MB
  [14055s] nodes=168722377 memo=168722351 rss=4799MB
  [14070s] nodes=168795376 memo=168795361 rss=4799MB
  [14085s] nodes=168887794 memo=168887776 rss=4799MB
  [14100s] nodes=169000496 memo=169000475 rss=4799MB
  [14115s] nodes=169085801 memo=169085778 rss=4799MB
  [14130s] nodes=169164220 memo=169164199 rss=4799MB
  [14145s] nodes=169234980 memo=169234968 rss=4799MB
  [14160s] nodes=169305810 memo=169305797 rss=4799MB
  [14175s] nodes=169523213 memo=169523197 rss=4799MB
  [14190s] nodes=169677635 memo=169677621 rss=4799MB
  [14205s] nodes=169866002 memo=169865987 rss=4799MB
  [14220s] nodes=169958658 memo=169958637 rss=4799MB
  [14235s] nodes=170043748 memo=170043731 rss=4799MB
  [14250s] nodes=170120508 memo=170120496 rss=4799MB
  [14265s] nodes=170248461 memo=170248444 rss=4799MB
  [14280s] nodes=170378887 memo=170378866 rss=4799MB
  [14295s] nodes=170462034 memo=170462013 rss=4799MB
  [14310s] nodes=170543404 memo=170543389 rss=4799MB
  [14325s] nodes=170619685 memo=170619668 rss=4799MB
  [14340s] nodes=170813017 memo=170812998 rss=4799MB
  [14355s] nodes=171000434 memo=171000421 rss=4799MB
  [14370s] nodes=171153182 memo=171153161 rss=4799MB
  [14385s] nodes=171272234 memo=171272217 rss=4799MB
  [14400s] nodes=171405027 memo=171405012 rss=4799MB
  [14415s] nodes=171527414 memo=171527401 rss=4799MB
  [14430s] nodes=171743469 memo=171743451 rss=4799MB
  [14445s] nodes=171870449 memo=171870440 rss=4799MB
  [14460s] nodes=172043409 memo=172043393 rss=4799MB
  [14475s] nodes=172187772 memo=172187752 rss=4799MB
  [14490s] nodes=172311553 memo=172311538 rss=4799MB
  [14505s] nodes=172460909 memo=172460892 rss=4799MB
  [14520s] nodes=172600015 memo=172599998 rss=4799MB
  [14535s] nodes=172797375 memo=172797362 rss=4799MB
  [14550s] nodes=173057021 memo=173057007 rss=4799MB
  [14565s] nodes=173250231 memo=173250216 rss=4799MB
  [14580s] nodes=173436281 memo=173436267 rss=4799MB
  [14595s] nodes=173610792 memo=173610773 rss=4799MB
  [14610s] nodes=173738588 memo=173738569 rss=4799MB
  [14625s] nodes=173886374 memo=173886362 rss=4799MB
  [14640s] nodes=174091829 memo=174091813 rss=4799MB
  [14655s] nodes=174260462 memo=174260446 rss=4799MB
  [14670s] nodes=174412439 memo=174412425 rss=4799MB
  [14685s] nodes=174658661 memo=174658648 rss=4799MB
  [14700s] nodes=174809908 memo=174809892 rss=4799MB
  [14715s] nodes=174889851 memo=174889830 rss=4799MB
  [14730s] nodes=174969990 memo=174969969 rss=4799MB
  [14745s] nodes=175044857 memo=175044841 rss=4799MB
  [14760s] nodes=175126287 memo=175126273 rss=4799MB
  [14775s] nodes=175234968 memo=175234947 rss=4799MB
  [14790s] nodes=175335110 memo=175335089 rss=4799MB
  [14805s] nodes=175444490 memo=175444478 rss=4799MB
  [14820s] nodes=175543428 memo=175543411 rss=4799MB
  [14835s] nodes=175633444 memo=175633429 rss=4799MB
  [14850s] nodes=175701366 memo=175701349 rss=4799MB
  [14865s] nodes=175777527 memo=175777504 rss=4799MB
  [14880s] nodes=175873559 memo=175873545 rss=4799MB
  [14895s] nodes=176022096 memo=176022082 rss=4799MB
  [14910s] nodes=176147452 memo=176147433 rss=4799MB
  [14925s] nodes=176291812 memo=176291797 rss=4799MB
  [14940s] nodes=176384779 memo=176384764 rss=4799MB
  [14955s] nodes=176459588 memo=176459575 rss=4799MB
  [14970s] nodes=176576544 memo=176576530 rss=4799MB
  [14985s] nodes=176690361 memo=176690343 rss=4799MB
  [15000s] nodes=176759305 memo=176759285 rss=4799MB
  [15015s] nodes=176834080 memo=176834065 rss=4799MB
  [15030s] nodes=176976484 memo=176976473 rss=4799MB
  [15045s] nodes=177225181 memo=177225168 rss=4799MB
  [15060s] nodes=177494668 memo=177494656 rss=4799MB
  [15075s] nodes=177759965 memo=177759950 rss=4799MB
  [15090s] nodes=177919488 memo=177919469 rss=4799MB
  [15105s] nodes=178048228 memo=178048213 rss=4799MB
  [15120s] nodes=178187820 memo=178187805 rss=4799MB
  [15135s] nodes=178340224 memo=178340205 rss=4799MB
  [15150s] nodes=178556200 memo=178556186 rss=4799MB
  [15165s] nodes=178772035 memo=178772023 rss=4799MB
  [15180s] nodes=178962864 memo=178962854 rss=4799MB
  [15195s] nodes=179053911 memo=179053898 rss=4799MB
  [15210s] nodes=179129948 memo=179129930 rss=4799MB
  [15225s] nodes=179219131 memo=179219113 rss=4799MB
  [15240s] nodes=179300607 memo=179300590 rss=4799MB
  [15255s] nodes=179382846 memo=179382824 rss=4799MB
  [15270s] nodes=179452135 memo=179452114 rss=4799MB
  [15285s] nodes=179544511 memo=179544490 rss=4799MB
  [15300s] nodes=179630503 memo=179630484 rss=4799MB
  [15315s] nodes=179705573 memo=179705552 rss=4799MB
  [15330s] nodes=179796984 memo=179796967 rss=4799MB
  [15345s] nodes=180027372 memo=180027364 rss=4799MB
  [15360s] nodes=180245448 memo=180245432 rss=4799MB
  [15375s] nodes=180464175 memo=180464160 rss=4799MB
  [15390s] nodes=180669636 memo=180669622 rss=4799MB
  [15405s] nodes=180809307 memo=180809288 rss=4799MB
  [15420s] nodes=180950280 memo=180950262 rss=4799MB
  [15435s] nodes=181110538 memo=181110524 rss=4799MB
  [15450s] nodes=181286297 memo=181286276 rss=4799MB
  [15465s] nodes=181437949 memo=181437935 rss=4799MB
  [15480s] nodes=181609336 memo=181609323 rss=4799MB
  [15495s] nodes=181756540 memo=181756526 rss=4799MB
  [15510s] nodes=181908282 memo=181908269 rss=4799MB
  [15525s] nodes=182083018 memo=182083007 rss=4799MB
  [15540s] nodes=182224101 memo=182224083 rss=4799MB
  [15555s] nodes=182405392 memo=182405376 rss=4799MB
  [15570s] nodes=182675981 memo=182675969 rss=4799MB
  [15585s] nodes=182928404 memo=182928391 rss=4799MB
  [15600s] nodes=183123454 memo=183123435 rss=4799MB
  [15615s] nodes=183284039 memo=183284028 rss=4799MB
  [15630s] nodes=183464367 memo=183464356 rss=4799MB
  [15645s] nodes=183697982 memo=183697966 rss=4799MB
  [15660s] nodes=183943078 memo=183943065 rss=4799MB
  [15675s] nodes=184099907 memo=184099890 rss=4799MB
  [15690s] nodes=184271271 memo=184271258 rss=4799MB
  [15705s] nodes=184461864 memo=184461853 rss=4799MB
  [15720s] nodes=184644250 memo=184644236 rss=4799MB
  [15735s] nodes=184877072 memo=184877061 rss=4799MB
  [15750s] nodes=185040290 memo=185040270 rss=4799MB
  [15765s] nodes=185199180 memo=185199168 rss=4799MB
  [15780s] nodes=185402569 memo=185402560 rss=4799MB
  [15795s] nodes=185593340 memo=185593325 rss=4799MB
  [15810s] nodes=185769601 memo=185769583 rss=4799MB
  [15825s] nodes=185946077 memo=185946068 rss=4799MB
  [15840s] nodes=186141462 memo=186141446 rss=4799MB
  [15855s] nodes=186298790 memo=186298775 rss=4799MB
  [15870s] nodes=186504781 memo=186504770 rss=4799MB
  [15885s] nodes=186751547 memo=186751534 rss=4799MB
  [15900s] nodes=186975022 memo=186975012 rss=4799MB
  [15915s] nodes=187217255 memo=187217234 rss=4799MB
  [15930s] nodes=187346495 memo=187346477 rss=4893MB
  [15945s] nodes=187486875 memo=187486857 rss=5309MB
  [15960s] nodes=187632963 memo=187632953 rss=6206MB
  [15975s] nodes=187831169 memo=187831152 rss=8098MB
  [15990s] nodes=187990236 memo=187990228 rss=8888MB
  [16005s] nodes=188179341 memo=188179326 rss=9368MB
  [16020s] nodes=188448920 memo=188448912 rss=10602MB
  [16035s] nodes=188660816 memo=188660801 rss=10954MB
  [16050s] nodes=188897739 memo=188897727 rss=10986MB
  [16065s] nodes=189102722 memo=189102707 rss=10986MB
  [16080s] nodes=189301230 memo=189301214 rss=10986MB
  [16095s] nodes=189418825 memo=189418805 rss=10986MB
  [16110s] nodes=189562728 memo=189562709 rss=10986MB
  [16125s] nodes=189762025 memo=189762013 rss=10986MB
  [16140s] nodes=189959027 memo=189959008 rss=10986MB
  [16155s] nodes=190188377 memo=190188363 rss=10986MB
  [16170s] nodes=190446642 memo=190446635 rss=10986MB
  [16185s] nodes=190642098 memo=190642087 rss=10986MB
  [16200s] nodes=190832671 memo=190832660 rss=10986MB
  [16215s] nodes=191043690 memo=191043673 rss=10986MB
  [16230s] nodes=191208423 memo=191208410 rss=9592MB
  [16245s] nodes=191454473 memo=191454455 rss=9592MB
  [16260s] nodes=191596057 memo=191596037 rss=9592MB
  [16275s] nodes=191771579 memo=191771565 rss=9592MB
  [16290s] nodes=191942058 memo=191942044 rss=9592MB
  [16305s] nodes=192119496 memo=192119482 rss=9592MB
  [16320s] nodes=192331103 memo=192331091 rss=9592MB
  [16335s] nodes=192503183 memo=192503165 rss=9592MB
  [16350s] nodes=192713671 memo=192713655 rss=9592MB
  [16365s] nodes=192963778 memo=192963759 rss=9592MB
  [16380s] nodes=193202607 memo=193202594 rss=9592MB
  [16395s] nodes=193371396 memo=193371385 rss=9592MB
  [16410s] nodes=193606590 memo=193606572 rss=9592MB
  [16425s] nodes=193833965 memo=193833944 rss=9592MB
  [16440s] nodes=194026877 memo=194026863 rss=9592MB
  [16455s] nodes=194243417 memo=194243400 rss=9592MB
  [16470s] nodes=194432653 memo=194432642 rss=9592MB
  [16485s] nodes=194622498 memo=194622486 rss=9592MB
  [16500s] nodes=194767699 memo=194767685 rss=9592MB
  [16515s] nodes=194955693 memo=194955681 rss=9592MB
  [16530s] nodes=195147225 memo=195147213 rss=9592MB
  [16545s] nodes=195292405 memo=195292389 rss=9592MB
  [16560s] nodes=195537142 memo=195537130 rss=9592MB
  [16575s] nodes=195749657 memo=195749647 rss=9592MB
  [16590s] nodes=196006898 memo=196006886 rss=9592MB
  [16605s] nodes=196345811 memo=196345796 rss=9592MB
  [16620s] nodes=196630535 memo=196630525 rss=9592MB
  [16635s] nodes=196910636 memo=196910624 rss=9592MB
  [16650s] nodes=197159703 memo=197159691 rss=9592MB
  [16665s] nodes=197393711 memo=197393704 rss=9592MB
  [16680s] nodes=197598976 memo=197598962 rss=9592MB
  [16695s] nodes=197826324 memo=197826307 rss=9592MB
