[Z3xZ3xZ11] |G|=99 |Aut|=480  order=true j=1 par-ply=0 cap=250000000
  [  15s] nodes=314819 memo=314807 rss=15MB
  [  30s] nodes=560119 memo=560105 rss=26MB
  [  45s] nodes=849255 memo=849237 rss=51MB
  [  60s] nodes=1077644 memo=1077631 rss=51MB
  [  75s] nodes=1401214 memo=1401197 rss=51MB
  [  90s] nodes=1696426 memo=1696412 rss=92MB
  [ 105s] nodes=1913260 memo=1913240 rss=92MB
  [ 120s] nodes=2074265 memo=2074252 rss=92MB
  [ 135s] nodes=2232700 memo=2232683 rss=92MB
  [ 150s] nodes=2382046 memo=2382030 rss=92MB
  [ 165s] nodes=2579280 memo=2579265 rss=92MB
  [ 180s] nodes=2713110 memo=2713092 rss=92MB
  [ 195s] nodes=2937793 memo=2937780 rss=142MB
  [ 210s] nodes=3134904 memo=3134890 rss=170MB
  [ 225s] nodes=3332708 memo=3332692 rss=170MB
  [ 240s] nodes=3533538 memo=3533518 rss=170MB
  [ 255s] nodes=3752901 memo=3752890 rss=170MB
  [ 270s] nodes=3968862 memo=3968852 rss=170MB
  [ 285s] nodes=4138984 memo=4138969 rss=170MB
  [ 300s] nodes=4301772 memo=4301753 rss=170MB
  [ 315s] nodes=4484045 memo=4484029 rss=170MB
  [ 330s] nodes=4635890 memo=4635871 rss=170MB
  [ 345s] nodes=4798969 memo=4798955 rss=170MB
  [ 360s] nodes=4938389 memo=4938372 rss=170MB
  [ 375s] nodes=5098449 memo=5098431 rss=170MB
  [ 390s] nodes=5300400 memo=5300382 rss=170MB
  [ 405s] nodes=5492934 memo=5492917 rss=170MB
  [ 420s] nodes=5637033 memo=5637015 rss=170MB
  [ 435s] nodes=5809814 memo=5809797 rss=185MB
  [ 450s] nodes=6028062 memo=6028047 rss=327MB
  [ 465s] nodes=6203455 memo=6203441 rss=327MB
  [ 480s] nodes=6431190 memo=6431178 rss=327MB
  [ 495s] nodes=6636355 memo=6636336 rss=327MB
  [ 510s] nodes=6806017 memo=6805997 rss=327MB
  [ 525s] nodes=6974270 memo=6974257 rss=327MB
  [ 540s] nodes=7160613 memo=7160599 rss=327MB
  [ 555s] nodes=7440703 memo=7440692 rss=327MB
  [ 570s] nodes=7828282 memo=7828272 rss=327MB
  [ 585s] nodes=8142925 memo=8142908 rss=327MB
  [ 600s] nodes=8409992 memo=8409977 rss=327MB
  [ 615s] nodes=8705455 memo=8705441 rss=327MB
  [ 630s] nodes=8939965 memo=8939951 rss=327MB
  [ 645s] nodes=9182090 memo=9182078 rss=327MB
  [ 660s] nodes=9461592 memo=9461575 rss=327MB
  [ 675s] nodes=9748026 memo=9748013 rss=327MB
  [ 690s] nodes=9953352 memo=9953335 rss=305MB
  [ 705s] nodes=10109497 memo=10109483 rss=305MB
  [ 720s] nodes=10396894 memo=10396881 rss=305MB
  [ 735s] nodes=10709491 memo=10709473 rss=305MB
  [ 750s] nodes=11023983 memo=11023970 rss=305MB
  [ 765s] nodes=11268652 memo=11268638 rss=305MB
  [ 780s] nodes=11558748 memo=11558736 rss=305MB
  [ 795s] nodes=11730878 memo=11730860 rss=528MB
  [ 810s] nodes=11852880 memo=11852856 rss=665MB
  [ 825s] nodes=11944268 memo=11944246 rss=696MB
  [ 840s] nodes=12035162 memo=12035143 rss=697MB
  [ 855s] nodes=12152869 memo=12152857 rss=697MB
  [ 870s] nodes=12252758 memo=12252735 rss=697MB
  [ 885s] nodes=12369709 memo=12369695 rss=697MB
  [ 900s] nodes=12519200 memo=12519177 rss=697MB
  [ 915s] nodes=12671857 memo=12671842 rss=697MB
  [ 930s] nodes=12786848 memo=12786831 rss=697MB
  [ 945s] nodes=12902456 memo=12902442 rss=697MB
  [ 960s] nodes=13101288 memo=13101273 rss=697MB
  [ 975s] nodes=13369494 memo=13369484 rss=697MB
  [ 990s] nodes=13560958 memo=13560940 rss=697MB
  [1005s] nodes=13687260 memo=13687245 rss=697MB
  [1020s] nodes=13804069 memo=13804049 rss=697MB
  [1035s] nodes=13897408 memo=13897388 rss=697MB
  [1050s] nodes=13986432 memo=13986410 rss=605MB
  [1065s] nodes=14084101 memo=14084083 rss=605MB
  [1080s] nodes=14183265 memo=14183244 rss=605MB
  [1095s] nodes=14292659 memo=14292638 rss=605MB
  [1110s] nodes=14380919 memo=14380904 rss=605MB
  [1125s] nodes=14557795 memo=14557774 rss=605MB
  [1140s] nodes=14679381 memo=14679364 rss=605MB
  [1155s] nodes=14826078 memo=14826057 rss=605MB
  [1170s] nodes=14990407 memo=14990390 rss=605MB
  [1185s] nodes=15137214 memo=15137188 rss=605MB
  [1200s] nodes=15223937 memo=15223916 rss=605MB
  [1215s] nodes=15339823 memo=15339805 rss=605MB
  [1230s] nodes=15446607 memo=15446587 rss=605MB
  [1245s] nodes=15610180 memo=15610160 rss=605MB
  [1260s] nodes=15722716 memo=15722699 rss=605MB
  [1275s] nodes=15867752 memo=15867739 rss=605MB
  [1290s] nodes=16089491 memo=16089479 rss=605MB
  [1305s] nodes=16231246 memo=16231230 rss=605MB
  [1320s] nodes=16328341 memo=16328322 rss=605MB
  [1335s] nodes=16375027 memo=16375010 rss=605MB
  [1350s] nodes=16500475 memo=16500454 rss=605MB
  [1365s] nodes=16656868 memo=16656858 rss=605MB
  [1380s] nodes=16833224 memo=16833213 rss=605MB
  [1395s] nodes=17003334 memo=17003316 rss=605MB
  [1410s] nodes=17189560 memo=17189547 rss=605MB
  [1425s] nodes=17398692 memo=17398674 rss=605MB
  [1440s] nodes=17602781 memo=17602769 rss=605MB
  [1455s] nodes=17859516 memo=17859502 rss=604MB
  [1470s] nodes=18030109 memo=18030095 rss=604MB
  [1485s] nodes=18126461 memo=18126441 rss=604MB
  [1500s] nodes=18376834 memo=18376819 rss=604MB
  [1515s] nodes=18538415 memo=18538404 rss=604MB
  [1530s] nodes=18640137 memo=18640118 rss=604MB
  [1545s] nodes=18685268 memo=18685245 rss=604MB
  [1560s] nodes=18745048 memo=18745031 rss=604MB
  [1575s] nodes=18845841 memo=18845822 rss=604MB
  [1590s] nodes=18950538 memo=18950523 rss=604MB
  [1605s] nodes=19061502 memo=19061483 rss=604MB
  [1620s] nodes=19191128 memo=19191109 rss=604MB
  [1635s] nodes=19415037 memo=19415019 rss=604MB
  [1650s] nodes=19545237 memo=19545220 rss=604MB
  [1665s] nodes=19691255 memo=19691237 rss=604MB
  [1680s] nodes=19870728 memo=19870712 rss=604MB
  [1695s] nodes=20020459 memo=20020440 rss=604MB
  [1710s] nodes=20211437 memo=20211423 rss=604MB
  [1725s] nodes=20416204 memo=20416184 rss=604MB
  [1740s] nodes=20579620 memo=20579604 rss=604MB
  [1755s] nodes=20733989 memo=20733976 rss=604MB
  [1770s] nodes=20867289 memo=20867274 rss=604MB
  [1785s] nodes=21080602 memo=21080584 rss=604MB
  [1800s] nodes=21214695 memo=21214674 rss=604MB
  [1815s] nodes=21328706 memo=21328689 rss=604MB
  [1830s] nodes=21447962 memo=21447942 rss=604MB
  [1845s] nodes=21565269 memo=21565256 rss=604MB
  [1860s] nodes=21744873 memo=21744861 rss=604MB
  [1875s] nodes=21915978 memo=21915959 rss=604MB
  [1890s] nodes=22097112 memo=22097094 rss=604MB
  [1905s] nodes=22266642 memo=22266620 rss=604MB
  [1920s] nodes=22425220 memo=22425206 rss=604MB
  [1935s] nodes=22582955 memo=22582938 rss=604MB
  [1950s] nodes=22680373 memo=22680353 rss=604MB
  [1965s] nodes=22783675 memo=22783657 rss=604MB
  [1980s] nodes=22887548 memo=22887534 rss=604MB
  [1995s] nodes=22991604 memo=22991585 rss=604MB
  [2010s] nodes=23159654 memo=23159637 rss=604MB
  [2025s] nodes=23322324 memo=23322303 rss=643MB
  [2040s] nodes=23422067 memo=23422044 rss=890MB
  [2055s] nodes=23522272 memo=23522257 rss=1112MB
  [2070s] nodes=23619411 memo=23619397 rss=1245MB
  [2085s] nodes=23758752 memo=23758734 rss=1380MB
  [2100s] nodes=23875396 memo=23875376 rss=1382MB
  [2115s] nodes=24022305 memo=24022284 rss=1382MB
  [2130s] nodes=24182148 memo=24182137 rss=1382MB
  [2145s] nodes=24296667 memo=24296648 rss=1382MB
  [2160s] nodes=24409454 memo=24409435 rss=1382MB
  [2175s] nodes=24546767 memo=24546751 rss=1382MB
  [2190s] nodes=24693643 memo=24693621 rss=1382MB
  [2205s] nodes=24943116 memo=24943102 rss=1382MB
  [2220s] nodes=25281585 memo=25281572 rss=1382MB
  [2235s] nodes=25640087 memo=25640072 rss=1382MB
  [2250s] nodes=25891884 memo=25891872 rss=1382MB
  [2265s] nodes=26210885 memo=26210870 rss=1382MB
  [2280s] nodes=26412649 memo=26412636 rss=1382MB
  [2295s] nodes=26736229 memo=26736216 rss=1203MB
  [2310s] nodes=27001508 memo=27001499 rss=1203MB
  [2325s] nodes=27285620 memo=27285610 rss=1203MB
  [2340s] nodes=27588105 memo=27588091 rss=1203MB
  [2355s] nodes=27925041 memo=27925028 rss=1203MB
  [2370s] nodes=28212117 memo=28212103 rss=1203MB
  [2385s] nodes=28548916 memo=28548905 rss=1203MB
  [2400s] nodes=28840606 memo=28840591 rss=1203MB
  [2415s] nodes=29175133 memo=29175120 rss=1203MB
  [2430s] nodes=29408468 memo=29408449 rss=1203MB
  [2445s] nodes=29593354 memo=29593338 rss=1203MB
  [2460s] nodes=29785437 memo=29785419 rss=1203MB
  [2475s] nodes=29973815 memo=29973797 rss=1203MB
  [2490s] nodes=30182542 memo=30182527 rss=1203MB
  [2505s] nodes=30379235 memo=30379213 rss=1203MB
  [2520s] nodes=30581193 memo=30581176 rss=1203MB
  [2535s] nodes=30783463 memo=30783452 rss=1203MB
  [2550s] nodes=30938436 memo=30938421 rss=1203MB
  [2565s] nodes=31118826 memo=31118809 rss=1203MB
  [2580s] nodes=31440325 memo=31440310 rss=1203MB
  [2595s] nodes=31749301 memo=31749290 rss=1203MB
  [2610s] nodes=32037038 memo=32037027 rss=1203MB
  [2625s] nodes=32481840 memo=32481827 rss=1203MB
  [2640s] nodes=32824647 memo=32824636 rss=1203MB
  [2655s] nodes=33233344 memo=33233334 rss=1203MB
  [2670s] nodes=33482707 memo=33482695 rss=1203MB
  [2685s] nodes=33677620 memo=33677598 rss=1203MB
  [2700s] nodes=33875560 memo=33875548 rss=1203MB
  [2715s] nodes=34108888 memo=34108871 rss=1203MB
  [2730s] nodes=34301213 memo=34301199 rss=1203MB
  [2745s] nodes=34517402 memo=34517384 rss=1203MB
  [2760s] nodes=34632542 memo=34632529 rss=1203MB
  [2775s] nodes=34748030 memo=34748009 rss=1203MB
  [2790s] nodes=34879922 memo=34879906 rss=1203MB
  [2805s] nodes=34999583 memo=34999568 rss=1203MB
  [2820s] nodes=35228239 memo=35228217 rss=1203MB
  [2835s] nodes=35486422 memo=35486400 rss=1203MB
  [2850s] nodes=35669942 memo=35669928 rss=1203MB
  [2865s] nodes=35847305 memo=35847283 rss=1203MB
  [2880s] nodes=35967163 memo=35967145 rss=1203MB
  [2895s] nodes=36113874 memo=36113856 rss=1203MB
  [2910s] nodes=36286006 memo=36285986 rss=1203MB
  [2925s] nodes=36407444 memo=36407426 rss=1203MB
  [2940s] nodes=36505427 memo=36505406 rss=1203MB
  [2955s] nodes=36598976 memo=36598957 rss=1203MB
  [2970s] nodes=36700557 memo=36700540 rss=1203MB
  [2985s] nodes=36813314 memo=36813292 rss=1203MB
  [3000s] nodes=36932404 memo=36932382 rss=1203MB
  [3015s] nodes=37045053 memo=37045031 rss=1203MB
  [3030s] nodes=37198259 memo=37198243 rss=1203MB
  [3045s] nodes=37364180 memo=37364162 rss=1203MB
  [3060s] nodes=37491891 memo=37491871 rss=1203MB
  [3075s] nodes=37612984 memo=37612968 rss=1203MB
  [3090s] nodes=37813872 memo=37813859 rss=1203MB
  [3105s] nodes=37960191 memo=37960166 rss=1203MB
  [3120s] nodes=38115940 memo=38115924 rss=1203MB
  [3135s] nodes=38282459 memo=38282440 rss=1203MB
  [3150s] nodes=38412023 memo=38412011 rss=1203MB
  [3165s] nodes=38568897 memo=38568878 rss=1203MB
  [3180s] nodes=38712556 memo=38712540 rss=1203MB
  [3195s] nodes=38884570 memo=38884553 rss=1203MB
  [3210s] nodes=38995283 memo=38995262 rss=1203MB
  [3225s] nodes=39107989 memo=39107970 rss=1203MB
  [3240s] nodes=39311145 memo=39311133 rss=1203MB
  [3255s] nodes=39507567 memo=39507549 rss=1203MB
  [3270s] nodes=39669855 memo=39669840 rss=1203MB
  [3285s] nodes=39862911 memo=39862894 rss=1203MB
  [3300s] nodes=39981566 memo=39981546 rss=1203MB
  [3315s] nodes=40092499 memo=40092479 rss=1203MB
  [3330s] nodes=40197692 memo=40197675 rss=1203MB
  [3345s] nodes=40339001 memo=40338984 rss=1203MB
  [3360s] nodes=40468205 memo=40468188 rss=1203MB
  [3375s] nodes=40681821 memo=40681805 rss=1203MB
  [3390s] nodes=40851448 memo=40851431 rss=1203MB
  [3405s] nodes=41118469 memo=41118452 rss=1203MB
  [3420s] nodes=41334645 memo=41334627 rss=1203MB
  [3435s] nodes=41670408 memo=41670397 rss=1203MB
  [3450s] nodes=41942516 memo=41942504 rss=1203MB
  [3465s] nodes=42228809 memo=42228796 rss=1203MB
  [3480s] nodes=42666898 memo=42666887 rss=1203MB
  [3495s] nodes=42973289 memo=42973277 rss=1203MB
  [3510s] nodes=43356432 memo=43356415 rss=1203MB
  [3525s] nodes=43665281 memo=43665266 rss=1203MB
  [3540s] nodes=43866108 memo=43866089 rss=1203MB
  [3555s] nodes=44048496 memo=44048480 rss=1203MB
  [3570s] nodes=44205835 memo=44205818 rss=1203MB
  [3585s] nodes=44340763 memo=44340747 rss=1203MB
  [3600s] nodes=44476575 memo=44476558 rss=1203MB
  [3615s] nodes=44705741 memo=44705725 rss=1203MB
  [3630s] nodes=45088978 memo=45088966 rss=1203MB
  [3645s] nodes=45430638 memo=45430624 rss=1203MB
  [3660s] nodes=45738693 memo=45738682 rss=1203MB
  [3675s] nodes=45941343 memo=45941329 rss=1203MB
  [3690s] nodes=46087150 memo=46087134 rss=1203MB
  [3705s] nodes=46270514 memo=46270496 rss=1203MB
  [3720s] nodes=46634714 memo=46634697 rss=1210MB
  [3735s] nodes=47016929 memo=47016918 rss=2154MB
  [3750s] nodes=47353830 memo=47353816 rss=2662MB
  [3765s] nodes=47663345 memo=47663332 rss=2662MB
  [3780s] nodes=47795779 memo=47795764 rss=2662MB
  [3795s] nodes=47962387 memo=47962374 rss=2662MB
  [3810s] nodes=48156197 memo=48156177 rss=2662MB
  [3825s] nodes=48353367 memo=48353354 rss=2662MB
  [3840s] nodes=48563764 memo=48563746 rss=2662MB
  [3855s] nodes=48765458 memo=48765442 rss=2662MB
  [3870s] nodes=48967246 memo=48967236 rss=2662MB
  [3885s] nodes=49298712 memo=49298699 rss=2662MB
  [3900s] nodes=49552569 memo=49552556 rss=2662MB
  [3915s] nodes=49817118 memo=49817103 rss=2662MB
  [3930s] nodes=50023531 memo=50023514 rss=2662MB
  [3945s] nodes=50200252 memo=50200236 rss=2662MB
  [3960s] nodes=50452839 memo=50452825 rss=2662MB
  [3975s] nodes=50731492 memo=50731479 rss=2662MB
  [3990s] nodes=50941870 memo=50941856 rss=2401MB
  [4005s] nodes=51134302 memo=51134291 rss=2401MB
  [4020s] nodes=51384782 memo=51384769 rss=2401MB
  [4035s] nodes=51574187 memo=51574172 rss=2401MB
  [4050s] nodes=51829653 memo=51829636 rss=2401MB
  [4065s] nodes=52015899 memo=52015882 rss=2401MB
  [4080s] nodes=52172845 memo=52172826 rss=2401MB
  [4095s] nodes=52314733 memo=52314716 rss=2401MB
  [4110s] nodes=52484256 memo=52484238 rss=2401MB
  [4125s] nodes=52602833 memo=52602814 rss=2401MB
  [4140s] nodes=52715891 memo=52715874 rss=2401MB
  [4155s] nodes=52827751 memo=52827731 rss=2401MB
  [4170s] nodes=52968392 memo=52968375 rss=2401MB
  [4185s] nodes=53115652 memo=53115632 rss=2401MB
  [4200s] nodes=53282394 memo=53282377 rss=2401MB
  [4215s] nodes=53447291 memo=53447269 rss=2401MB
  [4230s] nodes=53642370 memo=53642352 rss=2401MB
  [4245s] nodes=53787216 memo=53787193 rss=2401MB
  [4260s] nodes=53918981 memo=53918963 rss=2401MB
  [4275s] nodes=54051375 memo=54051354 rss=2401MB
  [4290s] nodes=54177409 memo=54177392 rss=2401MB
  [4305s] nodes=54291127 memo=54291106 rss=2401MB
  [4320s] nodes=54404390 memo=54404372 rss=2401MB
  [4335s] nodes=54503516 memo=54503496 rss=2401MB
  [4350s] nodes=54604720 memo=54604699 rss=2401MB
  [4365s] nodes=54745267 memo=54745248 rss=2401MB
  [4380s] nodes=54914429 memo=54914420 rss=2401MB
  [4395s] nodes=55122304 memo=55122287 rss=2401MB
  [4410s] nodes=55300979 memo=55300960 rss=2401MB
  [4425s] nodes=55436666 memo=55436646 rss=2401MB
  [4440s] nodes=55535743 memo=55535729 rss=2401MB
  [4455s] nodes=55629357 memo=55629339 rss=2401MB
  [4470s] nodes=55737316 memo=55737297 rss=2401MB
  [4485s] nodes=55848087 memo=55848068 rss=2401MB
  [4500s] nodes=55963622 memo=55963608 rss=2401MB
  [4515s] nodes=56102088 memo=56102068 rss=2401MB
  [4530s] nodes=56207116 memo=56207097 rss=2401MB
  [4545s] nodes=56363115 memo=56363094 rss=2401MB
  [4560s] nodes=56488963 memo=56488944 rss=2401MB
  [4575s] nodes=56600173 memo=56600157 rss=2401MB
  [4590s] nodes=56704627 memo=56704609 rss=2401MB
  [4605s] nodes=56822404 memo=56822386 rss=2401MB
  [4620s] nodes=56928500 memo=56928479 rss=2401MB
  [4635s] nodes=57041398 memo=57041375 rss=2401MB
  [4650s] nodes=57141324 memo=57141307 rss=2401MB
  [4665s] nodes=57242107 memo=57242085 rss=2401MB
  [4680s] nodes=57356489 memo=57356469 rss=2401MB
  [4695s] nodes=57459895 memo=57459877 rss=2401MB
  [4710s] nodes=57566523 memo=57566503 rss=2401MB
  [4725s] nodes=57677240 memo=57677220 rss=2401MB
  [4740s] nodes=57791447 memo=57791431 rss=2401MB
  [4755s] nodes=57964476 memo=57964456 rss=2401MB
  [4770s] nodes=58065090 memo=58065073 rss=2401MB
  [4785s] nodes=58224335 memo=58224317 rss=2401MB
  [4800s] nodes=58359849 memo=58359834 rss=2401MB
  [4815s] nodes=58506049 memo=58506033 rss=2401MB
  [4830s] nodes=58636223 memo=58636203 rss=2401MB
  [4845s] nodes=58743787 memo=58743768 rss=2401MB
  [4860s] nodes=58859960 memo=58859941 rss=2401MB
  [4875s] nodes=58997081 memo=58997068 rss=2401MB
  [4890s] nodes=59237771 memo=59237755 rss=2401MB
  [4905s] nodes=59396604 memo=59396585 rss=2401MB
  [4920s] nodes=59649156 memo=59649143 rss=2401MB
  [4935s] nodes=59912922 memo=59912909 rss=2401MB
  [4950s] nodes=60064256 memo=60064239 rss=2401MB
  [4965s] nodes=60214845 memo=60214825 rss=2401MB
  [4980s] nodes=60310645 memo=60310627 rss=2401MB
  [4995s] nodes=60401541 memo=60401523 rss=2401MB
  [5010s] nodes=60491604 memo=60491588 rss=2401MB
  [5025s] nodes=60582787 memo=60582767 rss=2401MB
  [5040s] nodes=60690500 memo=60690482 rss=2401MB
  [5055s] nodes=60776075 memo=60776055 rss=2401MB
  [5070s] nodes=60870528 memo=60870509 rss=2401MB
  [5085s] nodes=60966422 memo=60966403 rss=2401MB
  [5100s] nodes=61065179 memo=61065160 rss=2401MB
  [5115s] nodes=61176004 memo=61175983 rss=2401MB
  [5130s] nodes=61272638 memo=61272621 rss=2401MB
  [5145s] nodes=61399554 memo=61399538 rss=2401MB
  [5160s] nodes=61621898 memo=61621886 rss=2401MB
  [5175s] nodes=61828721 memo=61828706 rss=2401MB
  [5190s] nodes=62052560 memo=62052545 rss=2401MB
  [5205s] nodes=62338632 memo=62338617 rss=2401MB
  [5220s] nodes=62562073 memo=62562057 rss=2401MB
  [5235s] nodes=62911298 memo=62911284 rss=2401MB
  [5250s] nodes=63184414 memo=63184398 rss=2401MB
  [5265s] nodes=63430563 memo=63430554 rss=2401MB
  [5280s] nodes=63611923 memo=63611909 rss=2401MB
  [5295s] nodes=63835768 memo=63835751 rss=2401MB
  [5310s] nodes=63954936 memo=63954920 rss=2401MB
  [5325s] nodes=64083630 memo=64083613 rss=2401MB
  [5340s] nodes=64227320 memo=64227301 rss=2401MB
  [5355s] nodes=64348270 memo=64348253 rss=2401MB
  [5370s] nodes=64530353 memo=64530337 rss=2401MB
  [5385s] nodes=64674271 memo=64674251 rss=2401MB
  [5400s] nodes=64831643 memo=64831624 rss=2401MB
  [5415s] nodes=64973290 memo=64973272 rss=2401MB
  [5430s] nodes=65123219 memo=65123201 rss=2401MB
  [5445s] nodes=65243871 memo=65243853 rss=2401MB
  [5460s] nodes=65369998 memo=65369981 rss=2401MB
  [5475s] nodes=65493275 memo=65493254 rss=2401MB
  [5490s] nodes=65602312 memo=65602294 rss=2401MB
  [5505s] nodes=65703879 memo=65703860 rss=2401MB
  [5520s] nodes=65813856 memo=65813837 rss=2401MB
  [5535s] nodes=65976162 memo=65976150 rss=2401MB
  [5550s] nodes=66091772 memo=66091753 rss=2401MB
  [5565s] nodes=66260582 memo=66260572 rss=2401MB
  [5580s] nodes=66543880 memo=66543866 rss=2401MB
  [5595s] nodes=66656828 memo=66656813 rss=2401MB
  [5610s] nodes=66759438 memo=66759421 rss=2401MB
  [5625s] nodes=66955538 memo=66955520 rss=2401MB
  [5640s] nodes=67154622 memo=67154608 rss=2401MB
  [5655s] nodes=67313811 memo=67313793 rss=2401MB
  [5670s] nodes=67457146 memo=67457128 rss=2401MB
  [5685s] nodes=67603381 memo=67603366 rss=2401MB
  [5700s] nodes=67768013 memo=67767994 rss=2401MB
  [5715s] nodes=67899637 memo=67899617 rss=2401MB
  [5730s] nodes=68056664 memo=68056647 rss=2401MB
  [5745s] nodes=68172346 memo=68172322 rss=2401MB
  [5760s] nodes=68274185 memo=68274167 rss=2401MB
  [5775s] nodes=68379509 memo=68379493 rss=2401MB
  [5790s] nodes=68502293 memo=68502276 rss=2401MB
  [5805s] nodes=68634873 memo=68634859 rss=2401MB
  [5820s] nodes=68740884 memo=68740869 rss=2401MB
  [5835s] nodes=68857447 memo=68857429 rss=2401MB
  [5850s] nodes=68957246 memo=68957229 rss=2401MB
  [5865s] nodes=69059930 memo=69059907 rss=2401MB
  [5880s] nodes=69194608 memo=69194592 rss=2401MB
  [5895s] nodes=69319972 memo=69319956 rss=2401MB
  [5910s] nodes=69462032 memo=69462012 rss=2401MB
  [5925s] nodes=69627180 memo=69627163 rss=2401MB
  [5940s] nodes=69838573 memo=69838552 rss=2401MB
  [5955s] nodes=69943270 memo=69943250 rss=2401MB
  [5970s] nodes=70024050 memo=70024032 rss=2401MB
  [5985s] nodes=70109806 memo=70109785 rss=2401MB
  [6000s] nodes=70201877 memo=70201861 rss=2401MB
  [6015s] nodes=70292155 memo=70292139 rss=2401MB
  [6030s] nodes=70454059 memo=70454043 rss=2401MB
  [6045s] nodes=70574654 memo=70574642 rss=2401MB
  [6060s] nodes=70722963 memo=70722948 rss=2401MB
  [6075s] nodes=70837043 memo=70837028 rss=2401MB
  [6090s] nodes=70968618 memo=70968600 rss=2401MB
  [6105s] nodes=71108051 memo=71108034 rss=2401MB
  [6120s] nodes=71243596 memo=71243582 rss=2401MB
  [6135s] nodes=71338539 memo=71338521 rss=2401MB
  [6150s] nodes=71431236 memo=71431216 rss=2401MB
  [6165s] nodes=71584842 memo=71584828 rss=2401MB
  [6180s] nodes=71833858 memo=71833842 rss=2401MB
  [6195s] nodes=72049042 memo=72049030 rss=2401MB
  [6210s] nodes=72247971 memo=72247951 rss=2401MB
  [6225s] nodes=72367300 memo=72367283 rss=2401MB
  [6240s] nodes=72505426 memo=72505405 rss=2401MB
  [6255s] nodes=72641796 memo=72641777 rss=2401MB
  [6270s] nodes=72768104 memo=72768087 rss=2401MB
  [6285s] nodes=72893740 memo=72893721 rss=2401MB
  [6300s] nodes=73014377 memo=73014360 rss=2401MB
  [6315s] nodes=73132681 memo=73132667 rss=2401MB
  [6330s] nodes=73324062 memo=73324052 rss=2401MB
  [6345s] nodes=73532002 memo=73531983 rss=2401MB
  [6360s] nodes=73703937 memo=73703923 rss=2401MB
  [6375s] nodes=73898662 memo=73898646 rss=2401MB
  [6390s] nodes=74022713 memo=74022697 rss=2401MB
  [6405s] nodes=74104784 memo=74104764 rss=2401MB
  [6420s] nodes=74216376 memo=74216359 rss=2401MB
  [6435s] nodes=74357436 memo=74357416 rss=2401MB
  [6450s] nodes=74461061 memo=74461044 rss=2401MB
  [6465s] nodes=74580827 memo=74580809 rss=2401MB
  [6480s] nodes=74672541 memo=74672523 rss=2401MB
  [6495s] nodes=74783250 memo=74783235 rss=2401MB
  [6510s] nodes=74870930 memo=74870916 rss=2401MB
  [6525s] nodes=74964597 memo=74964578 rss=2401MB
  [6540s] nodes=75126000 memo=75125985 rss=2401MB
  [6555s] nodes=75284132 memo=75284112 rss=2401MB
  [6570s] nodes=75443525 memo=75443513 rss=2401MB
  [6585s] nodes=75602059 memo=75602044 rss=2401MB
  [6600s] nodes=75730730 memo=75730713 rss=2401MB
  [6615s] nodes=75855844 memo=75855830 rss=2401MB
  [6630s] nodes=75960455 memo=75960435 rss=2401MB
  [6645s] nodes=76061143 memo=76061125 rss=2401MB
  [6660s] nodes=76192558 memo=76192538 rss=2401MB
  [6675s] nodes=76432353 memo=76432341 rss=2401MB
  [6690s] nodes=76639857 memo=76639841 rss=2401MB
  [6705s] nodes=76829458 memo=76829440 rss=2401MB
  [6720s] nodes=77036389 memo=77036379 rss=2401MB
  [6735s] nodes=77204548 memo=77204532 rss=2401MB
  [6750s] nodes=77465989 memo=77465974 rss=2401MB
  [6765s] nodes=77579251 memo=77579240 rss=2401MB
  [6780s] nodes=77685085 memo=77685070 rss=2401MB
  [6795s] nodes=77792101 memo=77792081 rss=2401MB
  [6810s] nodes=77919648 memo=77919630 rss=2401MB
  [6825s] nodes=78055597 memo=78055575 rss=2401MB
  [6840s] nodes=78189733 memo=78189713 rss=2401MB
  [6855s] nodes=78288975 memo=78288963 rss=2401MB
  [6870s] nodes=78388554 memo=78388537 rss=2401MB
  [6885s] nodes=78524716 memo=78524696 rss=2401MB
  [6900s] nodes=78636997 memo=78636982 rss=2401MB
  [6915s] nodes=78751565 memo=78751547 rss=2401MB
  [6930s] nodes=78860394 memo=78860372 rss=2401MB
  [6945s] nodes=78977261 memo=78977248 rss=2401MB
  [6960s] nodes=79265236 memo=79265225 rss=2401MB
  [6975s] nodes=79509784 memo=79509770 rss=2401MB
  [6990s] nodes=79693121 memo=79693108 rss=2401MB
  [7005s] nodes=79874406 memo=79874395 rss=2401MB
  [7020s] nodes=80053712 memo=80053695 rss=2401MB
  [7035s] nodes=80235825 memo=80235812 rss=2401MB
  [7050s] nodes=80489696 memo=80489688 rss=2401MB
  [7065s] nodes=80707223 memo=80707214 rss=2401MB
  [7080s] nodes=80989030 memo=80989018 rss=2401MB
  [7095s] nodes=81231208 memo=81231196 rss=2401MB
  [7110s] nodes=81511894 memo=81511881 rss=2401MB
  [7125s] nodes=81696685 memo=81696667 rss=2401MB
  [7140s] nodes=81863243 memo=81863230 rss=2401MB
  [7155s] nodes=82213244 memo=82213234 rss=2401MB
  [7170s] nodes=82568627 memo=82568617 rss=2401MB
  [7185s] nodes=82773850 memo=82773831 rss=2401MB
  [7200s] nodes=83005788 memo=83005775 rss=2401MB
  [7215s] nodes=83357882 memo=83357868 rss=2401MB
  [7230s] nodes=83647767 memo=83647755 rss=2401MB
  [7245s] nodes=83992152 memo=83992138 rss=2401MB
  [7260s] nodes=84297606 memo=84297592 rss=2401MB
  [7275s] nodes=84494986 memo=84494966 rss=2401MB
  [7290s] nodes=84591041 memo=84591021 rss=2401MB
  [7305s] nodes=84684761 memo=84684744 rss=2401MB
  [7320s] nodes=84772590 memo=84772572 rss=2401MB
  [7335s] nodes=84890972 memo=84890956 rss=2401MB
  [7350s] nodes=85005351 memo=85005332 rss=2401MB
  [7365s] nodes=85177621 memo=85177606 rss=2401MB
  [7380s] nodes=85480577 memo=85480567 rss=2401MB
  [7395s] nodes=85731720 memo=85731705 rss=2401MB
  [7410s] nodes=85888568 memo=85888554 rss=2401MB
  [7425s] nodes=86047530 memo=86047512 rss=2401MB
  [7440s] nodes=86194690 memo=86194671 rss=2401MB
  [7455s] nodes=86421961 memo=86421947 rss=2401MB
  [7470s] nodes=86575778 memo=86575762 rss=2401MB
  [7485s] nodes=86801776 memo=86801766 rss=2401MB
  [7500s] nodes=87068578 memo=87068558 rss=2401MB
  [7515s] nodes=87167340 memo=87167327 rss=2401MB
  [7530s] nodes=87257173 memo=87257150 rss=2401MB
  [7545s] nodes=87378214 memo=87378200 rss=2401MB
  [7560s] nodes=87507231 memo=87507211 rss=2401MB
  [7575s] nodes=87612122 memo=87612105 rss=2401MB
  [7590s] nodes=87702042 memo=87702022 rss=2401MB
  [7605s] nodes=87790593 memo=87790570 rss=2401MB
  [7620s] nodes=87879757 memo=87879745 rss=2401MB
  [7635s] nodes=87990609 memo=87990591 rss=2401MB
  [7650s] nodes=88088251 memo=88088238 rss=2401MB
  [7665s] nodes=88182350 memo=88182335 rss=2401MB
  [7680s] nodes=88276432 memo=88276419 rss=2401MB
  [7695s] nodes=88374273 memo=88374257 rss=2401MB
  [7710s] nodes=88487461 memo=88487443 rss=2401MB
  [7725s] nodes=88588799 memo=88588778 rss=2401MB
  [7740s] nodes=88693146 memo=88693127 rss=2401MB
  [7755s] nodes=88846145 memo=88846130 rss=2401MB
  [7770s] nodes=88986356 memo=88986338 rss=2401MB
  [7785s] nodes=89125350 memo=89125332 rss=2401MB
  [7800s] nodes=89248193 memo=89248177 rss=2401MB
  [7815s] nodes=89494282 memo=89494270 rss=2401MB
  [7830s] nodes=89745402 memo=89745387 rss=2401MB
  [7845s] nodes=89873626 memo=89873611 rss=2401MB
  [7860s] nodes=90073435 memo=90073423 rss=2401MB
  [7875s] nodes=90395607 memo=90395596 rss=2401MB
  [7890s] nodes=90668692 memo=90668682 rss=2401MB
  [7905s] nodes=90885416 memo=90885399 rss=2401MB
  [7920s] nodes=91056363 memo=91056347 rss=2401MB
  [7935s] nodes=91193042 memo=91193026 rss=2401MB
  [7950s] nodes=91306765 memo=91306748 rss=2401MB
  [7965s] nodes=91498631 memo=91498609 rss=2401MB
  [7980s] nodes=91624523 memo=91624506 rss=2401MB
  [7995s] nodes=91757742 memo=91757723 rss=2401MB
  [8010s] nodes=91893531 memo=91893518 rss=2401MB
  [8025s] nodes=92103770 memo=92103756 rss=2401MB
  [8040s] nodes=92311062 memo=92311050 rss=2401MB
  [8055s] nodes=92458593 memo=92458579 rss=2401MB
  [8070s] nodes=92581113 memo=92581092 rss=2401MB
  [8085s] nodes=92721906 memo=92721887 rss=2401MB
  [8100s] nodes=92860422 memo=92860400 rss=2401MB
  [8115s] nodes=93029545 memo=93029532 rss=2401MB
  [8130s] nodes=93189095 memo=93189075 rss=2401MB
  [8145s] nodes=93378993 memo=93378977 rss=2401MB
  [8160s] nodes=93575490 memo=93575474 rss=2553MB
  [8175s] nodes=93763626 memo=93763617 rss=3098MB
  [8190s] nodes=93937627 memo=93937613 rss=3727MB
  [8205s] nodes=94086205 memo=94086187 rss=4953MB
  [8220s] nodes=94219160 memo=94219139 rss=5432MB
  [8235s] nodes=94350650 memo=94350635 rss=5432MB
  [8250s] nodes=94587759 memo=94587745 rss=5432MB
  [8265s] nodes=94786445 memo=94786427 rss=5432MB
  [8280s] nodes=94933301 memo=94933293 rss=5432MB
  [8295s] nodes=95083936 memo=95083918 rss=5432MB
  [8310s] nodes=95197517 memo=95197504 rss=5432MB
  [8325s] nodes=95316959 memo=95316944 rss=5432MB
  [8340s] nodes=95415846 memo=95415829 rss=5432MB
  [8355s] nodes=95510699 memo=95510678 rss=5432MB
  [8370s] nodes=95603667 memo=95603651 rss=5432MB
  [8385s] nodes=95737744 memo=95737725 rss=5432MB
  [8400s] nodes=95905359 memo=95905344 rss=5432MB
  [8415s] nodes=96168847 memo=96168833 rss=5432MB
  [8430s] nodes=96314060 memo=96314040 rss=5432MB
  [8445s] nodes=96446905 memo=96446886 rss=5432MB
  [8460s] nodes=96577079 memo=96577059 rss=4798MB
  [8475s] nodes=96823823 memo=96823809 rss=4798MB
  [8490s] nodes=97054075 memo=97054060 rss=4798MB
  [8505s] nodes=97188126 memo=97188110 rss=4798MB
  [8520s] nodes=97305794 memo=97305775 rss=4798MB
  [8535s] nodes=97402441 memo=97402425 rss=4798MB
  [8550s] nodes=97539437 memo=97539420 rss=4798MB
  [8565s] nodes=97640932 memo=97640912 rss=4798MB
  [8580s] nodes=97745840 memo=97745820 rss=4798MB
  [8595s] nodes=97851342 memo=97851324 rss=4798MB
  [8610s] nodes=97970166 memo=97970151 rss=4798MB
  [8625s] nodes=98126547 memo=98126532 rss=4798MB
  [8640s] nodes=98240477 memo=98240464 rss=4798MB
  [8655s] nodes=98474292 memo=98474279 rss=4798MB
  [8670s] nodes=98679400 memo=98679384 rss=4798MB
  [8685s] nodes=98829426 memo=98829416 rss=4798MB
  [8700s] nodes=99012509 memo=99012494 rss=4798MB
  [8715s] nodes=99198501 memo=99198484 rss=4798MB
  [8730s] nodes=99380328 memo=99380312 rss=4798MB
  [8745s] nodes=99513486 memo=99513468 rss=4798MB
  [8760s] nodes=99658954 memo=99658940 rss=4798MB
  [8775s] nodes=99900374 memo=99900360 rss=4798MB
  [8790s] nodes=100122414 memo=100122399 rss=4798MB
  [8805s] nodes=100396352 memo=100396341 rss=4798MB
  [8820s] nodes=100653585 memo=100653573 rss=4798MB
  [8835s] nodes=100905318 memo=100905306 rss=4798MB
  [8850s] nodes=101113393 memo=101113383 rss=4798MB
  [8865s] nodes=101348381 memo=101348364 rss=4798MB
  [8880s] nodes=101556625 memo=101556610 rss=4798MB
  [8895s] nodes=101715779 memo=101715768 rss=4798MB
  [8910s] nodes=101917220 memo=101917201 rss=4798MB
  [8925s] nodes=102067647 memo=102067631 rss=4798MB
  [8940s] nodes=102287957 memo=102287943 rss=4798MB
  [8955s] nodes=102468239 memo=102468224 rss=4798MB
  [8970s] nodes=102647960 memo=102647942 rss=4798MB
  [8985s] nodes=102856574 memo=102856562 rss=4798MB
  [9000s] nodes=103074733 memo=103074717 rss=4798MB
  [9015s] nodes=103290822 memo=103290810 rss=4798MB
  [9030s] nodes=103557172 memo=103557161 rss=4798MB
  [9045s] nodes=103806789 memo=103806776 rss=4798MB
  [9060s] nodes=104031947 memo=104031933 rss=4798MB
  [9075s] nodes=104294430 memo=104294415 rss=4798MB
  [9090s] nodes=104492122 memo=104492106 rss=4798MB
  [9105s] nodes=104683445 memo=104683434 rss=4798MB
  [9120s] nodes=104894523 memo=104894509 rss=4798MB
  [9135s] nodes=105217115 memo=105217105 rss=4798MB
  [9150s] nodes=105466978 memo=105466963 rss=4798MB
  [9165s] nodes=105704873 memo=105704854 rss=4798MB
  [9180s] nodes=105937986 memo=105937975 rss=4798MB
  [9195s] nodes=106159089 memo=106159070 rss=4798MB
  [9210s] nodes=106384381 memo=106384369 rss=4798MB
  [9225s] nodes=106621071 memo=106621058 rss=4798MB
  [9240s] nodes=106845594 memo=106845580 rss=4798MB
  [9255s] nodes=106968054 memo=106968034 rss=4798MB
  [9270s] nodes=107199881 memo=107199871 rss=4798MB
  [9285s] nodes=107531989 memo=107531973 rss=4798MB
  [9300s] nodes=107798777 memo=107798761 rss=4798MB
  [9315s] nodes=108096339 memo=108096321 rss=4798MB
  [9330s] nodes=108369458 memo=108369444 rss=4798MB
  [9345s] nodes=108584730 memo=108584714 rss=4798MB
  [9360s] nodes=108766324 memo=108766308 rss=4798MB
  [9375s] nodes=108951309 memo=108951288 rss=4798MB
  [9390s] nodes=109111347 memo=109111336 rss=4798MB
  [9405s] nodes=109283410 memo=109283391 rss=4798MB
  [9420s] nodes=109422924 memo=109422905 rss=4798MB
  [9435s] nodes=109544346 memo=109544326 rss=4798MB
  [9450s] nodes=109687671 memo=109687650 rss=4798MB
  [9465s] nodes=109910981 memo=109910968 rss=4798MB
  [9480s] nodes=110165566 memo=110165553 rss=4798MB
  [9495s] nodes=110415981 memo=110415966 rss=4798MB
  [9510s] nodes=110651902 memo=110651892 rss=4798MB
  [9525s] nodes=110782748 memo=110782731 rss=4798MB
  [9540s] nodes=110976814 memo=110976800 rss=4798MB
  [9555s] nodes=111185363 memo=111185351 rss=4798MB
  [9570s] nodes=111373916 memo=111373902 rss=4798MB
  [9585s] nodes=111604946 memo=111604927 rss=4798MB
  [9600s] nodes=111734910 memo=111734896 rss=4798MB
  [9615s] nodes=111866831 memo=111866812 rss=4798MB
  [9630s] nodes=112034418 memo=112034403 rss=4798MB
  [9645s] nodes=112133086 memo=112133066 rss=4798MB
  [9660s] nodes=112243840 memo=112243821 rss=4798MB
  [9675s] nodes=112369205 memo=112369187 rss=4798MB
  [9690s] nodes=112485683 memo=112485669 rss=4798MB
  [9705s] nodes=112593120 memo=112593101 rss=4798MB
  [9720s] nodes=112687811 memo=112687788 rss=4798MB
  [9735s] nodes=112808753 memo=112808730 rss=4798MB
  [9750s] nodes=112939250 memo=112939235 rss=4798MB
  [9765s] nodes=113087783 memo=113087763 rss=4798MB
  [9780s] nodes=113287901 memo=113287883 rss=4798MB
  [9795s] nodes=113417299 memo=113417283 rss=4798MB
  [9810s] nodes=113518923 memo=113518902 rss=4798MB
  [9825s] nodes=113677872 memo=113677861 rss=4798MB
  [9840s] nodes=113809746 memo=113809729 rss=4798MB
  [9855s] nodes=113934861 memo=113934850 rss=4798MB
  [9870s] nodes=114113159 memo=114113145 rss=4798MB
  [9885s] nodes=114253607 memo=114253587 rss=4798MB
  [9900s] nodes=114359713 memo=114359695 rss=4798MB
  [9915s] nodes=114456443 memo=114456423 rss=4798MB
  [9930s] nodes=114558513 memo=114558497 rss=4798MB
  [9945s] nodes=114683101 memo=114683089 rss=4798MB
  [9960s] nodes=114800500 memo=114800484 rss=4798MB
  [9975s] nodes=114984756 memo=114984739 rss=4798MB
  [9990s] nodes=115257521 memo=115257507 rss=4798MB
  [10005s] nodes=115602131 memo=115602118 rss=4798MB
  [10020s] nodes=115866264 memo=115866248 rss=4798MB
  [10035s] nodes=116138158 memo=116138149 rss=4798MB
  [10050s] nodes=116343027 memo=116343013 rss=4798MB
  [10065s] nodes=116529760 memo=116529744 rss=4798MB
  [10080s] nodes=116724955 memo=116724941 rss=4798MB
  [10095s] nodes=116943398 memo=116943380 rss=4798MB
  [10110s] nodes=117091703 memo=117091688 rss=4798MB
  [10125s] nodes=117268476 memo=117268464 rss=4798MB
  [10140s] nodes=117466047 memo=117466033 rss=4798MB
  [10155s] nodes=117618278 memo=117618265 rss=4798MB
  [10170s] nodes=117747808 memo=117747792 rss=4798MB
  [10185s] nodes=117895772 memo=117895760 rss=4798MB
  [10200s] nodes=118205607 memo=118205593 rss=4798MB
  [10215s] nodes=118498541 memo=118498529 rss=4798MB
  [10230s] nodes=118759685 memo=118759671 rss=4798MB
  [10245s] nodes=118889997 memo=118889981 rss=4798MB
  [10260s] nodes=119068740 memo=119068729 rss=4798MB
  [10275s] nodes=119328084 memo=119328068 rss=4798MB
  [10290s] nodes=119468823 memo=119468804 rss=4798MB
  [10305s] nodes=119606581 memo=119606565 rss=4798MB
  [10320s] nodes=119742276 memo=119742260 rss=4798MB
  [10335s] nodes=119924832 memo=119924816 rss=4798MB
  [10350s] nodes=120207960 memo=120207943 rss=4798MB
  [10365s] nodes=120349248 memo=120349232 rss=4798MB
  [10380s] nodes=120443936 memo=120443920 rss=4798MB
  [10395s] nodes=120648495 memo=120648484 rss=4798MB
  [10410s] nodes=120985966 memo=120985953 rss=4798MB
  [10425s] nodes=121211718 memo=121211706 rss=4798MB
  [10440s] nodes=121320737 memo=121320720 rss=4798MB
  [10455s] nodes=121407799 memo=121407786 rss=4798MB
  [10470s] nodes=121503246 memo=121503232 rss=4798MB
  [10485s] nodes=121592407 memo=121592395 rss=4798MB
  [10500s] nodes=121691716 memo=121691695 rss=4798MB
  [10515s] nodes=121785317 memo=121785298 rss=4798MB
  [10530s] nodes=121877596 memo=121877580 rss=4798MB
  [10545s] nodes=121973215 memo=121973200 rss=4798MB
  [10560s] nodes=122077015 memo=122076996 rss=4798MB
  [10575s] nodes=122178924 memo=122178907 rss=4798MB
  [10590s] nodes=122273136 memo=122273121 rss=4798MB
  [10605s] nodes=122364655 memo=122364636 rss=4798MB
  [10620s] nodes=122458685 memo=122458668 rss=4798MB
  [10635s] nodes=122559737 memo=122559723 rss=4798MB
  [10650s] nodes=122661391 memo=122661375 rss=4798MB
  [10665s] nodes=122763937 memo=122763921 rss=4798MB
  [10680s] nodes=122860563 memo=122860544 rss=4798MB
  [10695s] nodes=122982277 memo=122982264 rss=4798MB
  [10710s] nodes=123171963 memo=123171951 rss=4798MB
  [10725s] nodes=123374038 memo=123374019 rss=4798MB
  [10740s] nodes=123530423 memo=123530402 rss=4798MB
  [10755s] nodes=123694823 memo=123694812 rss=4798MB
  [10770s] nodes=123882864 memo=123882852 rss=4798MB
  [10785s] nodes=124100320 memo=124100299 rss=4798MB
  [10800s] nodes=124276115 memo=124276099 rss=4798MB
  [10815s] nodes=124425161 memo=124425141 rss=4798MB
  [10830s] nodes=124512133 memo=124512121 rss=4798MB
  [10845s] nodes=124611613 memo=124611598 rss=4798MB
  [10860s] nodes=124711841 memo=124711823 rss=4798MB
  [10875s] nodes=124862182 memo=124862168 rss=4798MB
  [10890s] nodes=125011136 memo=125011120 rss=4798MB
  [10905s] nodes=125100680 memo=125100661 rss=4798MB
  [10920s] nodes=125198925 memo=125198907 rss=4798MB
  [10935s] nodes=125294496 memo=125294480 rss=4798MB
  [10950s] nodes=125409244 memo=125409222 rss=4798MB
  [10965s] nodes=125532778 memo=125532766 rss=4798MB
  [10980s] nodes=125668919 memo=125668901 rss=4798MB
  [10995s] nodes=125824136 memo=125824123 rss=4798MB
  [11010s] nodes=125964275 memo=125964259 rss=4798MB
  [11025s] nodes=126090743 memo=126090728 rss=4798MB
  [11040s] nodes=126197306 memo=126197288 rss=4798MB
  [11055s] nodes=126312778 memo=126312765 rss=4798MB
  [11070s] nodes=126438803 memo=126438785 rss=4798MB
  [11085s] nodes=126561359 memo=126561342 rss=4798MB
  [11100s] nodes=126670088 memo=126670073 rss=4798MB
  [11115s] nodes=126876534 memo=126876523 rss=4798MB
  [11130s] nodes=127049092 memo=127049071 rss=4798MB
  [11145s] nodes=127226210 memo=127226197 rss=4798MB
  [11160s] nodes=127405018 memo=127404999 rss=4798MB
  [11175s] nodes=127563813 memo=127563794 rss=4798MB
  [11190s] nodes=127734141 memo=127734126 rss=4798MB
  [11205s] nodes=127878079 memo=127878064 rss=4798MB
  [11220s] nodes=128059599 memo=128059583 rss=4798MB
  [11235s] nodes=128249783 memo=128249767 rss=4798MB
  [11250s] nodes=128376106 memo=128376090 rss=4798MB
  [11265s] nodes=128522898 memo=128522884 rss=4798MB
  [11280s] nodes=128647628 memo=128647611 rss=4798MB
  [11295s] nodes=128736704 memo=128736691 rss=4798MB
  [11310s] nodes=128838915 memo=128838896 rss=4798MB
  [11325s] nodes=128936499 memo=128936482 rss=4798MB
  [11340s] nodes=129052016 memo=129051998 rss=4798MB
  [11355s] nodes=129187473 memo=129187451 rss=4798MB
  [11370s] nodes=129373661 memo=129373648 rss=4798MB
  [11385s] nodes=129605018 memo=129605007 rss=4798MB
  [11400s] nodes=129835951 memo=129835934 rss=4798MB
  [11415s] nodes=130032521 memo=130032502 rss=4798MB
  [11430s] nodes=130277138 memo=130277128 rss=4798MB
  [11445s] nodes=130511429 memo=130511418 rss=4798MB
  [11460s] nodes=130740544 memo=130740536 rss=4798MB
  [11475s] nodes=130994038 memo=130994021 rss=4798MB
  [11490s] nodes=131210169 memo=131210154 rss=4798MB
  [11505s] nodes=131443455 memo=131443443 rss=4798MB
  [11520s] nodes=131725075 memo=131725056 rss=4798MB
  [11535s] nodes=131951092 memo=131951083 rss=4798MB
  [11550s] nodes=132159455 memo=132159432 rss=4798MB
  [11565s] nodes=132306821 memo=132306802 rss=4798MB
  [11580s] nodes=132466551 memo=132466531 rss=4798MB
  [11595s] nodes=132572519 memo=132572500 rss=4798MB
  [11610s] nodes=132717241 memo=132717225 rss=4798MB
  [11625s] nodes=132821658 memo=132821639 rss=4798MB
  [11640s] nodes=132962586 memo=132962570 rss=4798MB
  [11655s] nodes=133137170 memo=133137151 rss=4798MB
  [11670s] nodes=133312403 memo=133312385 rss=4798MB
  [11685s] nodes=133458072 memo=133458058 rss=4798MB
  [11700s] nodes=133578853 memo=133578832 rss=4798MB
  [11715s] nodes=133684139 memo=133684122 rss=4798MB
  [11730s] nodes=133845325 memo=133845311 rss=4798MB
  [11745s] nodes=134155893 memo=134155880 rss=4798MB
  [11760s] nodes=134454624 memo=134454610 rss=4798MB
  [11775s] nodes=134725435 memo=134725417 rss=4798MB
  [11790s] nodes=134998737 memo=134998721 rss=4798MB
  [11805s] nodes=135268683 memo=135268676 rss=4798MB
  [11820s] nodes=135512554 memo=135512538 rss=4798MB
  [11835s] nodes=135687009 memo=135686995 rss=4798MB
  [11850s] nodes=135903530 memo=135903519 rss=4798MB
  [11865s] nodes=136111140 memo=136111128 rss=4798MB
  [11880s] nodes=136308384 memo=136308371 rss=4798MB
  [11895s] nodes=136478918 memo=136478905 rss=4798MB
  [11910s] nodes=136755283 memo=136755270 rss=4798MB
  [11925s] nodes=136985482 memo=136985466 rss=4798MB
  [11940s] nodes=137124748 memo=137124732 rss=4798MB
  [11955s] nodes=137336296 memo=137336284 rss=4798MB
  [11970s] nodes=137566496 memo=137566484 rss=4798MB
  [11985s] nodes=137812241 memo=137812226 rss=4798MB
  [12000s] nodes=138009608 memo=138009590 rss=4798MB
  [12015s] nodes=138232148 memo=138232139 rss=4798MB
  [12030s] nodes=138496053 memo=138496036 rss=4798MB
  [12045s] nodes=138714813 memo=138714798 rss=4798MB
  [12060s] nodes=138900973 memo=138900956 rss=4798MB
  [12075s] nodes=139017126 memo=139017113 rss=4798MB
  [12090s] nodes=139129942 memo=139129925 rss=4798MB
  [12105s] nodes=139287273 memo=139287260 rss=4798MB
  [12120s] nodes=139493869 memo=139493855 rss=4798MB
  [12135s] nodes=139683449 memo=139683432 rss=4798MB
  [12150s] nodes=139846065 memo=139846048 rss=4798MB
  [12165s] nodes=140049352 memo=140049339 rss=4798MB
  [12180s] nodes=140301847 memo=140301835 rss=4798MB
  [12195s] nodes=140510701 memo=140510685 rss=4798MB
  [12210s] nodes=140712298 memo=140712284 rss=4798MB
  [12225s] nodes=140879200 memo=140879191 rss=4798MB
  [12240s] nodes=141047026 memo=141047014 rss=4798MB
  [12255s] nodes=141250232 memo=141250223 rss=4798MB
  [12270s] nodes=141472556 memo=141472548 rss=4798MB
  [12285s] nodes=141652902 memo=141652889 rss=4798MB
  [12300s] nodes=141841877 memo=141841863 rss=4798MB
  [12315s] nodes=142000643 memo=142000630 rss=4798MB
  [12330s] nodes=142248712 memo=142248697 rss=4798MB
  [12345s] nodes=142426569 memo=142426555 rss=4798MB
  [12360s] nodes=142585690 memo=142585675 rss=4798MB
  [12375s] nodes=142782662 memo=142782650 rss=4798MB
  [12390s] nodes=143036256 memo=143036241 rss=4798MB
  [12405s] nodes=143271169 memo=143271155 rss=4798MB
  [12420s] nodes=143489540 memo=143489524 rss=4798MB
  [12435s] nodes=143593259 memo=143593243 rss=4798MB
  [12450s] nodes=143707016 memo=143707003 rss=4798MB
  [12465s] nodes=143838728 memo=143838706 rss=4798MB
  [12480s] nodes=143945605 memo=143945580 rss=4798MB
  [12495s] nodes=144098496 memo=144098479 rss=4798MB
  [12510s] nodes=144247426 memo=144247411 rss=4798MB
  [12525s] nodes=144420064 memo=144420049 rss=4798MB
  [12540s] nodes=144617785 memo=144617772 rss=4798MB
  [12555s] nodes=144846383 memo=144846368 rss=4798MB
  [12570s] nodes=145011987 memo=145011968 rss=4798MB
  [12585s] nodes=145169991 memo=145169979 rss=4798MB
  [12600s] nodes=145398811 memo=145398796 rss=4798MB
  [12615s] nodes=145611191 memo=145611177 rss=4798MB
  [12630s] nodes=145835300 memo=145835287 rss=4798MB
  [12645s] nodes=146003554 memo=146003537 rss=4798MB
  [12660s] nodes=146227582 memo=146227572 rss=4798MB
  [12675s] nodes=146445071 memo=146445062 rss=4798MB
  [12690s] nodes=146730625 memo=146730615 rss=4798MB
  [12705s] nodes=146940030 memo=146940020 rss=4798MB
  [12720s] nodes=147217161 memo=147217144 rss=4798MB
  [12735s] nodes=147416051 memo=147416036 rss=4798MB
  [12750s] nodes=147633466 memo=147633453 rss=4798MB
  [12765s] nodes=147919406 memo=147919390 rss=4798MB
  [12780s] nodes=148207780 memo=148207766 rss=4798MB
  [12795s] nodes=148519408 memo=148519398 rss=4798MB
  [12810s] nodes=148823505 memo=148823490 rss=4798MB
  [12825s] nodes=149018270 memo=149018254 rss=4798MB
  [12840s] nodes=149193104 memo=149193086 rss=4798MB
  [12855s] nodes=149336742 memo=149336730 rss=4798MB
  [12870s] nodes=149466236 memo=149466215 rss=4798MB
  [12885s] nodes=149599293 memo=149599272 rss=4798MB
  [12900s] nodes=149796832 memo=149796816 rss=4798MB
  [12915s] nodes=149960810 memo=149960794 rss=4798MB
  [12930s] nodes=150078373 memo=150078357 rss=4798MB
  [12945s] nodes=150195434 memo=150195414 rss=4798MB
  [12960s] nodes=150295567 memo=150295548 rss=4798MB
  [12975s] nodes=150404197 memo=150404181 rss=4798MB
  [12990s] nodes=150523516 memo=150523500 rss=4798MB
  [13005s] nodes=150640768 memo=150640754 rss=4798MB
  [13020s] nodes=150772485 memo=150772469 rss=4798MB
  [13035s] nodes=151003151 memo=151003138 rss=4798MB
  [13050s] nodes=151219303 memo=151219292 rss=4798MB
  [13065s] nodes=151406704 memo=151406687 rss=4798MB
  [13080s] nodes=151543389 memo=151543371 rss=4798MB
  [13095s] nodes=151676072 memo=151676055 rss=4798MB
  [13110s] nodes=151795314 memo=151795296 rss=4798MB
  [13125s] nodes=151932393 memo=151932376 rss=4798MB
  [13140s] nodes=152079786 memo=152079766 rss=4798MB
  [13155s] nodes=152211845 memo=152211827 rss=4798MB
  [13170s] nodes=152334300 memo=152334282 rss=4798MB
  [13185s] nodes=152486834 memo=152486819 rss=4798MB
  [13200s] nodes=152683277 memo=152683256 rss=4798MB
  [13215s] nodes=152846546 memo=152846530 rss=4798MB
  [13230s] nodes=152989594 memo=152989577 rss=4798MB
  [13245s] nodes=153113794 memo=153113781 rss=4798MB
  [13260s] nodes=153337191 memo=153337180 rss=4798MB
  [13275s] nodes=153604946 memo=153604937 rss=4798MB
  [13290s] nodes=153804714 memo=153804697 rss=4798MB
  [13305s] nodes=153996963 memo=153996946 rss=4798MB
  [13320s] nodes=154119134 memo=154119117 rss=4798MB
  [13335s] nodes=154249900 memo=154249885 rss=4798MB
  [13350s] nodes=154379566 memo=154379549 rss=4798MB
  [13365s] nodes=154505831 memo=154505809 rss=4798MB
  [13380s] nodes=154650188 memo=154650175 rss=4798MB
  [13395s] nodes=154847650 memo=154847639 rss=4798MB
  [13410s] nodes=155009113 memo=155009096 rss=4798MB
  [13425s] nodes=155135551 memo=155135536 rss=4798MB
  [13440s] nodes=155376816 memo=155376800 rss=4798MB
  [13455s] nodes=155733021 memo=155733011 rss=4798MB
  [13470s] nodes=155943685 memo=155943667 rss=4798MB
  [13485s] nodes=156153418 memo=156153404 rss=4798MB
  [13500s] nodes=156324496 memo=156324480 rss=4798MB
  [13515s] nodes=156525392 memo=156525381 rss=4798MB
  [13530s] nodes=156724533 memo=156724519 rss=4798MB
  [13545s] nodes=156846032 memo=156846014 rss=4798MB
  [13560s] nodes=156984585 memo=156984571 rss=4798MB
  [13575s] nodes=157152772 memo=157152757 rss=4798MB
  [13590s] nodes=157320165 memo=157320145 rss=4798MB
  [13605s] nodes=157470353 memo=157470336 rss=4798MB
  [13620s] nodes=157612413 memo=157612398 rss=4798MB
  [13635s] nodes=157794381 memo=157794360 rss=4798MB
  [13650s] nodes=157924793 memo=157924778 rss=4798MB
  [13665s] nodes=158126172 memo=158126157 rss=4798MB
  [13680s] nodes=158342974 memo=158342955 rss=4798MB
  [13695s] nodes=158488858 memo=158488837 rss=4798MB
  [13710s] nodes=158659395 memo=158659376 rss=4798MB
  [13725s] nodes=158933690 memo=158933678 rss=4798MB
  [13740s] nodes=159118448 memo=159118433 rss=4798MB
  [13755s] nodes=159256977 memo=159256958 rss=4798MB
  [13770s] nodes=159366129 memo=159366112 rss=4798MB
  [13785s] nodes=159470788 memo=159470769 rss=4798MB
  [13800s] nodes=159564589 memo=159564575 rss=4798MB
  [13815s] nodes=159689040 memo=159689021 rss=4798MB
  [13830s] nodes=159827645 memo=159827625 rss=4798MB
  [13845s] nodes=159958357 memo=159958343 rss=4798MB
  [13860s] nodes=160102675 memo=160102661 rss=4798MB
  [13875s] nodes=160241281 memo=160241265 rss=4798MB
  [13890s] nodes=160395460 memo=160395443 rss=4798MB
  [13905s] nodes=160667962 memo=160667955 rss=4798MB
  [13920s] nodes=160891252 memo=160891239 rss=4798MB
  [13935s] nodes=161127062 memo=161127048 rss=4798MB
  [13950s] nodes=161301299 memo=161301290 rss=4798MB
  [13965s] nodes=161500505 memo=161500493 rss=4798MB
  [13980s] nodes=161689315 memo=161689299 rss=4798MB
  [13995s] nodes=161889208 memo=161889190 rss=4798MB
  [14010s] nodes=162066684 memo=162066670 rss=4798MB
  [14025s] nodes=162292029 memo=162292013 rss=4798MB
  [14040s] nodes=162429702 memo=162429685 rss=4798MB
  [14055s] nodes=162536465 memo=162536444 rss=4798MB
  [14070s] nodes=162697956 memo=162697937 rss=4798MB
  [14085s] nodes=162804626 memo=162804607 rss=4798MB
  [14100s] nodes=162903200 memo=162903179 rss=4798MB
  [14115s] nodes=163006603 memo=163006584 rss=4798MB
  [14130s] nodes=163107080 memo=163107061 rss=4798MB
  [14145s] nodes=163206507 memo=163206489 rss=4798MB
  [14160s] nodes=163304803 memo=163304783 rss=4798MB
  [14175s] nodes=163418121 memo=163418105 rss=4798MB
  [14190s] nodes=163534364 memo=163534346 rss=4798MB
  [14205s] nodes=163668424 memo=163668409 rss=4798MB
  [14220s] nodes=163823266 memo=163823248 rss=4798MB
  [14235s] nodes=163936746 memo=163936724 rss=4798MB
  [14250s] nodes=164027940 memo=164027921 rss=4798MB
  [14265s] nodes=164136500 memo=164136478 rss=4798MB
  [14280s] nodes=164306368 memo=164306356 rss=4798MB
  [14295s] nodes=164463721 memo=164463703 rss=4798MB
  [14310s] nodes=164568480 memo=164568464 rss=4798MB
  [14325s] nodes=164664699 memo=164664683 rss=4798MB
  [14340s] nodes=164779125 memo=164779113 rss=4798MB
  [14355s] nodes=164961368 memo=164961353 rss=4798MB
  [14370s] nodes=165122043 memo=165122030 rss=4798MB
  [14385s] nodes=165229200 memo=165229178 rss=4798MB
  [14400s] nodes=165328510 memo=165328496 rss=4798MB
  [14415s] nodes=165430197 memo=165430178 rss=4798MB
  [14430s] nodes=165535638 memo=165535624 rss=4798MB
  [14445s] nodes=165637632 memo=165637615 rss=4798MB
  [14460s] nodes=165741319 memo=165741306 rss=4798MB
  [14475s] nodes=165861283 memo=165861266 rss=4798MB
  [14490s] nodes=165997436 memo=165997425 rss=4798MB
  [14505s] nodes=166225652 memo=166225639 rss=4798MB
  [14520s] nodes=166402291 memo=166402272 rss=4798MB
  [14535s] nodes=166531169 memo=166531151 rss=4798MB
  [14550s] nodes=166678498 memo=166678488 rss=4798MB
  [14565s] nodes=166923158 memo=166923143 rss=4798MB
  [14580s] nodes=167023935 memo=167023917 rss=4798MB
  [14595s] nodes=167127072 memo=167127060 rss=4798MB
  [14610s] nodes=167239070 memo=167239054 rss=4798MB
  [14625s] nodes=167380591 memo=167380574 rss=4798MB
  [14640s] nodes=167489411 memo=167489393 rss=4798MB
  [14655s] nodes=167612411 memo=167612393 rss=4798MB
  [14670s] nodes=167746647 memo=167746637 rss=4798MB
  [14685s] nodes=168018397 memo=168018380 rss=4798MB
  [14700s] nodes=168137743 memo=168137728 rss=4798MB
  [14715s] nodes=168254987 memo=168254969 rss=4798MB
  [14730s] nodes=168373023 memo=168373004 rss=4798MB
  [14745s] nodes=168492175 memo=168492157 rss=4798MB
  [14760s] nodes=168625337 memo=168625317 rss=4798MB
  [14775s] nodes=168753154 memo=168753140 rss=4798MB
  [14790s] nodes=168921718 memo=168921704 rss=4798MB
  [14805s] nodes=169043599 memo=169043581 rss=4798MB
  [14820s] nodes=169141835 memo=169141818 rss=4798MB
  [14835s] nodes=169276243 memo=169276225 rss=4798MB
  [14850s] nodes=169395005 memo=169394985 rss=4798MB
  [14865s] nodes=169533981 memo=169533963 rss=4798MB
  [14880s] nodes=169696898 memo=169696882 rss=4798MB
  [14895s] nodes=169812924 memo=169812911 rss=4798MB
  [14910s] nodes=169932012 memo=169931994 rss=4798MB
  [14925s] nodes=170051299 memo=170051282 rss=4798MB
  [14940s] nodes=170156443 memo=170156426 rss=4798MB
  [14955s] nodes=170267780 memo=170267762 rss=4798MB
  [14970s] nodes=170371093 memo=170371079 rss=4798MB
  [14985s] nodes=170506215 memo=170506200 rss=4798MB
  [15000s] nodes=170602513 memo=170602497 rss=4798MB
  [15015s] nodes=170682293 memo=170682274 rss=4798MB
  [15030s] nodes=170792848 memo=170792828 rss=4798MB
  [15045s] nodes=170900102 memo=170900086 rss=4798MB
  [15060s] nodes=171035920 memo=171035903 rss=4798MB
  [15075s] nodes=171204375 memo=171204357 rss=4798MB
  [15090s] nodes=171342876 memo=171342863 rss=4798MB
  [15105s] nodes=171515517 memo=171515500 rss=4798MB
  [15120s] nodes=171662804 memo=171662788 rss=4798MB
  [15135s] nodes=171791451 memo=171791434 rss=4798MB
  [15150s] nodes=171959575 memo=171959562 rss=4798MB
  [15165s] nodes=172115096 memo=172115083 rss=4798MB
  [15180s] nodes=172384597 memo=172384586 rss=4798MB
  [15195s] nodes=172691184 memo=172691170 rss=4798MB
  [15210s] nodes=173003770 memo=173003755 rss=4798MB
  [15225s] nodes=173162696 memo=173162678 rss=4798MB
  [15240s] nodes=173257557 memo=173257547 rss=4798MB
  [15255s] nodes=173376392 memo=173376375 rss=4798MB
  [15270s] nodes=173568527 memo=173568510 rss=4798MB
  [15285s] nodes=173784788 memo=173784773 rss=4798MB
  [15300s] nodes=173964540 memo=173964522 rss=4798MB
  [15315s] nodes=174094180 memo=174094163 rss=4798MB
  [15330s] nodes=174221581 memo=174221562 rss=4798MB
  [15345s] nodes=174342970 memo=174342955 rss=4798MB
  [15360s] nodes=174527293 memo=174527277 rss=4798MB
  [15375s] nodes=174692115 memo=174692106 rss=4798MB
  [15390s] nodes=174872224 memo=174872218 rss=4798MB
  [15405s] nodes=175008049 memo=175008035 rss=4798MB
  [15420s] nodes=175213842 memo=175213835 rss=4798MB
  [15435s] nodes=175415436 memo=175415422 rss=4798MB
  [15450s] nodes=175658088 memo=175658071 rss=4798MB
  [15465s] nodes=175895244 memo=175895226 rss=4798MB
  [15480s] nodes=176069387 memo=176069372 rss=4798MB
  [15495s] nodes=176218972 memo=176218957 rss=4798MB
  [15510s] nodes=176374879 memo=176374858 rss=4798MB
  [15525s] nodes=176568087 memo=176568073 rss=4798MB
  [15540s] nodes=176735132 memo=176735114 rss=4798MB
  [15555s] nodes=176902040 memo=176902029 rss=4798MB
  [15570s] nodes=177190379 memo=177190367 rss=4798MB
  [15585s] nodes=177482379 memo=177482368 rss=4798MB
  [15600s] nodes=177618049 memo=177618035 rss=4798MB
  [15615s] nodes=177698525 memo=177698501 rss=4798MB
  [15630s] nodes=177776862 memo=177776844 rss=4798MB
  [15645s] nodes=177861915 memo=177861897 rss=4798MB
  [15660s] nodes=177996242 memo=177996221 rss=4798MB
  [15675s] nodes=178113234 memo=178113212 rss=4798MB
  [15690s] nodes=178263890 memo=178263874 rss=4798MB
  [15705s] nodes=178353543 memo=178353527 rss=4798MB
  [15720s] nodes=178433271 memo=178433251 rss=4798MB
  [15735s] nodes=178520595 memo=178520577 rss=4798MB
  [15750s] nodes=178621384 memo=178621366 rss=4798MB
  [15765s] nodes=178699610 memo=178699591 rss=4798MB
  [15780s] nodes=178782106 memo=178782086 rss=4798MB
  [15795s] nodes=178875793 memo=178875773 rss=4798MB
  [15810s] nodes=178990177 memo=178990156 rss=4798MB
  [15825s] nodes=179134206 memo=179134190 rss=4798MB
  [15840s] nodes=179256704 memo=179256692 rss=4798MB
  [15855s] nodes=179392547 memo=179392529 rss=4798MB
  [15870s] nodes=179476641 memo=179476629 rss=4798MB
  [15885s] nodes=179602476 memo=179602463 rss=4798MB
  [15900s] nodes=179958893 memo=179958883 rss=4798MB
  [15915s] nodes=180237826 memo=180237816 rss=4798MB
  [15930s] nodes=180508629 memo=180508622 rss=4798MB
  [15945s] nodes=180773175 memo=180773163 rss=4798MB
  [15960s] nodes=181032504 memo=181032494 rss=4798MB
  [15975s] nodes=181301720 memo=181301706 rss=4798MB
  [15990s] nodes=181619094 memo=181619080 rss=4798MB
  [16005s] nodes=181798215 memo=181798198 rss=4798MB
  [16020s] nodes=182078069 memo=182078055 rss=4798MB
  [16035s] nodes=182335197 memo=182335181 rss=4798MB
  [16050s] nodes=182561131 memo=182561116 rss=4798MB
  [16065s] nodes=182877701 memo=182877693 rss=4798MB
  [16080s] nodes=183216671 memo=183216659 rss=4798MB
  [16095s] nodes=183413527 memo=183413510 rss=4798MB
  [16110s] nodes=183528039 memo=183528022 rss=4798MB
  [16125s] nodes=183648873 memo=183648852 rss=4798MB
  [16140s] nodes=183758931 memo=183758913 rss=4798MB
  [16155s] nodes=183881053 memo=183881032 rss=4798MB
  [16170s] nodes=183984156 memo=183984140 rss=4798MB
  [16185s] nodes=184081846 memo=184081829 rss=4798MB
  [16200s] nodes=184193830 memo=184193811 rss=4798MB
  [16215s] nodes=184309504 memo=184309491 rss=4798MB
  [16230s] nodes=184422958 memo=184422943 rss=4798MB
  [16245s] nodes=184615887 memo=184615867 rss=4798MB
  [16260s] nodes=184779592 memo=184779573 rss=4798MB
  [16275s] nodes=184896496 memo=184896480 rss=4798MB
  [16290s] nodes=185061652 memo=185061634 rss=4798MB
  [16305s] nodes=185198965 memo=185198953 rss=4798MB
  [16320s] nodes=185346190 memo=185346176 rss=4798MB
  [16335s] nodes=185455980 memo=185455964 rss=4798MB
  [16350s] nodes=185558517 memo=185558500 rss=4798MB
  [16365s] nodes=185679542 memo=185679518 rss=4798MB
  [16380s] nodes=185836882 memo=185836862 rss=4798MB
  [16395s] nodes=185977041 memo=185977021 rss=4798MB
  [16410s] nodes=186123120 memo=186123102 rss=4798MB
  [16425s] nodes=186213515 memo=186213497 rss=4798MB
  [16440s] nodes=186301123 memo=186301105 rss=4798MB
  [16455s] nodes=186454989 memo=186454976 rss=4798MB
  [16470s] nodes=186630229 memo=186630212 rss=4798MB
  [16485s] nodes=186741012 memo=186740994 rss=4798MB
  [16500s] nodes=186886148 memo=186886130 rss=4798MB
  [16515s] nodes=187050854 memo=187050840 rss=4798MB
  [16530s] nodes=187210037 memo=187210023 rss=4798MB
  [16545s] nodes=187369888 memo=187369871 rss=5020MB
  [16560s] nodes=187499960 memo=187499938 rss=5388MB
  [16575s] nodes=187588255 memo=187588232 rss=5805MB
  [16590s] nodes=187690066 memo=187690053 rss=6670MB
  [16605s] nodes=187786993 memo=187786979 rss=7631MB
  [16620s] nodes=187887797 memo=187887777 rss=8156MB
  [16635s] nodes=188019246 memo=188019229 rss=8228MB
  [16650s] nodes=188183337 memo=188183317 rss=9701MB
  [16665s] nodes=188311703 memo=188311683 rss=10494MB
  [16680s] nodes=188426878 memo=188426862 rss=10932MB
  [16695s] nodes=188537133 memo=188537120 rss=11102MB
