==== q=23 start 14:15:44 ====
  [par q=23] 3100 frontier tasks (depth 4), 24 threads — solving...
  [par q=23      5s] tasks     0/3100   nodes       2377544      475436 nodes/s
  [par q=23     10s] tasks     0/3100   nodes       4664297      457333 nodes/s
  [par q=23     15s] tasks     0/3100   nodes       6898256      446774 nodes/s
  [par q=23     20s] tasks     0/3100   nodes       9162983      452890 nodes/s
  [par q=23     25s] tasks     0/3100   nodes      11373281      442040 nodes/s
  [par q=23     30s] tasks     0/3100   nodes      13604354      446194 nodes/s
  [par q=23     35s] tasks     0/3100   nodes      15810557      441192 nodes/s
  [par q=23     40s] tasks     0/3100   nodes      18041818      446233 nodes/s
  [par q=23     45s] tasks     0/3100   nodes      20276641      446948 nodes/s
  [par q=23     50s] tasks     0/3100   nodes      22505130      445645 nodes/s
  [par q=23     55s] tasks     0/3100   nodes      24744414      447835 nodes/s
  [par q=23     60s] tasks     0/3100   nodes      26975906      446231 nodes/s
  [par q=23     65s] tasks     0/3100   nodes      29201320      445056 nodes/s
  [par q=23     70s] tasks     0/3100   nodes      31393871      438491 nodes/s
  [par q=23     75s] tasks     0/3100   nodes      33622009      445584 nodes/s
  [par q=23     80s] tasks     0/3100   nodes      35843798      444339 nodes/s
  [par q=23     85s] tasks     0/3100   nodes      38070812      445334 nodes/s
  [par q=23     90s] tasks     0/3100   nodes      40294494      444714 nodes/s
  [par q=23     95s] tasks     0/3100   nodes      42461834      433444 nodes/s
  [par q=23    100s] tasks     0/3100   nodes      44649599      437511 nodes/s
  [par q=23    105s] tasks     0/3100   nodes      46842961      438657 nodes/s
  [par q=23    110s] tasks     0/3100   nodes      49044826      440301 nodes/s
  [par q=23    115s] tasks     0/3100   nodes      51240685      439156 nodes/s
  [par q=23    120s] tasks     0/3100   nodes      53426673      437180 nodes/s
  [par q=23    125s] tasks     0/3100   nodes      55620845      438815 nodes/s
  [par q=23    130s] tasks     0/3100   nodes      57828247      441462 nodes/s
  [par q=23    135s] tasks     0/3100   nodes      60003638      434976 nodes/s
  [par q=23    140s] tasks     0/3100   nodes      62163668      431990 nodes/s
  [par q=23    145s] tasks     0/3100   nodes      64290583      425365 nodes/s
  [par q=23    150s] tasks     0/3100   nodes      66438798      429626 nodes/s
  [par q=23    155s] tasks     0/3100   nodes      68596226      431466 nodes/s
  [par q=23    160s] tasks     0/3100   nodes      70717032      424139 nodes/s
  [par q=23    165s] tasks     0/3100   nodes      72853901      427296 nodes/s
  [par q=23    170s] tasks     0/3100   nodes      74981683      425541 nodes/s
  [par q=23    175s] tasks     0/3100   nodes      77080107      419669 nodes/s
  [par q=23    180s] tasks     0/3100   nodes      79182198      420402 nodes/s
  [par q=23    185s] tasks     0/3100   nodes      81282089      419962 nodes/s
  [par q=23    190s] tasks     0/3100   nodes      83365178      416602 nodes/s
  [par q=23    195s] tasks     0/3100   nodes      85431417      413160 nodes/s
  [par q=23    200s] tasks     0/3100   nodes      87502806      414257 nodes/s
  [par q=23    205s] tasks     0/3100   nodes      89597570      418931 nodes/s
  [par q=23    210s] tasks     0/3100   nodes      91668171      414102 nodes/s
  [par q=23    215s] tasks     0/3100   nodes      93738954      414137 nodes/s
  [par q=23    220s] tasks     0/3100   nodes      95785706      409266 nodes/s
  [par q=23    225s] tasks     0/3100   nodes      97845275      411893 nodes/s
  [par q=23    230s] tasks     0/3100   nodes      99904186      411763 nodes/s
  [par q=23    235s] tasks     0/3100   nodes     101945381      408219 nodes/s
  [par q=23    240s] tasks     0/3100   nodes     103955951      402096 nodes/s
  [par q=23    245s] tasks     0/3100   nodes     105965087      401742 nodes/s
  [par q=23    250s] tasks     0/3100   nodes     108010034      408975 nodes/s
  [par q=23    255s] tasks     0/3100   nodes     110060124      410004 nodes/s
  [par q=23    260s] tasks     0/3100   nodes     112078401      403641 nodes/s
  [par q=23    265s] tasks     0/3100   nodes     114084345      401174 nodes/s
  [par q=23    270s] tasks     0/3100   nodes     116078228      398759 nodes/s
  [par q=23    275s] tasks     0/3100   nodes     118075219      399383 nodes/s
  [par q=23    280s] tasks     0/3100   nodes     119253179      235409 nodes/s
  [par q=23    285s] tasks     0/3100   nodes     120676325      284617 nodes/s
  [par q=23    290s] tasks     0/3100   nodes     122099352      284595 nodes/s
  [par q=23    295s] tasks     0/3100   nodes     123260371      232195 nodes/s
  [par q=23    300s] tasks     0/3100   nodes     124473848      242687 nodes/s
  [par q=23    305s] tasks     0/3100   nodes     125538533      212927 nodes/s
  [par q=23    310s] tasks     0/3100   nodes     126718208      235926 nodes/s
  [par q=23    315s] tasks     0/3100   nodes     127924217      241191 nodes/s
  [par q=23    320s] tasks     0/3100   nodes     129056841      226515 nodes/s
  [par q=23    325s] tasks     0/3100   nodes     130103765      209328 nodes/s
  [par q=23    330s] tasks     2/3100   nodes     131134216      206008 nodes/s
  [par q=23    335s] tasks     2/3100   nodes     132200907      213328 nodes/s
